shard_start 1 1790813787.027925242
shard_start 9 1790813787.028228449
shard_start 6 1790813787.028358178
shard_start 4 1790813787.028362483
shard_start 7 1790813787.028549210
shard_start 0 1790813787.028809650
shard_start 2 1790813787.028936724
shard_start 5 1790813787.028988463
shard_start 3 1790813787.029578276
shard_start 14 1790813787.031277094
shard_start 13 1790813787.049195519
shard_start 8 1790813787.061556462
shard_start 12 1790813787.080218123
shard_end 6 1790813787.080218102
shard_end 1 1790813787.080442859
shard_end 7 1790813787.080568503
shard_end 4 1790813787.080637433
shard_end 2 1790813787.080840484
shard_end 9 1790813787.080870759
shard_end 0 1790813787.081010758
shard_end 5 1790813787.081158319
shard_end 3 1790813787.081222368
shard_end 14 1790813787.083461896
shard_end 13 1790813787.101224387
shard_start 10 1790813787.111638948
shard_end 8 1790813787.113425931
shard_start 11 1790813787.123193162
shard_end 12 1790813787.132324961
shard_start 17 1790813787.135252360
shard_start 15 1790813787.142528166
shard_end 10 1790813787.164166505
shard_end 11 1790813787.175362935
shard_start 16 1790813787.181456079
shard_end 17 1790813787.187514109
shard_start 19 1790813787.189006717
shard_end 15 1790813787.194680548
shard_start 22 1790813787.202066025
shard_start 21 1790813787.219429662
shard_end 16 1790813787.233451320
shard_end 19 1790813787.241091095
shard_start 20 1790813787.243792620
shard_end 22 1790813787.254622673
shard_start 23 1790813787.255533456
shard_end 21 1790813787.271809903
shard_start 18 1790813787.277129419
shard_start 24 1790813787.294672108
shard_end 20 1790813787.295528362
shard_start 25 1790813787.307391217
shard_end 23 1790813787.307495900
shard_start 29 1790813787.323287974
shard_end 18 1790813787.329174633
shard_start 30 1790813787.337018617
shard_end 24 1790813787.346700151
shard_start 27 1790813787.354790325
shard_end 25 1790813787.359747240
shard_start 28 1790813787.369637086
shard_end 29 1790813787.375378352
shard_end 30 1790813787.389454278
shard_start 31 1790813787.391470904
shard_end 27 1790813787.407092770
shard_start 26 1790813787.407543879
shard_end 28 1790813787.421693574
shard_end 31 1790813787.443586751
shard_end 26 1790813787.459623691
shard_start 32 1790813790.354874840
shard_start 33 1790813790.368461115
shard_start 38 1790813790.377057141
shard_start 36 1790813790.389419287
shard_start 35 1790813790.401315679
shard_end 32 1790813790.406863237
shard_start 37 1790813790.413785054
shard_end 33 1790813790.420378519
shard_start 39 1790813790.424194653
shard_end 38 1790813790.428918827
shard_start 34 1790813790.437210970
shard_end 36 1790813790.441331727
shard_start 40 1790813790.446887102
shard_end 35 1790813790.453085501
shard_start 43 1790813790.459825033
shard_end 37 1790813790.465620867
shard_start 44 1790813790.471720476
shard_end 39 1790813790.476078116
shard_end 34 1790813790.488857391
shard_start 47 1790813790.489781106
shard_end 40 1790813790.498800865
shard_start 41 1790813790.501290430
shard_start 46 1790813790.509406536
shard_end 43 1790813790.511490414
shard_start 45 1790813790.516683289
shard_end 44 1790813790.523886008
shard_start 42 1790813790.532097865
shard_start 48 1790813790.540299997
shard_end 47 1790813790.541330332
shard_end 41 1790813790.553035715
shard_start 55 1790813790.556365132
shard_end 46 1790813790.561185855
shard_end 45 1790813790.568323352
shard_start 51 1790813790.569074570
shard_end 42 1790813790.584175092
shard_end 48 1790813790.592209411
shard_end 55 1790813790.608369577
shard_end 51 1790813790.620780780
shard_start 49 1790813790.622375299
shard_start 52 1790813790.622366459
shard_start 50 1790813790.622915016
shard_start 53 1790813790.623130852
shard_start 54 1790813790.631835625
shard_start 56 1790813790.639706190
shard_start 60 1790813790.652807076
shard_start 57 1790813790.667615847
shard_start 61 1790813790.673098142
shard_end 49 1790813790.674318822
shard_end 50 1790813790.674549026
shard_end 52 1790813790.674678346
shard_end 53 1790813790.674821753
shard_end 54 1790813790.683934916
shard_end 56 1790813790.691864131
shard_end 60 1790813790.704804104
shard_end 57 1790813790.719706931
shard_end 61 1790813790.724843147
shard_start 63 1790813790.738808668
shard_start 58 1790813790.741448994
shard_start 62 1790813790.741620009
shard_start 59 1790813790.742196237
shard_end 63 1790813790.790721373
shard_end 62 1790813790.793428184
shard_end 58 1790813790.793396926
shard_end 59 1790813790.794144478
shard_start 64 1790813794.114496944
shard_end 64 1790813794.166444441
shard_start 67 1790813794.371703579
shard_start 70 1790813794.371831198
shard_start 72 1790813794.372073345
shard_start 77 1790813794.371829641
shard_start 79 1790813794.372265694
shard_start 78 1790813794.372532625
shard_start 65 1790813794.372589194
shard_start 69 1790813794.372615591
shard_start 68 1790813794.372739366
shard_start 75 1790813794.372733485
shard_start 76 1790813794.372536576
shard_start 66 1790813794.372955944
shard_start 71 1790813794.373310723
shard_start 87 1790813794.373576347
shard_start 82 1790813794.373944569
shard_start 84 1790813794.374339652
shard_start 85 1790813794.374283107
shard_start 73 1790813794.374298459
shard_start 92 1790813794.374400053
shard_start 81 1790813794.374673572
shard_start 93 1790813794.375019026
shard_start 80 1790813794.375286955
shard_start 86 1790813794.375247841
shard_start 94 1790813794.375214168
shard_start 89 1790813794.375398007
shard_start 88 1790813794.375376275
shard_start 74 1790813794.375523544
shard_start 83 1790813794.375510820
shard_start 95 1790813794.376238965
shard_start 90 1790813794.376436789
shard_start 91 1790813794.376675821
shard_end 70 1790813794.424461781
shard_end 67 1790813794.424461576
shard_end 65 1790813794.424448707
shard_end 72 1790813794.424579840
shard_end 77 1790813794.424865694
shard_end 68 1790813794.424921591
shard_end 79 1790813794.424835087
shard_end 78 1790813794.425171402
shard_end 69 1790813794.425294514
shard_end 66 1790813794.425489998
shard_end 75 1790813794.425656154
shard_end 76 1790813794.425861274
shard_end 87 1790813794.426218581
shard_end 85 1790813794.426404850
shard_end 71 1790813794.426390041
shard_end 84 1790813794.426739645
shard_end 92 1790813794.427068559
shard_end 82 1790813794.427188085
shard_end 81 1790813794.426921512
shard_end 86 1790813794.427529159
shard_end 73 1790813794.426845763
shard_end 80 1790813794.428054135
shard_end 93 1790813794.428054295
shard_end 74 1790813794.428114946
shard_end 95 1790813794.428374751
shard_end 89 1790813794.428848340
shard_end 91 1790813794.429009010
shard_end 83 1790813794.428196034
shard_end 88 1790813794.428532909
shard_end 94 1790813794.487992262
shard_end 90 1790813794.488330477
shard_start 96 1790813798.145998900
shard_start 97 1790813798.154652506
shard_start 98 1790813798.163592720
shard_start 99 1790813798.176264515
shard_end 96 1790813798.197822084
shard_end 97 1790813798.206512510
shard_end 98 1790813798.215627823
shard_end 99 1790813798.228392114
agg_start 0 1790813800.306523447
agg_end 0 1790813800.308743195
