shard_start 0 1790814261.730330189
shard_start 2 1790814261.742287244
shard_start 1 1790814261.759439556
shard_start 5 1790814261.773567282
shard_end 0 1790814261.782273777
shard_start 3 1790814261.791706422
shard_end 2 1790814261.794076456
shard_start 4 1790814261.800758547
shard_end 1 1790814261.811299477
shard_start 7 1790814261.812401103
shard_start 6 1790814261.822412086
shard_end 5 1790814261.825756048
shard_end 3 1790814261.843687102
shard_end 4 1790814261.852708027
shard_end 7 1790814261.864229201
shard_end 6 1790814261.874387840
shard_start 10 1790814261.893574990
shard_start 9 1790814261.910020523
shard_start 8 1790814261.937196431
shard_end 10 1790814261.945510919
shard_end 9 1790814261.962314902
shard_start 11 1790814261.965283432
shard_start 13 1790814261.978025597
shard_end 8 1790814261.989569588
shard_start 12 1790814261.992734706
shard_start 14 1790814262.007507045
shard_end 11 1790814262.017187547
shard_start 15 1790814262.024358829
shard_end 13 1790814262.029932784
shard_end 12 1790814262.044780127
shard_end 14 1790814262.059566294
shard_start 17 1790814262.071992754
shard_end 15 1790814262.076306701
shard_start 18 1790814262.077439585
shard_start 16 1790814262.107851301
shard_end 17 1790814262.123994291
shard_end 18 1790814262.129233634
shard_start 21 1790814262.135774618
shard_start 22 1790814262.140177349
shard_start 19 1790814262.155416422
shard_end 16 1790814262.159827577
shard_start 20 1790814262.162580153
shard_start 23 1790814262.173714402
shard_end 21 1790814262.187790339
shard_end 22 1790814262.192233538
shard_start 24 1790814262.198489237
shard_start 25 1790814262.205163545
shard_end 19 1790814262.207184548
shard_end 20 1790814262.214408224
shard_start 26 1790814262.224786623
shard_end 23 1790814262.225494928
shard_end 24 1790814262.250853286
shard_end 25 1790814262.257139277
shard_start 29 1790814262.267217179
shard_start 30 1790814262.275431478
shard_end 26 1790814262.276631861
shard_start 27 1790814262.306827987
shard_start 31 1790814262.306936404
shard_start 28 1790814262.308533490
shard_end 29 1790814262.319202153
shard_end 30 1790814262.327403491
shard_end 27 1790814262.358836173
shard_end 31 1790814262.359269341
shard_end 28 1790814262.360329389
shard_start 33 1790814266.742434504
shard_start 32 1790814266.760714073
shard_start 34 1790814266.779001077
shard_end 33 1790814266.794579296
shard_start 37 1790814266.800318600
shard_end 32 1790814266.813625859
shard_start 38 1790814266.819138952
shard_end 34 1790814266.831020680
shard_start 35 1790814266.836526703
shard_start 36 1790814266.851706547
shard_end 37 1790814266.852594814
shard_start 39 1790814266.869214860
shard_end 38 1790814266.871892141
shard_end 35 1790814266.888516408
shard_end 36 1790814266.903862263
shard_end 39 1790814266.921070578
shard_start 40 1790814266.922337777
shard_start 42 1790814266.938765043
shard_start 41 1790814266.958753757
shard_end 40 1790814266.975085949
shard_end 42 1790814266.990906058
shard_end 41 1790814267.010578651
shard_start 43 1790814267.021366762
shard_start 45 1790814267.038085650
shard_start 46 1790814267.055336996
shard_end 43 1790814267.073994891
shard_start 44 1790814267.077538876
shard_end 45 1790814267.090036858
shard_start 47 1790814267.094661783
shard_end 46 1790814267.107229429
shard_start 49 1790814267.116175691
shard_end 44 1790814267.129968163
shard_start 48 1790814267.136983836
shard_end 47 1790814267.147125527
shard_start 50 1790814267.159909141
shard_end 49 1790814267.168004989
shard_start 53 1790814267.180465495
shard_end 48 1790814267.188767652
shard_start 52 1790814267.200227095
shard_end 50 1790814267.212176099
shard_start 55 1790814267.220484967
shard_end 53 1790814267.232415452
shard_start 54 1790814267.235746815
shard_end 52 1790814267.252080562
shard_start 51 1790814267.258416983
shard_end 55 1790814267.272381994
shard_start 57 1790814267.281249306
shard_end 54 1790814267.287690832
shard_start 58 1790814267.299724331
shard_end 51 1790814267.310578519
shard_start 56 1790814267.323420557
shard_end 57 1790814267.333109191
shard_start 61 1790814267.342895142
shard_end 58 1790814267.351848021
shard_start 63 1790814267.372782612
shard_end 56 1790814267.375569820
shard_end 61 1790814267.395080786
shard_start 62 1790814267.400089921
shard_start 60 1790814267.415506040
shard_end 63 1790814267.424682055
shard_start 59 1790814267.429975885
shard_end 62 1790814267.452647086
shard_end 60 1790814267.467442860
shard_end 59 1790814267.481925215
shard_start 65 1790814268.860671085
shard_start 66 1790814268.875237147
shard_start 68 1790814268.890762518
shard_start 70 1790814268.906853840
shard_end 65 1790814268.913028292
shard_start 64 1790814268.926470432
shard_end 66 1790814268.927257206
shard_end 68 1790814268.942822085
shard_start 71 1790814268.945810920
shard_end 70 1790814268.958796080
shard_start 69 1790814268.967446332
shard_end 64 1790814268.978855479
shard_start 67 1790814268.992297523
shard_end 71 1790814268.998298682
shard_start 73 1790814269.015337579
shard_end 69 1790814269.019275381
shard_start 74 1790814269.037053790
shard_end 67 1790814269.044297900
shard_start 78 1790814269.056098203
shard_end 73 1790814269.067372202
shard_end 74 1790814269.089236125
shard_start 76 1790814269.103803045
shard_end 78 1790814269.108068650
shard_start 79 1790814269.123464889
shard_start 72 1790814269.142934992
shard_end 76 1790814269.156015356
shard_start 77 1790814269.160451799
shard_end 79 1790814269.175550802
shard_start 75 1790814269.178011346
shard_end 72 1790814269.195081195
shard_start 82 1790814269.195350889
shard_end 77 1790814269.212489626
shard_end 82 1790814269.325602974
shard_end 75 1790814269.325595567
shard_start 81 1790814269.326661814
shard_start 86 1790814269.326756240
shard_start 80 1790814269.326995144
shard_start 87 1790814269.327511902
shard_start 84 1790814269.329764267
shard_start 85 1790814269.350269094
shard_start 83 1790814269.370443278
shard_end 81 1790814269.378692450
shard_end 86 1790814269.378839263
shard_end 80 1790814269.379489893
shard_end 87 1790814269.379840224
shard_end 84 1790814269.381371596
shard_start 90 1790814269.391133960
shard_end 85 1790814269.402370161
shard_start 89 1790814269.411227235
shard_end 83 1790814269.422482998
shard_start 94 1790814269.430366565
shard_end 90 1790814269.443156007
shard_start 88 1790814269.446938184
shard_start 92 1790814269.460479690
shard_end 89 1790814269.463427253
shard_end 94 1790814269.482758625
shard_start 95 1790814269.484176677
shard_end 88 1790814269.498965335
shard_start 93 1790814269.503569222
shard_end 92 1790814269.512592317
shard_start 91 1790814269.523123783
shard_end 95 1790814269.536589289
shard_end 93 1790814269.556143292
shard_end 91 1790814269.575114591
shard_start 98 1790814270.944549889
shard_start 97 1790814270.961998968
shard_start 96 1790814270.981891211
shard_end 98 1790814270.997081699
shard_start 99 1790814271.000050238
shard_end 97 1790814271.014731265
shard_end 96 1790814271.033925323
shard_end 99 1790814271.052412907
agg_start 0 1790814273.097775882
agg_end 0 1790814273.100212973
