shard_start 4 1790814276.071082056
shard_start 2 1790814276.083681841
shard_start 1 1790814276.097600104
shard_start 3 1790814276.110688546
shard_end 4 1790814276.123114620
shard_start 6 1790814276.128890873
shard_end 2 1790814276.135768482
shard_start 0 1790814276.140214429
shard_end 1 1790814276.149909057
shard_start 7 1790814276.161481798
shard_end 3 1790814276.163541544
shard_start 5 1790814276.168046818
shard_end 6 1790814276.181445010
shard_end 0 1790814276.192239719
shard_end 7 1790814276.213764239
shard_end 5 1790814276.219862237
shard_start 9 1790814276.293938804
shard_end 9 1790814276.346025328
shard_start 15 1790814276.396475570
shard_start 12 1790814276.412030072
shard_start 10 1790814276.419635581
shard_end 15 1790814276.448640712
shard_start 11 1790814276.453657179
shard_end 12 1790814276.463801935
shard_start 13 1790814276.464218414
shard_end 10 1790814276.472261447
shard_start 14 1790814276.474041979
shard_start 8 1790814276.480428262
shard_start 17 1790814276.488684124
shard_end 11 1790814276.505717320
shard_end 13 1790814276.516301982
shard_end 14 1790814276.526254344
shard_end 8 1790814276.532377694
shard_end 17 1790814276.540682343
shard_start 23 1790814276.556460011
shard_start 20 1790814276.583297207
shard_start 18 1790814276.591873510
shard_end 23 1790814276.609047040
shard_start 22 1790814276.625105226
shard_end 20 1790814276.635286330
shard_start 21 1790814276.639753553
shard_end 18 1790814276.643736998
shard_start 19 1790814276.650685452
shard_start 16 1790814276.654640165
shard_start 25 1790814276.660899584
shard_start 26 1790814276.676034261
shard_end 22 1790814276.676988933
shard_end 21 1790814276.692414718
shard_end 19 1790814276.703265369
shard_end 16 1790814276.706969330
shard_start 28 1790814276.709952137
shard_end 25 1790814276.713315382
shard_start 31 1790814276.716782410
shard_end 26 1790814276.728186218
shard_start 29 1790814276.743874616
shard_start 30 1790814276.761637622
shard_end 28 1790814276.762173234
shard_end 31 1790814276.768734275
shard_start 27 1790814276.788004483
shard_end 29 1790814276.796618810
shard_start 24 1790814276.796619470
shard_end 24 1790814276.857974264
shard_end 30 1790814276.857974315
shard_end 27 1790814276.857974292
shard_start 33 1790814278.152903935
shard_start 36 1790814278.170822355
shard_start 34 1790814278.195439417
shard_end 33 1790814278.205214863
shard_start 37 1790814278.215679524
shard_end 36 1790814278.222883072
shard_start 39 1790814278.233064693
shard_end 34 1790814278.247429141
shard_start 38 1790814278.251303683
shard_end 37 1790814278.267811040
shard_start 35 1790814278.268148470
shard_start 32 1790814278.283767344
shard_end 39 1790814278.285270324
shard_end 38 1790814278.303415000
shard_end 35 1790814278.320030180
shard_end 32 1790814278.335968964
shard_start 41 1790814278.384798111
shard_end 41 1790814278.436990989
shard_start 42 1790814278.483118468
shard_end 42 1790814278.535405958
shard_start 44 1790814278.539085459
shard_start 47 1790814278.551901136
shard_start 45 1790814278.566543540
shard_start 43 1790814278.581292927
shard_end 44 1790814278.591343638
shard_start 46 1790814278.601578211
shard_end 47 1790814278.603771676
shard_end 45 1790814278.618501357
shard_start 40 1790814278.620480189
shard_end 43 1790814278.633168837
shard_start 52 1790814278.640259668
shard_end 46 1790814278.653535721
shard_start 50 1790814278.663584032
shard_end 40 1790814278.672432340
shard_start 49 1790814278.689862006
shard_end 52 1790814278.692039541
shard_start 53 1790814278.710511163
shard_end 50 1790814278.715699867
shard_start 54 1790814278.729983749
shard_end 49 1790814278.741843590
shard_start 51 1790814278.753999014
shard_end 53 1790814278.762443554
shard_start 55 1790814278.777746817
shard_end 54 1790814278.782172458
shard_start 48 1790814278.805136981
shard_end 51 1790814278.805854865
shard_end 55 1790814278.829719236
shard_end 48 1790814278.856967895
shard_start 60 1790814278.890613452
shard_start 57 1790814278.906093049
shard_start 61 1790814278.932289291
shard_end 60 1790814278.943181624
shard_start 58 1790814278.950748523
shard_end 57 1790814278.957972543
shard_start 62 1790814278.970219701
shard_end 61 1790814278.984678643
shard_start 59 1790814278.988652152
shard_end 58 1790814279.002510364
shard_start 63 1790814279.005265802
shard_start 56 1790814279.021409905
shard_end 62 1790814279.022095848
shard_end 59 1790814279.040446886
shard_end 63 1790814279.056930006
shard_end 56 1790814279.073159408
shard_start 68 1790814280.247723587
shard_start 65 1790814280.262341799
shard_start 69 1790814280.273942804
shard_end 68 1790814280.300038731
shard_end 65 1790814280.314715381
shard_end 69 1790814280.326155919
shard_start 70 1790814280.329658170
shard_start 66 1790814280.344141232
shard_start 71 1790814280.361203839
shard_start 67 1790814280.379448185
shard_end 70 1790814280.381414603
shard_end 66 1790814280.396041514
shard_start 64 1790814280.399506627
shard_end 71 1790814280.413065395
shard_end 67 1790814280.431505413
shard_end 64 1790814280.451446028
shard_start 73 1790814280.480609772
shard_end 73 1790814280.532548368
shard_start 76 1790814280.578810463
shard_end 76 1790814280.630973747
shard_start 77 1790814280.637078491
shard_start 78 1790814280.651143988
shard_start 74 1790814280.664100280
shard_start 79 1790814280.680321871
shard_end 77 1790814280.689465111
shard_start 75 1790814280.701831715
shard_end 78 1790814280.703563486
shard_end 74 1790814280.716561138
shard_start 72 1790814280.720563142
shard_end 79 1790814280.732693473
shard_start 81 1790814280.738595146
shard_end 75 1790814280.754926439
shard_start 84 1790814280.762162634
shard_end 72 1790814280.772589732
shard_start 85 1790814280.785453078
shard_end 81 1790814280.790592874
shard_start 86 1790814280.806024616
shard_end 84 1790814280.814362151
shard_start 82 1790814280.826499777
shard_end 85 1790814280.838156500
shard_start 87 1790814280.841053753
shard_start 83 1790814280.857310859
shard_end 86 1790814280.857942528
shard_end 82 1790814280.878584007
shard_end 87 1790814280.893112400
shard_start 80 1790814280.909046101
shard_end 83 1790814280.909148115
shard_end 80 1790814280.960933216
shard_start 89 1790814280.996226442
shard_start 92 1790814281.010325974
shard_start 93 1790814281.025343627
shard_start 90 1790814281.042389923
shard_end 89 1790814281.048930220
shard_start 94 1790814281.062984191
shard_end 92 1790814281.062984801
shard_end 93 1790814281.077426692
shard_start 95 1790814281.077989023
shard_end 90 1790814281.094499012
shard_start 91 1790814281.099862644
shard_end 94 1790814281.115230643
shard_start 88 1790814281.122035797
shard_end 95 1790814281.130364138
shard_end 91 1790814281.152177491
shard_end 88 1790814281.173944247
shard_start 97 1790814282.344427113
shard_start 98 1790814282.358478961
shard_start 99 1790814282.372517478
shard_end 97 1790814282.396957292
shard_end 98 1790814282.410428822
shard_start 96 1790814282.418319515
shard_end 99 1790814282.424359542
shard_end 96 1790814282.470256684
agg_start 0 1790814284.512594997
agg_end 0 1790814284.631313058
