shard_start 13 1790814314.455939343
shard_start 12 1790814314.466294744
shard_start 15 1790814314.479072591
shard_start 3 1790814314.493380280
shard_start 7 1790814314.505244906
shard_end 13 1790814314.507752876
shard_end 12 1790814314.518411556
shard_start 10 1790814314.523963526
shard_end 15 1790814314.530780539
shard_start 22 1790814314.536923275
shard_end 3 1790814314.545040106
shard_start 45 1790814314.548427535
shard_end 7 1790814314.557202793
shard_start 21 1790814314.565284356
shard_start 36 1790814314.574134397
shard_end 10 1790814314.576150558
shard_start 27 1790814314.588800422
shard_end 22 1790814314.589301775
shard_end 45 1790814314.601188247
shard_start 25 1790814314.604966869
shard_end 21 1790814314.617521538
shard_start 9 1790814314.618856790
shard_end 36 1790814314.625995983
shard_start 8 1790814314.632901840
shard_end 27 1790814314.641329220
shard_start 4 1790814314.646033562
shard_start 0 1790814314.655766198
shard_end 25 1790814314.656857862
shard_end 9 1790814314.670762660
shard_start 39 1790814314.671576864
shard_start 19 1790814314.683526344
shard_end 8 1790814314.685118217
shard_start 41 1790814314.695049222
shard_end 4 1790814314.698042191
shard_end 0 1790814314.707405864
shard_start 24 1790814314.708460360
shard_end 39 1790814314.723331654
shard_start 18 1790814314.726358649
shard_end 19 1790814314.735331513
shard_start 35 1790814314.740588688
shard_end 41 1790814314.747527949
shard_start 28 1790814314.752580018
shard_end 24 1790814314.760538970
shard_start 52 1790814314.765256742
shard_end 18 1790814314.778056746
shard_start 14 1790814314.780596014
shard_end 35 1790814314.792363985
shard_start 20 1790814314.796944391
shard_end 28 1790814314.804460641
shard_start 32 1790814314.809504965
shard_end 52 1790814314.817425062
shard_start 23 1790814314.819213110
shard_end 14 1790814314.832434302
shard_start 17 1790814314.833971902
shard_end 20 1790814314.848782060
shard_start 26 1790814314.851108352
shard_end 32 1790814314.861637299
shard_start 5 1790814314.862065001
shard_end 23 1790814314.871005536
shard_start 50 1790814314.873195071
shard_end 17 1790814314.885878321
shard_start 51 1790814314.890512109
shard_end 26 1790814314.903138806
shard_start 47 1790814314.906548334
shard_start 42 1790814314.913851722
shard_end 5 1790814314.914331110
shard_end 50 1790814314.925829321
shard_start 48 1790814314.940212276
shard_end 51 1790814314.942242460
shard_end 47 1790814314.958643649
shard_start 30 1790814314.961032634
shard_end 42 1790814314.965806002
shard_start 44 1790814314.976870036
shard_end 48 1790814314.992709984
shard_start 59 1790814314.997975125
shard_end 30 1790814315.012970022
shard_start 6 1790814315.020746440
shard_end 44 1790814315.029062019
shard_start 11 1790814315.044467956
shard_end 59 1790814315.050178286
shard_start 29 1790814315.067181662
shard_end 6 1790814315.073062743
shard_start 43 1790814315.084847008
shard_end 11 1790814315.097206837
shard_start 38 1790814315.102788374
shard_end 29 1790814315.119242961
shard_start 1 1790814315.124230224
shard_end 43 1790814315.137366953
shard_start 31 1790814315.145911806
shard_end 38 1790814315.154748240
shard_start 55 1790814315.164968980
shard_end 1 1790814315.176661456
shard_start 2 1790814315.180692812
shard_end 31 1790814315.197547687
shard_start 40 1790814315.199715870
shard_end 55 1790814315.216818690
shard_start 37 1790814315.219139134
shard_end 2 1790814315.232894061
shard_start 46 1790814315.239414152
shard_end 40 1790814315.251983929
shard_start 49 1790814315.262459633
shard_end 37 1790814315.271071273
shard_start 54 1790814315.283783453
shard_end 46 1790814315.291329904
shard_start 61 1790814315.301278330
shard_end 49 1790814315.314586330
shard_start 53 1790814315.317318429
shard_end 54 1790814315.335663595
shard_start 33 1790814315.337204859
shard_end 61 1790814315.353085415
shard_start 56 1790814315.357797695
shard_end 53 1790814315.369526721
shard_start 57 1790814315.380477794
shard_end 33 1790814315.389125789
shard_start 58 1790814315.398437981
shard_end 56 1790814315.409589642
shard_start 62 1790814315.415776518
shard_end 57 1790814315.432318113
shard_start 63 1790814315.433197246
shard_end 58 1790814315.450445984
shard_start 34 1790814315.457027890
shard_end 62 1790814315.468346477
shard_start 16 1790814315.480682230
shard_end 63 1790814315.485550209
shard_start 60 1790814315.501566591
shard_end 34 1790814315.509818905
shard_start 72 1790814315.518342070
shard_end 16 1790814315.532597609
shard_start 84 1790814315.536210995
shard_start 90 1790814315.552771425
shard_end 60 1790814315.553472350
shard_end 72 1790814315.570257375
shard_start 77 1790814315.574171099
shard_end 84 1790814315.588312049
shard_start 68 1790814315.598800028
shard_end 90 1790814315.605465429
shard_start 71 1790814315.621772710
shard_end 77 1790814315.626308893
shard_start 86 1790814315.639138530
shard_end 68 1790814315.650659104
shard_start 79 1790814315.656535900
shard_end 71 1790814315.673776294
shard_start 67 1790814315.676195011
shard_end 86 1790814315.691122524
shard_start 92 1790814315.696533743
shard_end 79 1790814315.708503862
shard_start 82 1790814315.719606555
shard_end 67 1790814315.728113156
shard_start 74 1790814315.741555134
shard_end 92 1790814315.748723719
shard_start 83 1790814315.758617836
shard_end 82 1790814315.771960474
shard_start 76 1790814315.774784535
shard_end 74 1790814315.793384915
shard_start 64 1790814315.793639836
shard_end 83 1790814315.810478120
shard_start 73 1790814315.815205152
shard_end 76 1790814315.827041242
shard_start 96 1790814315.839034869
shard_end 64 1790814315.845537202
shard_start 69 1790814315.857545886
shard_end 73 1790814315.867053248
shard_start 94 1790814315.875027540
shard_end 96 1790814315.890797236
shard_start 91 1790814315.895263051
shard_end 69 1790814315.909494898
shard_start 75 1790814315.912631605
shard_end 94 1790814315.926913730
shard_start 99 1790814315.935324768
shard_end 91 1790814315.947403383
shard_start 89 1790814315.957321053
shard_end 75 1790814315.965241159
shard_start 85 1790814315.978535681
shard_end 99 1790814315.987551627
shard_start 78 1790814315.999697052
shard_end 89 1790814316.009392144
shard_start 87 1790814316.015401332
shard_end 85 1790814316.031026124
shard_start 70 1790814316.033746078
shard_end 78 1790814316.051700230
shard_start 66 1790814316.056293098
shard_end 87 1790814316.067357451
shard_start 65 1790814316.077916673
shard_end 70 1790814316.085679281
shard_start 93 1790814316.097891244
shard_end 66 1790814316.108807372
shard_start 81 1790814316.121249265
shard_end 65 1790814316.130734607
shard_start 95 1790814316.142115202
shard_end 93 1790814316.150072088
shard_start 88 1790814316.164439474
shard_end 81 1790814316.173315103
shard_start 97 1790814316.184851531
shard_end 95 1790814316.194701287
shard_start 98 1790814316.205711053
shard_end 88 1790814316.216599510
shard_start 80 1790814316.227678777
shard_end 97 1790814316.237231869
shard_end 98 1790814316.258636979
shard_end 80 1790814316.279653000
