shard_start 1 1790813662.947098559
shard_start 3 1790813662.956502215
shard_start 0 1790813662.968335543
shard_start 6 1790813662.987406246
shard_end 1 1790813662.999077471
shard_start 4 1790813663.003416813
shard_end 3 1790813663.008329236
shard_start 2 1790813663.015573682
shard_end 0 1790813663.020244134
shard_start 5 1790813663.026811469
shard_end 6 1790813663.039326982
shard_start 7 1790813663.041573315
shard_end 4 1790813663.055409400
shard_end 2 1790813663.067536294
shard_end 5 1790813663.078831577
shard_end 7 1790813663.093626535
shard_start 13 1790813663.195323728
shard_start 11 1790813663.195323420
shard_start 15 1790813663.195403253
shard_start 10 1790813663.195523184
shard_start 8 1790813663.195632277
shard_start 14 1790813663.211392936
shard_start 9 1790813663.223476886
shard_start 12 1790813663.237275026
shard_end 10 1790813663.247347685
shard_end 11 1790813663.247391760
shard_end 13 1790813663.247348455
shard_end 8 1790813663.247498464
shard_end 15 1790813663.247513557
shard_end 14 1790813663.263569440
shard_end 9 1790813663.275486628
shard_start 19 1790813663.278978462
shard_end 12 1790813663.289460790
shard_start 21 1790813663.294743807
shard_start 23 1790813663.318141334
shard_end 19 1790813663.330905403
shard_start 16 1790813663.343629141
shard_end 21 1790813663.346491414
shard_start 22 1790813663.362611035
shard_end 23 1790813663.370036614
shard_start 20 1790813663.387642750
shard_end 16 1790813663.396211711
shard_start 18 1790813663.407324779
shard_end 22 1790813663.414587832
shard_start 17 1790813663.425802901
shard_end 20 1790813663.439671871
shard_end 18 1790813663.459411317
shard_start 27 1790813663.461362005
shard_end 17 1790813663.477735117
shard_start 24 1790813663.481630453
shard_start 25 1790813663.498991715
shard_end 27 1790813663.513200194
shard_start 31 1790813663.531269994
shard_end 24 1790813663.533599047
shard_start 29 1790813663.548549152
shard_end 25 1790813663.550703397
shard_start 28 1790813663.564984164
shard_end 31 1790813663.583497440
shard_start 26 1790813663.589624844
shard_end 29 1790813663.600604075
shard_end 28 1790813663.616788845
shard_start 30 1790813663.620733605
shard_end 26 1790813663.641565181
shard_end 30 1790813663.672582444
shard_start 35 1790813669.186255302
shard_start 33 1790813669.194751148
shard_start 37 1790813669.203150404
shard_start 36 1790813669.215021978
shard_start 39 1790813669.224636895
shard_start 34 1790813669.233503540
shard_end 35 1790813669.238152816
shard_start 38 1790813669.244023435
shard_end 33 1790813669.246573372
shard_start 32 1790813669.253409808
shard_end 37 1790813669.254805949
shard_end 36 1790813669.267347851
shard_end 39 1790813669.276663277
shard_end 34 1790813669.285441182
shard_end 38 1790813669.296109033
shard_start 41 1790813669.297632933
shard_end 32 1790813669.305491820
shard_start 43 1790813669.309330335
shard_start 47 1790813669.321325291
shard_start 44 1790813669.340412964
shard_end 41 1790813669.350269339
shard_start 45 1790813669.355614686
shard_end 43 1790813669.361215801
shard_start 42 1790813669.371865950
shard_end 47 1790813669.373015743
shard_start 46 1790813669.383153022
shard_start 40 1790813669.390689649
shard_end 44 1790813669.392219898
shard_end 45 1790813669.407430109
shard_start 49 1790813669.408485647
shard_start 53 1790813669.419281969
shard_end 42 1790813669.423803124
shard_start 51 1790813669.432796991
shard_end 46 1790813669.435256159
shard_end 40 1790813669.442618808
shard_start 55 1790813669.458493516
shard_end 49 1790813669.460047821
shard_end 53 1790813669.471702061
shard_start 50 1790813669.472808983
shard_end 51 1790813669.484813666
shard_start 54 1790813669.489813996
shard_start 48 1790813669.508002635
shard_end 55 1790813669.510216014
shard_start 52 1790813669.518359887
shard_end 50 1790813669.525699754
shard_start 57 1790813669.532861530
shard_start 61 1790813669.541894284
shard_end 54 1790813669.542359386
shard_start 59 1790813669.555373442
shard_end 48 1790813669.561600361
shard_end 52 1790813669.570760713
shard_start 63 1790813669.571720718
shard_end 57 1790813669.585843456
shard_start 58 1790813669.588119436
shard_end 61 1790813669.595036751
shard_start 56 1790813669.604444830
shard_end 59 1790813669.608851843
shard_start 60 1790813669.620997739
shard_end 63 1790813669.623991480
shard_start 62 1790813669.632641895
shard_end 58 1790813669.641046115
shard_end 56 1790813669.657925497
shard_end 60 1790813669.673389308
shard_end 62 1790813669.685355151
shard_start 65 1790813672.290371566
shard_start 69 1790813672.293362894
shard_start 71 1790813672.304324729
shard_start 66 1790813672.313759932
shard_start 70 1790813672.327049968
shard_start 68 1790813672.337437768
shard_end 65 1790813672.342236843
shard_end 69 1790813672.345305875
shard_start 64 1790813672.347191274
shard_start 67 1790813672.353049490
shard_end 71 1790813672.356290374
shard_end 66 1790813672.366559490
shard_end 70 1790813672.379336960
shard_end 68 1790813672.389390676
shard_start 73 1790813672.397733654
shard_end 64 1790813672.399006948
shard_end 67 1790813672.404879540
shard_start 77 1790813672.410145927
shard_start 74 1790813672.424919205
shard_start 79 1790813672.442987994
shard_end 73 1790813672.450044276
shard_start 78 1790813672.456083424
shard_end 77 1790813672.462345171
shard_start 76 1790813672.474274871
shard_end 74 1790813672.476700934
shard_start 75 1790813672.487157162
shard_start 72 1790813672.492584991
shard_end 79 1790813672.494957783
shard_end 78 1790813672.508154156
shard_start 81 1790813672.509557925
shard_start 85 1790813672.521477000
shard_end 76 1790813672.526322293
shard_start 82 1790813672.536942163
shard_end 75 1790813672.538897127
shard_end 72 1790813672.544365631
shard_start 87 1790813672.559817476
shard_end 81 1790813672.561104193
shard_end 85 1790813672.573425397
shard_start 86 1790813672.575820150
shard_end 82 1790813672.588963248
shard_start 84 1790813672.590387155
shard_start 80 1790813672.608777963
shard_end 87 1790813672.611674447
shard_start 83 1790813672.615290512
shard_start 89 1790813672.627504757
shard_end 86 1790813672.627940348
shard_start 93 1790813672.639663214
shard_end 84 1790813672.642117581
shard_start 95 1790813672.654389196
shard_end 80 1790813672.660819995
shard_end 83 1790813672.667214733
shard_start 92 1790813672.672081190
shard_end 89 1790813672.679436708
shard_start 94 1790813672.687196946
shard_end 93 1790813672.691576988
shard_start 90 1790813672.702227618
shard_end 95 1790813672.706197930
shard_end 92 1790813672.724025719
shard_start 88 1790813672.732523650
shard_start 91 1790813672.737535290
shard_end 94 1790813672.738956680
shard_end 90 1790813672.754374029
shard_end 88 1790813672.784416411
shard_end 91 1790813672.789175872
shard_start 97 1790813675.385928250
shard_start 101 1790813675.392165269
shard_start 103 1790813675.403275734
shard_start 98 1790813675.411483012
shard_start 100 1790813675.422747207
shard_start 96 1790813675.431698992
shard_start 102 1790813675.441697088
shard_end 97 1790813675.444221012
shard_end 101 1790813675.444441741
shard_start 99 1790813675.447769040
shard_end 103 1790813675.455576205
shard_end 98 1790813675.463427663
shard_end 100 1790813675.474681365
shard_end 96 1790813675.484483270
shard_end 102 1790813675.493947446
shard_end 99 1790813675.499811032
shard_start 105 1790813675.508140691
shard_start 108 1790813675.514053456
shard_start 111 1790813675.535162140
shard_start 109 1790813675.543731740
shard_end 105 1790813675.560082620
shard_end 108 1790813675.565674695
shard_start 106 1790813675.566325979
shard_start 110 1790813675.578251440
shard_start 104 1790813675.583641202
shard_end 111 1790813675.587377673
shard_start 107 1790813675.593046180
shard_end 109 1790813675.595545170
shard_end 106 1790813675.618476772
shard_end 110 1790813675.630307827
shard_start 116 1790813675.632741375
shard_end 104 1790813675.635837768
shard_start 113 1790813675.638941432
shard_end 107 1790813675.644937866
shard_start 114 1790813675.654518968
shard_start 119 1790813675.666731317
shard_start 112 1790813675.683374383
shard_end 116 1790813675.684632272
shard_end 113 1790813675.690876099
shard_end 114 1790813675.706256653
shard_start 117 1790813675.706517296
shard_start 118 1790813675.712964081
shard_end 119 1790813675.718898332
shard_start 115 1790813675.725626627
shard_end 112 1790813675.735786974
shard_start 121 1790813675.756362561
shard_end 117 1790813675.758602316
shard_start 124 1790813675.762652624
shard_end 118 1790813675.764719371
shard_start 127 1790813675.774234145
shard_end 115 1790813675.777495073
shard_start 122 1790813675.788403516
shard_start 120 1790813675.802625670
shard_end 121 1790813675.808392292
shard_end 124 1790813675.814497863
shard_start 125 1790813675.818468977
shard_end 127 1790813675.826719060
shard_start 126 1790813675.830305603
shard_end 122 1790813675.840422973
shard_start 123 1790813675.844460059
shard_end 120 1790813675.854749890
shard_end 125 1790813675.870390360
shard_end 126 1790813675.882240583
shard_end 123 1790813675.896490077
shard_start 129 1790813680.094494725
shard_start 132 1790813680.105511881
shard_start 128 1790813680.112731446
shard_start 135 1790813680.124853157
shard_start 133 1790813680.135217820
shard_end 129 1790813680.146245398
shard_start 130 1790813680.146390071
shard_start 134 1790813680.153873780
shard_end 132 1790813680.157376370
shard_start 131 1790813680.163051113
shard_end 128 1790813680.165244034
shard_end 135 1790813680.177013994
shard_end 133 1790813680.187366758
shard_end 130 1790813680.198498152
shard_end 134 1790813680.206095213
shard_start 137 1790813680.208773110
shard_end 131 1790813680.215530083
shard_start 140 1790813680.219511716
shard_start 136 1790813680.230725392
shard_start 141 1790813680.247921673
shard_end 137 1790813680.261475354
shard_start 143 1790813680.263524127
shard_end 140 1790813680.272570691
shard_start 138 1790813680.276946786
shard_end 136 1790813680.282699927
shard_start 142 1790813680.289529862
shard_start 139 1790813680.296516948
shard_end 141 1790813680.300146035
shard_end 143 1790813680.316057716
shard_start 145 1790813680.320894541
shard_end 138 1790813680.329259883
shard_start 148 1790813680.331909412
shard_end 142 1790813680.341500738
shard_start 149 1790813680.343580802
shard_end 139 1790813680.349123431
shard_start 144 1790813680.360605372
shard_end 145 1790813680.373077443
shard_start 151 1790813680.375251816
shard_end 148 1790813680.383989289
shard_start 146 1790813680.389345953
shard_end 149 1790813680.395609044
shard_start 150 1790813680.402808076
shard_end 144 1790813680.412790143
shard_start 147 1790813680.417312413
shard_end 151 1790813680.427484451
shard_start 153 1790813680.431819086
shard_end 146 1790813680.441420126
shard_start 156 1790813680.444751638
shard_end 150 1790813680.454981222
shard_start 157 1790813680.457809304
shard_end 147 1790813680.469394011
shard_start 152 1790813680.472750597
shard_end 153 1790813680.483890956
shard_start 159 1790813680.487898722
shard_end 156 1790813680.496742358
shard_start 154 1790813680.503039961
shard_end 157 1790813680.510025228
shard_start 158 1790813680.514564359
shard_end 152 1790813680.524662800
shard_start 155 1790813680.530476645
shard_end 159 1790813680.540016692
shard_end 154 1790813680.555105748
shard_end 158 1790813680.566546323
shard_end 155 1790813680.582443489
shard_start 161 1790813683.195102774
shard_start 164 1790813683.208242208
shard_start 165 1790813683.218409585
shard_start 160 1790813683.226003430
shard_start 167 1790813683.236777672
shard_start 162 1790813683.245675040
shard_end 161 1790813683.246697898
shard_start 166 1790813683.253634962
shard_end 164 1790813683.259976169
shard_start 163 1790813683.260956435
shard_end 165 1790813683.270182673
shard_end 160 1790813683.277578830
shard_end 167 1790813683.288512119
shard_end 162 1790813683.297313410
shard_end 166 1790813683.305228455
shard_end 163 1790813683.312965416
shard_start 173 1790813684.237563685
shard_start 172 1790813684.248693409
shard_start 169 1790813684.257701406
shard_start 168 1790813684.273696690
shard_start 175 1790813684.280268286
shard_end 173 1790813684.289498407
shard_start 170 1790813684.292657039
shard_end 172 1790813684.300403450
shard_start 174 1790813684.300590950
shard_start 180 1790813684.306940945
shard_end 169 1790813684.309972731
shard_end 168 1790813684.325570863
shard_end 175 1790813684.332098288
shard_end 170 1790813684.344631053
shard_end 174 1790813684.352848234
shard_start 177 1790813684.353628622
shard_end 180 1790813684.358723221
shard_start 171 1790813684.366236341
shard_start 181 1790813684.381380650
shard_start 176 1790813684.397441966
shard_start 183 1790813684.403001226
shard_end 177 1790813684.405427726
shard_end 171 1790813684.418122581
shard_start 182 1790813684.426769545
shard_start 178 1790813684.432672104
shard_end 181 1790813684.433088207
shard_start 185 1790813684.444787532
shard_end 176 1790813684.449440131
shard_end 183 1790813684.454799184
shard_start 189 1790813684.470526981
shard_end 182 1790813684.478643781
shard_end 178 1790813684.484556311
shard_start 188 1790813684.486941838
shard_end 185 1790813684.496922679
shard_start 179 1790813684.501069986
shard_start 184 1790813684.521309515
shard_end 189 1790813684.522585449
shard_start 191 1790813684.527228537
shard_end 188 1790813684.538938756
shard_start 190 1790813684.549579943
shard_end 179 1790813684.552986209
shard_start 186 1790813684.555703710
shard_start 193 1790813684.571125833
shard_end 184 1790813684.573533130
shard_end 191 1790813684.579211960
shard_end 190 1790813684.601635187
shard_end 186 1790813684.607747151
shard_end 193 1790813684.623529711
shard_start 197 1790813686.335924365
shard_start 196 1790813686.349596621
shard_start 187 1790813686.361233463
shard_start 192 1790813686.371645352
shard_start 199 1790813686.381213867
shard_end 197 1790813686.387595937
shard_start 194 1790813686.392538111
shard_start 198 1790813686.399901402
shard_end 196 1790813686.401157882
shard_start 201 1790813686.407666616
shard_end 187 1790813686.413085878
shard_end 192 1790813686.423664238
shard_end 199 1790813686.432969905
shard_end 194 1790813686.444396028
shard_end 198 1790813686.451912175
shard_end 201 1790813686.459644939
shard_start 200 1790813687.491772573
shard_start 206 1790813687.491792363
shard_start 195 1790813687.492257010
shard_start 204 1790813687.492324210
shard_start 205 1790813687.492518022
shard_start 207 1790813687.492538260
shard_start 202 1790813687.492527878
shard_start 209 1790813687.492685040
shard_start 213 1790813687.494757093
shard_start 212 1790813687.506969027
shard_start 208 1790813687.523332363
shard_start 203 1790813687.539940640
shard_end 206 1790813687.543686138
shard_end 200 1790813687.543676064
shard_end 204 1790813687.544345585
shard_end 195 1790813687.544399748
shard_end 207 1790813687.544639350
shard_end 209 1790813687.544870678
shard_end 205 1790813687.545448458
shard_end 202 1790813687.545531662
shard_end 213 1790813687.547107746
shard_start 215 1790813687.553927874
shard_end 212 1790813687.559221671
shard_start 210 1790813687.572421916
shard_end 208 1790813687.575313667
shard_start 214 1790813687.577166899
shard_start 221 1790813687.590581111
shard_end 203 1790813687.591832590
shard_end 215 1790813687.605818522
shard_start 217 1790813687.608441620
shard_start 220 1790813687.621153055
shard_end 210 1790813687.624965231
shard_end 214 1790813687.629294051
shard_start 216 1790813687.637143187
shard_end 221 1790813687.643265350
shard_start 211 1790813687.660039227
shard_end 217 1790813687.660303579
shard_end 220 1790813687.673522764
shard_start 223 1790813687.679509225
shard_end 216 1790813687.689162782
shard_start 229 1790813687.706050572
shard_end 211 1790813687.712634428
shard_start 218 1790813687.713391654
shard_end 223 1790813687.731495780
shard_end 229 1790813687.757935061
shard_end 218 1790813687.765763156
shard_start 222 1790813688.496446266
shard_end 222 1790813688.548306550
shard_start 224 1790813689.516945980
shard_start 225 1790813689.525941988
shard_start 228 1790813689.535704744
shard_start 219 1790813689.543066763
shard_start 231 1790813689.554972786
shard_start 226 1790813689.566420330
shard_end 224 1790813689.568841768
shard_start 237 1790813689.574289928
shard_end 225 1790813689.577688448
shard_start 230 1790813689.582011187
shard_end 228 1790813689.588301316
shard_end 219 1790813689.594911866
shard_end 231 1790813689.607775167
shard_end 226 1790813689.618431203
shard_end 237 1790813689.626479210
shard_end 230 1790813689.633744495
shard_start 233 1790813690.554696434
shard_start 232 1790813690.562416397
shard_start 236 1790813690.574071340
shard_start 227 1790813690.585491770
shard_start 239 1790813690.594788984
shard_start 234 1790813690.604915939
shard_end 233 1790813690.606378133
shard_start 238 1790813690.613829581
shard_end 232 1790813690.614073369
shard_start 245 1790813690.621463103
shard_end 236 1790813690.625821421
shard_end 227 1790813690.637296374
shard_end 239 1790813690.646546918
shard_end 234 1790813690.656860187
shard_start 241 1790813690.666163911
shard_end 238 1790813690.667863066
shard_end 245 1790813690.673339518
shard_start 244 1790813690.678848427
shard_start 240 1790813690.690488923
shard_start 235 1790813690.706849148
shard_end 241 1790813690.718081373
shard_start 242 1790813690.725335915
shard_end 244 1790813690.731354896
shard_start 247 1790813690.735546866
shard_end 240 1790813690.742370249
shard_start 246 1790813690.750412987
shard_end 235 1790813690.758836512
shard_start 253 1790813690.759039396
shard_end 242 1790813690.777320166
shard_start 249 1790813690.777809780
shard_end 247 1790813690.787561301
shard_start 248 1790813690.790915527
shard_end 246 1790813690.802161140
shard_start 252 1790813690.803124642
shard_end 253 1790813690.811028158
shard_start 243 1790813690.824345873
shard_end 249 1790813690.829562739
shard_start 254 1790813690.839372705
shard_end 248 1790813690.842709262
shard_start 255 1790813690.850898779
shard_end 252 1790813690.855114542
shard_start 250 1790813690.863446676
shard_end 243 1790813690.876375173
shard_end 254 1790813690.891372427
shard_end 255 1790813690.903170701
shard_end 250 1790813690.915530903
shard_start 261 1790813691.644144964
shard_end 261 1790813691.696958213
shard_start 257 1790813692.757950358
shard_start 260 1790813692.758793258
shard_start 263 1790813692.758843978
shard_start 256 1790813692.758885810
shard_start 258 1790813692.758945229
shard_start 251 1790813692.758945220
shard_start 269 1790813692.759402847
shard_start 262 1790813692.759594140
shard_end 257 1790813692.810227834
shard_end 263 1790813692.810550288
shard_end 256 1790813692.811044902
shard_end 258 1790813692.811290642
shard_end 251 1790813692.811359518
shard_end 260 1790813692.811602395
shard_end 269 1790813692.812232684
shard_end 262 1790813692.812465857
shard_start 270 1790813693.764699523
shard_start 271 1790813693.764884334
shard_start 266 1790813693.765033433
shard_start 268 1790813693.765190133
shard_start 265 1790813693.765187652
shard_start 264 1790813693.765168676
shard_start 272 1790813693.765431266
shard_start 259 1790813693.766061706
shard_start 277 1790813693.808168321
shard_end 270 1790813693.816526368
shard_end 271 1790813693.816545796
shard_end 264 1790813693.816967798
shard_end 266 1790813693.817243421
shard_end 268 1790813693.817520584
shard_end 259 1790813693.817855356
shard_end 265 1790813693.817824606
shard_end 272 1790813693.818056247
shard_start 276 1790813693.820877229
shard_start 273 1790813693.837456943
shard_start 267 1790813693.852307967
shard_end 277 1790813693.860140696
shard_start 279 1790813693.863782904
shard_end 276 1790813693.872975998
shard_start 274 1790813693.881724069
shard_end 273 1790813693.889638954
shard_start 278 1790813693.894084854
shard_start 285 1790813693.900684831
shard_end 267 1790813693.904175949
shard_end 279 1790813693.915922648
shard_start 280 1790813693.919229522
shard_start 281 1790813693.932290652
shard_end 274 1790813693.933615421
shard_end 278 1790813693.946246694
shard_start 284 1790813693.947038706
shard_end 285 1790813693.952626817
shard_start 275 1790813693.969868091
shard_end 280 1790813693.971630381
shard_start 287 1790813693.983641225
shard_end 281 1790813693.984020793
shard_start 282 1790813693.998647465
shard_end 284 1790813693.998698250
shard_start 286 1790813694.015501161
shard_end 275 1790813694.021901091
shard_end 287 1790813694.035594504
shard_end 282 1790813694.050565431
shard_end 286 1790813694.067417751
shard_start 293 1790813694.781205612
shard_end 293 1790813694.833419050
shard_start 289 1790813695.786986058
shard_start 288 1790813695.795612174
shard_start 292 1790813695.805446848
shard_start 295 1790813695.815533526
shard_start 283 1790813695.823930493
shard_end 289 1790813695.838906168
shard_start 294 1790813695.838909022
shard_start 290 1790813695.846916005
shard_end 288 1790813695.847360757
shard_start 301 1790813695.854623856
shard_end 292 1790813695.857466046
shard_end 295 1790813695.867842954
shard_end 283 1790813695.875646482
shard_end 294 1790813695.890840817
shard_end 290 1790813695.899411393
shard_end 301 1790813695.906508324
shard_start 296 1790813696.826933119
shard_start 297 1790813696.837798341
shard_start 300 1790813696.845337250
shard_start 291 1790813696.855800108
shard_start 303 1790813696.865532544
shard_start 298 1790813696.876882345
shard_end 296 1790813696.878602096
shard_start 302 1790813696.887631311
shard_end 297 1790813696.889756893
shard_end 300 1790813696.897115035
shard_start 309 1790813696.896934567
shard_end 291 1790813696.907828920
shard_end 303 1790813696.917080632
shard_end 298 1790813696.928896400
shard_end 302 1790813696.939361922
shard_start 304 1790813696.939715502
shard_end 309 1790813696.949230531
shard_start 305 1790813696.951282189
shard_start 308 1790813696.963286618
shard_start 299 1790813696.981728724
shard_end 304 1790813696.991763360
shard_start 311 1790813696.995861073
shard_end 305 1790813697.003330170
shard_start 310 1790813697.012454305
shard_end 308 1790813697.015271080
shard_start 306 1790813697.024390715
shard_start 317 1790813697.033759092
shard_end 299 1790813697.034038827
shard_end 311 1790813697.048995097
shard_start 312 1790813697.054192938
shard_end 310 1790813697.064968999
shard_start 313 1790813697.065978469
shard_end 306 1790813697.076707540
shard_start 307 1790813697.078646307
shard_end 317 1790813697.086215871
shard_start 319 1790813697.097862039
shard_end 312 1790813697.106700415
shard_start 316 1790813697.111898662
shard_end 313 1790813697.118100816
shard_start 318 1790813697.128653707
shard_end 307 1790813697.130544961
shard_start 325 1790813697.147719785
shard_end 319 1790813697.149583433
shard_end 316 1790813697.164041033
shard_end 318 1790813697.180802693
shard_end 325 1790813697.199948988
shard_start 314 1790813698.026218807
shard_end 314 1790813698.078297655
shard_start 315 1790813699.031008668
shard_start 320 1790813699.031030462
shard_start 329 1790813699.031101691
shard_start 324 1790813699.031223924
shard_start 326 1790813699.031355684
shard_start 321 1790813699.031593302
shard_start 333 1790813699.032023636
shard_start 327 1790813699.032545345
shard_end 315 1790813699.082898973
shard_end 326 1790813699.083416644
shard_end 321 1790813699.083486768
shard_end 329 1790813699.083457853
shard_end 320 1790813699.083303405
shard_end 324 1790813699.084037894
shard_end 333 1790813699.084289055
shard_end 327 1790813699.084356152
shard_start 322 1790813702.981287027
shard_start 328 1790813702.991546729
shard_start 335 1790813703.000768990
shard_start 323 1790813703.009881711
shard_start 334 1790813703.020560001
shard_start 341 1790813703.030907249
shard_end 322 1790813703.033330991
shard_start 332 1790813703.040460609
shard_end 328 1790813703.043511957
shard_start 330 1790813703.048212173
shard_end 335 1790813703.052687102
shard_end 323 1790813703.061768790
shard_end 334 1790813703.073209617
shard_end 341 1790813703.082891102
shard_end 332 1790813703.092307559
shard_start 337 1790813703.096676414
shard_end 330 1790813703.100104205
shard_start 336 1790813703.106304212
shard_start 343 1790813703.122438600
shard_start 331 1790813703.137375030
shard_end 337 1790813703.149223958
shard_start 349 1790813703.151617938
shard_end 336 1790813703.158471072
shard_start 342 1790813703.167665729
shard_end 343 1790813703.175038583
shard_start 340 1790813703.175533304
shard_start 345 1790813703.186007441
shard_end 331 1790813703.189227753
shard_end 349 1790813703.203775974
shard_start 338 1790813703.205988011
shard_start 344 1790813703.219188969
shard_end 342 1790813703.219402909
shard_end 340 1790813703.227526978
shard_start 351 1790813703.235967459
shard_end 345 1790813703.237717998
shard_start 339 1790813703.255020157
shard_end 338 1790813703.257724209
shard_start 357 1790813703.269401962
shard_end 344 1790813703.271077118
shard_start 350 1790813703.281051884
shard_end 351 1790813703.287999937
shard_start 348 1790813703.293934023
shard_end 339 1790813703.307048726
shard_end 357 1790813703.321271392
shard_end 350 1790813703.333053482
shard_end 348 1790813703.346025548
shard_start 353 1790813704.068126189
shard_end 353 1790813704.120027729
shard_start 346 1790813705.075658519
shard_start 352 1790813705.086912421
shard_start 359 1790813705.097008637
shard_start 347 1790813705.106180073
shard_start 358 1790813705.118660259
shard_start 365 1790813705.127299524
shard_end 346 1790813705.127371577
shard_start 356 1790813705.137109209
shard_end 352 1790813705.138612924
shard_start 361 1790813705.143574284
shard_end 359 1790813705.148918956
shard_end 347 1790813705.157820900
shard_end 358 1790813705.170519163
shard_end 365 1790813705.179204764
shard_end 356 1790813705.188951035
shard_end 361 1790813705.195303075
shard_start 354 1790813706.261299550
shard_start 375 1790813706.262688839
shard_start 366 1790813706.262802095
shard_start 362 1790813706.262897418
shard_start 373 1790813706.263096039
shard_start 369 1790813706.263135361
shard_start 355 1790813706.263325458
shard_start 360 1790813706.263343060
shard_start 367 1790813706.263649402
shard_start 364 1790813706.263836185
shard_start 368 1790813706.278850031
shard_start 374 1790813706.304764537
shard_start 363 1790813706.310930876
shard_end 354 1790813706.313375344
shard_end 366 1790813706.314762091
shard_end 369 1790813706.314875540
shard_end 373 1790813706.315152369
shard_end 362 1790813706.315336587
shard_end 375 1790813706.315531956
shard_end 364 1790813706.315664538
shard_end 355 1790813706.315606517
shard_end 360 1790813706.315885399
shard_end 367 1790813706.316100768
shard_start 377 1790813706.320928666
shard_end 368 1790813706.330587736
shard_start 381 1790813706.331763952
shard_start 372 1790813706.343011245
shard_end 374 1790813706.356836252
shard_end 363 1790813706.362847637
shard_end 377 1790813706.372926102
shard_start 376 1790813706.377031978
shard_start 370 1790813706.382485023
shard_end 381 1790813706.384325085
shard_start 383 1790813706.422122269
shard_end 372 1790813706.422429476
shard_start 371 1790813706.427011614
shard_end 376 1790813706.428734702
shard_start 382 1790813706.432267820
shard_end 370 1790813706.434614690
shard_start 385 1790813706.449604833
shard_start 380 1790813706.454804771
shard_end 383 1790813706.474368215
shard_end 371 1790813706.478763811
shard_end 382 1790813706.484432228
shard_end 385 1790813706.502445957
shard_end 380 1790813706.506917677
shard_start 389 1790813707.268164181
shard_end 389 1790813707.320541673
shard_start 378 1790813708.284636526
shard_start 384 1790813708.296835756
shard_start 391 1790813708.309439486
shard_start 379 1790813708.315895408
shard_start 390 1790813708.326682000
shard_end 378 1790813708.336513537
shard_end 384 1790813708.348501572
shard_end 391 1790813708.361460218
shard_end 379 1790813708.367883946
shard_end 390 1790813708.400159354
shard_start 393 1790813708.431764785
shard_start 388 1790813708.432562444
shard_start 397 1790813708.432996851
shard_end 393 1790813708.483681046
shard_end 388 1790813708.484291183
shard_end 397 1790813708.484684733
shard_start 386 1790813709.335643565
shard_start 399 1790813709.345207520
shard_start 392 1790813709.353563183
shard_end 386 1790813709.387826334
shard_end 399 1790813709.397390661
shard_end 392 1790813709.405416249
shard_start 398 1790813709.442431763
shard_start 387 1790813709.446897127
shard_start 401 1790813709.453223426
shard_start 396 1790813709.470700420
shard_start 405 1790813709.482304263
shard_end 387 1790813709.500353095
shard_end 398 1790813709.500459226
shard_start 400 1790813709.502230851
shard_start 394 1790813709.502740859
shard_end 401 1790813709.504969777
shard_start 407 1790813709.509342810
shard_end 396 1790813709.522911841
shard_end 405 1790813709.534351724
shard_end 400 1790813709.554268350
shard_end 394 1790813709.554405097
shard_end 407 1790813709.561242631
shard_start 404 1790813709.573260104
shard_start 395 1790813709.578922758
shard_start 406 1790813709.587242233
shard_end 404 1790813709.625435148
shard_end 395 1790813709.630985021
shard_end 406 1790813709.639427415
shard_start 409 1790813709.720347765
shard_start 413 1790813709.727464499
shard_start 402 1790813709.734319612
shard_start 414 1790813709.743065808
shard_start 415 1790813709.751064314
shard_start 412 1790813709.759879376
shard_start 408 1790813709.767229005
shard_end 409 1790813709.772361285
shard_start 403 1790813709.773893948
shard_end 413 1790813709.779602812
shard_end 402 1790813709.786237595
shard_end 414 1790813709.795094768
shard_end 415 1790813709.803037705
shard_end 412 1790813709.812503853
shard_end 408 1790813709.819680009
shard_end 403 1790813709.826502771
shard_start 421 1790813709.841109829
shard_end 421 1790813709.893458856
shard_start 417 1790813710.528696870
shard_end 417 1790813710.580699570
shard_start 410 1790813711.563323652
shard_start 423 1790813711.564491490
shard_start 416 1790813711.564909736
shard_start 422 1790813711.565042117
shard_start 420 1790813711.577045416
shard_start 425 1790813711.587061290
shard_start 429 1790813711.595774363
shard_start 411 1790813711.603428903
shard_end 410 1790813711.615202558
shard_end 423 1790813711.616205156
shard_end 416 1790813711.617122768
shard_end 422 1790813711.617125353
shard_end 420 1790813711.629058650
shard_end 425 1790813711.639108568
shard_end 429 1790813711.647708713
shard_end 411 1790813711.662754080
shard_start 418 1790813712.581657684
shard_start 424 1790813712.593140707
shard_start 430 1790813712.604413679
shard_start 431 1790813712.616387382
shard_start 428 1790813712.627371845
shard_end 418 1790813712.633670838
shard_start 419 1790813712.638290786
shard_end 424 1790813712.645409759
shard_start 437 1790813712.646402219
shard_end 430 1790813712.656711142
shard_end 431 1790813712.668782955
shard_start 433 1790813712.669634113
shard_end 437 1790813712.698526848
shard_end 428 1790813712.774547403
shard_end 419 1790813712.774895625
shard_end 433 1790813712.775080989
shard_start 432 1790813712.776201843
shard_start 438 1790813712.776603968
shard_start 426 1790813712.776670897
shard_end 438 1790813712.828467742
shard_end 426 1790813712.828607598
shard_end 432 1790813712.828893873
shard_start 439 1790813712.831076510
shard_start 436 1790813712.838504801
shard_start 445 1790813712.845864887
shard_start 427 1790813712.851784968
shard_start 434 1790813712.859459430
shard_start 441 1790813712.864620443
shard_start 440 1790813712.879998540
shard_end 439 1790813712.883387846
shard_end 436 1790813712.890526808
shard_start 447 1790813712.890526757
shard_end 445 1790813712.898279442
shard_end 427 1790813712.903901279
shard_end 434 1790813712.911580877
shard_end 441 1790813712.917326897
shard_end 440 1790813712.931883696
shard_end 447 1790813712.942785216
shard_start 446 1790813712.958766872
shard_start 444 1790813712.970578035
shard_start 435 1790813712.993493795
shard_start 449 1790813713.000707624
shard_end 446 1790813713.010851142
shard_end 444 1790813713.022501984
shard_end 435 1790813713.045406595
shard_end 449 1790813713.052711943
shard_start 453 1790813713.679963473
shard_end 453 1790813713.731921204
shard_start 442 1790813714.692743371
shard_start 455 1790813714.700578545
shard_end 442 1790813714.744947550
shard_end 455 1790813714.752498493
shard_start 448 1790813714.792174359
shard_start 443 1790813714.798652152
shard_start 454 1790813714.807447346
shard_end 448 1790813715.019984422
shard_start 452 1790813715.020712918
shard_start 457 1790813715.020828319
shard_start 461 1790813715.021590160
shard_end 452 1790813715.203227356
shard_end 461 1790813715.203329211
shard_end 457 1790813715.203358529
shard_end 454 1790813715.203340424
shard_end 443 1790813715.203329242
shard_start 463 1790813715.869706378
shard_start 450 1790813715.869772277
shard_end 450 1790813715.921559942
shard_end 463 1790813715.921651023
shard_start 456 1790813716.208863424
shard_start 460 1790813716.209826396
shard_start 481 1790813716.210613267
shard_start 458 1790813716.210853834
shard_start 479 1790813716.211107434
shard_start 478 1790813716.211080908
shard_start 459 1790813716.211210377
shard_start 471 1790813716.211361605
shard_start 464 1790813716.211303923
shard_start 451 1790813716.211539964
shard_start 472 1790813716.211881806
shard_start 468 1790813716.212051399
shard_start 473 1790813716.212366880
shard_start 469 1790813716.212438845
shard_start 462 1790813716.212544691
shard_start 467 1790813716.212440123
shard_start 465 1790813716.212503107
shard_start 476 1790813716.212731309
shard_start 470 1790813716.212757556
shard_start 466 1790813716.212977469
shard_start 477 1790813716.213088802
shard_end 456 1790813716.260979363
shard_end 460 1790813716.262186610
shard_end 459 1790813716.263253187
shard_end 471 1790813716.263296705
shard_end 464 1790813716.263548902
shard_end 451 1790813716.263652527
shard_end 481 1790813716.263627977
shard_end 458 1790813716.263670483
shard_end 478 1790813716.263721749
shard_end 479 1790813716.264082599
shard_end 472 1790813716.264244932
shard_end 468 1790813716.264382597
shard_end 473 1790813716.264873452
shard_end 467 1790813716.264831703
shard_end 462 1790813716.264966597
shard_end 466 1790813716.265048355
shard_end 465 1790813716.264841262
shard_end 470 1790813716.265190184
shard_end 469 1790813716.265245271
shard_end 477 1790813716.265598762
shard_end 476 1790813716.265557748
shard_start 485 1790813717.226782376
shard_end 485 1790813717.278716421
shard_start 474 1790813718.236405962
shard_start 484 1790813718.244570398
shard_start 487 1790813718.253551808
shard_start 475 1790813718.261548937
shard_start 489 1790813718.272034325
shard_start 480 1790813718.286875336
shard_end 474 1790813718.288445758
shard_start 486 1790813718.294351174
shard_end 484 1790813718.296596500
shard_end 475 1790813718.320847030
shard_end 487 1790813718.320954942
shard_start 493 1790813718.321813299
shard_end 489 1790813718.324204128
shard_end 480 1790813718.339301254
shard_end 486 1790813718.346731137
shard_end 493 1790813718.374529816
shard_start 482 1790813719.272671342
shard_start 492 1790813719.280826656
shard_start 483 1790813719.297252688
shard_start 495 1790813719.306120776
shard_end 482 1790813719.324747097
shard_start 497 1790813719.327261929
shard_start 488 1790813719.328609759
shard_end 492 1790813719.333880728
shard_start 494 1790813719.336627007
shard_start 490 1790813719.345811727
shard_end 483 1790813719.348968075
shard_end 495 1790813719.358032346
shard_end 497 1790813719.379246190
shard_end 488 1790813719.380481347
shard_start 491 1790813719.383913505
shard_end 494 1790813719.388485343
shard_start 496 1790813719.396587587
shard_end 490 1790813719.397431609
shard_start 498 1790813719.412495461
shard_start 499 1790813719.424754022
shard_end 491 1790813719.435840292
shard_end 496 1790813719.449045738
shard_end 498 1790813719.464404559
shard_end 499 1790813719.477135865
agg_start 0 1790813721.671974443
agg_end 0 1790813721.677532421
