shard_start 1 1790814133.869069040
shard_start 2 1790814133.869212433
shard_start 5 1790814133.881986769
shard_start 3 1790814133.893698041
shard_start 0 1790814133.910297962
shard_end 1 1790814133.920980220
shard_end 2 1790814133.920945888
shard_start 6 1790814133.921907585
shard_start 4 1790814133.931702866
shard_end 5 1790814133.934447615
shard_end 3 1790814133.945709278
shard_start 7 1790814133.949970193
shard_end 0 1790814133.962362756
shard_end 6 1790814133.974188970
shard_end 4 1790814133.983776270
shard_end 7 1790814134.001918879
shard_start 9 1790814134.011651444
shard_start 13 1790814134.036729556
shard_start 8 1790814134.061515504
shard_end 9 1790814134.064055887
shard_start 15 1790814134.084364252
shard_end 13 1790814134.088442221
shard_start 10 1790814134.089405698
shard_end 8 1790814134.113821358
shard_start 11 1790814134.117438475
shard_start 14 1790814134.130828338
shard_end 15 1790814134.136310861
shard_end 10 1790814134.142458006
shard_start 12 1790814134.145015849
shard_end 11 1790814134.169311706
shard_end 14 1790814134.182892475
shard_start 17 1790814134.195437790
shard_end 12 1790814134.196736802
shard_start 16 1790814134.207573793
shard_start 21 1790814134.237533003
shard_end 17 1790814134.247567793
shard_start 23 1790814134.257438595
shard_end 16 1790814134.259991691
shard_start 18 1790814134.262502961
shard_start 19 1790814134.277004452
shard_start 22 1790814134.288804957
shard_end 21 1790814134.289837812
shard_start 20 1790814134.294829636
shard_end 23 1790814134.309771605
shard_start 25 1790814134.310193782
shard_end 18 1790814134.314282154
shard_start 24 1790814134.326477796
shard_end 19 1790814134.328972964
shard_end 22 1790814134.340971219
shard_end 20 1790814134.347083489
shard_start 26 1790814134.355258089
shard_end 25 1790814134.362787556
shard_end 24 1790814134.379116589
shard_start 27 1790814134.386219876
shard_start 29 1790814134.392630465
shard_end 26 1790814134.407225553
shard_start 31 1790814134.419190406
shard_start 30 1790814134.427765028
shard_start 28 1790814134.435677821
shard_end 27 1790814134.438174429
shard_end 29 1790814134.445288051
shard_end 31 1790814134.471420493
shard_end 30 1790814134.479694113
shard_end 28 1790814134.488272050
shard_start 33 1790814136.171739871
shard_start 32 1790814136.182746873
shard_start 34 1790814136.195166739
shard_start 37 1790814136.206245134
shard_start 39 1790814136.217909763
shard_end 33 1790814136.224123873
shard_start 35 1790814136.227368248
shard_end 32 1790814136.234732309
shard_start 38 1790814136.238959588
shard_end 34 1790814136.246987155
shard_start 36 1790814136.247767294
shard_end 37 1790814136.258358535
shard_end 39 1790814136.269741380
shard_end 35 1790814136.279132648
shard_start 41 1790814136.289751880
shard_end 38 1790814136.290887080
shard_end 36 1790814136.299472752
shard_start 40 1790814136.314565156
shard_start 42 1790814136.337497474
shard_end 41 1790814136.342204222
shard_start 45 1790814136.359826918
shard_end 40 1790814136.366656501
shard_end 42 1790814136.389756713
shard_end 45 1790814136.411699940
shard_start 43 1790814137.257962051
shard_start 47 1790814137.269559258
shard_start 46 1790814137.279071197
shard_start 44 1790814137.289034523
shard_start 49 1790814137.303656017
shard_end 43 1790814137.310505733
shard_start 48 1790814137.313496087
shard_start 55 1790814137.321172376
shard_end 47 1790814137.321315134
shard_start 51 1790814137.331252311
shard_end 46 1790814137.331521650
shard_end 44 1790814137.341005796
shard_end 49 1790814137.355704274
shard_end 48 1790814137.365264172
shard_end 55 1790814137.372809200
shard_start 50 1790814137.374051933
shard_end 51 1790814137.383081622
shard_start 53 1790814137.388374602
shard_start 54 1790814137.405212503
shard_start 52 1790814137.420752356
shard_end 50 1790814137.426018357
shard_start 57 1790814137.437912122
shard_end 53 1790814137.440068318
shard_start 56 1790814137.453143703
shard_end 54 1790814137.457199627
shard_start 59 1790814137.461933443
shard_end 52 1790814137.472565526
shard_start 61 1790814137.474165357
shard_end 57 1790814137.490197871
shard_start 63 1790814137.492904486
shard_end 56 1790814137.505250814
shard_end 59 1790814137.513982829
shard_start 58 1790814137.516529450
shard_end 61 1790814137.526336721
shard_end 63 1790814137.550280273
shard_start 60 1790814137.551189872
shard_start 62 1790814137.551218384
shard_end 58 1790814137.569080925
shard_end 62 1790814137.603169105
shard_end 60 1790814137.603534035
shard_start 65 1790814138.366190607
shard_start 64 1790814138.374485343
shard_start 69 1790814138.385951321
shard_start 67 1790814138.399838864
shard_start 71 1790814138.414580085
shard_end 65 1790814138.418175234
shard_start 66 1790814138.421606244
shard_end 64 1790814138.426842261
shard_start 70 1790814138.430097982
shard_end 69 1790814138.437854748
shard_start 73 1790814138.438333464
shard_end 67 1790814138.451777631
shard_end 71 1790814138.466506531
shard_end 66 1790814138.473684411
shard_end 70 1790814138.481927141
shard_end 73 1790814138.490268090
shard_start 68 1790814139.424842139
shard_start 72 1790814139.435803922
shard_start 77 1790814139.445153603
shard_start 75 1790814139.456716890
shard_start 74 1790814139.469857375
shard_end 68 1790814139.477174952
shard_start 79 1790814139.477859928
shard_start 78 1790814139.487454167
shard_end 72 1790814139.487965217
shard_start 76 1790814139.496143862
shard_end 77 1790814139.497076465
shard_end 75 1790814139.508740098
shard_end 74 1790814139.522013060
shard_end 79 1790814139.529969735
shard_end 78 1790814139.539266451
shard_end 76 1790814139.547906836
shard_start 81 1790814139.565722130
shard_start 85 1790814139.587863770
shard_start 80 1790814139.596310564
shard_start 83 1790814139.611522647
shard_end 81 1790814139.618085568
shard_start 87 1790814139.619687663
shard_end 85 1790814139.640382947
shard_end 80 1790814139.648323112
shard_end 83 1790814139.663435659
shard_end 87 1790814139.671630061
shard_start 86 1790814140.516804535
shard_start 82 1790814140.527563608
shard_start 84 1790814140.538422400
shard_start 89 1790814140.548821466
shard_start 88 1790814140.559287045
shard_start 93 1790814140.570314369
shard_start 91 1790814140.579235564
shard_start 95 1790814140.588615368
shard_end 82 1790814140.627941591
shard_end 84 1790814140.628414490
shard_end 86 1790814140.628500539
shard_end 89 1790814140.629178714
shard_end 88 1790814140.629938348
shard_end 93 1790814140.630828283
shard_end 91 1790814140.631358167
shard_start 90 1790814140.632423343
shard_end 95 1790814140.640480516
shard_start 94 1790814140.649682765
shard_start 92 1790814140.666062627
shard_start 97 1790814140.682546211
shard_end 90 1790814140.684139600
shard_end 94 1790814140.701554791
shard_start 96 1790814140.702586642
shard_start 99 1790814140.714641405
shard_end 92 1790814140.717928705
shard_start 98 1790814140.725084224
shard_end 97 1790814140.734541363
shard_end 96 1790814140.754786975
shard_end 99 1790814140.766831647
shard_end 98 1790814140.776976830
agg_start 0 1790814142.902333894
agg_end 0 1790814142.904760771
