shard_start 0 1790814505.782305818
shard_start 4 1790814505.795765825
shard_start 2 1790814505.804141574
shard_start 3 1790814505.826677911
shard_end 0 1790814505.834829157
shard_start 1 1790814505.838426700
shard_end 4 1790814505.848756216
shard_start 7 1790814505.850600142
shard_end 2 1790814505.856767813
shard_start 6 1790814505.861157739
shard_end 3 1790814505.879586703
shard_start 5 1790814505.881372747
shard_end 1 1790814505.891548549
shard_end 7 1790814505.903303619
shard_end 6 1790814505.914041523
shard_end 5 1790814505.934420722
shard_start 9 1790814505.944237673
shard_start 8 1790814505.970239541
shard_start 10 1790814505.988889511
shard_end 9 1790814505.997169683
shard_start 12 1790814506.020589767
shard_end 8 1790814506.022632159
shard_start 11 1790814506.030404804
shard_end 10 1790814506.041652909
shard_start 15 1790814506.047610415
shard_start 13 1790814506.070325744
shard_end 12 1790814506.073462147
shard_end 11 1790814506.083003270
shard_start 14 1790814506.083626073
shard_end 15 1790814506.099911449
shard_end 13 1790814506.122841928
shard_end 14 1790814506.136018345
shard_start 16 1790814506.137528781
shard_start 17 1790814506.158623991
shard_start 20 1790814506.172530932
shard_end 16 1790814506.190350465
shard_start 18 1790814506.195790538
shard_start 19 1790814506.203933410
shard_end 17 1790814506.211219524
shard_start 23 1790814506.220289212
shard_end 20 1790814506.224813351
shard_start 21 1790814506.228179033
shard_start 22 1790814506.238391518
shard_end 18 1790814506.248265346
shard_end 19 1790814506.256729351
shard_start 25 1790814506.259987365
shard_end 23 1790814506.273066438
shard_end 21 1790814506.280709409
shard_start 26 1790814506.281214355
shard_end 22 1790814506.291043071
shard_start 24 1790814506.299759598
shard_end 25 1790814506.312633986
shard_start 28 1790814506.315769805
shard_end 26 1790814506.333548523
shard_start 27 1790814506.333786673
shard_start 31 1790814506.348787549
shard_end 24 1790814506.352330001
shard_start 29 1790814506.363823835
shard_end 28 1790814506.368295661
shard_start 30 1790814506.376373069
shard_end 27 1790814506.386460269
shard_end 31 1790814506.401858661
shard_end 29 1790814506.416496687
shard_end 30 1790814506.429405744
shard_start 33 1790814508.085184403
shard_start 34 1790814508.093745270
shard_start 36 1790814508.107128274
shard_start 32 1790814508.116759834
shard_start 35 1790814508.127831090
shard_start 39 1790814508.133207762
shard_end 33 1790814508.138227216
shard_start 37 1790814508.142102812
shard_end 34 1790814508.146892587
shard_start 38 1790814508.152428686
shard_end 36 1790814508.159901085
shard_end 32 1790814508.169697509
shard_end 35 1790814508.180579473
shard_end 39 1790814508.185770357
shard_end 37 1790814508.195076698
shard_start 41 1790814508.200419774
shard_end 38 1790814508.205335754
shard_start 44 1790814508.216337655
shard_start 42 1790814508.235388190
shard_start 40 1790814508.247372027
shard_end 41 1790814508.253279401
shard_end 44 1790814508.268818280
shard_end 42 1790814508.288109305
shard_end 40 1790814508.300684793
shard_start 47 1790814512.090421110
shard_start 43 1790814512.101475651
shard_start 45 1790814512.108232292
shard_start 46 1790814512.121326514
shard_start 49 1790814512.132664638
shard_end 47 1790814512.143008959
shard_start 50 1790814512.143370902
shard_start 48 1790814512.152468434
shard_end 43 1790814512.154233110
shard_end 45 1790814512.160527033
shard_start 51 1790814512.160529290
shard_end 46 1790814512.174144873
shard_end 49 1790814512.185674283
shard_end 50 1790814512.195914761
shard_end 48 1790814512.204867828
shard_end 51 1790814512.212762225
shard_start 52 1790814512.215683457
shard_start 53 1790814512.238945377
shard_start 55 1790814512.245077375
shard_start 54 1790814512.260127944
shard_end 52 1790814512.268717954
shard_start 58 1790814512.282604998
shard_start 57 1790814512.287714789
shard_end 53 1790814512.291761746
shard_end 55 1790814512.297356732
shard_start 59 1790814512.302265130
shard_start 60 1790814512.309697717
shard_end 54 1790814512.312693755
shard_start 56 1790814512.333180514
shard_end 58 1790814512.335128758
shard_end 57 1790814512.340000457
shard_end 59 1790814512.354827735
shard_start 61 1790814512.359880699
shard_end 60 1790814512.362122572
shard_start 63 1790814512.378384222
shard_end 56 1790814512.387310067
shard_start 62 1790814512.391456024
shard_end 61 1790814512.412804451
shard_end 63 1790814512.431431369
shard_end 62 1790814512.444132483
shard_start 65 1790814513.204685713
shard_start 66 1790814513.212665578
shard_start 67 1790814513.220715834
shard_start 64 1790814513.233577569
shard_start 68 1790814513.245197907
shard_start 69 1790814513.255434679
shard_end 65 1790814513.258115965
shard_start 71 1790814513.262511853
shard_end 66 1790814513.265095734
shard_start 70 1790814513.269272069
shard_end 67 1790814513.273209513
shard_end 64 1790814513.286678444
shard_end 68 1790814513.298337900
shard_end 69 1790814513.308631384
shard_end 71 1790814513.314918831
shard_end 70 1790814513.321953309
shard_start 73 1790814514.256604709
shard_start 74 1790814514.265096841
shard_start 72 1790814514.278771848
shard_start 76 1790814514.289736618
shard_start 77 1790814514.303176036
shard_end 73 1790814514.309178910
shard_start 75 1790814514.312497713
shard_end 74 1790814514.317879042
shard_start 79 1790814514.322069784
shard_end 72 1790814514.331356377
shard_start 78 1790814514.332044255
shard_end 76 1790814514.342700565
shard_end 77 1790814514.355679671
shard_end 75 1790814514.365243571
shard_end 79 1790814514.374771901
shard_end 78 1790814514.384962811
shard_start 81 1790814514.392294839
shard_start 84 1790814514.401712950
shard_start 82 1790814514.431380703
shard_end 81 1790814514.444904017
shard_end 84 1790814514.454616222
shard_end 82 1790814514.484642021
shard_start 80 1790814515.342540878
shard_start 85 1790814515.352996277
shard_start 83 1790814515.364759419
shard_start 87 1790814515.375485639
shard_start 86 1790814515.385303036
shard_start 89 1790814515.393616578
shard_end 80 1790814515.394858103
shard_start 90 1790814515.404836715
shard_end 85 1790814515.405731556
shard_start 92 1790814515.411516341
shard_end 83 1790814515.417539356
shard_end 87 1790814515.428862271
shard_end 86 1790814515.438046329
shard_end 89 1790814515.446713670
shard_end 90 1790814515.457644640
shard_end 92 1790814515.463868525
shard_start 88 1790814515.470557250
shard_start 93 1790814515.477608050
shard_start 91 1790814515.500424514
shard_start 95 1790814515.511621980
shard_end 88 1790814515.522968587
shard_start 94 1790814515.523672648
shard_end 93 1790814515.530628958
shard_start 97 1790814515.542099915
shard_start 98 1790814515.552071213
shard_end 91 1790814515.552784644
shard_start 96 1790814515.560451955
shard_end 95 1790814515.564289842
shard_end 94 1790814515.576148651
shard_start 99 1790814515.585064062
shard_end 97 1790814515.595004162
shard_end 98 1790814515.604527174
shard_end 96 1790814515.613308624
shard_end 99 1790814515.637657050
agg_start 0 1790814517.695282576
agg_end 0 1790814517.790536390
