shard_start 3 1790814076.560155901
shard_start 2 1790814076.578768116
shard_start 0 1790814076.590847140
shard_start 6 1790814076.610739218
shard_end 3 1790814076.611816150
shard_start 7 1790814076.625317509
shard_end 2 1790814076.630904323
shard_start 4 1790814076.642308238
shard_end 0 1790814076.642556312
shard_start 5 1790814076.651692100
shard_end 6 1790814076.662809721
shard_start 1 1790814076.665859112
shard_end 7 1790814076.677386994
shard_end 4 1790814076.694301336
shard_end 5 1790814076.704017128
shard_end 1 1790814076.718213873
shard_start 11 1790814076.723808448
shard_start 14 1790814076.744950517
shard_start 15 1790814076.770020376
shard_end 11 1790814076.775720142
shard_start 8 1790814076.796620722
shard_end 14 1790814076.796702018
shard_start 10 1790814076.816043204
shard_end 15 1790814076.821891485
shard_start 12 1790814076.839132557
shard_start 9 1790814076.846710562
shard_end 8 1790814076.848508041
shard_start 13 1790814076.863191887
shard_end 10 1790814076.868780573
shard_end 12 1790814076.891886226
shard_end 9 1790814076.898883861
shard_start 18 1790814076.901125556
shard_end 13 1790814076.915167095
shard_start 16 1790814076.918707670
shard_start 23 1790814076.942931791
shard_end 18 1790814076.952984663
shard_start 19 1790814076.956564779
shard_start 17 1790814076.970266352
shard_end 16 1790814076.970363021
shard_start 21 1790814076.984897763
shard_start 22 1790814076.990938798
shard_end 23 1790814076.994991708
shard_start 20 1790814077.000990135
shard_end 19 1790814077.008505092
shard_start 26 1790814077.014872982
shard_end 17 1790814077.022455517
shard_end 21 1790814077.036866346
shard_start 24 1790814077.036811336
shard_end 22 1790814077.042735437
shard_end 20 1790814077.053713673
shard_start 27 1790814077.055291222
shard_end 26 1790814077.066633881
shard_start 25 1790814077.072676105
shard_start 28 1790814077.082907174
shard_end 24 1790814077.088688299
shard_start 30 1790814077.106642636
shard_end 27 1790814077.107466457
shard_start 31 1790814077.112224789
shard_end 25 1790814077.124608091
shard_start 29 1790814077.129871445
shard_end 28 1790814077.135396993
shard_end 30 1790814077.158472515
shard_end 31 1790814077.163988434
shard_end 29 1790814077.182062734
shard_start 34 1790814079.075074219
shard_start 32 1790814079.095822479
shard_start 36 1790814079.114030517
shard_end 34 1790814079.126929432
shard_start 35 1790814079.133140885
shard_end 32 1790814079.147454171
shard_start 33 1790814079.148114137
shard_start 39 1790814079.162521517
shard_end 36 1790814079.165752438
shard_start 38 1790814079.174103130
shard_end 35 1790814079.185539794
shard_start 37 1790814079.189879345
shard_end 33 1790814079.200011163
shard_start 42 1790814079.212762655
shard_end 39 1790814079.214400709
shard_end 38 1790814079.226164477
shard_start 44 1790814079.232174349
shard_end 37 1790814079.241917203
shard_start 40 1790814079.257445040
shard_end 42 1790814079.264788611
shard_start 43 1790814079.278343055
shard_end 44 1790814079.284104845
shard_start 41 1790814079.300838042
shard_end 40 1790814079.309447049
shard_start 47 1790814079.320466370
shard_end 43 1790814079.330502844
shard_start 45 1790814079.336577010
shard_end 41 1790814079.353073493
shard_start 46 1790814079.358615661
shard_end 47 1790814079.372281165
shard_start 50 1790814079.383072233
shard_end 45 1790814079.388386499
shard_start 52 1790814079.408608656
shard_end 46 1790814079.410254795
shard_start 51 1790814079.426892307
shard_end 50 1790814079.435056602
shard_start 48 1790814079.448400652
shard_end 52 1790814079.460541459
shard_start 55 1790814079.466453538
shard_end 51 1790814079.478823340
shard_start 49 1790814079.481570448
shard_start 53 1790814079.497535238
shard_end 48 1790814079.500189606
shard_start 54 1790814079.510489531
shard_end 55 1790814079.518395444
shard_start 58 1790814079.532330767
shard_end 49 1790814079.533334009
shard_end 53 1790814079.549665866
shard_start 60 1790814079.552249635
shard_end 54 1790814079.562621727
shard_start 56 1790814079.572359565
shard_end 58 1790814079.584430798
shard_start 59 1790814079.593298424
shard_end 60 1790814079.604089253
shard_start 57 1790814079.615796489
shard_end 56 1790814079.624276192
shard_start 63 1790814079.635439379
shard_end 59 1790814079.645602616
shard_start 61 1790814079.653940913
shard_end 57 1790814079.667676140
shard_start 62 1790814079.670173847
shard_end 63 1790814079.687361678
shard_end 61 1790814079.706447702
shard_end 62 1790814079.722076365
shard_start 68 1790814081.721510971
shard_start 66 1790814081.735069524
shard_start 64 1790814081.748795030
shard_start 71 1790814081.761408489
shard_end 68 1790814081.773483392
shard_start 65 1790814081.776334813
shard_end 66 1790814081.786949377
shard_start 67 1790814081.794266442
shard_end 64 1790814081.800902118
shard_start 69 1790814081.810974464
shard_end 71 1790814081.813215787
shard_start 70 1790814081.826085376
shard_end 65 1790814081.828001375
shard_start 76 1790814081.842699497
shard_end 67 1790814081.846104661
shard_start 74 1790814081.859454071
shard_end 69 1790814081.863114570
shard_start 72 1790814081.875270304
shard_end 70 1790814081.877854325
shard_end 76 1790814081.894421061
shard_start 79 1790814081.894675222
shard_end 74 1790814081.911280906
shard_start 73 1790814081.913747778
shard_end 72 1790814081.927143672
shard_start 75 1790814081.932031839
shard_end 79 1790814081.946918335
shard_start 77 1790814081.952796553
shard_end 73 1790814081.965920696
shard_start 78 1790814081.970154035
shard_start 84 1790814081.983918566
shard_end 75 1790814081.984020421
shard_start 82 1790814082.000098440
shard_end 77 1790814082.004831928
shard_start 87 1790814082.014697900
shard_end 78 1790814082.022399548
shard_start 80 1790814082.035283581
shard_end 84 1790814082.035551317
shard_end 82 1790814082.052368134
shard_start 81 1790814082.054338594
shard_end 87 1790814082.066675877
shard_start 83 1790814082.073203246
shard_end 80 1790814082.087177571
shard_start 85 1790814082.096331849
shard_end 81 1790814082.106773927
shard_start 86 1790814082.116021418
shard_end 83 1790814082.125228786
shard_start 92 1790814082.132525655
shard_start 90 1790814082.147127104
shard_end 85 1790814082.147971497
shard_start 88 1790814082.161018709
shard_end 86 1790814082.167792402
shard_start 89 1790814082.180189731
shard_end 92 1790814082.184346869
shard_end 90 1790814082.199092280
shard_start 91 1790814082.202511581
shard_end 88 1790814082.212902757
shard_start 95 1790814082.224540970
shard_end 89 1790814082.232053601
shard_start 93 1790814082.246277280
shard_end 91 1790814082.254481441
shard_start 94 1790814082.267527540
shard_end 95 1790814082.276509933
shard_end 93 1790814082.298257509
shard_end 94 1790814082.319302018
shard_start 98 1790814084.326141812
shard_start 96 1790814084.342975064
shard_start 97 1790814084.359222795
shard_start 99 1790814084.375591343
shard_end 98 1790814084.377839157
shard_end 96 1790814084.394827930
shard_end 97 1790814084.411122322
shard_end 99 1790814084.427588848
agg_start 0 1790814086.544079284
agg_end 0 1790814086.546396884
