shard_start 2 1790814118.844736431
shard_start 3 1790814118.857570132
shard_start 4 1790814118.871856177
shard_start 0 1790814118.888968117
shard_end 2 1790814118.896667836
shard_start 1 1790814118.902108865
shard_end 3 1790814118.909708618
shard_start 7 1790814118.911705577
shard_end 4 1790814118.924494219
shard_start 5 1790814118.926335381
shard_end 0 1790814118.940825441
shard_start 6 1790814118.942234390
shard_end 1 1790814118.954158149
shard_end 7 1790814118.964110180
shard_end 5 1790814118.978400525
shard_end 6 1790814118.994680043
shard_start 10 1790814119.001577908
shard_start 8 1790814119.022562553
shard_start 11 1790814119.052631764
shard_end 10 1790814119.053377916
shard_end 8 1790814119.074920358
shard_start 12 1790814119.077188695
shard_start 15 1790814119.086746152
shard_start 14 1790814119.104733192
shard_end 11 1790814119.104896728
shard_start 9 1790814119.123023391
shard_end 12 1790814119.129348389
shard_start 13 1790814119.137647261
shard_end 15 1790814119.138455225
shard_end 14 1790814119.156753204
shard_start 16 1790814119.173362568
shard_end 9 1790814119.174875434
shard_end 13 1790814119.189360815
shard_start 18 1790814119.190473967
shard_start 23 1790814119.217388307
shard_end 16 1790814119.225459657
shard_start 20 1790814119.233252849
shard_start 17 1790814119.240540682
shard_end 18 1790814119.242493876
shard_start 19 1790814119.254131439
shard_start 22 1790814119.265636424
shard_end 23 1790814119.269317584
shard_start 21 1790814119.275173421
shard_end 20 1790814119.285803855
shard_start 24 1790814119.290564354
shard_end 17 1790814119.292339565
shard_end 19 1790814119.305880312
shard_start 31 1790814119.307730472
shard_end 22 1790814119.317854628
shard_end 21 1790814119.327337284
shard_start 26 1790814119.333977853
shard_end 24 1790814119.342735332
shard_start 28 1790814119.352355803
shard_end 31 1790814119.359593422
shard_start 25 1790814119.372513093
shard_start 29 1790814119.382740574
shard_end 26 1790814119.385878789
shard_end 28 1790814119.404695287
shard_start 27 1790814119.404895541
shard_start 30 1790814119.414821668
shard_end 25 1790814119.424455862
shard_end 29 1790814119.435231231
shard_end 27 1790814119.457011476
shard_end 30 1790814119.466885011
shard_start 39 1790814121.148873399
shard_start 32 1790814121.157046410
shard_start 34 1790814121.167969490
shard_start 36 1790814121.176971384
shard_start 33 1790814121.189064035
shard_start 35 1790814121.199127367
shard_end 39 1790814121.200831143
shard_start 38 1790814121.208910200
shard_end 32 1790814121.209223028
shard_start 37 1790814121.220001651
shard_end 34 1790814121.220364082
shard_end 36 1790814121.229491476
shard_end 33 1790814121.241721968
shard_end 35 1790814121.251231455
shard_end 38 1790814121.261097422
shard_start 40 1790814121.266720175
shard_end 37 1790814121.271926663
shard_start 47 1790814121.282725479
shard_start 42 1790814121.304160528
shard_start 44 1790814121.312681927
shard_end 40 1790814121.318648045
shard_end 47 1790814121.334596767
shard_end 42 1790814121.356619722
shard_end 44 1790814121.364645439
shard_start 43 1790814125.162197472
shard_start 46 1790814125.173720270
shard_start 41 1790814125.186868615
shard_start 45 1790814125.196479283
shard_start 52 1790814125.207716170
shard_end 43 1790814125.214200611
shard_start 50 1790814125.217306209
shard_end 46 1790814125.225973755
shard_start 48 1790814125.238539067
shard_end 41 1790814125.238926340
shard_start 55 1790814125.240419028
shard_end 45 1790814125.248641525
shard_end 52 1790814125.259917926
shard_end 50 1790814125.268929794
shard_start 54 1790814125.279287383
shard_end 48 1790814125.290691962
shard_end 55 1790814125.292661192
shard_start 51 1790814125.295797529
shard_start 49 1790814125.317369585
shard_start 53 1790814125.328565565
shard_end 54 1790814125.331217685
shard_end 51 1790814125.347892339
shard_start 58 1790814125.350439440
shard_start 60 1790814125.363798612
shard_end 49 1790814125.369233327
shard_start 56 1790814125.372978358
shard_end 53 1790814125.380601042
shard_start 63 1790814125.384741969
shard_end 58 1790814125.402520237
shard_start 59 1790814125.405135936
shard_end 60 1790814125.415665306
shard_start 62 1790814125.423464189
shard_end 56 1790814125.424748546
shard_end 63 1790814125.436587928
shard_start 57 1790814125.445997350
shard_end 59 1790814125.457001735
shard_start 61 1790814125.459879393
shard_end 62 1790814125.475618483
shard_end 57 1790814125.498103759
shard_end 61 1790814125.511865868
shard_start 66 1790814126.271290330
shard_start 68 1790814126.276572054
shard_start 64 1790814126.289107471
shard_start 67 1790814126.302496117
shard_start 71 1790814126.314303710
shard_start 65 1790814126.322382208
shard_end 66 1790814126.323075989
shard_end 68 1790814126.328409329
shard_start 70 1790814126.336159981
shard_end 64 1790814126.341170728
shard_start 69 1790814126.341402475
shard_end 67 1790814126.354827670
shard_end 71 1790814126.366852027
shard_end 65 1790814126.374344169
shard_end 70 1790814126.388001925
shard_end 69 1790814126.393346090
shard_start 74 1790814127.325428109
shard_start 72 1790814127.335789688
shard_start 76 1790814127.352016873
shard_start 78 1790814127.362457179
shard_start 75 1790814127.373561839
shard_end 74 1790814127.377335456
shard_start 73 1790814127.381380377
shard_end 72 1790814127.387799406
shard_start 79 1790814127.392594774
shard_start 77 1790814127.401870059
shard_end 76 1790814127.403764429
shard_end 78 1790814127.414514441
shard_end 75 1790814127.426217674
shard_end 73 1790814127.433806281
shard_end 79 1790814127.444596110
shard_end 77 1790814127.453613640
shard_start 82 1790814127.456267112
shard_start 81 1790814127.464861368
shard_end 82 1790814127.508517350
shard_end 81 1790814127.516729694
shard_start 86 1790814128.404757155
shard_start 84 1790814128.412495813
shard_start 80 1790814128.424909458
shard_start 87 1790814128.434077457
shard_start 83 1790814128.444935952
shard_start 85 1790814128.455429200
shard_end 86 1790814128.456503093
shard_start 92 1790814128.463992631
shard_end 84 1790814128.464939278
shard_start 90 1790814128.471154012
shard_end 80 1790814128.476901261
shard_end 87 1790814128.486066732
shard_end 83 1790814128.497048082
shard_end 85 1790814128.507387053
shard_end 92 1790814128.516024445
shard_end 90 1790814128.523047454
shard_start 89 1790814128.531612649
shard_start 91 1790814128.539095360
shard_start 94 1790814128.561370931
shard_start 88 1790814128.570092849
shard_end 89 1790814128.583703729
shard_start 95 1790814128.587011805
shard_end 91 1790814128.591049336
shard_start 93 1790814128.605895656
shard_start 98 1790814128.613114107
shard_end 94 1790814128.613278515
shard_start 99 1790814128.620960471
shard_end 88 1790814128.621860705
shard_end 95 1790814128.638939427
shard_start 97 1790814128.654986025
shard_end 93 1790814128.657809240
shard_end 98 1790814128.665399376
shard_start 96 1790814128.666153066
shard_end 99 1790814128.672997489
shard_end 97 1790814128.707534890
shard_end 96 1790814128.718227329
agg_start 0 1790814130.849099957
agg_end 0 1790814130.851520427
