shard_start 16 1790814311.337089634
shard_start 21 1790814311.348194603
shard_start 12 1790814311.363346754
shard_start 13 1790814311.383739845
shard_end 16 1790814311.389638578
shard_start 1 1790814311.393716786
shard_end 21 1790814311.400780378
shard_start 2 1790814311.408504583
shard_end 12 1790814311.415895669
shard_start 18 1790814311.417700069
shard_start 24 1790814311.428102699
shard_end 13 1790814311.436582692
shard_end 1 1790814311.445734099
shard_start 4 1790814311.447697112
shard_start 3 1790814311.452490837
shard_end 2 1790814311.460414041
shard_end 18 1790814311.469816103
shard_start 10 1790814311.478047892
shard_end 24 1790814311.479947972
shard_start 9 1790814311.497632601
shard_end 4 1790814311.499817480
shard_end 3 1790814311.504357519
shard_start 23 1790814311.506146260
shard_start 31 1790814311.520098112
shard_end 10 1790814311.530287832
shard_start 32 1790814311.532766585
shard_start 40 1790814311.544487329
shard_end 9 1790814311.549842197
shard_end 23 1790814311.558408590
shard_start 5 1790814311.559668866
shard_end 31 1790814311.571877773
shard_start 14 1790814311.572097373
shard_start 7 1790814311.581930954
shard_end 32 1790814311.584852513
shard_end 40 1790814311.596436845
shard_start 22 1790814311.597892212
shard_end 5 1790814311.611634706
shard_start 51 1790814311.612332863
shard_end 14 1790814311.624082820
shard_start 43 1790814311.626256284
shard_end 7 1790814311.634021979
shard_start 8 1790814311.639038399
shard_end 22 1790814311.650272140
shard_start 17 1790814311.654255572
shard_end 51 1790814311.664593921
shard_start 20 1790814311.667290896
shard_end 43 1790814311.678136156
shard_start 27 1790814311.681434154
shard_end 8 1790814311.691561920
shard_start 19 1790814311.694650330
shard_end 17 1790814311.706047604
shard_start 53 1790814311.706213201
shard_start 36 1790814311.716622765
shard_end 20 1790814311.719124713
shard_start 41 1790814311.727755771
shard_end 27 1790814311.733822222
shard_start 50 1790814311.741715095
shard_end 19 1790814311.746610652
shard_start 34 1790814311.755242875
shard_end 53 1790814311.758180559
shard_start 6 1790814311.766229271
shard_end 36 1790814311.769201374
shard_end 41 1790814311.779720246
shard_start 45 1790814311.783643153
shard_end 50 1790814311.793506631
shard_start 0 1790814311.794159730
shard_end 34 1790814311.807113528
shard_start 37 1790814311.814219659
shard_end 6 1790814311.818313007
shard_start 52 1790814311.831336153
shard_end 45 1790814311.836260211
shard_end 0 1790814311.846716881
shard_start 29 1790814311.851280315
shard_end 37 1790814311.866148293
shard_start 42 1790814311.869001062
shard_end 52 1790814311.883357557
shard_start 33 1790814311.890010348
shard_end 29 1790814311.903237658
shard_start 11 1790814311.911170033
shard_end 42 1790814311.920892797
shard_start 15 1790814311.930613903
shard_end 33 1790814311.941909467
shard_start 39 1790814311.949224775
shard_end 11 1790814311.963122831
shard_start 30 1790814311.965796620
shard_end 15 1790814311.982688502
shard_start 35 1790814311.983961763
shard_end 39 1790814312.001302426
shard_start 47 1790814312.007861517
shard_end 30 1790814312.017635052
shard_start 62 1790814312.027244048
shard_end 35 1790814312.035990256
shard_start 38 1790814312.048247354
shard_end 47 1790814312.059682042
shard_start 57 1790814312.065414610
shard_end 62 1790814312.079832528
shard_start 25 1790814312.082916577
shard_end 38 1790814312.100238297
shard_start 55 1790814312.103166019
shard_end 57 1790814312.117424995
shard_start 44 1790814312.124670743
shard_end 25 1790814312.134811988
shard_start 59 1790814312.146180963
shard_end 55 1790814312.154957545
shard_start 46 1790814312.166626285
shard_end 44 1790814312.177125192
shard_start 54 1790814312.184589298
shard_end 59 1790814312.198158107
shard_start 26 1790814312.203017558
shard_end 46 1790814312.218206029
shard_start 60 1790814312.221581858
shard_end 54 1790814312.237090624
shard_start 28 1790814312.243754536
shard_end 26 1790814312.254877255
shard_start 49 1790814312.263738618
shard_end 60 1790814312.273677553
shard_start 58 1790814312.281622211
shard_end 28 1790814312.295356456
shard_start 61 1790814312.295931479
shard_start 63 1790814312.314620615
shard_end 49 1790814312.315523296
shard_end 58 1790814312.333577600
shard_start 48 1790814312.335381811
shard_end 61 1790814312.347760951
shard_start 56 1790814312.358580127
shard_end 63 1790814312.366843831
shard_start 85 1790814312.379938681
shard_end 48 1790814312.387606220
shard_start 76 1790814312.396536888
shard_end 56 1790814312.410689486
shard_start 73 1790814312.415453666
shard_end 85 1790814312.431685933
shard_start 77 1790814312.433232040
shard_end 76 1790814312.448598484
shard_start 82 1790814312.453547129
shard_end 73 1790814312.467233754
shard_start 65 1790814312.475089643
shard_end 77 1790814312.485271492
shard_start 95 1790814312.496174779
shard_end 82 1790814312.505955238
shard_start 78 1790814312.513416509
shard_end 65 1790814312.526688643
shard_start 67 1790814312.529564020
shard_start 96 1790814312.547482504
shard_end 95 1790814312.547804709
shard_end 78 1790814312.565403642
shard_start 69 1790814312.568518952
shard_end 67 1790814312.581377255
shard_start 66 1790814312.587936972
shard_end 96 1790814312.599925450
shard_start 83 1790814312.608252701
shard_end 69 1790814312.620588936
shard_start 88 1790814312.628759491
shard_end 66 1790814312.639948524
shard_start 93 1790814312.644940523
shard_end 83 1790814312.660950012
shard_start 74 1790814312.662848023
shard_start 71 1790814312.679455075
shard_end 88 1790814312.680606704
shard_end 93 1790814312.696691171
shard_start 75 1790814312.701677134
shard_end 74 1790814312.714765457
shard_start 97 1790814312.723920077
shard_end 71 1790814312.731371631
shard_start 68 1790814312.740879605
shard_end 75 1790814312.754077944
shard_start 98 1790814312.758118994
shard_end 97 1790814312.775725803
shard_start 91 1790814312.776206553
shard_end 68 1790814312.792456319
shard_start 70 1790814312.793551583
shard_end 98 1790814312.809988732
shard_start 72 1790814312.816656662
shard_end 91 1790814312.828459295
shard_start 94 1790814312.841248701
shard_end 70 1790814312.845662113
shard_start 64 1790814312.860486211
shard_end 72 1790814312.868594606
shard_start 79 1790814312.878824667
shard_end 94 1790814312.893950008
shard_start 86 1790814312.894386917
shard_end 64 1790814312.912906834
shard_start 80 1790814312.914812422
shard_end 79 1790814312.931149657
shard_start 84 1790814312.936593985
shard_end 86 1790814312.946539290
shard_start 81 1790814312.958716978
shard_end 80 1790814312.966598295
shard_start 87 1790814312.976029732
shard_end 84 1790814312.988849517
shard_start 99 1790814312.992711042
shard_end 87 1790814313.171931979
shard_end 99 1790814313.172606810
shard_end 81 1790814313.172545919
shard_start 89 1790814313.174218818
shard_start 92 1790814313.192539992
shard_start 90 1790814313.205425319
shard_end 89 1790814313.226190064
shard_end 92 1790814313.244486381
shard_end 90 1790814313.257434142
agg_start 0 1790814313.372303307
agg_end 0 1790814313.374742719
