shard_start 1 1790813963.372562239
shard_start 2 1790813963.393843297
shard_start 3 1790813963.410094743
shard_end 1 1790813963.424265663
shard_start 0 1790813963.424981988
shard_start 5 1790813963.438787542
shard_end 2 1790813963.445869141
shard_start 6 1790813963.455473607
shard_end 3 1790813963.462177564
shard_start 4 1790813963.473002181
shard_end 0 1790813963.476747601
shard_start 7 1790813963.489614475
shard_end 5 1790813963.490636447
shard_end 6 1790813963.507385445
shard_end 4 1790813963.525045990
shard_start 12 1790813963.531059075
shard_start 9 1790813963.537572488
shard_end 7 1790813963.541580738
shard_start 10 1790813963.555298764
shard_start 14 1790813963.558820668
shard_start 13 1790813963.566784227
shard_end 12 1790813963.582936155
shard_end 9 1790813963.589649280
shard_end 10 1790813963.607167741
shard_start 8 1790813963.609485737
shard_end 14 1790813963.610427953
shard_end 13 1790813963.619193893
shard_start 11 1790813963.620644483
shard_start 15 1790813963.629001095
shard_start 18 1790813963.654129533
shard_start 21 1790813963.659013139
shard_end 8 1790813963.661098861
shard_end 11 1790813963.672628107
shard_start 20 1790813963.679992828
shard_end 15 1790813963.680997375
shard_start 17 1790813963.691778478
shard_start 16 1790813963.701771136
shard_end 18 1790813963.705965532
shard_end 21 1790813963.711105739
shard_end 20 1790813963.732222580
shard_start 23 1790813963.741107333
shard_end 17 1790813963.743757441
shard_start 22 1790813963.746047556
shard_end 16 1790813963.753738129
shard_start 19 1790813963.756173635
shard_start 29 1790813963.778517813
shard_start 26 1790813963.791119882
shard_end 23 1790813963.793033124
shard_end 22 1790813963.797756846
shard_end 19 1790813963.808093879
shard_start 25 1790813963.810680955
shard_start 28 1790813963.825834477
shard_end 29 1790813963.830335271
shard_start 24 1790813963.837299388
shard_end 26 1790813963.843043516
shard_end 25 1790813963.862526858
shard_start 27 1790813963.871059566
shard_end 28 1790813963.877815544
shard_start 31 1790813963.883419675
shard_end 24 1790813963.889253819
shard_start 30 1790813963.890748104
shard_end 27 1790813963.922875069
shard_end 31 1790813963.935320472
shard_end 30 1790813963.942525843
shard_start 32 1790813967.002186157
shard_start 35 1790813967.002198858
shard_start 34 1790813967.002252030
shard_start 44 1790813967.002322301
shard_start 36 1790813967.002459721
shard_start 43 1790813967.002543846
shard_start 47 1790813967.002648838
shard_start 41 1790813967.002821145
shard_start 37 1790813967.002968596
shard_start 33 1790813967.002854233
shard_start 42 1790813967.002961069
shard_start 38 1790813967.003015479
shard_start 39 1790813967.003020621
shard_start 45 1790813967.003134007
shard_start 46 1790813967.006477061
shard_start 40 1790813967.020054800
shard_start 49 1790813967.034046769
shard_start 50 1790813967.045389630
shard_end 34 1790813967.054272206
shard_end 32 1790813967.054408394
shard_end 47 1790813967.054429010
shard_end 43 1790813967.054462680
shard_end 35 1790813967.054839287
shard_end 37 1790813967.055128241
shard_end 44 1790813967.055039008
shard_end 41 1790813967.055234377
shard_end 45 1790813967.055295949
shard_end 36 1790813967.055252618
shard_end 39 1790813967.055514872
shard_end 33 1790813967.055523988
shard_end 42 1790813967.055735696
shard_end 38 1790813967.055938637
shard_end 46 1790813967.058346805
shard_start 53 1790813967.060156578
shard_start 54 1790813967.071750214
shard_end 40 1790813967.072023694
shard_start 55 1790813967.085094216
shard_end 49 1790813967.085824104
shard_start 51 1790813967.095774502
shard_end 50 1790813967.097346120
shard_end 53 1790813967.112400189
shard_start 52 1790813967.112703318
shard_start 48 1790813967.122788654
shard_end 54 1790813967.123924782
shard_start 57 1790813967.134093863
shard_end 55 1790813967.137103266
shard_end 51 1790813967.147880771
shard_start 58 1790813967.156712974
shard_end 52 1790813967.164753763
shard_start 62 1790813967.166297190
shard_end 48 1790813967.175276535
shard_start 59 1790813967.177633351
shard_start 61 1790813967.183794127
shard_end 57 1790813967.186065833
shard_start 63 1790813967.195618081
shard_end 58 1790813967.209071636
shard_start 60 1790813967.211229785
shard_end 62 1790813967.218429743
shard_start 56 1790813967.219969429
shard_end 59 1790813967.229922724
shard_end 61 1790813967.235687331
shard_end 63 1790813967.247652266
shard_end 60 1790813967.263148819
shard_end 56 1790813967.271837690
shard_start 65 1790813970.184648084
shard_start 66 1790813970.195094220
shard_start 70 1790813970.205071409
shard_start 71 1790813970.219971655
shard_start 69 1790813970.233793195
shard_end 65 1790813970.236558136
shard_start 67 1790813970.242676091
shard_end 66 1790813970.247350582
shard_end 70 1790813970.257153503
shard_start 68 1790813970.259586189
shard_end 71 1790813970.271860034
shard_start 64 1790813970.273312459
shard_end 69 1790813970.286109024
shard_start 74 1790813970.288497587
shard_end 67 1790813970.294564050
shard_start 73 1790813970.303550549
shard_end 68 1790813970.311502323
shard_start 78 1790813970.322173223
shard_end 64 1790813970.325043989
shard_start 79 1790813970.337831610
shard_end 74 1790813970.340221594
shard_start 77 1790813970.350126401
shard_end 73 1790813970.355548152
shard_start 75 1790813970.360796197
shard_end 78 1790813970.374091139
shard_start 76 1790813970.378128645
shard_end 79 1790813970.389822791
shard_start 72 1790813970.391788034
shard_end 77 1790813970.402422981
shard_start 81 1790813970.403607678
shard_end 75 1790813970.412910935
shard_start 82 1790813970.417572342
shard_end 76 1790813970.430101886
shard_start 87 1790813970.433233528
shard_end 72 1790813970.443741273
shard_start 83 1790813970.453116901
shard_end 81 1790813970.455369835
shard_start 85 1790813970.469051442
shard_end 82 1790813970.469627618
shard_start 86 1790813970.480065286
shard_end 87 1790813970.485591464
shard_start 84 1790813970.496162922
shard_end 83 1790813970.505205196
shard_start 80 1790813970.510098423
shard_start 90 1790813970.517959728
shard_end 85 1790813970.520784564
shard_start 89 1790813970.531122348
shard_end 86 1790813970.531828729
shard_start 95 1790813970.545529081
shard_end 84 1790813970.548045210
shard_end 80 1790813970.562041037
shard_start 93 1790813970.562215374
shard_end 90 1790813970.570160842
shard_start 91 1790813970.573911017
shard_end 89 1790813970.583200858
shard_start 94 1790813970.584563154
shard_start 88 1790813970.596892621
shard_end 95 1790813970.597987796
shard_start 92 1790813970.606051158
shard_end 94 1790813970.664595571
shard_end 91 1790813970.664655083
shard_end 92 1790813970.664755258
shard_end 93 1790813970.664754402
shard_end 88 1790813970.665428431
shard_start 98 1790813973.567145449
shard_start 97 1790813973.574588904
shard_start 103 1790813973.586261353
shard_start 101 1790813973.593299052
shard_start 102 1790813973.605893683
shard_start 99 1790813973.617955938
shard_end 98 1790813973.618865332
shard_end 97 1790813973.626740719
shard_start 96 1790813973.629057528
shard_end 103 1790813973.638202831
shard_start 100 1790813973.639646052
shard_end 101 1790813973.645200212
shard_end 102 1790813973.657910691
shard_start 106 1790813973.659955718
shard_start 105 1790813973.667882672
shard_end 99 1790813973.669766441
shard_start 109 1790813973.679030205
shard_end 96 1790813973.680768154
shard_start 111 1790813973.688369086
shard_end 100 1790813973.691541243
shard_start 107 1790813973.703683084
shard_end 106 1790813973.712026771
shard_end 105 1790813973.719760944
shard_start 104 1790813973.721528908
shard_start 110 1790813973.727348582
shard_end 109 1790813973.731090601
shard_start 108 1790813973.736424675
shard_end 111 1790813973.740367590
shard_end 107 1790813973.755380138
shard_start 114 1790813973.756667573
shard_start 113 1790813973.766024672
shard_end 104 1790813973.773663909
shard_start 119 1790813973.774636259
shard_end 110 1790813973.779280071
shard_start 115 1790813973.784368160
shard_end 108 1790813973.788467525
shard_start 117 1790813973.799967145
shard_end 114 1790813973.808736726
shard_start 118 1790813973.815779196
shard_end 113 1790813973.818436591
shard_start 116 1790813973.822951442
shard_end 119 1790813973.826401115
shard_start 112 1790813973.834071186
shard_end 115 1790813973.836156598
shard_end 117 1790813973.851896987
shard_start 125 1790813973.858630734
shard_start 123 1790813973.866206012
shard_end 118 1790813973.867400166
shard_start 121 1790813973.870851785
shard_end 116 1790813973.874642094
shard_start 122 1790813973.880705437
shard_end 112 1790813973.886359646
shard_start 126 1790813973.895956039
shard_start 127 1790813973.907235426
shard_end 125 1790813973.910381820
shard_start 124 1790813973.914387244
shard_end 123 1790813973.918261999
shard_end 121 1790813973.922748489
shard_start 120 1790813973.926582070
shard_end 122 1790813973.932637682
shard_end 126 1790813973.947855072
shard_end 127 1790813973.959120579
shard_end 124 1790813973.966215235
shard_end 120 1790813973.978395807
shard_start 130 1790813976.875657958
shard_start 133 1790813976.886188454
shard_start 134 1790813976.896411853
shard_start 129 1790813976.908807873
shard_start 135 1790813976.924660685
shard_end 130 1790813976.927652451
shard_start 131 1790813976.935180157
shard_end 133 1790813976.938270959
shard_end 134 1790813976.948378129
shard_start 132 1790813976.950727648
shard_end 129 1790813976.960850382
shard_start 128 1790813976.961767282
shard_end 135 1790813976.976375419
shard_start 138 1790813976.976985666
shard_end 131 1790813976.987147666
shard_start 141 1790813976.990670443
shard_start 137 1790813976.998612546
shard_end 132 1790813977.002408404
shard_start 142 1790813977.009108406
shard_end 128 1790813977.013723301
shard_start 139 1790813977.027574151
shard_end 138 1790813977.029306840
shard_start 143 1790813977.038860435
shard_end 141 1790813977.042395960
shard_end 137 1790813977.050796000
shard_start 140 1790813977.051932227
shard_end 142 1790813977.061105107
shard_start 136 1790813977.066285725
shard_end 139 1790813977.079732398
shard_start 146 1790813977.085931360
shard_end 143 1790813977.090869260
shard_start 147 1790813977.093058251
shard_end 140 1790813977.103628443
shard_start 145 1790813977.103722061
shard_start 150 1790813977.112478277
shard_end 136 1790813977.118190714
shard_start 151 1790813977.130029871
shard_end 146 1790813977.138034965
shard_start 149 1790813977.141621569
shard_end 147 1790813977.145244148
shard_end 145 1790813977.155928037
shard_start 148 1790813977.157187840
shard_end 150 1790813977.164338748
shard_start 154 1790813977.175311791
shard_end 151 1790813977.182232185
shard_start 155 1790813977.191358881
shard_end 149 1790813977.193194137
shard_start 144 1790813977.199896350
shard_start 158 1790813977.208694940
shard_end 148 1790813977.208903664
shard_start 159 1790813977.222908555
shard_end 154 1790813977.227075244
shard_start 153 1790813977.231805193
shard_end 155 1790813977.243360516
shard_end 144 1790813977.251846203
shard_end 158 1790813977.260597061
shard_end 159 1790813977.274698752
shard_end 153 1790813977.284064141
shard_start 162 1790813977.332388134
shard_start 157 1790813977.332496694
shard_start 156 1790813977.332601162
shard_end 162 1790813977.384290385
shard_end 156 1790813977.384334999
shard_end 157 1790813977.385110039
shard_start 163 1790813980.231348672
shard_start 152 1790813980.242935189
shard_start 167 1790813980.254186332
shard_start 161 1790813980.262129702
shard_start 166 1790813980.277794843
shard_end 163 1790813980.283217217
shard_start 165 1790813980.288282962
shard_end 152 1790813980.295108699
shard_start 170 1790813980.303645260
shard_end 167 1790813980.305907464
shard_start 164 1790813980.312811947
shard_end 161 1790813980.313762742
shard_start 171 1790813980.325310598
shard_end 166 1790813980.329712937
shard_start 160 1790813980.339943565
shard_end 165 1790813980.339990803
shard_start 175 1790813980.352471668
shard_end 170 1790813980.355462900
shard_end 164 1790813980.364851571
shard_start 174 1790813980.366992941
shard_start 169 1790813980.375704913
shard_end 171 1790813980.377005471
shard_start 173 1790813980.389899284
shard_end 160 1790813980.391606338
shard_start 172 1790813980.403186094
shard_end 175 1790813980.404195856
shard_start 178 1790813980.414364598
shard_end 174 1790813980.418990250
shard_end 169 1790813980.427692168
shard_end 173 1790813980.441904265
shard_start 179 1790813980.443132423
shard_start 182 1790813980.447298215
shard_start 168 1790813980.454545446
shard_end 172 1790813980.455369658
shard_end 178 1790813980.466461734
shard_start 183 1790813980.468099264
shard_start 177 1790813980.478089624
shard_start 181 1790813980.487471040
shard_end 179 1790813980.495040393
shard_end 182 1790813980.499059365
shard_start 186 1790813980.505724959
shard_end 168 1790813980.506173830
shard_start 176 1790813980.516033464
shard_end 183 1790813980.519929304
shard_start 180 1790813980.528335232
shard_end 177 1790813980.529735393
shard_end 181 1790813980.539480389
shard_start 190 1790813980.547870585
shard_start 187 1790813980.556853284
shard_end 186 1790813980.557345340
shard_start 191 1790813980.565311069
shard_end 176 1790813980.568781793
shard_start 185 1790813980.571424553
shard_end 180 1790813980.580539040
shard_start 189 1790813980.582328445
shard_end 190 1790813980.599859472
shard_start 188 1790813980.602800058
shard_end 187 1790813980.609021671
shard_start 194 1790813980.612167065
shard_end 191 1790813980.618050988
shard_end 185 1790813980.623667452
shard_end 189 1790813980.634682926
shard_end 188 1790813980.654890888
shard_end 194 1790813980.664170188
shard_start 195 1790813986.503191248
shard_start 198 1790813986.515792929
shard_start 184 1790813986.524216840
shard_start 193 1790813986.537095805
shard_start 199 1790813986.547466683
shard_end 195 1790813986.555292055
shard_start 197 1790813986.562409772
shard_end 198 1790813986.567863555
shard_start 202 1790813986.574030910
shard_end 184 1790813986.575962723
shard_start 196 1790813986.588256191
shard_end 193 1790813986.588993736
shard_start 203 1790813986.598986277
shard_end 199 1790813986.599179432
shard_start 201 1790813986.606230584
shard_end 197 1790813986.614533624
shard_end 202 1790813986.626028300
shard_end 196 1790813986.640143094
shard_end 203 1790813986.650902294
shard_end 201 1790813986.657996008
shard_start 192 1790813987.699350457
shard_start 206 1790813987.704913228
shard_start 207 1790813987.714358626
shard_start 205 1790813987.739359593
shard_end 192 1790813987.751122245
shard_start 210 1790813987.751942557
shard_end 206 1790813987.756823975
shard_start 204 1790813987.761434794
shard_end 207 1790813987.766247982
shard_start 214 1790813987.770774665
shard_start 209 1790813987.784844857
shard_end 205 1790813987.791413960
shard_start 211 1790813987.799058971
shard_end 210 1790813987.804338677
shard_start 200 1790813987.809104003
shard_end 204 1790813987.813237243
shard_start 215 1790813987.821604643
shard_end 214 1790813987.822516098
shard_end 209 1790813987.836887573
shard_start 213 1790813987.839565527
shard_start 212 1790813987.849237964
shard_end 211 1790813987.850998567
shard_end 200 1790813987.861074436
shard_start 222 1790813987.861963231
shard_start 217 1790813987.872102168
shard_end 215 1790813987.873416244
shard_start 218 1790813987.882357162
shard_end 213 1790813987.891549785
shard_start 219 1790813987.898285038
shard_end 212 1790813987.901080935
shard_start 208 1790813987.913553245
shard_end 222 1790813987.914210133
shard_start 223 1790813987.921482279
shard_end 217 1790813987.924059948
shard_end 218 1790813987.934350046
shard_start 221 1790813987.936020207
shard_start 226 1790813987.946736336
shard_end 219 1790813987.950116966
shard_start 220 1790813987.955071142
shard_end 208 1790813987.965485487
shard_end 223 1790813987.973450383
shard_end 221 1790813987.988983620
shard_end 226 1790813987.998678255
shard_end 220 1790813988.007205885
shard_start 225 1790813989.921734093
shard_start 230 1790813989.930384398
shard_start 227 1790813989.943529601
shard_start 216 1790813989.957227290
shard_start 231 1790813989.971186152
shard_end 225 1790813989.973330732
shard_start 229 1790813989.981211448
shard_end 230 1790813989.981998075
shard_end 227 1790813989.995260189
shard_start 228 1790813989.999795554
shard_end 216 1790813990.008865746
shard_start 234 1790813990.008914723
shard_end 231 1790813990.023210976
shard_start 235 1790813990.025457809
shard_start 238 1790813990.032293906
shard_end 229 1790813990.033170299
shard_end 228 1790813990.052151262
shard_end 234 1790813990.060596779
shard_end 235 1790813990.077351379
shard_end 238 1790813990.083937244
shard_start 233 1790813990.998157986
shard_start 224 1790813991.007712856
shard_start 239 1790813991.020251046
shard_start 237 1790813991.034645730
shard_start 236 1790813991.047100266
shard_end 233 1790813991.050086569
shard_end 224 1790813991.059442562
shard_start 242 1790813991.059698485
shard_end 239 1790813991.072016422
shard_start 232 1790813991.072229583
shard_end 237 1790813991.086592884
shard_start 243 1790813991.088654419
shard_end 236 1790813991.099120503
shard_start 241 1790813991.104292447
shard_end 242 1790813991.111654718
shard_start 246 1790813991.115362358
shard_start 247 1790813991.123735601
shard_end 232 1790813991.124026762
shard_start 245 1790813991.138735512
shard_end 243 1790813991.140307114
shard_start 244 1790813991.154942789
shard_end 241 1790813991.155891180
shard_start 251 1790813991.166438322
shard_end 246 1790813991.167194023
shard_end 247 1790813991.175774951
shard_start 250 1790813991.178745687
shard_end 245 1790813991.190726205
shard_start 240 1790813991.193193651
shard_end 244 1790813991.206796667
shard_start 254 1790813991.208459610
shard_end 251 1790813991.218114811
shard_start 255 1790813991.219036795
shard_end 250 1790813991.230702911
shard_start 249 1790813991.236649219
shard_end 240 1790813991.245146946
shard_start 253 1790813991.248795552
shard_start 252 1790813991.258787847
shard_end 254 1790813991.260400394
shard_end 255 1790813991.270825632
shard_start 259 1790813991.273058014
shard_end 249 1790813991.288545751
shard_end 253 1790813991.300796015
shard_end 252 1790813991.310611247
shard_end 259 1790813991.325068265
shard_start 258 1790813993.228390716
shard_start 248 1790813993.236253384
shard_start 263 1790813993.250697847
shard_start 257 1790813993.263174901
shard_start 262 1790813993.275174697
shard_end 258 1790813993.280443205
shard_end 248 1790813993.288271389
shard_start 261 1790813993.289155903
shard_end 263 1790813993.302466770
shard_start 260 1790813993.303372902
shard_start 267 1790813993.314203929
shard_end 257 1790813993.314912160
shard_start 256 1790813993.326482356
shard_end 262 1790813993.327193983
shard_start 266 1790813993.335525024
shard_end 261 1790813993.341205640
shard_end 260 1790813993.355359809
shard_end 267 1790813993.365844855
shard_end 256 1790813993.378635691
shard_end 266 1790813993.387467816
shard_start 270 1790813994.307468845
shard_start 271 1790813994.318418491
shard_start 265 1790813994.333404100
shard_start 269 1790813994.338765921
shard_start 268 1790813994.355916847
shard_end 270 1790813994.359203987
shard_start 275 1790813994.367563840
shard_end 271 1790813994.370211872
shard_start 264 1790813994.382347660
shard_end 265 1790813994.385281029
shard_end 269 1790813994.390527267
shard_start 279 1790813994.392184978
shard_end 268 1790813994.407726505
shard_start 274 1790813994.407814259
shard_start 273 1790813994.419043008
shard_end 275 1790813994.419377651
shard_end 264 1790813994.434306250
shard_start 277 1790813994.438323659
shard_end 279 1790813994.444092591
shard_start 278 1790813994.447118698
shard_end 274 1790813994.459693847
shard_start 272 1790813994.460965922
shard_end 273 1790813994.470801412
shard_start 276 1790813994.471523999
shard_start 283 1790813994.479314373
shard_end 277 1790813994.490377478
shard_start 287 1790813994.495447753
shard_end 278 1790813994.498827554
shard_start 286 1790813994.505188530
shard_end 272 1790813994.512816498
shard_start 281 1790813994.513730185
shard_end 276 1790813994.524518554
shard_end 283 1790813994.531246922
shard_start 285 1790813994.538474643
shard_start 282 1790813994.544487947
shard_end 287 1790813994.547505266
shard_start 280 1790813994.557012644
shard_end 286 1790813994.557093733
shard_start 284 1790813994.562362936
shard_end 281 1790813994.565515768
shard_end 285 1790813994.590392657
shard_end 282 1790813994.596423173
shard_end 280 1790813994.609569641
shard_end 284 1790813994.614238793
shard_start 291 1790813996.534858013
shard_start 295 1790813996.546447892
shard_start 294 1790813996.555680815
shard_start 290 1790813996.570348161
shard_start 289 1790813996.581954940
shard_end 291 1790813996.587381386
shard_start 293 1790813996.594436622
shard_end 295 1790813996.598559878
shard_end 294 1790813996.607901115
shard_start 292 1790813996.608104964
shard_start 288 1790813996.621330577
shard_end 290 1790813996.622469778
shard_end 289 1790813996.633944612
shard_start 299 1790813996.635973900
shard_end 293 1790813996.646284422
shard_start 303 1790813996.646604192
shard_end 292 1790813996.660113670
shard_end 288 1790813996.673493571
shard_end 299 1790813996.688688822
shard_end 303 1790813996.698578481
shard_start 302 1790813997.610505884
shard_start 301 1790813997.623094975
shard_start 298 1790813997.634699354
shard_start 297 1790813997.647573789
shard_start 300 1790813997.655354367
shard_end 302 1790813997.662605308
shard_start 296 1790813997.668776613
shard_end 301 1790813997.675074627
shard_start 307 1790813997.680129914
shard_end 298 1790813997.686976837
shard_start 310 1790813997.693195890
shard_end 297 1790813997.699678468
shard_end 300 1790813997.707216642
shard_start 311 1790813997.708008784
shard_end 296 1790813997.721079725
shard_start 309 1790813997.724865332
shard_start 306 1790813997.731230817
shard_end 307 1790813997.731822008
shard_end 310 1790813997.745240245
shard_start 308 1790813997.747279390
shard_start 305 1790813997.755063188
shard_end 311 1790813997.759872981
shard_start 315 1790813997.761106396
shard_start 304 1790813997.775476897
shard_end 309 1790813997.776520603
shard_end 306 1790813997.783097186
shard_start 319 1790813997.789744177
shard_end 308 1790813997.799210719
shard_start 317 1790813997.806682375
shard_end 305 1790813997.806972534
shard_end 315 1790813997.813161276
shard_start 318 1790813997.820529203
shard_end 304 1790813997.827368746
shard_start 313 1790813997.830320198
shard_end 319 1790813997.841612269
shard_start 314 1790813997.850399648
shard_start 323 1790813997.858037510
shard_end 317 1790813997.858448175
shard_start 316 1790813997.864299281
shard_end 318 1790813997.872560738
shard_end 313 1790813997.882626382
shard_end 314 1790813997.902507304
shard_end 323 1790813997.909798557
shard_end 316 1790813997.916274308
shard_start 312 1790813999.825471867
shard_start 325 1790813999.837030512
shard_start 326 1790813999.848631637
shard_start 327 1790813999.858982332
shard_start 321 1790813999.875342619
shard_end 312 1790813999.877183408
shard_start 322 1790813999.886456334
shard_end 325 1790813999.888985728
shard_start 324 1790813999.897837179
shard_end 321 1790813999.927254404
shard_end 322 1790813999.938172772
shard_end 327 1790813999.944292899
shard_end 326 1790813999.944338185
shard_start 320 1790813999.945947658
shard_start 331 1790813999.946111397
shard_start 333 1790813999.946168230
shard_end 324 1790813999.995238518
shard_end 320 1790813999.997744874
shard_end 331 1790813999.997923697
shard_end 333 1790813999.998353946
shard_start 335 1790814000.893019801
shard_end 335 1790814000.945213272
shard_start 332 1790814000.950382171
shard_start 334 1790814000.950671357
shard_start 330 1790814000.950907065
shard_start 329 1790814000.950917638
shard_start 328 1790814000.954737280
shard_start 341 1790814000.970740029
shard_start 343 1790814000.982605825
shard_start 339 1790814001.000317895
shard_end 332 1790814001.002007770
shard_end 334 1790814001.002277864
shard_end 330 1790814001.002410837
shard_end 329 1790814001.003079109
shard_end 328 1790814001.006310807
shard_start 337 1790814001.012140659
shard_end 341 1790814001.022816120
shard_start 338 1790814001.025604500
shard_end 343 1790814001.034480424
shard_start 342 1790814001.047115089
shard_end 339 1790814001.052051272
shard_start 340 1790814001.053704223
shard_end 337 1790814001.064308509
shard_start 336 1790814001.071071402
shard_end 338 1790814001.077404900
shard_start 349 1790814001.091227049
shard_start 351 1790814001.097832709
shard_end 342 1790814001.098715384
shard_end 340 1790814001.105520138
shard_start 345 1790814001.111174771
shard_start 347 1790814001.122685452
shard_end 336 1790814001.123128009
shard_start 346 1790814001.138055046
shard_end 349 1790814001.143157292
shard_end 351 1790814001.149624535
shard_start 350 1790814001.151784463
shard_end 345 1790814001.163399014
shard_start 348 1790814001.165422060
shard_end 347 1790814001.174822171
shard_start 357 1790814001.178244601
shard_end 346 1790814001.190560081
shard_end 350 1790814001.203705070
shard_end 348 1790814001.217187280
shard_end 357 1790814001.230753268
shard_start 359 1790814003.144973518
shard_start 344 1790814003.159179414
shard_start 353 1790814003.172385794
shard_start 355 1790814003.188356101
shard_start 354 1790814003.196530910
shard_end 359 1790814003.196604896
shard_end 344 1790814003.210796133
shard_start 358 1790814003.211782623
shard_start 356 1790814003.223946470
shard_end 353 1790814003.224021061
shard_start 365 1790814003.235734442
shard_end 355 1790814003.240387542
shard_start 352 1790814003.243203658
shard_end 354 1790814003.248404817
shard_start 367 1790814003.256255067
shard_end 358 1790814003.263904364
shard_end 356 1790814003.276272977
shard_end 365 1790814003.287467545
shard_end 352 1790814003.295408740
shard_end 367 1790814003.308405550
shard_start 361 1790814004.217239943
shard_start 362 1790814004.227687532
shard_start 363 1790814004.237762863
shard_start 364 1790814004.248476743
shard_start 366 1790814004.263169698
shard_end 361 1790814004.269042054
shard_start 360 1790814004.274149447
shard_end 362 1790814004.279794669
shard_start 375 1790814004.288514085
shard_end 363 1790814004.289460015
shard_end 364 1790814004.300036960
shard_start 369 1790814004.301171952
shard_end 366 1790814004.315061265
shard_start 370 1790814004.318277472
shard_end 360 1790814004.326065560
shard_start 373 1790814004.326109182
shard_start 371 1790814004.336570346
shard_end 375 1790814004.340356012
shard_start 374 1790814004.350484042
shard_end 369 1790814004.353055709
shard_start 372 1790814004.361217877
shard_end 370 1790814004.370116210
shard_end 373 1790814004.377803545
shard_start 368 1790814004.379162369
shard_end 371 1790814004.388266976
shard_start 377 1790814004.389284809
shard_end 374 1790814004.402383392
shard_start 378 1790814004.402528386
shard_end 372 1790814004.413272401
shard_start 381 1790814004.422026788
shard_end 368 1790814004.430825569
shard_start 379 1790814004.431274275
shard_end 377 1790814004.441090195
shard_start 383 1790814004.446686134
shard_end 378 1790814004.454504503
shard_start 382 1790814004.456277020
shard_start 380 1790814004.466977051
shard_end 381 1790814004.473823505
shard_start 385 1790814004.480489114
shard_end 379 1790814004.483060721
shard_end 383 1790814004.498458577
shard_end 382 1790814004.508045915
shard_end 380 1790814004.518984433
shard_end 385 1790814004.532319660
shard_start 376 1790814006.429906066
shard_start 389 1790814006.440690574
shard_start 386 1790814006.446934709
shard_start 387 1790814006.463196423
shard_start 391 1790814006.475529817
shard_end 376 1790814006.482633650
shard_start 390 1790814006.488998578
shard_end 389 1790814006.492494621
shard_end 386 1790814006.498889041
shard_start 388 1790814006.502262591
shard_end 387 1790814006.515009725
shard_start 393 1790814006.516829427
shard_start 384 1790814006.525993522
shard_end 391 1790814006.527597078
shard_start 395 1790814006.538823011
shard_end 390 1790814006.540893977
shard_end 388 1790814006.554575914
shard_end 393 1790814006.568633247
shard_end 384 1790814006.577747058
shard_end 395 1790814006.590729194
shard_start 397 1790814007.498811009
shard_start 394 1790814007.511437209
shard_start 399 1790814007.519855869
shard_start 398 1790814007.537691014
shard_start 396 1790814007.546163721
shard_end 397 1790814007.550609160
shard_start 401 1790814007.558532063
shard_end 394 1790814007.563370183
shard_start 392 1790814007.570997168
shard_end 399 1790814007.571486155
shard_start 403 1790814007.582433701
shard_end 398 1790814007.590120673
shard_start 407 1790814007.597657024
shard_end 396 1790814007.598297329
shard_start 405 1790814007.610163854
shard_end 401 1790814007.610512642
shard_end 392 1790814007.622683749
shard_start 402 1790814007.622683509
shard_end 403 1790814007.634273634
shard_start 406 1790814007.634774480
shard_start 404 1790814007.646374887
shard_end 407 1790814007.649350692
shard_start 409 1790814007.659000301
shard_end 405 1790814007.662446434
shard_start 415 1790814007.667670710
shard_end 402 1790814007.674732936
shard_start 400 1790814007.684978701
shard_end 406 1790814007.686598263
shard_end 404 1790814007.698338614
shard_start 411 1790814007.700467508
shard_start 413 1790814007.706401277
shard_end 409 1790814007.710716668
shard_end 415 1790814007.719530616
shard_start 410 1790814007.719933537
shard_start 414 1790814007.729765009
shard_end 400 1790814007.736711088
shard_start 412 1790814007.742185940
shard_end 411 1790814007.752134047
shard_start 417 1790814007.753892959
shard_end 413 1790814007.758483668
shard_end 410 1790814007.772165159
shard_end 414 1790814007.781512475
shard_end 412 1790814007.794257336
shard_end 417 1790814007.806244998
shard_start 408 1790814009.724844945
shard_start 423 1790814009.737696229
shard_start 419 1790814009.744038151
shard_start 421 1790814009.760114549
shard_start 418 1790814009.775226691
shard_end 408 1790814009.776831998
shard_start 420 1790814009.789635761
shard_end 423 1790814009.789880978
shard_end 419 1790814009.795932090
shard_start 422 1790814009.799497624
shard_start 425 1790814009.811874002
shard_end 421 1790814009.812154947
shard_start 416 1790814009.823282739
shard_end 418 1790814009.827283263
shard_start 427 1790814009.838473760
shard_end 420 1790814009.841244112
shard_end 422 1790814009.851638025
shard_end 425 1790814009.864371100
shard_end 416 1790814009.875081122
shard_end 427 1790814009.890440218
shard_start 431 1790814010.796084938
shard_start 429 1790814010.809385618
shard_start 426 1790814010.824648064
shard_start 428 1790814010.833783295
shard_start 430 1790814010.846071801
shard_end 431 1790814010.847869083
shard_end 429 1790814010.861097470
shard_start 433 1790814010.862343264
shard_end 426 1790814010.876409039
shard_start 424 1790814010.877402679
shard_end 428 1790814010.885903640
shard_start 439 1790814010.887890390
shard_end 430 1790814010.898322202
shard_start 435 1790814010.900509686
shard_end 433 1790814010.914598480
shard_start 437 1790814010.918643542
shard_end 424 1790814010.929347918
shard_end 439 1790814010.940046999
shard_end 435 1790814010.952578242
shard_start 434 1790814010.954248270
shard_start 436 1790814010.954555981
shard_start 438 1790814010.954701668
shard_start 432 1790814010.968650763
shard_end 437 1790814010.970320634
shard_start 441 1790814010.979873991
shard_start 443 1790814010.993345685
shard_start 447 1790814011.004601171
shard_end 438 1790814011.006535200
shard_end 434 1790814011.006537362
shard_end 436 1790814011.006707261
shard_end 432 1790814011.021330455
shard_start 445 1790814011.024343254
shard_end 441 1790814011.032248948
shard_start 444 1790814011.036363226
shard_start 442 1790814011.042805947
shard_end 443 1790814011.045742719
shard_start 446 1790814011.055997325
shard_end 447 1790814011.056480989
shard_start 440 1790814011.069401897
shard_end 445 1790814011.076826656
shard_end 444 1790814011.088495219
shard_end 442 1790814011.094657184
shard_end 446 1790814011.108515828
shard_end 440 1790814011.121736939
shard_start 449 1790814013.029847681
shard_start 451 1790814013.039862803
shard_start 455 1790814013.054420279
shard_start 453 1790814013.067912280
shard_end 449 1790814013.081625097
shard_start 452 1790814013.083879839
shard_end 451 1790814013.091852199
shard_start 450 1790814013.097129824
shard_end 455 1790814013.106306564
shard_start 454 1790814013.109843180
shard_end 453 1790814013.119586710
shard_start 448 1790814013.122056958
shard_start 457 1790814013.133911468
shard_end 452 1790814013.135605226
shard_start 459 1790814013.147138159
shard_end 450 1790814013.148783444
shard_end 454 1790814013.161519264
shard_end 448 1790814013.173791048
shard_end 457 1790814013.185658028
shard_end 459 1790814013.198815103
shard_start 463 1790814014.105447502
shard_start 461 1790814014.112773219
shard_start 460 1790814014.124955215
shard_start 458 1790814014.136215201
shard_start 462 1790814014.150929838
shard_end 463 1790814014.157305152
shard_start 456 1790814014.161377271
shard_end 461 1790814014.165015566
shard_start 465 1790814014.172328671
shard_end 460 1790814014.176879603
shard_start 467 1790814014.185119317
shard_end 458 1790814014.188166642
shard_end 462 1790814014.202687704
shard_start 471 1790814014.203976327
shard_start 466 1790814014.211271167
shard_end 456 1790814014.212966196
shard_end 465 1790814014.223988056
shard_start 468 1790814014.225487184
shard_end 467 1790814014.237074562
shard_start 469 1790814014.243933698
shard_start 470 1790814014.254677444
shard_end 471 1790814014.255692606
shard_end 466 1790814014.263236591
shard_start 464 1790814014.265079585
shard_end 468 1790814014.277508890
shard_start 473 1790814014.278963622
shard_end 469 1790814014.296064832
shard_start 475 1790814014.298205935
shard_end 470 1790814014.307188779
shard_start 479 1790814014.308904428
shard_end 464 1790814014.316900476
shard_start 476 1790814014.322942253
shard_end 473 1790814014.330723363
shard_start 474 1790814014.334881888
shard_end 475 1790814014.349805081
shard_start 477 1790814014.350229148
shard_end 479 1790814014.360609468
shard_start 478 1790814014.361371992
shard_end 476 1790814014.374786631
shard_start 472 1790814014.375467441
shard_end 474 1790814014.386666951
shard_end 477 1790814014.402583221
shard_end 478 1790814014.414012884
shard_end 472 1790814014.427938051
shard_start 481 1790814019.261506410
shard_start 483 1790814019.263361535
shard_start 487 1790814019.275902302
shard_start 482 1790814019.285604981
shard_start 484 1790814019.298273076
shard_start 485 1790814019.310850464
shard_end 481 1790814019.313173804
shard_end 483 1790814019.315221757
shard_start 486 1790814019.321614383
shard_end 487 1790814019.327462860
shard_start 491 1790814019.335171865
shard_end 482 1790814019.337158527
shard_start 480 1790814019.348011230
shard_end 484 1790814019.349818157
shard_start 495 1790814019.354365683
shard_end 485 1790814019.362707929
shard_end 486 1790814019.373466971
shard_end 491 1790814019.387153148
shard_end 480 1790814019.400075902
shard_end 495 1790814019.406802738
shard_start 489 1790814020.321068187
shard_start 490 1790814020.330311302
shard_start 493 1790814020.338611850
shard_start 494 1790814020.352867109
shard_start 492 1790814020.365605161
shard_end 489 1790814020.372974321
shard_start 499 1790814020.379525671
shard_end 490 1790814020.382473696
shard_end 493 1790814020.390509531
shard_start 488 1790814020.391922567
shard_start 497 1790814020.403178443
shard_end 494 1790814020.404570653
shard_end 492 1790814020.417287624
shard_start 496 1790814020.417287816
shard_start 498 1790814020.423365032
shard_end 499 1790814020.431746172
shard_end 488 1790814020.443775766
shard_end 497 1790814020.455041402
shard_end 496 1790814020.469255021
shard_end 498 1790814020.475077376
agg_start 0 1790814022.637684957
agg_end 0 1790814022.643103238
