shard_start 16 1790814215.682803169
shard_start 17 1790814215.693491028
shard_start 27 1790814215.703119326
shard_start 2 1790814215.714198257
shard_start 3 1790814215.726471977
shard_end 16 1790814215.734791234
shard_start 24 1790814215.738483918
shard_end 17 1790814215.745383471
shard_start 30 1790814215.747162647
shard_end 27 1790814215.755265424
shard_start 4 1790814215.758752817
shard_end 2 1790814215.766221701
shard_start 10 1790814215.768809299
shard_end 3 1790814215.778640069
shard_start 26 1790814215.781218973
shard_start 12 1790814215.789469796
shard_end 24 1790814215.790207526
shard_end 30 1790814215.799155290
shard_start 13 1790814215.800744865
shard_end 4 1790814215.810684748
shard_start 7 1790814215.812276986
shard_end 10 1790814215.820699443
shard_start 23 1790814215.823009439
shard_end 26 1790814215.833121209
shard_start 45 1790814215.837119924
shard_end 12 1790814215.841229216
shard_start 29 1790814215.852041760
shard_end 13 1790814215.852327288
shard_start 5 1790814215.860687753
shard_end 7 1790814215.863950521
shard_end 23 1790814215.875153200
shard_start 15 1790814215.877609171
shard_start 32 1790814215.888441406
shard_end 45 1790814215.888753379
shard_start 14 1790814215.900762796
shard_end 29 1790814215.903723526
shard_end 5 1790814215.912310778
shard_start 8 1790814215.912709278
shard_start 25 1790814215.928118153
shard_end 15 1790814215.929230198
shard_start 20 1790814215.938569789
shard_end 32 1790814215.939992743
shard_start 22 1790814215.947998350
shard_end 14 1790814215.952814854
shard_start 21 1790814215.959945571
shard_end 8 1790814215.964500516
shard_start 34 1790814215.973598314
shard_end 25 1790814215.979996002
shard_start 52 1790814215.983577350
shard_end 20 1790814215.990365398
shard_start 19 1790814215.995128972
shard_end 22 1790814216.000126664
shard_start 9 1790814216.006327479
shard_end 21 1790814216.011774886
shard_start 47 1790814216.020190211
shard_end 34 1790814216.025514274
shard_start 35 1790814216.029222521
shard_end 52 1790814216.035535305
shard_start 49 1790814216.038994481
shard_end 19 1790814216.047070156
shard_end 9 1790814216.058954505
shard_end 47 1790814216.071964878
shard_end 35 1790814216.081631895
shard_end 49 1790814216.090946061
shard_start 50 1790814218.242766955
shard_end 50 1790814218.294801585
shard_start 58 1790814219.304614885
shard_start 0 1790814219.304614920
shard_start 11 1790814219.304607541
shard_start 56 1790814219.313564044
shard_start 61 1790814219.313782923
shard_start 1 1790814219.314083430
shard_start 6 1790814219.314038624
shard_start 18 1790814219.314758923
shard_start 63 1790814219.316928038
shard_start 31 1790814219.318965283
shard_start 28 1790814219.320978698
shard_start 40 1790814219.320979068
shard_start 53 1790814219.321229574
shard_start 44 1790814219.321279904
shard_start 48 1790814219.321611026
shard_start 39 1790814219.321683834
shard_start 62 1790814219.321737036
shard_start 51 1790814219.321965134
shard_start 54 1790814219.322044528
shard_start 33 1790814219.322161775
shard_start 38 1790814219.322345038
shard_start 43 1790814219.322381500
shard_start 41 1790814219.322500540
shard_start 42 1790814219.322675520
shard_start 60 1790814219.322784862
shard_start 36 1790814219.323195807
shard_end 0 1790814219.356664622
shard_end 11 1790814219.356726546
shard_end 58 1790814219.357310971
shard_start 46 1790814219.365583655
shard_end 1 1790814219.365909785
shard_end 61 1790814219.365928332
shard_end 56 1790814219.366549644
shard_end 18 1790814219.366719683
shard_end 6 1790814219.366939942
shard_end 63 1790814219.368889714
shard_end 31 1790814219.371171437
shard_end 40 1790814219.373336527
shard_end 44 1790814219.373361630
shard_end 53 1790814219.373446917
shard_end 28 1790814219.373715181
shard_end 48 1790814219.373899222
shard_end 54 1790814219.374008499
shard_end 33 1790814219.374036345
shard_end 51 1790814219.374209555
shard_end 62 1790814219.374208478
shard_end 38 1790814219.374551180
shard_end 39 1790814219.374334181
shard_end 60 1790814219.374936226
shard_end 36 1790814219.375134826
shard_end 42 1790814219.375357027
shard_end 41 1790814219.375429363
shard_end 43 1790814219.375831640
shard_start 37 1790814219.382209940
shard_start 55 1790814219.389110119
shard_start 57 1790814219.398894713
shard_start 59 1790814219.413738531
shard_end 46 1790814219.417866772
shard_end 37 1790814219.434508178
shard_end 55 1790814219.441220384
shard_end 57 1790814219.451011960
shard_end 59 1790814219.466208697
shard_start 91 1790814221.366818264
shard_end 91 1790814221.419514538
shard_start 90 1790814222.489746456
shard_start 71 1790814222.490927230
shard_start 96 1790814222.491025560
shard_start 88 1790814222.491053131
shard_start 81 1790814222.491079173
shard_start 76 1790814222.491362910
shard_start 80 1790814222.491479469
shard_start 87 1790814222.491639914
shard_start 89 1790814222.491657161
shard_start 72 1790814222.491703956
shard_start 94 1790814222.491891692
shard_start 79 1790814222.504716048
shard_start 93 1790814222.515442394
shard_start 75 1790814222.532247157
shard_end 90 1790814222.542226954
shard_end 88 1790814222.542835685
shard_end 81 1790814222.543337240
shard_end 89 1790814222.543602085
shard_end 80 1790814222.543604225
shard_end 72 1790814222.543697702
shard_end 71 1790814222.543711999
shard_end 76 1790814222.543821226
shard_end 87 1790814222.543952109
shard_end 96 1790814222.543822727
shard_start 66 1790814222.544087411
shard_end 94 1790814222.544396549
shard_end 79 1790814222.556368459
shard_start 98 1790814222.557091021
shard_end 93 1790814222.567454300
shard_start 78 1790814222.571025507
shard_start 67 1790814222.580846308
shard_end 75 1790814222.584065636
shard_start 83 1790814222.594698267
shard_end 66 1790814222.596310926
shard_start 69 1790814222.607177862
shard_end 98 1790814222.608670116
shard_start 68 1790814222.620097862
shard_end 78 1790814222.622924513
shard_start 74 1790814222.627340994
shard_end 67 1790814222.632725628
shard_start 73 1790814222.642926497
shard_end 83 1790814222.646775938
shard_start 85 1790814222.657018703
shard_end 69 1790814222.658895400
shard_start 84 1790814222.662756020
shard_end 68 1790814222.672066815
shard_start 92 1790814222.675764866
shard_end 74 1790814222.679742725
shard_start 64 1790814222.688108271
shard_end 73 1790814222.695440699
shard_start 99 1790814222.704272267
shard_end 85 1790814222.709003926
shard_start 77 1790814222.712394969
shard_end 84 1790814222.714453552
shard_start 86 1790814222.720728442
shard_end 92 1790814222.727637097
shard_start 82 1790814222.733536143
shard_end 64 1790814222.739937611
shard_end 99 1790814222.756240041
shard_end 77 1790814222.764259335
shard_end 86 1790814222.772596127
shard_end 82 1790814222.785506264
shard_start 70 1790814224.690015233
shard_end 70 1790814224.741960528
shard_start 65 1790814225.697980767
shard_start 95 1790814225.702204445
shard_start 97 1790814225.710500006
shard_end 65 1790814225.750114548
shard_end 95 1790814225.753934377
shard_end 97 1790814225.762492831
agg_start 0 1790814231.197129365
agg_end 0 1790814231.199484624
