shard_start 0 1790814520.726094628
shard_start 1 1790814520.734482812
shard_start 4 1790814520.746589590
shard_start 2 1790814520.760462474
shard_start 6 1790814520.776451483
shard_end 0 1790814520.778576124
shard_end 1 1790814520.787419725
shard_start 3 1790814520.791348968
shard_end 4 1790814520.799479420
shard_start 5 1790814520.802833449
shard_end 2 1790814520.813337628
shard_start 7 1790814520.815431985
shard_end 6 1790814520.828994726
shard_end 3 1790814520.843949776
shard_end 5 1790814520.855775769
shard_end 7 1790814520.867753816
shard_start 8 1790814520.884538871
shard_start 12 1790814520.906489204
shard_start 11 1790814520.926679858
shard_end 8 1790814520.937084899
shard_start 14 1790814520.948537985
shard_end 12 1790814520.959099291
shard_start 13 1790814520.973391414
shard_end 11 1790814520.979214695
shard_start 9 1790814520.988392154
shard_end 14 1790814521.001446986
shard_start 15 1790814521.004714430
shard_start 10 1790814521.021580975
shard_end 13 1790814521.026344491
shard_end 9 1790814521.041048590
shard_end 15 1790814521.057235247
shard_start 16 1790814521.062064494
shard_end 10 1790814521.074338163
shard_start 19 1790814521.084579280
shard_start 20 1790814521.104228554
shard_end 16 1790814521.115044901
shard_start 22 1790814521.128859767
shard_end 19 1790814521.137242825
shard_start 21 1790814521.150342306
shard_end 20 1790814521.156891380
shard_start 17 1790814521.157610118
shard_start 23 1790814521.165917510
shard_start 18 1790814521.180170046
shard_end 22 1790814521.181635737
shard_start 24 1790814521.199146770
shard_end 21 1790814521.203056723
shard_end 17 1790814521.210707048
shard_start 27 1790814521.215626004
shard_end 23 1790814521.218316243
shard_end 18 1790814521.232631024
shard_start 28 1790814521.233613952
shard_end 24 1790814521.251530926
shard_start 30 1790814521.253993487
shard_end 27 1790814521.267964845
shard_start 29 1790814521.281821732
shard_end 28 1790814521.286693972
shard_start 31 1790814521.287619953
shard_end 30 1790814521.306380341
shard_start 25 1790814521.307863131
shard_start 26 1790814521.319771012
shard_end 29 1790814521.334574249
shard_end 31 1790814521.341544958
shard_end 25 1790814521.360491449
shard_end 26 1790814521.372507506
shard_start 36 1790814522.844134496
shard_start 32 1790814522.850457160
shard_start 35 1790814522.861584605
shard_start 34 1790814522.876841784
shard_start 33 1790814522.891018369
shard_end 36 1790814522.896681136
shard_end 32 1790814522.903249440
shard_start 38 1790814522.910180420
shard_end 35 1790814522.914136246
shard_start 39 1790814522.926698882
shard_end 34 1790814522.929279352
shard_end 33 1790814522.943710448
shard_start 37 1790814522.947769801
shard_end 38 1790814522.962775252
shard_end 39 1790814522.979685133
shard_end 37 1790814523.000302208
shard_start 44 1790814523.014179194
shard_start 43 1790814523.030309563
shard_start 41 1790814523.053107547
shard_end 44 1790814523.067044136
shard_start 47 1790814523.075036314
shard_end 43 1790814523.083476371
shard_start 42 1790814523.092504022
shard_end 41 1790814523.105702896
shard_start 40 1790814523.114292133
shard_end 47 1790814523.127922863
shard_start 46 1790814523.134040424
shard_end 42 1790814523.145558133
shard_start 45 1790814523.155120317
shard_end 40 1790814523.167400769
shard_start 51 1790814523.173199662
shard_end 46 1790814523.187164453
shard_start 52 1790814523.190116847
shard_end 45 1790814523.207456452
shard_start 55 1790814523.208754227
shard_end 51 1790814523.226483897
shard_start 54 1790814523.229139948
shard_end 52 1790814523.242797593
shard_start 50 1790814523.252343564
shard_end 55 1790814523.261512154
shard_start 48 1790814523.276897591
shard_end 54 1790814523.281741195
shard_start 53 1790814523.296050469
shard_end 50 1790814523.305366654
shard_start 49 1790814523.320829110
shard_end 48 1790814523.329505605
shard_start 59 1790814523.340740237
shard_end 53 1790814523.348833367
shard_start 60 1790814523.358145591
shard_start 63 1790814523.372583093
shard_end 49 1790814523.373723870
shard_start 62 1790814523.389031621
shard_end 59 1790814523.393040421
shard_start 58 1790814523.406857254
shard_end 60 1790814523.410535377
shard_end 63 1790814523.424715613
shard_start 61 1790814523.427072701
shard_end 62 1790814523.441637668
shard_start 56 1790814523.446205167
shard_end 58 1790814523.459891238
shard_start 57 1790814523.467183018
shard_end 61 1790814523.479593887
shard_end 56 1790814523.498998711
shard_end 57 1790814523.519707847
shard_start 67 1790814524.962450107
shard_start 68 1790814524.976428382
shard_start 70 1790814524.990629318
shard_start 65 1790814525.007553190
shard_end 67 1790814525.015209819
shard_start 71 1790814525.024197682
shard_end 68 1790814525.028959856
shard_start 64 1790814525.043137238
shard_end 70 1790814525.043407191
shard_end 65 1790814525.060611401
shard_start 66 1790814525.061332591
shard_end 71 1790814525.076776030
shard_start 69 1790814525.081594250
shard_end 64 1790814525.096487543
shard_start 75 1790814525.111568114
shard_end 66 1790814525.113852206
shard_start 76 1790814525.134314913
shard_end 69 1790814525.134408753
shard_start 73 1790814525.152249077
shard_end 75 1790814525.164243242
shard_start 79 1790814525.168390948
shard_start 78 1790814525.186057572
shard_end 76 1790814525.187097889
shard_end 73 1790814525.205289837
shard_start 72 1790814525.208086298
shard_end 79 1790814525.221029282
shard_start 74 1790814525.230852140
shard_end 78 1790814525.239138426
shard_start 77 1790814525.253556008
shard_end 72 1790814525.260489500
shard_start 83 1790814525.273323515
shard_end 74 1790814525.283508291
shard_start 84 1790814525.298744793
shard_end 77 1790814525.306362568
shard_start 81 1790814525.318186553
shard_end 83 1790814525.326296654
shard_start 86 1790814525.339034229
shard_end 84 1790814525.351786798
shard_start 80 1790814525.353440700
shard_end 81 1790814525.370528040
shard_start 87 1790814525.372025415
shard_start 82 1790814525.391038144
shard_end 86 1790814525.391373241
shard_end 80 1790814525.406035441
shard_start 85 1790814525.415108680
shard_end 87 1790814525.424491712
shard_start 91 1790814525.432091299
shard_end 82 1790814525.443972096
shard_start 89 1790814525.456146362
shard_end 85 1790814525.467742581
shard_start 88 1790814525.479578989
shard_end 91 1790814525.485077233
shard_start 92 1790814525.503979028
shard_end 89 1790814525.508494025
shard_start 94 1790814525.521965672
shard_end 88 1790814525.532210285
shard_start 95 1790814525.537475225
shard_start 93 1790814525.552996151
shard_end 92 1790814525.556441672
shard_start 90 1790814525.567453330
shard_end 94 1790814525.574892236
shard_end 95 1790814525.590523448
shard_end 93 1790814525.605956416
shard_end 90 1790814525.620187363
shard_start 96 1790814527.131824724
shard_start 99 1790814527.131824712
shard_start 97 1790814527.131992443
shard_start 98 1790814527.132120406
shard_end 99 1790814527.184722454
shard_end 97 1790814527.184722447
shard_end 98 1790814527.185020196
shard_end 96 1790814527.185030137
agg_start 0 1790814529.255752728
agg_end 0 1790814529.398467558
