shard_start 1 1790813822.046038517
shard_start 3 1790813822.059335634
shard_start 4 1790813822.074593390
shard_start 5 1790813822.092722523
shard_end 1 1790813822.098065270
shard_start 2 1790813822.107743861
shard_end 3 1790813822.111288074
shard_end 4 1790813822.126197236
shard_start 0 1790813822.126322109
shard_start 6 1790813822.135587933
shard_end 5 1790813822.144830696
shard_end 2 1790813822.159772966
shard_start 7 1790813822.162512053
shard_start 11 1790813822.177335765
shard_end 0 1790813822.177908995
shard_end 6 1790813822.187630125
shard_start 10 1790813822.196939300
shard_start 9 1790813822.209175169
shard_end 7 1790813822.214408923
shard_start 12 1790813822.224957082
shard_end 11 1790813822.229177049
shard_start 13 1790813822.241878198
shard_end 10 1790813822.248875892
shard_start 8 1790813822.260596687
shard_end 9 1790813822.260919208
shard_start 14 1790813822.275447300
shard_end 12 1790813822.276587224
shard_end 13 1790813822.293718077
shard_start 15 1790813822.296721426
shard_start 17 1790813822.310145766
shard_end 8 1790813822.312259512
shard_start 19 1790813822.322683969
shard_end 14 1790813822.327473323
shard_start 20 1790813822.344880504
shard_end 15 1790813822.348619280
shard_start 18 1790813822.357050387
shard_end 17 1790813822.362003635
shard_start 16 1790813822.372731634
shard_end 19 1790813822.374246733
shard_start 23 1790813822.384059995
shard_end 20 1790813822.396912267
shard_end 18 1790813822.408903115
shard_start 21 1790813822.410422913
shard_end 16 1790813822.425372682
shard_start 22 1790813822.428409910
shard_end 23 1790813822.436178380
shard_start 27 1790813822.445568595
shard_start 25 1790813822.455095631
shard_end 21 1790813822.462590608
shard_start 26 1790813822.470957608
shard_end 22 1790813822.480751046
shard_start 28 1790813822.490746860
shard_end 27 1790813822.497446204
shard_start 31 1790813822.504118379
shard_end 25 1790813822.507146388
shard_end 26 1790813822.522651074
shard_start 24 1790813822.523549393
shard_end 28 1790813822.542722446
shard_start 30 1790813822.545307077
shard_end 31 1790813822.555799097
shard_start 29 1790813822.556455746
shard_end 24 1790813822.575478253
shard_end 30 1790813822.597197755
shard_end 29 1790813822.608736857
shard_start 33 1790813825.495377941
shard_start 35 1790813825.507730997
shard_start 34 1790813825.515578304
shard_start 39 1790813825.525535052
shard_start 36 1790813825.539156285
shard_end 33 1790813825.547478575
shard_start 32 1790813825.553514644
shard_end 35 1790813825.559856320
shard_start 38 1790813825.561852206
shard_end 34 1790813825.567777637
shard_start 37 1790813825.572922484
shard_end 39 1790813825.577445166
shard_start 41 1790813825.581487325
shard_end 36 1790813825.591218638
shard_start 42 1790813825.598799779
shard_end 32 1790813825.605440874
shard_start 43 1790813825.608220006
shard_end 38 1790813825.613708233
shard_start 46 1790813825.618441930
shard_end 37 1790813825.624879753
shard_start 47 1790813825.628359521
shard_end 41 1790813825.633278979
shard_start 44 1790813825.641907581
shard_end 42 1790813825.650518640
shard_start 40 1790813825.651382859
shard_end 43 1790813825.660178333
shard_start 45 1790813825.665463548
shard_end 46 1790813825.670410991
shard_end 47 1790813825.680233272
shard_start 49 1790813825.680800015
shard_start 52 1790813825.692519900
shard_end 44 1790813825.693901972
shard_end 40 1790813825.703497978
shard_start 50 1790813825.704969286
shard_start 51 1790813825.716644206
shard_end 45 1790813825.717105485
shard_start 54 1790813825.721826903
shard_end 49 1790813825.732686720
shard_start 48 1790813825.738526780
shard_end 52 1790813825.744639821
shard_start 55 1790813825.746456535
shard_end 50 1790813825.756819175
shard_end 51 1790813825.768279010
shard_start 53 1790813825.768847668
shard_start 57 1790813825.769021241
shard_end 54 1790813825.773585957
shard_start 59 1790813825.783741494
shard_end 48 1790813825.790444370
shard_start 56 1790813825.796048766
shard_end 55 1790813825.798329434
shard_start 60 1790813825.809534408
shard_start 63 1790813825.819131821
shard_end 53 1790813825.820449662
shard_end 57 1790813825.820682725
shard_start 58 1790813825.829077365
shard_end 59 1790813825.836012658
shard_start 62 1790813825.837243231
shard_end 56 1790813825.847974445
shard_start 61 1790813825.850691510
shard_end 60 1790813825.861396893
shard_end 63 1790813825.871062937
shard_end 58 1790813825.881021612
shard_end 62 1790813825.889599950
shard_end 61 1790813825.902582808
shard_start 65 1790813828.815830385
shard_start 67 1790813828.826682603
shard_start 68 1790813828.836449228
shard_start 64 1790813828.846205497
shard_start 70 1790813828.863746836
shard_end 65 1790813828.868358921
shard_start 66 1790813828.870578569
shard_end 67 1790813828.878998648
shard_start 71 1790813828.882987777
shard_end 68 1790813828.888844864
shard_end 64 1790813828.898435388
shard_start 73 1790813828.899609084
shard_start 69 1790813828.913631682
shard_end 70 1790813828.916124008
shard_end 66 1790813828.922508598
shard_start 76 1790813828.922669843
shard_start 75 1790813828.935503534
shard_end 71 1790813828.935571822
shard_start 72 1790813828.942093588
shard_end 73 1790813828.952141348
shard_start 78 1790813828.961219423
shard_end 69 1790813828.965733927
shard_start 74 1790813828.967633479
shard_end 76 1790813828.975260008
shard_start 79 1790813828.978101015
shard_end 75 1790813828.988187883
shard_end 72 1790813828.993934173
shard_start 81 1790813828.993933946
shard_start 77 1790813829.010455979
shard_end 78 1790813829.013246919
shard_start 84 1790813829.018123402
shard_end 74 1790813829.020002084
shard_start 83 1790813829.029043455
shard_end 79 1790813829.030379148
shard_start 80 1790813829.037627042
shard_end 81 1790813829.046873793
shard_start 86 1790813829.058367832
shard_end 77 1790813829.063085041
shard_start 82 1790813829.063085213
shard_end 84 1790813829.070942673
shard_start 87 1790813829.077674106
shard_end 83 1790813829.081392875
shard_end 80 1790813829.090240113
shard_start 89 1790813829.092674138
shard_start 85 1790813829.108771466
shard_end 86 1790813829.110286903
shard_start 92 1790813829.113502925
shard_end 82 1790813829.115021443
shard_start 91 1790813829.127309778
shard_end 87 1790813829.129577758
shard_start 88 1790813829.141749390
shard_end 89 1790813829.144955790
shard_start 90 1790813829.153424253
shard_start 94 1790813829.159930531
shard_end 85 1790813829.161195424
shard_end 92 1790813829.165246690
shard_start 93 1790813829.174348838
shard_end 91 1790813829.179468457
shard_start 95 1790813829.187313230
shard_end 88 1790813829.193761752
shard_end 90 1790813829.205482148
shard_end 94 1790813829.212457905
shard_end 93 1790813829.226525779
shard_end 95 1790813829.239543661
shard_start 96 1790813833.401565972
shard_start 99 1790813833.401629170
shard_start 98 1790813833.410332984
shard_start 97 1790813833.410413771
shard_end 99 1790813833.453454173
shard_end 96 1790813833.453482176
shard_end 98 1790813833.462230660
shard_end 97 1790813833.462284651
agg_start 0 1790813836.389077726
agg_end 0 1790813836.391302297
