shard_start 0 1790814382.236921719
shard_start 3 1790814382.253107635
shard_start 2 1790814382.265681219
shard_start 6 1790814382.279511306
shard_end 0 1790814382.288882852
shard_start 7 1790814382.295942372
shard_end 3 1790814382.305053026
shard_start 1 1790814382.307338962
shard_end 2 1790814382.317601486
shard_start 4 1790814382.321865356
shard_end 6 1790814382.331529695
shard_start 5 1790814382.339792308
shard_end 7 1790814382.347903574
shard_end 1 1790814382.359769496
shard_end 4 1790814382.374554177
shard_end 5 1790814382.392008612
shard_start 11 1790814382.401936745
shard_start 8 1790814382.428782215
shard_start 9 1790814382.445555789
shard_end 11 1790814382.454135926
shard_start 15 1790814382.472201947
shard_end 8 1790814382.480713229
shard_start 10 1790814382.491269589
shard_end 9 1790814382.497490315
shard_start 12 1790814382.502496789
shard_start 13 1790814382.522108996
shard_end 15 1790814382.524373936
shard_start 14 1790814382.541512957
shard_end 10 1790814382.543048958
shard_end 12 1790814382.554363795
shard_end 13 1790814382.574078123
shard_start 16 1790814382.577882017
shard_end 14 1790814382.593367084
shard_start 19 1790814382.607008868
shard_start 23 1790814382.624077574
shard_end 16 1790814382.629857219
shard_start 18 1790814382.659086591
shard_end 19 1790814382.659019213
shard_end 23 1790814382.676323421
shard_start 17 1790814382.685058213
shard_start 21 1790814382.698100189
shard_end 18 1790814382.711118353
shard_start 22 1790814382.712656808
shard_start 20 1790814382.735563966
shard_end 17 1790814382.737161944
shard_end 21 1790814382.749868655
shard_end 22 1790814382.764499410
shard_start 24 1790814382.771918194
shard_end 20 1790814382.787652439
shard_start 31 1790814382.789688540
shard_start 27 1790814382.812241408
shard_end 24 1790814382.824296631
shard_end 31 1790814382.842144301
shard_start 25 1790814382.849298016
shard_end 27 1790814382.864178537
shard_start 26 1790814382.880703436
shard_start 29 1790814382.893600998
shard_end 25 1790814382.901355287
shard_start 30 1790814382.908341243
shard_end 26 1790814382.932519877
shard_start 28 1790814382.938144820
shard_end 29 1790814382.945490284
shard_end 30 1790814382.960659310
shard_end 28 1790814382.990316484
shard_start 32 1790814384.324658109
shard_start 39 1790814384.339393275
shard_start 33 1790814384.362399771
shard_end 32 1790814384.376599923
shard_start 34 1790814384.391082358
shard_end 39 1790814384.391186038
shard_start 37 1790814384.412901849
shard_end 33 1790814384.414153004
shard_start 35 1790814384.433972193
shard_end 34 1790814384.443054079
shard_start 38 1790814384.456507685
shard_end 37 1790814384.465370409
shard_start 36 1790814384.477432437
shard_end 35 1790814384.486282237
shard_start 47 1790814384.493274469
shard_end 38 1790814384.508381460
shard_start 40 1790814384.509677650
shard_start 41 1790814384.528266717
shard_end 36 1790814384.529416159
shard_end 47 1790814384.545281605
shard_end 40 1790814384.561554937
shard_end 41 1790814384.580426420
shard_start 42 1790814384.594461789
shard_start 43 1790814384.609691137
shard_start 45 1790814384.627203890
shard_end 42 1790814384.646918732
shard_start 46 1790814384.650038895
shard_end 43 1790814384.661799521
shard_start 44 1790814384.667225305
shard_end 45 1790814384.679939788
shard_start 49 1790814384.690379718
shard_end 46 1790814384.702231225
shard_start 55 1790814384.710276117
shard_end 44 1790814384.720142096
shard_start 50 1790814384.734541572
shard_end 49 1790814384.742596083
shard_start 48 1790814384.755012680
shard_end 55 1790814384.762693798
shard_start 51 1790814384.772429219
shard_end 50 1790814384.786377470
shard_start 53 1790814384.790779712
shard_end 48 1790814384.806927607
shard_start 54 1790814384.809303574
shard_end 51 1790814384.824362747
shard_start 52 1790814384.832134103
shard_end 53 1790814384.842658422
shard_end 54 1790814384.862634364
shard_end 52 1790814384.884094207
shard_start 63 1790814384.888912698
shard_start 57 1790814384.906766936
shard_start 58 1790814384.925175357
shard_end 63 1790814384.940901659
shard_start 56 1790814384.944077449
shard_end 57 1790814384.959331929
shard_start 59 1790814384.964623252
shard_end 58 1790814384.978525258
shard_start 61 1790814384.984051486
shard_end 56 1790814384.996353415
shard_start 62 1790814385.003295497
shard_end 59 1790814385.017134233
shard_start 60 1790814385.027527209
shard_end 61 1790814385.036241465
shard_end 62 1790814385.055829813
shard_end 60 1790814385.080266371
shard_start 71 1790814386.405215092
shard_start 66 1790814386.424066825
shard_start 67 1790814386.445585320
shard_end 71 1790814386.457349925
shard_end 66 1790814386.476154989
shard_end 67 1790814386.497786311
shard_start 69 1790814386.500496319
shard_start 65 1790814386.518127310
shard_start 64 1790814386.539056064
shard_end 69 1790814386.552543308
shard_start 70 1790814386.560943894
shard_end 65 1790814386.571520519
shard_start 68 1790814386.582476801
shard_end 64 1790814386.591923085
shard_start 79 1790814386.601276831
shard_end 70 1790814386.612880278
shard_start 74 1790814386.623388256
shard_end 68 1790814386.634719015
shard_start 73 1790814386.645156615
shard_end 79 1790814386.653589016
shard_end 74 1790814386.675461372
shard_start 75 1790814386.693530348
shard_end 73 1790814386.697197742
shard_start 77 1790814386.708841947
shard_start 72 1790814386.733850067
shard_end 75 1790814386.745508745
shard_start 78 1790814386.758141649
shard_end 77 1790814386.761156653
shard_start 76 1790814386.777506121
shard_end 72 1790814386.786585894
shard_start 87 1790814386.796678943
shard_end 78 1790814386.810484661
shard_start 82 1790814386.817604307
shard_end 76 1790814386.830105935
shard_start 81 1790814386.839662435
shard_end 87 1790814386.849507302
shard_start 83 1790814386.859248970
shard_end 82 1790814386.869628126
shard_start 80 1790814386.878627209
shard_end 81 1790814386.891624497
shard_start 85 1790814386.897635997
shard_end 83 1790814386.911971962
shard_start 84 1790814386.920684483
shard_end 80 1790814386.931096074
shard_start 86 1790814386.946989115
shard_end 85 1790814386.949900123
shard_end 84 1790814386.972696644
shard_end 86 1790814386.998998055
shard_start 95 1790814387.031427681
shard_start 90 1790814387.049021556
shard_start 91 1790814387.070282137
shard_end 95 1790814387.083608354
shard_start 89 1790814387.090589176
shard_end 90 1790814387.100899303
shard_end 91 1790814387.122928139
shard_end 89 1790814387.143702839
shard_start 88 1790814387.172275423
shard_start 93 1790814387.191216471
shard_start 94 1790814387.210651002
shard_end 88 1790814387.224329999
shard_start 92 1790814387.229935092
shard_end 93 1790814387.243143823
shard_end 94 1790814387.262588645
shard_end 92 1790814387.281950708
shard_start 98 1790814388.496756397
shard_start 103 1790814388.517279844
shard_start 97 1790814388.542884223
shard_end 98 1790814388.549263132
shard_end 103 1790814388.569460819
shard_end 97 1790814388.595257985
shard_start 99 1790814388.607916377
shard_start 96 1790814388.626271457
shard_start 101 1790814388.651464114
shard_end 99 1790814388.660456207
shard_end 96 1790814388.678717386
shard_start 102 1790814388.680272450
shard_end 101 1790814388.703788527
shard_start 100 1790814388.703892896
shard_start 111 1790814388.728279434
shard_end 102 1790814388.733598957
shard_end 100 1790814388.757471750
shard_start 106 1790814388.760382582
shard_end 111 1790814388.780890822
shard_start 105 1790814388.784046289
shard_start 107 1790814388.812988778
shard_end 106 1790814388.813170329
shard_end 105 1790814388.836359327
shard_start 104 1790814388.839820123
shard_start 110 1790814388.855632671
shard_end 107 1790814388.864968261
shard_start 109 1790814388.877172605
shard_end 104 1790814388.892017581
shard_start 108 1790814388.903409521
shard_end 110 1790814388.907688568
shard_start 114 1790814388.925819073
shard_end 109 1790814388.929194268
shard_start 119 1790814388.947446194
shard_end 108 1790814388.955528722
shard_start 113 1790814388.977925543
shard_end 114 1790814388.977983934
shard_end 119 1790814388.999790335
shard_start 112 1790814389.003120749
shard_end 113 1790814389.029895635
shard_start 115 1790814389.031238123
shard_end 112 1790814389.054983131
shard_start 118 1790814389.055442619
shard_start 117 1790814389.072169901
shard_end 115 1790814389.083630103
shard_start 116 1790814389.089015348
shard_end 118 1790814389.107653269
shard_end 117 1790814389.125021826
shard_end 116 1790814389.141142904
shard_start 122 1790814389.155862126
shard_start 127 1790814389.180692354
shard_start 121 1790814389.198675759
shard_end 122 1790814389.208444033
shard_start 120 1790814389.213983746
shard_end 127 1790814389.234140095
shard_end 121 1790814389.250597959
shard_start 123 1790814389.263980384
shard_end 120 1790814389.265890789
shard_start 126 1790814389.282854249
shard_start 125 1790814389.302360780
shard_end 123 1790814389.316178597
shard_start 124 1790814389.318416709
shard_end 126 1790814389.335513049
shard_end 125 1790814389.354287375
shard_end 124 1790814389.370321118
shard_start 135 1790814390.597469022
shard_start 130 1790814390.617927372
shard_start 129 1790814390.633649907
shard_end 135 1790814390.649570348
shard_end 130 1790814390.670020038
shard_end 129 1790814390.686010600
shard_start 134 1790814390.784302793
shard_start 128 1790814390.806339369
shard_start 133 1790814390.827227158
shard_end 134 1790814390.836579696
shard_start 131 1790814390.850001420
shard_end 128 1790814390.858388353
shard_start 132 1790814390.871080175
shard_end 133 1790814390.879230756
shard_start 143 1790814390.896468656
shard_end 131 1790814390.902180732
shard_start 138 1790814390.918936127
shard_end 132 1790814390.923643239
shard_start 142 1790814390.942231888
shard_end 143 1790814390.948589788
shard_start 137 1790814390.958652744
shard_end 138 1790814390.971244445
shard_start 139 1790814390.980041355
shard_end 142 1790814390.994251480
shard_start 136 1790814390.997187938
shard_end 137 1790814391.011276473
shard_start 141 1790814391.017219907
shard_end 139 1790814391.032816763
shard_start 140 1790814391.038351062
shard_end 136 1790814391.049168263
shard_start 151 1790814391.062352750
shard_end 141 1790814391.069286910
shard_start 150 1790814391.087854300
shard_end 140 1790814391.090635189
shard_start 146 1790814391.109074533
shard_end 151 1790814391.114194415
shard_start 145 1790814391.133795876
shard_end 150 1790814391.140110226
shard_start 147 1790814391.154654780
shard_end 146 1790814391.161595425
shard_start 144 1790814391.170250691
shard_end 145 1790814391.185588009
shard_start 148 1790814391.186890124
shard_start 149 1790814391.206108589
shard_end 147 1790814391.207176407
shard_end 144 1790814391.222373649
shard_end 148 1790814391.239488294
shard_end 149 1790814391.258360509
shard_start 159 1790814391.268655463
shard_start 158 1790814391.285337062
shard_start 153 1790814391.302999198
shard_end 159 1790814391.321126184
shard_start 154 1790814391.324230938
shard_end 158 1790814391.337337079
shard_start 155 1790814391.344718055
shard_end 153 1790814391.355193370
shard_start 152 1790814391.364857750
shard_end 154 1790814391.376165011
shard_start 156 1790814391.386227419
shard_end 155 1790814391.396667234
shard_start 157 1790814391.411111735
shard_end 152 1790814391.416955319
shard_end 156 1790814391.438312385
shard_end 157 1790814391.463743800
shard_start 167 1790814392.684393009
shard_start 166 1790814392.699405743
shard_start 161 1790814392.716753836
shard_end 167 1790814392.736474708
shard_end 166 1790814392.751898288
shard_end 161 1790814392.768694115
shard_start 162 1790814392.871380404
shard_start 163 1790814392.886553588
shard_end 162 1790814392.923412914
shard_end 163 1790814392.938505900
shard_start 164 1790814392.951079127
shard_start 160 1790814392.967798994
shard_start 165 1790814392.985275406
shard_end 164 1790814393.002912800
shard_start 175 1790814393.004167844
shard_end 160 1790814393.020026040
shard_start 174 1790814393.024565076
shard_end 165 1790814393.037191251
shard_start 170 1790814393.046213527
shard_end 175 1790814393.056043960
shard_start 169 1790814393.067032914
shard_end 174 1790814393.076380705
shard_start 171 1790814393.089397485
shard_end 170 1790814393.098231660
shard_start 172 1790814393.110573591
shard_end 169 1790814393.118996280
shard_start 168 1790814393.132293268
shard_end 171 1790814393.141529120
shard_start 173 1790814393.148835964
shard_end 172 1790814393.162853225
shard_start 183 1790814393.165046884
shard_start 182 1790814393.182490127
shard_end 168 1790814393.184070052
shard_end 173 1790814393.200834172
shard_start 178 1790814393.206317650
shard_end 183 1790814393.216916475
shard_start 177 1790814393.230508353
shard_end 182 1790814393.234962551
shard_start 179 1790814393.251364891
shard_end 178 1790814393.258209391
shard_start 176 1790814393.274709968
shard_end 177 1790814393.282530368
shard_start 180 1790814393.299406854
shard_end 179 1790814393.303710995
shard_start 181 1790814393.318238958
shard_end 176 1790814393.327060636
shard_end 180 1790814393.351373811
shard_start 191 1790814393.356879295
shard_end 181 1790814393.370250126
shard_start 190 1790814393.375040119
shard_start 185 1790814393.397161201
shard_end 191 1790814393.408885491
shard_start 187 1790814393.418440099
shard_end 190 1790814393.427004180
shard_start 186 1790814393.440698863
shard_end 185 1790814393.449481297
shard_start 184 1790814393.459782310
shard_end 187 1790814393.470645196
shard_start 189 1790814393.483668004
shard_end 186 1790814393.492690748
shard_start 188 1790814393.503079492
shard_end 184 1790814393.511702278
shard_end 189 1790814393.535664704
shard_end 188 1790814393.554942622
shard_start 199 1790814394.781266535
shard_start 193 1790814394.796355081
shard_start 198 1790814394.806995712
shard_end 199 1790814394.833608626
shard_end 193 1790814394.848449884
shard_end 198 1790814394.859320693
shard_start 195 1790814394.968366530
shard_start 194 1790814394.988756756
shard_end 195 1790814395.020515420
shard_end 194 1790814395.040828136
shard_start 192 1790814395.046486959
shard_start 196 1790814395.061221642
shard_start 197 1790814395.077587696
shard_start 207 1790814395.094859031
shard_end 192 1790814395.098626166
shard_end 196 1790814395.125886054
shard_start 206 1790814395.126452961
shard_end 197 1790814395.129406926
shard_start 201 1790814395.138707380
shard_end 207 1790814395.147066054
shard_start 202 1790814395.164334510
shard_end 206 1790814395.178446834
shard_start 203 1790814395.188728350
shard_end 201 1790814395.190800816
shard_start 204 1790814395.212359446
shard_end 202 1790814395.216217883
shard_start 200 1790814395.230651797
shard_end 203 1790814395.240944406
shard_start 205 1790814395.246349026
shard_start 215 1790814395.263131424
shard_end 204 1790814395.264350798
shard_end 200 1790814395.282607943
shard_start 214 1790814395.284010473
shard_end 205 1790814395.298474892
shard_start 209 1790814395.306820042
shard_end 215 1790814395.315657980
shard_start 212 1790814395.329273765
shard_end 214 1790814395.335992181
shard_start 211 1790814395.351313769
shard_end 209 1790814395.358755657
shard_start 213 1790814395.376159317
shard_end 212 1790814395.381083435
shard_start 208 1790814395.400735467
shard_end 211 1790814395.403505969
shard_start 210 1790814395.419568145
shard_end 213 1790814395.427993402
shard_start 223 1790814395.436943906
shard_end 208 1790814395.453295472
shard_end 210 1790814395.471711648
shard_start 222 1790814395.481257585
shard_end 223 1790814395.488851863
shard_start 217 1790814395.505856120
shard_start 219 1790814395.528355374
shard_end 222 1790814395.533342557
shard_start 216 1790814395.546621922
shard_end 217 1790814395.557799749
shard_start 220 1790814395.561409351
shard_start 218 1790814395.577753453
shard_end 219 1790814395.580475671
shard_end 216 1790814395.598814077
shard_start 221 1790814395.598815156
shard_end 220 1790814395.613842260
shard_end 218 1790814395.630269218
shard_end 221 1790814395.651270126
shard_start 230 1790814396.871486817
shard_start 231 1790814396.892811973
shard_start 225 1790814396.913594850
shard_end 230 1790814396.923452358
shard_end 231 1790814396.944739962
shard_end 225 1790814396.966659350
shard_start 226 1790814397.058271959
shard_start 227 1790814397.075485726
shard_end 226 1790814397.110565275
shard_end 227 1790814397.127852722
shard_start 229 1790814397.205092966
shard_start 228 1790814397.220055175
shard_start 224 1790814397.235110207
shard_start 238 1790814397.250443249
shard_end 229 1790814397.257008871
shard_start 233 1790814397.269426281
shard_end 228 1790814397.271917943
shard_end 224 1790814397.287092609
shard_start 239 1790814397.291051351
shard_end 238 1790814397.302778818
shard_start 234 1790814397.308808200
shard_end 233 1790814397.321741090
shard_start 235 1790814397.336323533
shard_end 239 1790814397.343417434
shard_start 237 1790814397.354995903
shard_end 234 1790814397.360657602
shard_start 236 1790814397.377738940
shard_end 235 1790814397.388651144
shard_start 232 1790814397.399861227
shard_end 237 1790814397.407127732
shard_start 246 1790814397.417506940
shard_end 236 1790814397.429691825
shard_start 241 1790814397.435078942
shard_end 232 1790814397.451955034
shard_start 247 1790814397.456601862
shard_end 246 1790814397.469762104
shard_start 242 1790814397.479081008
shard_end 241 1790814397.487639097
shard_start 243 1790814397.499211947
shard_end 247 1790814397.508673461
shard_start 240 1790814397.521338147
shard_end 242 1790814397.531198205
shard_start 245 1790814397.544699193
shard_end 243 1790814397.551356319
shard_start 244 1790814397.565238660
shard_end 240 1790814397.573573388
shard_start 254 1790814397.586405329
shard_end 245 1790814397.596595109
shard_start 249 1790814397.607369560
shard_end 244 1790814397.617362312
shard_start 250 1790814397.624330574
shard_end 254 1790814397.638322503
shard_start 255 1790814397.641449301
shard_end 249 1790814397.659369087
shard_start 251 1790814397.660772383
shard_end 250 1790814397.676384404
shard_start 252 1790814397.683273502
shard_end 255 1790814397.693260938
shard_start 253 1790814397.704684099
shard_end 251 1790814397.713024001
shard_start 262 1790814397.726724296
shard_end 252 1790814397.735401965
shard_end 253 1790814397.756601589
shard_end 262 1790814397.779156318
shard_start 248 1790814398.961039861
shard_start 257 1790814398.977971651
shard_end 248 1790814399.013102237
shard_start 258 1790814399.019397118
shard_end 257 1790814399.031051066
shard_end 258 1790814399.071636069
shard_start 263 1790814399.156823155
shard_start 259 1790814399.170954377
shard_end 263 1790814399.224978214
shard_end 259 1790814399.225529370
shard_start 261 1790814399.314092547
shard_start 260 1790814399.329997080
shard_start 270 1790814399.345166742
shard_start 256 1790814399.361980533
shard_end 261 1790814399.366300790
shard_end 260 1790814399.382171888
shard_start 265 1790814399.382211395
shard_end 270 1790814399.397268723
shard_start 266 1790814399.400078175
shard_end 256 1790814399.415073777
shard_start 271 1790814399.419198256
shard_end 265 1790814399.434873650
shard_start 267 1790814399.442407151
shard_end 266 1790814399.452456212
shard_start 268 1790814399.463753769
shard_end 271 1790814399.472152417
shard_start 269 1790814399.485152808
shard_end 267 1790814399.495098499
shard_start 278 1790814399.506518876
shard_end 268 1790814399.515884706
shard_start 264 1790814399.525011360
shard_end 269 1790814399.537937164
shard_start 273 1790814399.545155125
shard_end 278 1790814399.558608309
shard_start 274 1790814399.566737590
shard_end 264 1790814399.576921364
shard_start 279 1790814399.587200559
shard_end 273 1790814399.597201607
shard_start 275 1790814399.614076632
shard_end 274 1790814399.619351497
shard_start 276 1790814399.633638194
shard_end 279 1790814399.639415187
shard_start 277 1790814399.656705778
shard_end 275 1790814399.666124800
shard_end 276 1790814399.800898892
shard_end 277 1790814399.800888641
shard_start 286 1790814399.801531698
shard_start 281 1790814399.801632758
shard_start 282 1790814399.801622347
shard_start 284 1790814399.801859596
shard_start 287 1790814399.802086028
shard_start 272 1790814399.802224417
shard_start 283 1790814399.802225238
shard_start 280 1790814399.816930982
shard_start 285 1790814399.844366517
shard_end 286 1790814399.853294863
shard_end 281 1790814399.853644588
shard_end 283 1790814399.853998279
shard_end 282 1790814399.853994681
shard_end 284 1790814399.854096341
shard_end 287 1790814399.854308423
shard_end 272 1790814399.855245710
shard_end 280 1790814399.869514545
shard_end 285 1790814399.896333197
shard_start 294 1790814401.053360067
shard_start 289 1790814401.072843127
shard_end 294 1790814401.105305316
shard_end 289 1790814401.124920708
shard_start 290 1790814401.131836079
shard_end 290 1790814401.183722363
shard_start 295 1790814401.290919262
shard_start 291 1790814401.307039280
shard_end 295 1790814401.343007683
shard_end 291 1790814401.359361394
shard_start 288 1790814401.404405238
shard_start 292 1790814401.435021369
shard_end 288 1790814401.456643196
shard_start 293 1790814401.457861466
shard_start 302 1790814401.481087207
shard_end 292 1790814401.486931940
shard_start 297 1790814401.503434510
shard_end 293 1790814401.510505600
shard_start 298 1790814401.527412160
shard_end 302 1790814401.533069964
shard_start 303 1790814401.552009808
shard_end 297 1790814401.555338849
shard_start 299 1790814401.572366808
shard_end 298 1790814401.579306771
shard_start 296 1790814401.586726747
shard_end 303 1790814401.604064445
shard_start 300 1790814401.608011290
shard_end 299 1790814401.624607170
shard_start 301 1790814401.630442765
shard_end 296 1790814401.638608829
shard_start 310 1790814401.651581582
shard_end 300 1790814401.660369254
shard_start 305 1790814401.673439537
shard_end 301 1790814401.682409193
shard_end 310 1790814401.704152088
shard_end 305 1790814401.725249535
shard_start 306 1790814401.823174002
shard_start 311 1790814401.840087135
shard_start 307 1790814401.857697456
shard_end 306 1790814401.875711442
shard_start 304 1790814401.880792761
shard_end 311 1790814401.892491129
shard_start 308 1790814401.900151277
shard_end 307 1790814401.909779733
shard_start 318 1790814401.920971527
shard_end 304 1790814401.932670661
shard_start 309 1790814401.942296550
shard_end 308 1790814401.952014858
shard_start 313 1790814401.963457866
shard_end 318 1790814401.973006489
shard_start 319 1790814401.978617043
shard_end 309 1790814401.994136744
shard_start 314 1790814401.995409742
shard_end 313 1790814402.016829299
shard_start 315 1790814402.017416071
shard_end 319 1790814402.030523426
shard_start 316 1790814402.035899495
shard_end 314 1790814402.047375640
shard_start 312 1790814402.057407033
shard_end 315 1790814402.069334035
shard_start 326 1790814402.082486343
shard_end 316 1790814402.088056513
shard_end 312 1790814402.109322561
shard_end 326 1790814402.134687588
shard_start 317 1790814403.155343288
shard_start 327 1790814403.170525061
shard_end 317 1790814403.207763491
shard_end 327 1790814403.223677851
shard_start 321 1790814403.243054657
shard_end 321 1790814403.295142812
shard_start 324 1790814406.314186279
shard_start 323 1790814406.332795985
shard_end 324 1790814406.366288509
shard_end 323 1790814406.385483487
shard_start 322 1790814406.457029707
shard_start 320 1790814406.470301781
shard_start 334 1790814406.488383372
shard_start 325 1790814406.508836859
shard_end 322 1790814406.508902335
shard_end 320 1790814406.522275962
shard_start 335 1790814406.527882436
shard_end 334 1790814406.540447219
shard_start 331 1790814406.552090631
shard_end 325 1790814406.560898594
shard_start 329 1790814406.570677361
shard_end 335 1790814406.580234177
shard_start 332 1790814406.592131867
shard_end 331 1790814406.604069931
shard_start 330 1790814406.613121006
shard_end 329 1790814406.622727213
shard_start 328 1790814406.631212790
shard_end 332 1790814406.644020784
shard_start 342 1790814406.647533059
shard_end 330 1790814406.665063013
shard_start 333 1790814406.669296725
shard_end 328 1790814406.683473245
shard_start 343 1790814406.690405489
shard_end 342 1790814406.699432787
shard_end 333 1790814406.721756946
shard_end 343 1790814406.742169564
shard_start 340 1790814406.840580353
shard_start 337 1790814406.876699247
shard_end 340 1790814406.893151089
shard_start 338 1790814406.894551878
shard_start 339 1790814406.916373150
shard_end 337 1790814406.929024700
shard_start 336 1790814406.934673924
shard_end 338 1790814406.946453896
shard_start 341 1790814406.956998790
shard_end 339 1790814406.968361299
shard_start 350 1790814406.979862681
shard_end 336 1790814406.986564038
shard_start 351 1790814407.001375897
shard_end 341 1790814407.008968517
shard_start 345 1790814407.019261630
shard_end 350 1790814407.032014060
shard_start 346 1790814407.036882634
shard_end 351 1790814407.053662261
shard_start 347 1790814407.054808591
shard_end 345 1790814407.071579227
shard_start 348 1790814407.075695160
shard_end 346 1790814407.088996776
shard_start 344 1790814407.101498779
shard_end 347 1790814407.107246729
shard_start 358 1790814407.126261637
shard_end 348 1790814407.127674908
shard_end 344 1790814407.153363496
shard_end 358 1790814407.178360814
shard_start 349 1790814408.186282557
shard_start 353 1790814408.202170001
shard_end 349 1790814408.238311343
shard_end 353 1790814408.254680417
shard_start 359 1790814408.270096879
shard_end 359 1790814408.322059522
shard_start 355 1790814408.403589795
shard_start 356 1790814408.421494272
shard_end 355 1790814408.456009758
shard_end 356 1790814408.473587799
shard_start 354 1790814408.543436174
shard_start 352 1790814408.559719006
shard_start 366 1790814408.579126695
shard_end 354 1790814408.595789760
shard_start 357 1790814408.599485971
shard_end 352 1790814408.612196901
shard_start 361 1790814408.620006922
shard_end 366 1790814408.631115447
shard_start 367 1790814408.640553637
shard_end 357 1790814408.651990999
shard_start 363 1790814408.661373667
shard_end 361 1790814408.672478482
shard_start 362 1790814408.676772185
shard_end 367 1790814408.692740616
shard_start 364 1790814408.695891749
shard_end 363 1790814408.713334033
shard_start 360 1790814408.713745378
shard_end 362 1790814408.729170042
shard_start 374 1790814408.732544459
shard_end 364 1790814408.747799871
shard_start 365 1790814408.751988361
shard_end 360 1790814408.766539156
shard_start 369 1790814408.772663322
shard_end 374 1790814408.784756749
shard_end 365 1790814408.804453257
shard_end 369 1790814408.824900059
shard_start 375 1790814408.933270575
shard_end 375 1790814408.985149849
shard_start 371 1790814408.994021413
shard_start 372 1790814409.007681385
shard_start 370 1790814409.027207288
shard_end 371 1790814409.045999592
shard_end 372 1790814409.059741611
shard_end 370 1790814409.079140803
shard_start 382 1790814409.102970558
shard_start 373 1790814409.103766528
shard_start 368 1790814409.103936618
shard_start 379 1790814409.110966988
shard_start 383 1790814409.134497586
shard_end 382 1790814409.155050626
shard_end 368 1790814409.155793892
shard_end 373 1790814409.155881870
shard_start 377 1790814409.157891192
shard_end 379 1790814409.163130710
shard_start 380 1790814409.173846829
shard_end 383 1790814409.186431116
shard_start 378 1790814409.188942458
shard_start 376 1790814409.209293137
shard_end 377 1790814409.210516401
shard_end 380 1790814409.225747332
shard_start 390 1790814409.230872710
shard_end 378 1790814409.240899315
shard_end 376 1790814409.261899257
shard_end 390 1790814409.282677860
shard_start 381 1790814410.295916360
shard_start 387 1790814410.308342657
shard_end 381 1790814410.348098817
shard_end 387 1790814410.360693493
shard_start 391 1790814410.398458521
shard_end 391 1790814410.450679060
shard_start 385 1790814410.493650672
shard_start 388 1790814410.517803699
shard_end 385 1790814410.545842366
shard_end 388 1790814410.570047083
shard_start 386 1790814410.642992494
shard_start 384 1790814410.664780314
shard_start 398 1790814410.683812565
shard_end 386 1790814410.694986773
shard_start 389 1790814410.704904002
shard_end 384 1790814410.716838812
shard_start 399 1790814410.722408965
shard_end 398 1790814410.735788907
shard_start 395 1790814410.739318957
shard_start 396 1790814410.756555203
shard_end 389 1790814410.757079351
shard_end 399 1790814410.774273838
shard_start 393 1790814410.774959923
shard_end 395 1790814410.791342683
shard_start 394 1790814410.798739573
shard_end 396 1790814410.808552733
shard_start 392 1790814410.820470483
shard_end 393 1790814410.826888432
shard_start 406 1790814410.840356007
shard_end 394 1790814410.851218064
shard_start 397 1790814410.860332837
shard_end 392 1790814410.872462554
shard_start 407 1790814410.885438765
shard_end 406 1790814410.892269030
shard_end 397 1790814410.912434346
shard_end 407 1790814410.937317489
shard_start 404 1790814411.025732584
shard_end 404 1790814411.077755009
shard_start 403 1790814411.097742718
shard_start 401 1790814411.114727263
shard_start 402 1790814411.128010307
shard_end 403 1790814411.149783586
shard_end 401 1790814411.166654000
shard_end 402 1790814411.180033741
shard_start 400 1790814411.192403273
shard_start 414 1790814411.209664991
shard_start 405 1790814411.229768852
shard_end 400 1790814411.244393308
shard_start 412 1790814411.248238442
shard_end 414 1790814411.261909538
shard_start 409 1790814411.269525045
shard_end 405 1790814411.281689633
shard_start 411 1790814411.291075449
shard_end 412 1790814411.300125302
shard_start 415 1790814411.313401999
shard_end 409 1790814411.321856853
shard_start 410 1790814411.335238848
shard_end 411 1790814411.343035773
shard_start 408 1790814411.358978763
shard_end 415 1790814411.365489794
shard_start 422 1790814411.376908253
shard_end 410 1790814411.387363965
shard_end 408 1790814411.411631086
shard_end 422 1790814411.429066870
shard_start 413 1790814412.383091241
shard_start 420 1790814412.404423286
shard_end 413 1790814412.434977070
shard_end 420 1790814412.456755062
shard_start 423 1790814412.497667574
shard_end 423 1790814412.549779172
shard_start 419 1790814412.595567724
shard_start 417 1790814412.611016788
shard_end 419 1790814412.647601983
shard_end 417 1790814412.663297775
shard_start 418 1790814412.757169154
shard_start 416 1790814412.772208317
shard_start 430 1790814412.786377003
shard_start 421 1790814412.800660374
shard_end 418 1790814412.809067650
shard_start 428 1790814412.820370101
shard_end 416 1790814412.824011416
shard_end 430 1790814412.838257910
shard_start 425 1790814412.838620896
shard_end 421 1790814412.852789311
shard_start 427 1790814412.855888604
shard_end 428 1790814412.872236594
shard_start 426 1790814412.881949151
shard_end 425 1790814412.890593182
shard_start 431 1790814412.905629522
shard_end 427 1790814412.907567390
shard_start 424 1790814412.927183858
shard_end 426 1790814412.933936826
shard_start 438 1790814412.946045733
shard_end 431 1790814412.957516196
shard_start 429 1790814412.961738118
shard_end 424 1790814412.979292403
shard_start 436 1790814412.979685632
shard_end 438 1790814412.998030100
shard_end 429 1790814413.013960946
shard_end 436 1790814413.031668057
shard_start 435 1790814413.126003890
shard_end 435 1790814413.177984175
shard_start 433 1790814413.192837145
shard_start 434 1790814413.209349095
shard_start 439 1790814413.222959354
shard_end 433 1790814413.245091843
shard_end 434 1790814413.261377109
shard_end 439 1790814413.275017060
shard_start 432 1790814413.302841474
shard_start 446 1790814413.319992475
shard_start 444 1790814413.342412353
shard_end 432 1790814413.354901072
shard_start 437 1790814413.363902133
shard_end 446 1790814413.372189487
shard_start 442 1790814413.384995710
shard_end 444 1790814413.394619390
shard_start 443 1790814413.405977591
shard_end 437 1790814413.416315125
shard_start 441 1790814413.432076837
shard_end 442 1790814413.437002587
shard_end 443 1790814413.458473390
shard_start 447 1790814413.461155430
shard_start 454 1790814413.480635777
shard_end 441 1790814413.484321416
shard_start 440 1790814413.496898226
shard_end 447 1790814413.513057953
shard_end 454 1790814413.533329308
shard_end 440 1790814413.549459602
shard_start 452 1790814414.481224127
shard_start 445 1790814414.495379330
shard_end 452 1790814414.533262246
shard_end 445 1790814414.547494896
shard_start 450 1790814414.585008478
shard_end 450 1790814414.637058251
shard_start 451 1790814414.690306060
shard_start 449 1790814414.710559261
shard_end 451 1790814414.742299836
shard_end 449 1790814414.762916541
shard_start 455 1790814414.849028031
shard_start 448 1790814414.864065265
shard_start 462 1790814414.879011752
shard_start 453 1790814414.893387479
shard_end 455 1790814414.901624357
shard_start 460 1790814414.913543304
shard_end 448 1790814414.915929600
shard_end 462 1790814414.930904811
shard_start 458 1790814414.933514769
shard_end 453 1790814414.945340052
shard_start 459 1790814414.952241544
shard_end 460 1790814414.965458286
shard_start 457 1790814414.974947705
shard_start 463 1790814414.997391762
shard_start 456 1790814415.021257900
shard_start 470 1790814415.037817838
shard_start 461 1790814415.078576871
shard_start 468 1790814415.097644920
shard_start 467 1790814415.244750463
shard_start 466 1790814415.285478896
shard_start 465 1790814415.306687210
shard_start 471 1790814415.326173682
shard_start 464 1790814415.396286254
shard_end 458 1790814415.410487740
shard_end 459 1790814415.412121813
shard_start 478 1790814415.413269901
shard_end 457 1790814415.413471817
shard_end 463 1790814415.414804092
shard_end 470 1790814415.414815521
shard_end 456 1790814415.415551217
shard_end 461 1790814415.415874543
shard_end 468 1790814415.415925280
shard_end 466 1790814415.415864638
shard_end 467 1790814415.416701376
shard_end 465 1790814415.417655883
shard_end 471 1790814415.418662665
shard_start 469 1790814415.435811090
shard_end 464 1790814415.448568279
shard_start 476 1790814415.458114255
shard_end 478 1790814415.465285713
shard_start 475 1790814415.479091092
shard_end 469 1790814415.488384530
shard_start 474 1790814415.498102409
shard_end 476 1790814415.510622141
shard_start 473 1790814415.526435968
shard_end 475 1790814415.530993928
shard_start 472 1790814415.541891461
shard_end 474 1790814415.550049008
shard_start 479 1790814415.559394667
shard_start 486 1790814415.576335836
shard_end 473 1790814415.578791076
shard_end 472 1790814415.593521527
shard_end 479 1790814415.611264410
shard_end 486 1790814415.629124793
shard_start 484 1790814416.583461698
shard_start 477 1790814416.602330621
shard_end 484 1790814416.635385714
shard_end 477 1790814416.654292016
shard_start 483 1790814416.680561737
shard_end 483 1790814416.732441648
shard_start 482 1790814416.781873495
shard_start 481 1790814416.801682459
shard_end 482 1790814416.833870745
shard_end 481 1790814416.853592488
shard_start 480 1790814416.944974863
shard_start 487 1790814416.959785189
shard_start 494 1790814416.976719765
shard_end 480 1790814416.997228018
shard_end 487 1790814417.012123595
shard_end 494 1790814417.028936470
shard_start 492 1790814417.567036818
shard_start 485 1790814417.575969362
shard_start 491 1790814417.585234055
shard_start 490 1790814417.600655541
shard_start 488 1790814417.610848824
shard_end 492 1790814417.619275835
shard_start 495 1790814417.622850096
shard_end 485 1790814417.628465003
shard_start 489 1790814417.634302669
shard_end 491 1790814417.637232443
shard_start 493 1790814417.641237992
shard_end 490 1790814417.652934304
shard_end 488 1790814417.663098351
shard_end 495 1790814417.674684448
shard_start 499 1790814417.684661074
shard_end 489 1790814417.686358280
shard_end 493 1790814417.693303113
shard_start 498 1790814417.703114110
shard_start 496 1790814417.717571469
shard_start 497 1790814417.736355936
shard_end 499 1790814417.736483801
shard_end 498 1790814417.755607219
shard_end 496 1790814417.769803496
shard_end 497 1790814417.788633520
agg_start 0 1790814419.849439806
agg_end 0 1790814419.854769229
