shard_start 18 1790814308.403399601
shard_start 12 1790814308.417091354
shard_start 22 1790814308.429993151
shard_start 10 1790814308.447730307
shard_end 18 1790814308.455257577
shard_start 16 1790814308.456579885
shard_end 12 1790814308.469115552
shard_start 29 1790814308.475829416
shard_end 22 1790814308.481976773
shard_start 11 1790814308.491753813
shard_end 10 1790814308.499380690
shard_start 26 1790814308.503983168
shard_end 16 1790814308.508973449
shard_start 15 1790814308.517615799
shard_start 3 1790814308.525354797
shard_end 29 1790814308.527950535
shard_end 11 1790814308.543496557
shard_start 30 1790814308.544372579
shard_end 26 1790814308.556054556
shard_start 36 1790814308.560366607
shard_end 15 1790814308.569653957
shard_start 7 1790814308.575700141
shard_end 3 1790814308.577122181
shard_start 38 1790814308.589844990
shard_end 30 1790814308.596922339
shard_start 5 1790814308.599057346
shard_end 36 1790814308.612236917
shard_start 19 1790814308.612970502
shard_end 7 1790814308.627734649
shard_start 49 1790814308.630668245
shard_end 38 1790814308.642356183
shard_start 33 1790814308.644864004
shard_end 5 1790814308.651358096
shard_start 1 1790814308.658115407
shard_end 19 1790814308.664919702
shard_start 14 1790814308.671507425
shard_end 49 1790814308.682956233
shard_start 21 1790814308.685208257
shard_end 33 1790814308.696645527
shard_start 27 1790814308.698776352
shard_start 24 1790814308.708371750
shard_end 1 1790814308.710374968
shard_end 14 1790814308.723200136
shard_start 8 1790814308.724028119
shard_end 21 1790814308.736846712
shard_start 17 1790814308.738357796
shard_end 27 1790814308.751386661
shard_start 34 1790814308.756044733
shard_end 24 1790814308.760298195
shard_start 45 1790814308.770312246
shard_end 8 1790814308.775750542
shard_start 0 1790814308.782300428
shard_end 17 1790814308.790454642
shard_start 44 1790814308.796449866
shard_end 34 1790814308.807886152
shard_start 37 1790814308.808909223
shard_end 45 1790814308.822108280
shard_start 9 1790814308.822804490
shard_end 0 1790814308.834937600
shard_start 52 1790814308.841038184
shard_end 44 1790814308.849845383
shard_start 54 1790814308.854877868
shard_end 37 1790814308.861006415
shard_start 2 1790814308.870089998
shard_end 9 1790814308.874767514
shard_start 55 1790814308.882573271
shard_end 52 1790814308.893264326
shard_start 4 1790814308.904886031
shard_end 54 1790814308.906645443
shard_end 2 1790814308.922445214
shard_start 31 1790814308.926011443
shard_end 55 1790814308.934599300
shard_start 6 1790814308.944913711
shard_end 4 1790814308.956830663
shard_start 28 1790814308.963260513
shard_end 31 1790814308.978013608
shard_start 39 1790814308.984629032
shard_end 6 1790814308.996943483
shard_start 57 1790814309.006316750
shard_end 28 1790814309.015602079
shard_start 23 1790814309.028221803
shard_end 39 1790814309.036592121
shard_start 50 1790814309.048422218
shard_end 57 1790814309.058511930
shard_start 40 1790814309.063619611
shard_end 23 1790814309.079901003
shard_start 13 1790814309.081598379
shard_end 50 1790814309.100471846
shard_start 41 1790814309.101345605
shard_end 40 1790814309.115765471
shard_start 20 1790814309.126001334
shard_end 13 1790814309.133381350
shard_start 42 1790814309.149625374
shard_end 41 1790814309.153194654
shard_start 63 1790814309.171229955
shard_end 20 1790814309.178522839
shard_start 51 1790814309.190506673
shard_end 42 1790814309.202651782
shard_start 35 1790814309.211575233
shard_end 63 1790814309.223296165
shard_start 46 1790814309.238072865
shard_end 51 1790814309.243260226
shard_start 61 1790814309.259526235
shard_end 35 1790814309.263388574
shard_start 32 1790814309.280360938
shard_end 46 1790814309.290199519
shard_start 56 1790814309.300205117
shard_end 61 1790814309.311241006
shard_start 62 1790814309.317751779
shard_end 32 1790814309.332121089
shard_start 58 1790814309.336134155
shard_end 56 1790814309.352727934
shard_start 43 1790814309.359449170
shard_end 62 1790814309.370202195
shard_start 48 1790814309.379800110
shard_end 58 1790814309.388018169
shard_start 60 1790814309.402635039
shard_end 43 1790814309.411183563
shard_start 47 1790814309.416535520
shard_end 48 1790814309.431589320
shard_start 53 1790814309.435831432
shard_end 60 1790814309.454313317
shard_start 25 1790814309.457304939
shard_end 47 1790814309.469066018
shard_start 59 1790814309.480657685
shard_end 53 1790814309.487869448
shard_start 70 1790814309.505467750
shard_end 25 1790814309.508992797
shard_start 82 1790814309.520118231
shard_end 59 1790814309.532777053
shard_start 75 1790814309.538874992
shard_start 71 1790814309.554841206
shard_end 70 1790814309.557119151
shard_end 82 1790814309.572039482
shard_start 67 1790814309.575764872
shard_end 75 1790814309.590884007
shard_start 92 1790814309.599126085
shard_end 71 1790814309.607185623
shard_start 77 1790814309.619920049
shard_end 67 1790814309.627905314
shard_start 81 1790814309.638815332
shard_end 92 1790814309.651030686
shard_start 66 1790814309.654172968
shard_end 77 1790814309.688639151
shard_end 81 1790814309.691044061
shard_end 66 1790814309.705994190
shard_start 88 1790814309.709988228
shard_start 87 1790814309.721652119
shard_start 76 1790814309.742192386
shard_start 95 1790814309.761500175
shard_end 88 1790814309.762045453
shard_end 87 1790814309.774506062
shard_start 68 1790814309.785274975
shard_end 76 1790814309.794314506
shard_start 90 1790814309.805664708
shard_end 95 1790814309.813404793
shard_start 65 1790814309.821644259
shard_end 68 1790814309.837086276
shard_start 94 1790814309.840790217
shard_end 90 1790814309.858153826
shard_start 73 1790814309.860499577
shard_end 65 1790814309.874164168
shard_start 86 1790814309.884100016
shard_end 94 1790814309.893017115
shard_start 85 1790814309.906011114
shard_end 73 1790814309.912761497
shard_start 97 1790814309.927446163
shard_end 86 1790814309.936291572
shard_start 98 1790814309.944142670
shard_end 85 1790814309.957780773
shard_start 80 1790814309.960526323
shard_end 97 1790814309.979297675
shard_start 74 1790814309.981286673
shard_end 98 1790814309.996899783
shard_start 69 1790814310.000599134
shard_end 80 1790814310.012574005
shard_start 64 1790814310.022786368
shard_end 74 1790814310.033657673
shard_start 78 1790814310.045155712
shard_end 69 1790814310.052575329
shard_start 96 1790814310.064524414
shard_end 64 1790814310.074717776
shard_start 79 1790814310.080099029
shard_end 78 1790814310.097375970
shard_start 72 1790814310.097821822
shard_end 96 1790814310.116784412
shard_start 91 1790814310.119628490
shard_end 79 1790814310.132277080
shard_start 83 1790814310.141940535
shard_end 72 1790814310.150046792
shard_start 99 1790814310.166994261
shard_end 91 1790814310.171931419
shard_start 84 1790814310.186415394
shard_end 83 1790814310.193885283
shard_start 89 1790814310.204924534
shard_end 99 1790814310.218875692
shard_end 84 1790814310.238249879
shard_end 89 1790814310.256786839
