shard_start 4 1790814165.146809937
shard_start 1 1790814165.168583584
shard_start 0 1790814165.176263762
shard_start 7 1790814165.190921572
shard_end 4 1790814165.198851959
shard_start 5 1790814165.211492911
shard_end 1 1790814165.220850667
shard_start 2 1790814165.224206701
shard_end 0 1790814165.228425626
shard_start 3 1790814165.232547260
shard_end 7 1790814165.242896422
shard_start 6 1790814165.249727413
shard_end 5 1790814165.263420407
shard_end 2 1790814165.276184525
shard_end 3 1790814165.284426255
shard_end 6 1790814165.301660481
shard_start 12 1790814165.310136423
shard_start 8 1790814165.353359242
shard_end 12 1790814165.361834864
shard_start 9 1790814165.362754899
shard_start 10 1790814165.386299732
shard_end 8 1790814165.405259618
shard_start 15 1790814165.406385483
shard_end 9 1790814165.414961758
shard_start 11 1790814165.429948382
shard_end 10 1790814165.438413541
shard_start 13 1790814165.438675604
shard_end 15 1790814165.458894930
shard_start 14 1790814165.459993396
shard_end 11 1790814165.482220031
shard_end 13 1790814165.490691799
shard_start 20 1790814165.490971595
shard_end 14 1790814165.512183447
shard_start 17 1790814165.532206517
shard_start 16 1790814165.542505722
shard_end 20 1790814165.542785912
shard_start 23 1790814165.559727901
shard_start 18 1790814165.581458790
shard_end 17 1790814165.584049812
shard_end 16 1790814165.594842581
shard_start 19 1790814165.596032571
shard_start 21 1790814165.605007169
shard_end 23 1790814165.612670423
shard_start 22 1790814165.615645633
shard_start 28 1790814165.631298899
shard_end 18 1790814165.633185651
shard_end 19 1790814165.648524449
shard_start 31 1790814165.655100103
shard_end 21 1790814165.656738469
shard_end 22 1790814165.667799705
shard_start 25 1790814165.670687879
shard_start 24 1790814165.680983805
shard_end 28 1790814165.683279941
shard_start 26 1790814165.695036405
shard_end 31 1790814165.707001157
shard_start 27 1790814165.721898913
shard_end 25 1790814165.722506171
shard_start 29 1790814165.729533668
shard_end 24 1790814165.732889491
shard_start 30 1790814165.745496940
shard_end 26 1790814165.747500419
shard_end 27 1790814165.773827403
shard_end 29 1790814165.781545587
shard_end 30 1790814165.797559501
shard_start 37 1790814168.575285315
shard_start 36 1790814168.575818211
shard_start 44 1790814168.575836755
shard_start 33 1790814168.575919843
shard_start 32 1790814168.576381737
shard_start 38 1790814168.576495029
shard_start 39 1790814168.576549183
shard_start 35 1790814168.577020748
shard_start 34 1790814168.577673091
shard_start 47 1790814168.587781194
shard_start 40 1790814168.609001711
shard_start 41 1790814168.622964675
shard_end 44 1790814168.627904506
shard_end 32 1790814168.628253189
shard_end 37 1790814168.628325366
shard_end 36 1790814168.628375156
shard_end 38 1790814168.628779054
shard_end 35 1790814168.628837365
shard_end 39 1790814168.628875305
shard_end 33 1790814168.628945950
shard_end 34 1790814168.629856455
shard_end 47 1790814168.639913754
shard_start 43 1790814168.643943489
shard_start 42 1790814168.653549555
shard_end 40 1790814168.661949913
shard_start 45 1790814168.665374470
shard_start 46 1790814168.671672310
shard_end 41 1790814168.675040096
shard_start 52 1790814168.687160641
shard_end 43 1790814168.696171328
shard_start 49 1790814168.704423332
shard_end 42 1790814168.705330634
shard_end 45 1790814168.717235777
shard_start 48 1790814168.722860262
shard_end 46 1790814168.723320442
shard_end 52 1790814168.739365616
shard_start 53 1790814168.742510689
shard_end 49 1790814168.756594305
shard_start 55 1790814168.758937510
shard_start 51 1790814168.774654022
shard_end 48 1790814168.774908732
shard_start 54 1790814168.791488702
shard_end 53 1790814168.794306403
shard_start 50 1790814168.797788112
shard_end 55 1790814168.811161265
shard_start 60 1790814168.818739503
shard_end 51 1790814168.826732153
shard_end 54 1790814168.843561628
shard_start 57 1790814168.844787809
shard_end 50 1790814168.849714982
shard_start 56 1790814168.860652131
shard_end 60 1790814168.870698500
shard_start 61 1790814168.881724899
shard_end 57 1790814168.896439338
shard_start 63 1790814168.897126570
shard_end 56 1790814168.912627161
shard_start 59 1790814168.917958790
shard_end 61 1790814168.934018917
shard_start 58 1790814168.936897350
shard_start 62 1790814168.946306822
shard_end 63 1790814168.948846895
shard_end 59 1790814168.970727618
shard_end 58 1790814168.988747351
shard_end 62 1790814168.998103415
shard_start 68 1790814171.555757205
shard_start 65 1790814171.566695824
shard_start 64 1790814171.575427011
shard_start 69 1790814171.585223509
shard_start 67 1790814171.596328475
shard_start 71 1790814171.605126597
shard_end 68 1790814171.607415148
shard_start 66 1790814171.613541453
shard_end 65 1790814171.618506138
shard_start 70 1790814171.619618478
shard_end 64 1790814171.627543978
shard_end 69 1790814171.637199304
shard_end 67 1790814171.648227866
shard_end 71 1790814171.656998147
shard_end 66 1790814171.665577423
shard_start 76 1790814171.667529532
shard_end 70 1790814171.671552625
shard_start 72 1790814171.678935372
shard_start 73 1790814171.688858731
shard_start 79 1790814171.706461364
shard_end 76 1790814171.719561682
shard_start 77 1790814171.724527735
shard_end 72 1790814171.730847002
shard_start 75 1790814171.737806366
shard_end 73 1790814171.740605679
shard_start 74 1790814171.753090021
shard_end 79 1790814171.758086342
shard_start 78 1790814171.759017917
shard_end 77 1790814171.776480341
shard_start 84 1790814171.779045914
shard_end 75 1790814171.789667174
shard_start 80 1790814171.792053885
shard_end 74 1790814171.804759755
shard_start 87 1790814171.805676844
shard_end 78 1790814171.811381561
shard_start 81 1790814171.818603628
shard_end 84 1790814171.831386396
shard_start 85 1790814171.837620580
shard_end 80 1790814171.844811122
shard_start 83 1790814171.849818088
shard_end 87 1790814171.857634029
shard_start 82 1790814171.863108861
shard_end 81 1790814171.870591676
shard_start 86 1790814171.874250800
shard_end 85 1790814171.889646291
shard_start 92 1790814171.890838269
shard_end 83 1790814171.901718172
shard_start 88 1790814171.903971649
shard_end 82 1790814171.915242099
shard_start 95 1790814171.916611885
shard_end 86 1790814171.926769750
shard_start 93 1790814171.929858133
shard_end 92 1790814171.943376914
shard_start 89 1790814171.949882867
shard_end 88 1790814171.955895505
shard_start 91 1790814171.961268551
shard_end 95 1790814171.968479011
shard_start 90 1790814171.974264838
shard_end 93 1790814171.981896774
shard_start 94 1790814171.985046621
shard_end 89 1790814172.001740453
shard_end 91 1790814172.013267592
shard_end 90 1790814172.026595434
shard_end 94 1790814172.036825065
shard_start 96 1790814174.743853642
shard_start 97 1790814174.748829878
shard_start 99 1790814174.758402379
shard_start 98 1790814174.766823311
shard_end 96 1790814174.795835170
shard_end 97 1790814174.800521487
shard_end 99 1790814174.810518677
shard_end 98 1790814174.818783203
agg_start 0 1790814177.320966702
agg_end 0 1790814177.323918424
