shard_start 0 1790813839.431925943
shard_start 1 1790813839.448981756
shard_start 2 1790813839.464826428
shard_start 3 1790813839.476462252
shard_end 0 1790813839.483964356
shard_start 4 1790813839.500467865
shard_end 1 1790813839.500611463
shard_end 2 1790813839.516857389
shard_start 6 1790813839.519126167
shard_end 3 1790813839.528505081
shard_start 5 1790813839.537382092
shard_end 4 1790813839.552409656
shard_start 7 1790813839.556464903
shard_end 6 1790813839.570862349
shard_start 8 1790813839.571210459
shard_start 11 1790813839.588660598
shard_end 5 1790813839.589036091
shard_start 10 1790813839.603215730
shard_end 7 1790813839.608500925
shard_start 12 1790813839.618482197
shard_end 8 1790813839.623141123
shard_start 9 1790813839.636785578
shard_end 11 1790813839.640425972
shard_start 14 1790813839.654270227
shard_end 10 1790813839.654983218
shard_end 12 1790813839.670470715
shard_start 13 1790813839.673082176
shard_end 9 1790813839.688489789
shard_start 15 1790813839.689367081
shard_end 14 1790813839.706749035
shard_start 19 1790813839.710319012
shard_start 16 1790813839.722624170
shard_end 13 1790813839.725087546
shard_start 18 1790813839.738008707
shard_end 15 1790813839.741081839
shard_start 20 1790813839.759821042
shard_end 19 1790813839.761912958
shard_start 17 1790813839.771580608
shard_end 16 1790813839.774365570
shard_end 18 1790813839.789907683
shard_start 22 1790813839.790965250
shard_start 21 1790813839.809819957
shard_end 20 1790813839.811458422
shard_end 17 1790813839.823478044
shard_start 23 1790813839.825881812
shard_start 27 1790813839.841151996
shard_end 22 1790813839.842525307
shard_start 24 1790813839.858096703
shard_end 21 1790813839.861736114
shard_start 26 1790813839.871071038
shard_end 23 1790813839.877704303
shard_start 25 1790813839.885521968
shard_end 27 1790813839.892974928
shard_start 28 1790813839.902605757
shard_end 24 1790813839.910478076
shard_end 26 1790813839.923114453
shard_start 31 1790813839.923263312
shard_start 29 1790813839.936856044
shard_end 25 1790813839.937067016
shard_start 30 1790813839.950981197
shard_end 28 1790813839.954878468
shard_end 31 1790813839.975193129
shard_end 29 1790813839.988816106
shard_end 30 1790813840.002990384
shard_start 35 1790813845.829502374
shard_start 32 1790813845.837060887
shard_start 34 1790813845.851121591
shard_start 33 1790813845.863376767
shard_start 36 1790813845.873754515
shard_end 35 1790813845.882013437
shard_start 37 1790813845.884668009
shard_end 32 1790813845.889020009
shard_start 38 1790813845.896876299
shard_end 34 1790813845.903066302
shard_start 39 1790813845.912715919
shard_end 33 1790813845.915123457
shard_start 43 1790813845.925077984
shard_end 36 1790813845.925551346
shard_start 40 1790813845.934999808
shard_end 37 1790813845.936222116
shard_start 41 1790813845.944934702
shard_end 38 1790813845.948731049
shard_start 42 1790813845.959468380
shard_end 39 1790813845.964621746
shard_start 47 1790813845.970588022
shard_end 43 1790813845.977051149
shard_start 45 1790813845.983648231
shard_end 40 1790813845.986838015
shard_start 46 1790813845.994034850
shard_end 41 1790813845.996720668
shard_start 44 1790813846.008362687
shard_end 42 1790813846.011560894
shard_end 47 1790813846.022499798
shard_start 48 1790813846.024176998
shard_start 51 1790813846.033697568
shard_end 45 1790813846.035338673
shard_end 46 1790813846.046133683
shard_start 49 1790813846.049107219
shard_end 44 1790813846.060158502
shard_start 54 1790813846.060627187
shard_start 50 1790813846.071979592
shard_end 48 1790813846.076158079
shard_end 51 1790813846.085603737
shard_start 52 1790813846.087459692
shard_start 55 1790813846.097889384
shard_end 49 1790813846.100987624
shard_start 53 1790813846.110646493
shard_end 54 1790813846.112705974
shard_end 50 1790813846.123777931
shard_start 56 1790813846.123937694
shard_start 59 1790813846.136132303
shard_end 52 1790813846.139190038
shard_start 57 1790813846.149474260
shard_end 55 1790813846.149703946
shard_end 53 1790813846.162496073
shard_start 62 1790813846.163435759
shard_start 58 1790813846.174533329
shard_end 56 1790813846.175871364
shard_start 60 1790813846.186462805
shard_end 59 1790813846.188066681
shard_start 63 1790813846.195859453
shard_end 57 1790813846.202405606
shard_start 61 1790813846.203860130
shard_end 62 1790813846.215384962
shard_end 58 1790813846.226497390
shard_end 60 1790813846.238833238
shard_end 63 1790813846.248472288
shard_end 61 1790813846.255700200
shard_start 64 1790813849.171626114
shard_start 67 1790813849.182388026
shard_start 70 1790813849.194881176
shard_start 68 1790813849.206685755
shard_end 64 1790813849.223514822
shard_start 65 1790813849.225509250
shard_end 67 1790813849.234699256
shard_start 71 1790813849.239395161
shard_end 70 1790813849.247305023
shard_start 66 1790813849.251446617
shard_end 68 1790813849.258645976
shard_start 69 1790813849.267701272
shard_end 65 1790813849.278208824
shard_start 72 1790813849.279894868
shard_end 71 1790813849.291874671
shard_start 75 1790813849.293380863
shard_end 66 1790813849.303433777
shard_start 78 1790813849.307459343
shard_end 69 1790813849.320010701
shard_start 76 1790813849.322103139
shard_end 72 1790813849.331905216
shard_start 74 1790813849.336978885
shard_end 75 1790813849.345356539
shard_end 78 1790813849.359634138
shard_start 73 1790813849.362059325
shard_start 79 1790813849.369922246
shard_end 76 1790813849.374201506
shard_start 80 1790813849.385428126
shard_end 74 1790813849.388949956
shard_start 77 1790813849.395822813
shard_end 73 1790813849.414059672
shard_start 83 1790813849.415837829
shard_end 79 1790813849.422205168
shard_start 86 1790813849.423530573
shard_end 80 1790813849.437405307
shard_start 81 1790813849.438610916
shard_end 77 1790813849.447782026
shard_start 82 1790813849.452347094
shard_start 84 1790813849.465047447
shard_end 83 1790813849.467613077
shard_end 86 1790813849.475795024
shard_start 87 1790813849.482742015
shard_end 81 1790813849.490549208
shard_start 85 1790813849.493557635
shard_start 88 1790813849.503833245
shard_end 82 1790813849.504481404
shard_end 84 1790813849.517330616
shard_start 91 1790813849.520627955
shard_start 94 1790813849.531271696
shard_end 87 1790813849.534808460
shard_end 85 1790813849.545438016
shard_start 90 1790813849.545438120
shard_end 88 1790813849.555876483
shard_start 89 1790813849.557118327
shard_end 91 1790813849.573170204
shard_start 92 1790813849.573530086
shard_start 95 1790813849.578370688
shard_end 94 1790813849.583418952
shard_start 93 1790813849.592601702
shard_end 90 1790813849.597426194
shard_end 89 1790813849.609032064
shard_end 92 1790813849.625472507
shard_end 95 1790813849.630203846
shard_end 93 1790813849.645258038
shard_start 96 1790813852.557279479
shard_start 99 1790813852.562339204
shard_start 102 1790813852.575192859
shard_start 98 1790813852.585272499
shard_start 100 1790813852.595336018
shard_start 103 1790813852.608423930
shard_end 96 1790813852.609108597
shard_end 99 1790813852.614206575
shard_start 97 1790813852.624282111
shard_end 102 1790813852.627738504
shard_start 101 1790813852.635256272
shard_end 98 1790813852.637336859
shard_end 100 1790813852.647133093
shard_start 104 1790813852.648214914
shard_start 107 1790813852.657784958
shard_end 103 1790813852.660139171
shard_start 110 1790813852.673406455
shard_end 97 1790813852.676068558
shard_start 106 1790813852.683088468
shard_end 101 1790813852.687091395
shard_end 104 1790813852.699961974
shard_start 111 1790813852.700552663
shard_start 105 1790813852.709391898
shard_end 107 1790813852.709615546
shard_start 108 1790813852.723431970
shard_end 110 1790813852.725149209
shard_end 106 1790813852.735047725
shard_start 112 1790813852.738342128
shard_start 109 1790813852.749803653
shard_end 111 1790813852.752471859
shard_end 105 1790813852.762028913
shard_start 115 1790813852.762840479
shard_start 114 1790813852.774936550
shard_end 108 1790813852.775116147
shard_end 112 1790813852.790021599
shard_start 118 1790813852.791404808
shard_end 109 1790813852.801644970
shard_start 116 1790813852.803173485
shard_end 115 1790813852.814449853
shard_start 113 1790813852.815478577
shard_end 114 1790813852.827018635
shard_start 119 1790813852.827239097
shard_end 118 1790813852.843326710
shard_start 120 1790813852.843660306
shard_start 117 1790813852.851382177
shard_end 116 1790813852.854948845
shard_end 113 1790813852.867697839
shard_start 123 1790813852.868840468
shard_start 124 1790813852.878822230
shard_end 119 1790813852.878822113
shard_end 120 1790813852.895667336
shard_start 122 1790813852.897286913
shard_end 117 1790813852.903041344
shard_start 126 1790813852.903610502
shard_start 121 1790813852.918857856
shard_end 123 1790813852.920546448
shard_end 124 1790813852.930800562
shard_start 127 1790813852.932957820
shard_start 128 1790813852.944781669
shard_end 122 1790813852.949314298
shard_end 126 1790813852.955455808
shard_end 121 1790813852.970766676
shard_end 127 1790813852.984944934
shard_end 128 1790813852.996681567
shard_start 125 1790813855.900762351
shard_start 132 1790813855.910210277
shard_start 130 1790813855.922853652
shard_start 131 1790813855.931436988
shard_start 129 1790813855.946773718
shard_end 125 1790813855.952725944
shard_start 135 1790813855.956867263
shard_end 132 1790813855.962042669
shard_start 136 1790813855.973283029
shard_end 130 1790813855.974563267
shard_end 131 1790813855.983885454
shard_start 134 1790813855.986256140
shard_end 129 1790813855.998866400
shard_start 133 1790813856.003948877
shard_end 135 1790813856.008973178
shard_start 140 1790813856.010026002
shard_end 136 1790813856.025355107
shard_start 138 1790813856.030957815
shard_start 139 1790813856.038032100
shard_end 134 1790813856.038546971
shard_start 143 1790813856.053513602
shard_end 133 1790813856.055576557
shard_end 140 1790813856.062972756
shard_start 144 1790813856.066252722
shard_start 141 1790813856.081443918
shard_end 138 1790813856.082680457
shard_start 142 1790813856.087974453
shard_end 139 1790813856.089653243
shard_start 146 1790813856.104208404
shard_end 143 1790813856.105768067
shard_start 137 1790813856.111966365
shard_end 144 1790813856.118053763
shard_start 148 1790813856.131243257
shard_end 141 1790813856.133131721
shard_end 142 1790813856.139926743
shard_start 147 1790813856.144157919
shard_end 146 1790813856.156131090
shard_start 151 1790813856.157546479
shard_end 137 1790813856.163890598
shard_start 152 1790813856.167898672
shard_end 148 1790813856.183201116
shard_start 149 1790813856.184790052
shard_start 150 1790813856.191602788
shard_end 147 1790813856.196014250
shard_start 145 1790813856.209269542
shard_end 151 1790813856.209329881
shard_start 154 1790813856.216208420
shard_end 152 1790813856.219925866
shard_start 156 1790813856.227724055
shard_end 149 1790813856.236731486
shard_end 150 1790813856.243182597
shard_start 155 1790813856.244221177
shard_start 160 1790813856.256236270
shard_end 145 1790813856.261997333
shard_start 159 1790813856.267333204
shard_end 154 1790813856.267951701
shard_end 156 1790813856.279356783
shard_start 158 1790813856.280304679
shard_start 153 1790813856.286875837
shard_end 155 1790813856.296501453
shard_end 160 1790813856.308496619
shard_end 159 1790813856.319261823
shard_end 158 1790813856.332290119
shard_end 153 1790813856.338853577
shard_start 157 1790813859.253174992
shard_start 162 1790813859.262740473
shard_start 164 1790813859.275642015
shard_start 163 1790813859.289126165
shard_start 168 1790813859.300714460
shard_end 157 1790813859.305141695
shard_start 167 1790813859.311366624
shard_end 162 1790813859.314469442
shard_start 166 1790813859.325463362
shard_end 164 1790813859.327296607
shard_start 161 1790813859.334830211
shard_end 163 1790813859.341132642
shard_start 165 1790813859.351085768
shard_end 168 1790813859.352367234
shard_end 167 1790813859.363443048
shard_start 170 1790813859.364587833
shard_start 172 1790813859.376878115
shard_end 166 1790813859.377952552
shard_end 161 1790813859.386726200
shard_start 171 1790813859.389789850
shard_start 176 1790813859.397802359
shard_end 165 1790813859.403080232
shard_start 175 1790813859.409845817
shard_end 170 1790813859.416631865
shard_start 174 1790813859.425408718
shard_end 172 1790813859.428807024
shard_start 173 1790813859.436581937
shard_end 171 1790813859.441866797
shard_end 176 1790813859.449878210
shard_start 169 1790813859.452712018
shard_end 175 1790813859.462023317
shard_start 179 1790813859.463290426
shard_end 174 1790813859.477470353
shard_start 178 1790813859.481155774
shard_end 173 1790813859.488703237
shard_start 184 1790813859.491154484
shard_start 180 1790813859.498665103
shard_end 169 1790813859.504873586
shard_start 182 1790813859.514145404
shard_end 179 1790813859.515412509
shard_start 181 1790813859.521274864
shard_end 178 1790813859.533494413
shard_start 183 1790813859.537646167
shard_end 184 1790813859.542958494
shard_end 180 1790813859.550631143
shard_start 177 1790813859.551946698
shard_start 187 1790813859.562870843
shard_end 182 1790813859.565978107
shard_end 181 1790813859.573286117
shard_start 192 1790813859.583691215
shard_end 183 1790813859.589537187
shard_start 188 1790813859.592486496
shard_start 186 1790813859.599434688
shard_end 177 1790813859.603850519
shard_start 189 1790813859.612123475
shard_end 187 1790813859.614670919
shard_start 190 1790813859.619187799
shard_start 191 1790813859.631004190
shard_end 192 1790813859.635667919
shard_end 188 1790813859.644406686
shard_end 186 1790813859.651190679
shard_end 189 1790813859.664051956
shard_end 190 1790813859.671290685
shard_end 191 1790813859.683052748
shard_start 185 1790813862.588126336
shard_start 195 1790813862.598595324
shard_start 196 1790813862.609865984
shard_start 194 1790813862.620501575
shard_start 200 1790813862.631130850
shard_end 185 1790813862.640214426
shard_start 197 1790813862.647522645
shard_end 195 1790813862.650258187
shard_start 198 1790813862.654535658
shard_end 196 1790813862.661905767
shard_start 199 1790813862.670156790
shard_end 194 1790813862.672267741
shard_start 193 1790813862.680365782
shard_end 200 1790813862.682953187
shard_start 203 1790813862.697012255
shard_end 197 1790813862.699454661
shard_end 198 1790813862.706418541
shard_start 204 1790813862.711589633
shard_end 199 1790813862.721836328
shard_start 208 1790813862.723065567
shard_end 193 1790813862.732221242
shard_start 202 1790813862.734233923
shard_end 203 1790813862.748890218
shard_start 206 1790813862.751417791
shard_start 205 1790813862.761651396
shard_end 204 1790813862.763177179
shard_start 207 1790813862.774096671
shard_end 208 1790813862.774965749
shard_end 202 1790813862.786110976
shard_start 201 1790813862.787209196
shard_end 206 1790813862.803177526
shard_start 211 1790813862.804389733
shard_end 205 1790813862.813722272
shard_start 212 1790813862.816561252
shard_end 207 1790813862.826041038
shard_start 210 1790813862.833409325
shard_end 201 1790813862.839593163
shard_start 216 1790813862.852770689
shard_end 211 1790813862.856511309
shard_start 213 1790813862.867352227
shard_end 212 1790813862.868093437
shard_start 215 1790813862.878816060
shard_end 210 1790813862.885323926
shard_start 214 1790813862.893209742
shard_end 216 1790813862.904674570
shard_start 209 1790813862.912266832
shard_end 213 1790813862.919278791
shard_start 219 1790813862.920417220
shard_end 215 1790813862.930762392
shard_start 220 1790813862.935888925
shard_end 214 1790813862.945081552
shard_start 218 1790813862.946222739
shard_start 224 1790813862.962980323
shard_end 209 1790813862.964016967
shard_end 219 1790813862.972424996
shard_start 221 1790813862.977367318
shard_start 223 1790813862.986545805
shard_end 220 1790813862.987538185
shard_start 222 1790813862.998121097
shard_end 218 1790813862.998352164
shard_end 224 1790813863.015063790
shard_end 221 1790813863.029352236
shard_end 223 1790813863.038408851
shard_end 222 1790813863.050290232
shard_start 217 1790813866.081726654
shard_start 227 1790813866.089662818
shard_start 228 1790813866.103061167
shard_start 226 1790813866.109981193
shard_start 232 1790813866.125225152
shard_end 217 1790813866.133384274
shard_start 229 1790813866.133579920
shard_end 227 1790813866.141586753
shard_start 230 1790813866.149192676
shard_end 228 1790813866.154970890
shard_start 231 1790813866.159675505
shard_end 226 1790813866.161713976
shard_start 225 1790813866.174241966
shard_end 232 1790813866.177192114
shard_start 236 1790813866.185128847
shard_end 229 1790813866.185409303
shard_start 235 1790813866.198760996
shard_end 230 1790813866.200934790
shard_start 240 1790813866.210006154
shard_end 231 1790813866.211255980
shard_start 234 1790813866.222985652
shard_end 225 1790813866.225962097
shard_end 236 1790813866.237199846
shard_start 238 1790813866.238284943
shard_start 237 1790813866.250273688
shard_end 235 1790813866.251063380
shard_start 239 1790813866.262462702
shard_end 240 1790813866.262425818
shard_end 234 1790813866.274930652
shard_start 233 1790813866.279086910
shard_end 238 1790813866.290437005
shard_start 243 1790813866.293762761
shard_end 237 1790813866.302155029
shard_start 248 1790813866.308703222
shard_end 239 1790813866.314335374
shard_start 244 1790813866.321365604
shard_end 233 1790813866.330974661
shard_start 242 1790813866.336298473
shard_end 243 1790813866.345566849
shard_start 246 1790813866.346265163
shard_start 245 1790813866.359938900
shard_end 248 1790813866.360667982
shard_start 247 1790813866.372732220
shard_end 244 1790813866.373232737
shard_start 241 1790813866.385542820
shard_end 242 1790813866.388226335
shard_end 246 1790813866.398085370
shard_start 252 1790813866.398351286
shard_end 245 1790813866.412483876
shard_start 251 1790813866.416798189
shard_end 247 1790813866.424395682
shard_start 256 1790813866.424431613
shard_end 241 1790813866.437612586
shard_start 253 1790813866.438757826
shard_start 255 1790813866.447059621
shard_end 252 1790813866.450718116
shard_start 254 1790813866.459928641
shard_start 250 1790813866.465463737
shard_end 251 1790813866.468577380
shard_end 256 1790813866.476656331
shard_end 253 1790813866.491127105
shard_end 255 1790813866.498963476
shard_end 254 1790813866.511879621
shard_end 250 1790813866.517440773
shard_start 249 1790813869.440146971
shard_start 260 1790813869.443231811
shard_start 259 1790813869.456091432
shard_start 264 1790813869.463692228
shard_start 261 1790813869.479427091
shard_end 249 1790813869.492875179
shard_start 258 1790813869.494112646
shard_end 260 1790813869.495215009
shard_start 263 1790813869.504476440
shard_end 259 1790813869.508708732
shard_end 264 1790813869.515533263
shard_start 262 1790813869.516706926
shard_start 257 1790813869.527847834
shard_end 261 1790813869.531406217
shard_start 268 1790813869.542918238
shard_end 258 1790813869.546258364
shard_start 267 1790813869.555589096
shard_end 263 1790813869.556230769
shard_start 272 1790813869.562696070
shard_end 262 1790813869.569190549
shard_end 257 1790813869.580217078
shard_start 269 1790813869.581444608
shard_end 268 1790813869.594944471
shard_start 270 1790813869.597717295
shard_start 266 1790813869.605737376
shard_end 267 1790813869.607149157
shard_end 272 1790813869.614799960
shard_start 271 1790813869.622159535
shard_end 269 1790813869.633220800
shard_start 265 1790813869.634754376
shard_start 276 1790813869.649163150
shard_end 270 1790813869.649516351
shard_end 266 1790813869.657559113
shard_start 275 1790813869.657705820
shard_start 277 1790813869.673502577
shard_end 271 1790813869.673896786
shard_start 280 1790813869.683115659
shard_end 265 1790813869.686829175
shard_end 276 1790813869.701100886
shard_start 274 1790813869.701403829
shard_end 275 1790813869.709577919
shard_start 273 1790813869.711344564
shard_end 277 1790813869.725357216
shard_start 279 1790813869.726898400
shard_end 280 1790813869.735205400
shard_start 284 1790813869.740368841
shard_start 278 1790813869.750601034
shard_end 274 1790813869.753513680
shard_end 279 1790813870.315106084
shard_end 284 1790813870.315106116
shard_start 288 1790813870.317648922
shard_start 282 1790813870.317946457
shard_start 283 1790813870.318257942
shard_start 285 1790813870.318560677
shard_end 283 1790813870.369886667
shard_end 273 1790813870.417914369
shard_end 278 1790813870.417914349
shard_start 287 1790813870.434920637
shard_start 281 1790813870.434920666
shard_end 282 1790813870.438655538
shard_end 288 1790813870.438851380
shard_end 285 1790813870.439036320
shard_end 281 1790813870.487012865
shard_end 287 1790813870.487012845
shard_start 292 1790813872.783585043
shard_start 286 1790813872.794595755
shard_start 291 1790813872.804089006
shard_start 293 1790813872.813700026
shard_start 290 1790813872.827618952
shard_end 292 1790813872.835836826
shard_start 296 1790813872.837637261
shard_end 286 1790813872.846519110
shard_start 289 1790813872.853036391
shard_end 291 1790813872.856214292
shard_end 293 1790813872.865649679
shard_start 295 1790813872.871409096
shard_end 290 1790813872.879576034
shard_start 300 1790813872.886753574
shard_end 296 1790813872.889634751
shard_start 294 1790813872.894200054
shard_end 289 1790813872.905172865
shard_start 301 1790813872.907516165
shard_start 298 1790813872.921744081
shard_end 295 1790813872.923021900
shard_start 299 1790813872.933540416
shard_end 300 1790813872.938753985
shard_end 294 1790813872.946017631
shard_start 304 1790813872.946191500
shard_end 301 1790813872.959470640
shard_start 297 1790813872.959751888
shard_start 308 1790813872.971202727
shard_end 298 1790813872.973498019
shard_start 303 1790813872.983969036
shard_end 299 1790813872.985375879
shard_start 302 1790813872.995273107
shard_end 304 1790813872.997858369
shard_start 306 1790813873.009092790
shard_end 297 1790813873.011946855
shard_start 309 1790813873.020479908
shard_end 308 1790813873.023016218
shard_start 307 1790813873.031962192
shard_end 303 1790813873.035942794
shard_start 312 1790813873.041084489
shard_end 302 1790813873.046876801
shard_end 306 1790813873.061127992
shard_end 309 1790813873.072643758
shard_end 307 1790813873.084052275
shard_end 312 1790813873.093057952
shard_start 305 1790813873.999206563
shard_end 305 1790813874.050833807
shard_start 310 1790813875.004398828
shard_start 316 1790813875.014661898
shard_start 314 1790813875.027559593
shard_start 311 1790813875.034789311
shard_start 315 1790813875.052525292
shard_end 310 1790813875.056110974
shard_start 317 1790813875.064558364
shard_end 316 1790813875.066205545
shard_start 320 1790813875.077540927
shard_end 314 1790813875.079305937
shard_start 313 1790813875.084709626
shard_end 311 1790813875.086422943
shard_start 318 1790813875.095962120
shard_end 315 1790813875.104859287
shard_end 317 1790813875.116418688
shard_end 320 1790813875.129724162
shard_end 313 1790813875.136702911
shard_end 318 1790813875.148017616
shard_start 324 1790813878.987923673
shard_start 319 1790813878.997578069
shard_start 322 1790813879.010390821
shard_start 323 1790813879.025094069
shard_start 328 1790813879.034889225
shard_end 324 1790813879.039826346
shard_start 321 1790813879.045299995
shard_end 319 1790813879.049426990
shard_start 325 1790813879.059586578
shard_end 322 1790813879.062066058
shard_start 326 1790813879.071430605
shard_end 323 1790813879.077116931
shard_end 328 1790813879.086719372
shard_start 327 1790813879.087595738
shard_end 321 1790813879.097471018
shard_start 332 1790813879.101888867
shard_end 325 1790813879.111450724
shard_start 330 1790813879.113687210
shard_end 326 1790813879.123290407
shard_start 331 1790813879.127635651
shard_start 336 1790813879.136072915
shard_end 327 1790813879.139408178
shard_end 332 1790813879.154016495
shard_start 329 1790813879.154408288
shard_end 330 1790813879.166143277
shard_start 340 1790813879.168759675
shard_start 333 1790813879.175956728
shard_end 331 1790813879.179801695
shard_end 336 1790813879.188296906
shard_start 335 1790813879.191138565
shard_start 338 1790813879.202534844
shard_end 329 1790813879.206440827
shard_end 340 1790813879.221395350
shard_start 334 1790813879.222392287
shard_end 333 1790813879.227752226
shard_start 344 1790813879.230523121
shard_start 341 1790813879.240558715
shard_end 335 1790813879.243039583
shard_start 339 1790813879.252433791
shard_end 338 1790813879.254603825
shard_end 334 1790813879.274420168
shard_end 344 1790813879.283519182
shard_end 341 1790813879.292490452
shard_end 339 1790813879.304462496
shard_start 337 1790813880.203797445
shard_end 337 1790813880.255594960
shard_start 348 1790813881.213748464
shard_start 346 1790813881.223177359
shard_start 343 1790813881.233588936
shard_start 342 1790813881.245372514
shard_start 345 1790813881.262234436
shard_end 348 1790813881.265290105
shard_end 346 1790813881.274862786
shard_start 349 1790813881.278059425
shard_end 343 1790813881.285239302
shard_start 347 1790813881.285914474
shard_end 342 1790813881.297052805
shard_start 352 1790813881.298654288
shard_end 345 1790813881.313940498
shard_start 356 1790813881.314213573
shard_end 349 1790813881.330679194
shard_end 347 1790813881.337653125
shard_end 352 1790813881.350303721
shard_end 356 1790813881.366046468
shard_start 354 1790813882.268786267
shard_start 351 1790813882.279349933
shard_start 350 1790813882.290410412
shard_start 353 1790813882.301324424
shard_start 357 1790813882.313857023
shard_end 354 1790813882.320880226
shard_start 360 1790813882.328029916
shard_end 351 1790813882.331258348
shard_end 350 1790813882.342316455
shard_start 355 1790813882.343554682
shard_end 353 1790813882.352972579
shard_start 359 1790813882.353293701
shard_start 358 1790813882.366993224
shard_end 359 1790813882.405521679
shard_end 355 1790813882.411860518
shard_end 360 1790813882.412234083
shard_end 357 1790813882.412307831
shard_start 361 1790813882.412937227
shard_start 365 1790813882.413560916
shard_start 362 1790813882.413951558
shard_start 364 1790813882.414095362
shard_start 363 1790813882.424680830
shard_start 368 1790813882.442232016
shard_start 367 1790813882.454020894
shard_end 358 1790813882.463297277
shard_end 361 1790813882.464712086
shard_end 365 1790813882.465434835
shard_end 364 1790813882.466041740
shard_end 362 1790813882.466147596
shard_start 372 1790813882.468604056
shard_end 363 1790813882.476917558
shard_start 366 1790813882.483490331
shard_end 368 1790813882.494069694
shard_start 370 1790813882.495662037
shard_start 369 1790813882.505763409
shard_end 367 1790813882.506108083
shard_end 372 1790813882.520563937
shard_start 371 1790813882.522607392
shard_start 373 1790813882.527352968
shard_end 366 1790813882.535973461
shard_start 376 1790813882.541641427
shard_end 370 1790813882.547452767
shard_end 369 1790813882.557944308
shard_end 371 1790813882.574536778
shard_end 373 1790813882.579162699
shard_end 376 1790813882.593721674
shard_start 375 1790813884.493148816
shard_start 380 1790813884.500997853
shard_start 378 1790813884.510935771
shard_start 374 1790813884.521310363
shard_start 377 1790813884.535915875
shard_end 375 1790813884.545154198
shard_start 381 1790813884.550806166
shard_end 380 1790813884.552668819
shard_start 379 1790813884.561984930
shard_end 378 1790813884.562713113
shard_end 374 1790813884.573120008
shard_start 384 1790813884.574105349
shard_end 377 1790813884.587939111
shard_start 383 1790813884.587958151
shard_end 383 1790813884.671574891
shard_end 384 1790813884.671574894
shard_end 379 1790813884.672010876
shard_end 381 1790813884.672176685
shard_start 382 1790813885.541145367
shard_start 385 1790813885.552141996
shard_start 388 1790813885.563838550
shard_start 389 1790813885.582310027
shard_end 382 1790813885.592811488
shard_start 386 1790813885.593511257
shard_end 385 1790813885.603980564
shard_end 388 1790813885.615843505
shard_end 389 1790813885.634143393
shard_end 386 1790813885.645410957
shard_start 393 1790813885.677916433
shard_start 391 1790813885.678032935
shard_start 396 1790813885.678368209
shard_start 392 1790813885.678370824
shard_start 390 1790813885.678468647
shard_start 387 1790813885.678791795
shard_start 397 1790813885.693417975
shard_start 394 1790813885.706279237
shard_start 395 1790813885.718765056
shard_end 391 1790813885.729948690
shard_end 393 1790813885.729963517
shard_end 392 1790813885.730159921
shard_end 390 1790813885.730518592
shard_end 396 1790813885.730687584
shard_end 387 1790813885.730852541
shard_start 400 1790813885.732698665
shard_start 399 1790813885.739702915
shard_end 397 1790813885.745520951
shard_start 398 1790813885.753616024
shard_end 394 1790813885.758132806
shard_start 401 1790813885.767926372
shard_end 395 1790813885.770466153
shard_start 404 1790813885.782585627
shard_end 400 1790813885.785049429
shard_end 399 1790813885.791450450
shard_start 405 1790813885.798167007
shard_end 398 1790813885.805402548
shard_start 402 1790813885.812705518
shard_end 401 1790813885.819825343
shard_start 403 1790813885.822119322
shard_start 408 1790813885.832596500
shard_end 404 1790813885.834449925
shard_end 405 1790813885.850094630
shard_end 402 1790813885.865441603
shard_end 403 1790813885.874091780
shard_end 408 1790813885.884755936
shard_start 406 1790813887.789736691
shard_start 407 1790813887.800000849
shard_start 412 1790813887.810973960
shard_start 409 1790813887.825754861
shard_start 413 1790813887.840882313
shard_end 406 1790813887.842071837
shard_start 410 1790813887.851247252
shard_end 407 1790813887.851989352
shard_end 412 1790813887.862777611
shard_start 411 1790813887.863858522
shard_start 416 1790813887.874820113
shard_end 409 1790813887.877718997
shard_start 415 1790813887.886032502
shard_end 413 1790813887.892966517
shard_end 410 1790813887.903010615
shard_end 411 1790813887.915767246
shard_end 416 1790813887.926410253
shard_end 415 1790813887.937933371
shard_start 414 1790813888.853432632
shard_start 420 1790813888.864769907
shard_start 417 1790813888.877322240
shard_start 421 1790813888.884119611
shard_start 418 1790813888.903071412
shard_end 414 1790813888.905960726
shard_start 419 1790813888.914208046
shard_end 420 1790813888.916526781
shard_end 417 1790813888.929448800
shard_start 424 1790813888.930144822
shard_end 421 1790813888.935956804
shard_start 423 1790813888.937239208
shard_start 422 1790813888.954971575
shard_end 418 1790813888.955312170
shard_start 425 1790813888.963235920
shard_end 419 1790813888.966393415
shard_start 426 1790813888.977736915
shard_end 424 1790813888.981704061
shard_start 428 1790813888.982703861
shard_end 423 1790813888.989047778
shard_start 429 1790813889.006070291
shard_end 422 1790813889.006844109
shard_end 425 1790813889.014884284
shard_start 427 1790813889.015501604
shard_end 426 1790813889.029805580
shard_start 432 1790813889.031383796
shard_end 428 1790813889.034483010
shard_start 431 1790813889.038624843
shard_start 433 1790813889.052868739
shard_end 429 1790813889.058217416
shard_start 430 1790813889.064742263
shard_end 427 1790813889.067972065
shard_start 434 1790813889.078222049
shard_end 432 1790813889.083513394
shard_end 431 1790813889.090260571
shard_start 437 1790813889.091301544
shard_start 436 1790813889.103892340
shard_end 433 1790813889.105432164
shard_start 435 1790813889.114712174
shard_end 430 1790813889.116444843
shard_start 440 1790813889.128669044
shard_end 434 1790813889.130656795
shard_end 437 1790813889.143458885
shard_end 436 1790813889.155566380
shard_end 435 1790813889.166745666
shard_end 440 1790813889.180838453
shard_start 439 1790813891.084763151
shard_start 438 1790813891.098681319
shard_start 445 1790813891.111267015
shard_start 441 1790813891.123174930
shard_end 439 1790813891.136547930
shard_start 442 1790813891.136965582
shard_start 444 1790813891.148908772
shard_end 438 1790813891.150372825
shard_start 443 1790813891.161335938
shard_end 445 1790813891.162965436
shard_start 448 1790813891.170210967
shard_end 441 1790813891.174955819
shard_start 447 1790813891.183302481
shard_end 442 1790813891.189001051
shard_end 444 1790813891.200576302
shard_end 443 1790813891.213520259
shard_end 448 1790813891.221761643
shard_end 447 1790813891.235582289
shard_start 446 1790813892.142003259
shard_start 450 1790813892.153403114
shard_start 453 1790813892.164170158
shard_start 449 1790813892.173467032
shard_start 452 1790813892.188477033
shard_end 446 1790813892.194167520
shard_start 451 1790813892.202820565
shard_end 450 1790813892.205148865
shard_end 453 1790813892.215976389
shard_start 456 1790813892.216933615
shard_start 455 1790813892.224524106
shard_end 449 1790813892.225291094
shard_end 452 1790813892.240277598
shard_start 454 1790813892.241473383
shard_end 451 1790813892.254672681
shard_start 458 1790813892.256159763
shard_start 461 1790813892.268410653
shard_end 456 1790813892.269123924
shard_end 455 1790813892.276609880
shard_start 457 1790813892.280535000
shard_start 460 1790813892.291035408
shard_end 454 1790813892.293546353
shard_start 459 1790813892.305914069
shard_end 458 1790813892.308402542
shard_start 464 1790813892.317894613
shard_end 461 1790813892.320075975
shard_end 457 1790813892.332327976
shard_start 463 1790813892.333936471
shard_end 460 1790813892.342864445
shard_start 462 1790813892.346856571
shard_end 459 1790813892.357868517
shard_start 469 1790813892.362931342
shard_end 464 1790813892.369959265
shard_start 465 1790813892.374287739
shard_end 463 1790813892.386115792
shard_start 468 1790813892.388591000
shard_start 466 1790813892.396694192
shard_end 462 1790813892.398442494
shard_start 467 1790813892.409812684
shard_end 469 1790813892.415215276
shard_start 472 1790813892.421435862
shard_end 465 1790813892.426301205
shard_end 468 1790813892.440694870
shard_end 466 1790813892.448628391
shard_end 467 1790813892.461612793
shard_end 472 1790813892.473156614
shard_start 471 1790813894.384588697
shard_start 470 1790813894.394633448
shard_start 474 1790813894.407753579
shard_start 477 1790813894.421393336
shard_start 473 1790813894.430095282
shard_end 471 1790813894.436461620
shard_start 476 1790813894.442624090
shard_end 470 1790813894.446371970
shard_start 475 1790813894.453033076
shard_end 474 1790813894.459600156
shard_start 480 1790813894.466662136
shard_end 477 1790813894.473444535
shard_start 479 1790813894.477701972
shard_end 473 1790813894.481899474
shard_end 476 1790813894.494231105
shard_end 475 1790813894.504673155
shard_end 480 1790813894.518306868
shard_end 479 1790813894.529993659
shard_start 478 1790813895.432683486
shard_start 482 1790813895.445317622
shard_start 485 1790813895.455253485
shard_start 481 1790813895.469864435
shard_start 484 1790813895.480224484
shard_end 478 1790813895.484577917
shard_start 483 1790813895.495452053
shard_end 482 1790813895.496968549
shard_start 488 1790813895.506459785
shard_end 485 1790813895.506950738
shard_start 487 1790813895.520402695
shard_end 481 1790813895.521671412
shard_end 484 1790813895.532316691
shard_start 486 1790813895.535182324
shard_end 483 1790813895.547466538
shard_start 493 1790813895.554407733
shard_end 488 1790813895.558909566
shard_start 490 1790813895.562737083
shard_end 487 1790813895.572425366
shard_start 491 1790813895.579469782
shard_start 489 1790813895.586525562
shard_end 486 1790813895.586828653
shard_start 492 1790813895.597920537
shard_end 493 1790813895.606458756
shard_start 496 1790813895.609241650
shard_end 490 1790813895.614744081
shard_start 495 1790813895.624262113
shard_end 491 1790813895.631982038
shard_end 489 1790813895.638422542
shard_start 494 1790813895.641669126
shard_end 492 1790813895.650234527
shard_start 498 1790813895.655235011
shard_end 496 1790813895.661378942
shard_start 497 1790813895.664938591
shard_end 495 1790813895.676223978
shard_start 499 1790813895.680813223
shard_end 494 1790813895.693777181
shard_end 498 1790813895.707199389
shard_end 497 1790813895.716967924
shard_end 499 1790813895.733091800
agg_start 0 1790813897.869020004
agg_end 0 1790813897.874814933
