shard_start 1 1790814489.563211217
shard_start 3 1790814489.579453633
shard_start 0 1790814489.586079279
shard_start 4 1790814489.609318770
shard_end 1 1790814489.615953855
shard_start 6 1790814489.626846362
shard_end 3 1790814489.632037666
shard_start 2 1790814489.635729038
shard_end 0 1790814489.638314796
shard_start 7 1790814489.641747220
shard_start 5 1790814489.660103143
shard_end 4 1790814489.662073479
shard_end 6 1790814489.679365651
shard_end 2 1790814489.688300531
shard_end 7 1790814489.694402674
shard_end 5 1790814489.712883212
shard_start 8 1790814489.718738840
shard_start 9 1790814489.745750494
shard_start 12 1790814489.767491173
shard_end 8 1790814489.771021833
shard_start 11 1790814489.797299466
shard_end 9 1790814489.797975386
shard_start 14 1790814489.819255075
shard_end 12 1790814489.819838167
shard_start 15 1790814489.835849940
shard_start 13 1790814489.841580795
shard_end 11 1790814489.849814373
shard_start 10 1790814489.859802631
shard_end 14 1790814489.872108927
shard_end 15 1790814489.888493524
shard_end 13 1790814489.893764871
shard_start 20 1790814489.900298217
shard_end 10 1790814489.911862067
shard_start 17 1790814489.912080407
shard_start 16 1790814489.931159404
shard_start 22 1790814489.948359254
shard_end 20 1790814489.953466215
shard_start 19 1790814489.961227912
shard_end 17 1790814489.964248128
shard_start 21 1790814489.979974460
shard_end 16 1790814489.983100655
shard_start 23 1790814489.985924952
shard_start 18 1790814489.995596755
shard_end 22 1790814490.001455959
shard_end 19 1790814490.013532219
shard_start 28 1790814490.014038430
shard_start 25 1790814490.027891707
shard_end 21 1790814490.032692968
shard_end 23 1790814490.038230475
shard_start 31 1790814490.045508397
shard_end 18 1790814490.048146114
shard_start 24 1790814490.060938214
shard_end 28 1790814490.066809293
shard_start 29 1790814490.074781052
shard_end 25 1790814490.081030072
shard_start 30 1790814490.095022416
shard_end 31 1790814490.098114516
shard_start 27 1790814490.109594194
shard_end 24 1790814490.113519879
shard_start 26 1790814490.116976982
shard_end 29 1790814490.127892267
shard_end 30 1790814490.147919855
shard_end 27 1790814490.162620434
shard_end 26 1790814490.169602450
shard_start 36 1790814492.866649836
shard_start 33 1790814492.876678221
shard_start 39 1790814492.883444058
shard_start 37 1790814492.893766028
shard_start 38 1790814492.902290484
shard_start 32 1790814492.908248257
shard_end 36 1790814492.918998395
shard_start 35 1790814492.919629689
shard_start 34 1790814492.925250393
shard_end 33 1790814492.929319215
shard_end 39 1790814492.935900707
shard_end 37 1790814492.946414976
shard_end 38 1790814492.954876657
shard_end 32 1790814492.960932681
shard_end 35 1790814492.972190950
shard_start 44 1790814492.976899083
shard_end 34 1790814492.977697035
shard_start 47 1790814492.988767024
shard_start 41 1790814493.002473013
shard_start 46 1790814493.022729386
shard_end 44 1790814493.029533975
shard_start 40 1790814493.034465933
shard_end 47 1790814493.041568971
shard_start 43 1790814493.053765699
shard_end 41 1790814493.054619994
shard_start 45 1790814493.062657973
shard_start 42 1790814493.068595470
shard_end 46 1790814493.075246739
shard_end 40 1790814493.086763739
shard_start 52 1790814493.087639791
shard_start 55 1790814493.099973874
shard_end 43 1790814493.106056806
shard_end 45 1790814493.115023869
shard_start 54 1790814493.116351376
shard_end 42 1790814493.121232211
shard_start 49 1790814493.135486331
shard_end 52 1790814493.140034937
shard_start 53 1790814493.147648586
shard_end 55 1790814493.152330071
shard_start 51 1790814493.167443617
shard_end 54 1790814493.168508710
shard_start 48 1790814493.186404489
shard_end 49 1790814493.187542789
shard_start 50 1790814493.191651062
shard_end 53 1790814493.200106487
shard_start 60 1790814493.210199218
shard_end 51 1790814493.220017776
shard_start 62 1790814493.228760785
shard_end 48 1790814493.239040690
shard_end 50 1790814493.243691343
shard_start 63 1790814493.247491188
shard_end 60 1790814493.262837512
shard_start 57 1790814493.265003624
shard_start 61 1790814493.279437533
shard_end 62 1790814493.280913358
shard_start 56 1790814493.294550124
shard_end 63 1790814493.300249365
shard_start 59 1790814493.314845418
shard_end 57 1790814493.317284612
shard_start 58 1790814493.322743686
shard_end 61 1790814493.331925145
shard_end 56 1790814493.347375444
shard_end 59 1790814493.367544721
shard_end 58 1790814493.375269539
shard_start 70 1790814495.955074333
shard_start 71 1790814495.967076984
shard_start 68 1790814495.976268517
shard_start 65 1790814495.981633770
shard_start 67 1790814495.992203789
shard_start 69 1790814495.999167510
shard_start 64 1790814496.006154660
shard_end 70 1790814496.006927614
shard_start 66 1790814496.016126494
shard_end 71 1790814496.019479366
shard_end 68 1790814496.028595693
shard_end 65 1790814496.034062531
shard_end 67 1790814496.044655783
shard_end 69 1790814496.051595001
shard_end 64 1790814496.058411562
shard_end 66 1790814496.068462732
shard_start 78 1790814496.068914095
shard_start 79 1790814496.078979264
shard_start 73 1790814496.095853080
shard_start 76 1790814496.110251046
shard_end 78 1790814496.121967937
shard_start 75 1790814496.125228796
shard_end 79 1790814496.131527927
shard_start 77 1790814496.137439953
shard_start 72 1790814496.145330348
shard_end 73 1790814496.148319556
shard_start 74 1790814496.154978991
shard_end 76 1790814496.162827618
shard_end 75 1790814496.177592009
shard_start 86 1790814496.179613622
shard_end 77 1790814496.189606500
shard_start 87 1790814496.190539085
shard_end 72 1790814496.197802573
shard_end 74 1790814496.207221076
shard_start 84 1790814496.209925154
shard_start 81 1790814496.220852553
shard_end 86 1790814496.232366996
shard_start 83 1790814496.238206958
shard_end 87 1790814496.242815560
shard_start 85 1790814496.248520640
shard_start 80 1790814496.260172674
shard_end 84 1790814496.261982439
shard_start 82 1790814496.272505505
shard_end 81 1790814496.273381846
shard_end 83 1790814496.290362307
shard_start 94 1790814496.290624066
shard_start 92 1790814496.300923228
shard_end 85 1790814496.301571288
shard_end 80 1790814496.312620020
shard_start 95 1790814496.321248510
shard_end 82 1790814496.325249738
shard_start 89 1790814496.332314041
shard_end 94 1790814496.343191998
shard_start 91 1790814496.347290831
shard_end 92 1790814496.353381776
shard_start 93 1790814496.360909852
shard_start 88 1790814496.372693551
shard_end 95 1790814496.374342571
shard_end 89 1790814496.384736303
shard_start 90 1790814496.385196975
shard_end 91 1790814496.399794084
shard_end 93 1790814496.413529519
shard_end 88 1790814496.425631402
shard_end 90 1790814496.437607872
shard_start 97 1790814499.045751799
shard_start 99 1790814499.052263000
shard_start 96 1790814499.060459404
shard_start 98 1790814499.066257661
shard_end 97 1790814499.098485377
shard_end 99 1790814499.105124180
shard_end 96 1790814499.113708083
shard_end 98 1790814499.118864604
agg_start 0 1790814501.840336382
agg_end 0 1790814501.991682365
