shard_start 6 1790814200.389030978
shard_start 5 1790814200.397166120
shard_start 3 1790814200.405899979
shard_start 14 1790814200.415071565
shard_start 4 1790814200.427201022
shard_start 8 1790814200.435799376
shard_end 6 1790814200.440920237
shard_start 11 1790814200.445438979
shard_end 5 1790814200.448978961
shard_start 9 1790814200.456208493
shard_end 3 1790814200.457583179
shard_end 14 1790814200.467118983
shard_start 1 1790814200.468345882
shard_start 10 1790814200.478600015
shard_end 4 1790814200.479190143
shard_start 20 1790814200.487334886
shard_end 8 1790814200.487477360
shard_start 25 1790814200.496538228
shard_end 11 1790814200.497135104
shard_start 18 1790814200.508107966
shard_end 9 1790814200.508557693
shard_start 12 1790814200.519354126
shard_end 1 1790814200.520013237
shard_end 10 1790814200.530752133
shard_start 17 1790814200.531355108
shard_end 20 1790814200.539956031
shard_start 29 1790814200.542689170
shard_end 25 1790814200.548320651
shard_start 49 1790814200.556576667
shard_end 18 1790814200.560091754
shard_end 12 1790814200.571502028
shard_start 0 1790814200.573090450
shard_end 17 1790814200.583479070
shard_start 21 1790814200.585211837
shard_end 29 1790814200.595676906
shard_start 16 1790814200.596483664
shard_end 49 1790814200.608735257
shard_start 31 1790814200.611410267
shard_start 45 1790814200.621123055
shard_end 0 1790814200.625714405
shard_start 15 1790814200.632669767
shard_end 21 1790814200.637112062
shard_start 30 1790814200.642735064
shard_end 16 1790814200.648290544
shard_start 38 1790814200.656099531
shard_end 31 1790814200.663395737
shard_start 32 1790814200.668799960
shard_end 45 1790814200.673165437
shard_start 28 1790814200.684408524
shard_end 15 1790814200.684488829
shard_start 39 1790814200.693492464
shard_end 30 1790814200.694441912
shard_start 13 1790814200.705882527
shard_end 38 1790814200.708240239
shard_start 46 1790814200.717721413
shard_end 32 1790814200.720543180
shard_start 53 1790814200.725894060
shard_end 28 1790814200.736659079
shard_start 37 1790814200.737702455
shard_end 39 1790814200.745370236
shard_end 13 1790814200.757924189
shard_end 46 1790814200.769687576
shard_end 53 1790814200.777776868
shard_end 37 1790814200.789837430
shard_start 40 1790814203.707571327
shard_start 19 1790814203.715813291
shard_start 55 1790814203.726430701
shard_start 54 1790814203.738755156
shard_start 34 1790814203.749411665
shard_end 40 1790814203.759542345
shard_start 7 1790814203.759738021
shard_end 19 1790814203.767545753
shard_start 59 1790814203.768227375
shard_end 55 1790814203.778170295
shard_start 51 1790814203.778213341
shard_start 24 1790814203.786152986
shard_end 54 1790814203.790550460
shard_end 34 1790814203.801037263
shard_end 7 1790814203.811548496
shard_end 59 1790814203.820537037
shard_end 51 1790814203.829947024
shard_end 24 1790814203.838174918
shard_start 36 1790814204.759955160
shard_start 47 1790814204.770166922
shard_start 33 1790814204.782425195
shard_start 42 1790814204.793061138
shard_start 43 1790814204.803965252
shard_end 36 1790814204.811594655
shard_start 58 1790814204.812430562
shard_end 47 1790814204.822201804
shard_start 44 1790814204.824766601
shard_start 22 1790814204.833422082
shard_end 33 1790814204.834643214
shard_end 42 1790814204.844761324
shard_start 48 1790814204.844761053
shard_end 43 1790814204.855704272
shard_start 56 1790814204.855798584
shard_end 58 1790814204.864142430
shard_start 60 1790814204.865780630
shard_end 44 1790814204.876365741
shard_start 61 1790814204.877363448
shard_end 22 1790814204.885382112
shard_start 41 1790814204.888921134
shard_end 48 1790814204.896749163
shard_start 2 1790814204.902536958
shard_end 56 1790814204.907626396
shard_start 26 1790814204.915710355
shard_end 60 1790814204.917679772
shard_start 52 1790814204.926702489
shard_end 61 1790814204.929013807
shard_start 63 1790814204.939533255
shard_end 41 1790814204.940702358
shard_start 57 1790814204.951599102
shard_end 2 1790814204.954347673
shard_start 50 1790814204.966996011
shard_end 26 1790814204.967446568
shard_start 62 1790814204.976539070
shard_end 52 1790814204.978997368
shard_start 35 1790814204.991408916
shard_end 63 1790814204.991475389
shard_start 27 1790814204.997340526
shard_end 57 1790814205.003480671
shard_start 23 1790814205.010563629
shard_end 50 1790814205.018656537
shard_end 62 1790814205.028327509
shard_end 35 1790814205.043324951
shard_end 27 1790814205.049253600
shard_end 23 1790814205.063775890
shard_start 67 1790814206.971464555
shard_start 94 1790814206.983017221
shard_start 72 1790814206.993156744
shard_start 89 1790814207.002747202
shard_start 73 1790814207.013960187
shard_end 67 1790814207.023332895
shard_start 84 1790814207.025465210
shard_end 94 1790814207.035186253
shard_start 75 1790814207.035544272
shard_end 72 1790814207.044820370
shard_start 78 1790814207.045034674
shard_start 95 1790814207.052341273
shard_end 89 1790814207.054438393
shard_end 73 1790814207.066022718
shard_end 84 1790814207.077410098
shard_end 75 1790814207.087458465
shard_end 78 1790814207.097064360
shard_end 95 1790814207.104151026
shard_start 64 1790814208.022483616
shard_start 76 1790814208.032203569
shard_start 70 1790814208.039797064
shard_start 74 1790814208.048411952
shard_start 69 1790814208.062344313
shard_start 65 1790814208.073768103
shard_end 64 1790814208.075084478
shard_end 76 1790814208.083877712
shard_start 68 1790814208.083874930
shard_end 70 1790814208.091732462
shard_start 85 1790814208.094481239
shard_end 74 1790814208.100287551
shard_start 96 1790814208.104711356
shard_end 69 1790814208.114055739
shard_start 71 1790814208.114311618
shard_start 93 1790814208.124714013
shard_end 65 1790814208.125668814
shard_start 80 1790814208.135698414
shard_end 68 1790814208.135779628
shard_end 85 1790814208.146178742
shard_start 79 1790814208.146305226
shard_end 96 1790814208.156544597
shard_start 83 1790814208.158124675
shard_end 71 1790814208.166643695
shard_start 82 1790814208.168960332
shard_end 93 1790814208.177012564
shard_start 97 1790814208.180916134
shard_end 80 1790814208.187569465
shard_start 77 1790814208.195737518
shard_end 79 1790814208.197997825
shard_end 83 1790814208.210186380
shard_start 88 1790814208.214920078
shard_end 82 1790814208.220991422
shard_start 86 1790814208.223518920
shard_end 97 1790814208.232641788
shard_start 92 1790814208.237082550
shard_start 81 1790814208.247378358
shard_end 77 1790814208.247484508
shard_start 98 1790814208.263083495
shard_end 88 1790814208.266818246
shard_start 66 1790814208.274227179
shard_end 86 1790814208.275410239
shard_end 92 1790814208.289695783
shard_end 81 1790814208.299519055
shard_end 98 1790814208.315296300
shard_end 66 1790814208.326228291
shard_start 90 1790814210.239946012
shard_start 99 1790814210.248214173
shard_start 87 1790814210.257029639
shard_start 91 1790814210.267216468
shard_end 90 1790814210.291905820
shard_end 99 1790814210.300067423
shard_end 87 1790814210.309097030
shard_end 91 1790814210.319356311
agg_start 0 1790814212.542907061
agg_end 0 1790814212.545369366
