shard_start 3 1790814285.570570409
shard_start 0 1790814285.586964310
shard_start 1 1790814285.600540547
shard_start 2 1790814285.614748795
shard_end 3 1790814285.622562778
shard_start 7 1790814285.637933772
shard_end 0 1790814285.638835833
shard_start 4 1790814285.650394909
shard_end 1 1790814285.652691323
shard_start 6 1790814285.666022620
shard_end 2 1790814285.666755091
shard_start 5 1790814285.678943403
shard_end 7 1790814285.689758841
shard_end 4 1790814285.702561533
shard_end 6 1790814285.718900641
shard_end 5 1790814285.731056390
shard_start 11 1790814285.747175097
shard_start 8 1790814285.754907405
shard_start 9 1790814285.789500068
shard_end 11 1790814285.799513840
shard_end 8 1790814285.806514353
shard_start 15 1790814285.807552536
shard_start 14 1790814285.830223285
shard_end 9 1790814285.841441382
shard_end 15 1790814285.859601278
shard_start 10 1790814285.878146025
shard_end 14 1790814285.883086405
shard_start 13 1790814285.886284333
shard_start 12 1790814285.901825735
shard_end 10 1790814285.930579161
shard_end 13 1790814285.938252695
shard_start 19 1790814285.952270662
shard_end 12 1790814285.953475888
shard_start 16 1790814285.961079753
shard_start 17 1790814285.979915077
shard_start 22 1790814285.995926201
shard_end 19 1790814286.004175264
shard_end 16 1790814286.013132834
shard_start 23 1790814286.020739571
shard_end 17 1790814286.032302487
shard_start 18 1790814286.039330198
shard_start 20 1790814286.047378815
shard_end 22 1790814286.047903069
shard_start 21 1790814286.055151536
shard_end 23 1790814286.072803398
shard_end 18 1790814286.091333691
shard_end 20 1790814286.099662192
shard_end 21 1790814286.107154469
shard_start 27 1790814286.127484915
shard_start 24 1790814286.134370483
shard_start 25 1790814286.140793447
shard_start 30 1790814286.149684320
shard_end 27 1790814286.179765321
shard_start 28 1790814286.179924403
shard_end 24 1790814286.186348619
shard_start 31 1790814286.192268315
shard_end 25 1790814286.192582090
shard_start 26 1790814286.198730034
shard_end 30 1790814286.202337060
shard_start 29 1790814286.208871232
shard_end 28 1790814286.232155888
shard_end 31 1790814286.244625746
shard_end 26 1790814286.250685444
shard_end 29 1790814286.260981746
shard_start 32 1790814286.913791068
shard_start 35 1790814286.925891124
shard_start 36 1790814286.934675547
shard_start 33 1790814286.945777058
shard_start 38 1790814286.953719874
shard_start 39 1790814286.965252469
shard_end 32 1790814286.965396230
shard_start 34 1790814286.974877417
shard_end 35 1790814286.978169631
shard_start 37 1790814286.983180614
shard_end 36 1790814286.986781127
shard_end 33 1790814286.997728494
shard_end 38 1790814287.005653684
shard_end 39 1790814287.017169436
shard_end 34 1790814287.027320215
shard_start 40 1790814287.028055214
shard_end 37 1790814287.035137524
shard_end 40 1790814287.080065090
shard_start 43 1790814287.122937881
shard_start 44 1790814287.136653112
shard_start 46 1790814287.145429735
shard_start 41 1790814287.150094607
shard_start 45 1790814287.159499198
shard_start 47 1790814287.165722692
shard_start 42 1790814287.173118312
shard_end 43 1790814287.174963440
shard_end 44 1790814287.188673084
shard_start 48 1790814287.188958255
shard_end 46 1790814287.197392402
shard_end 41 1790814287.201853665
shard_end 45 1790814287.211763880
shard_end 47 1790814287.217849370
shard_end 42 1790814287.225301263
shard_start 51 1790814287.237348266
shard_end 48 1790814287.240830352
shard_start 54 1790814287.251196255
shard_start 52 1790814287.270661076
shard_end 51 1790814287.289042104
shard_start 50 1790814287.290872217
shard_end 54 1790814287.303115095
shard_start 53 1790814287.305456557
shard_start 49 1790814287.311562555
shard_start 55 1790814287.320174781
shard_end 52 1790814287.322584449
shard_start 56 1790814287.335298295
shard_end 50 1790814287.343148356
shard_end 53 1790814287.357318662
shard_end 49 1790814287.363520475
shard_start 59 1790814287.366308933
shard_end 55 1790814287.371990175
shard_start 62 1790814287.378667373
shard_end 56 1790814287.387413718
shard_start 60 1790814287.394278990
shard_start 58 1790814287.410299914
shard_end 59 1790814287.419194657
shard_end 62 1790814287.432093699
shard_end 60 1790814287.447859718
shard_end 58 1790814287.462527805
shard_start 57 1790814288.013630735
shard_start 63 1790814288.023332851
shard_start 61 1790814288.032941272
shard_start 64 1790814288.041611398
shard_start 67 1790814288.051825799
shard_start 70 1790814288.062070877
shard_end 57 1790814288.065375647
shard_start 68 1790814288.072934314
shard_end 63 1790814288.075049893
shard_start 65 1790814288.078262723
shard_end 61 1790814288.084772293
shard_end 64 1790814288.093450392
shard_end 67 1790814288.103750399
shard_end 70 1790814288.114066674
shard_end 68 1790814288.124486055
shard_start 71 1790814288.126220963
shard_end 65 1790814288.130079339
shard_end 71 1790814288.178681673
shard_start 66 1790814288.211127592
shard_start 69 1790814288.217673390
shard_start 75 1790814288.224645005
shard_start 72 1790814288.231083075
shard_start 76 1790814288.237743849
shard_start 77 1790814288.246028038
shard_start 78 1790814288.251506698
shard_end 66 1790814288.263251124
shard_start 79 1790814288.267521513
shard_end 69 1790814288.269369986
shard_end 75 1790814288.276557553
shard_end 72 1790814288.283134419
shard_end 76 1790814288.289949711
shard_end 77 1790814288.298105513
shard_end 78 1790814288.303544461
shard_end 79 1790814288.319480692
shard_start 73 1790814288.338179904
shard_start 74 1790814288.344878194
shard_start 80 1790814288.375770166
shard_start 83 1790814288.388262982
shard_end 73 1790814288.389810084
shard_start 86 1790814288.393972001
shard_end 74 1790814288.396793740
shard_start 84 1790814288.408320266
shard_start 87 1790814288.413498923
shard_start 81 1790814288.424268814
shard_end 80 1790814288.427873532
shard_end 83 1790814288.440668592
shard_end 86 1790814288.445743441
shard_end 84 1790814288.460441197
shard_end 87 1790814288.465320524
shard_end 81 1790814288.476380497
shard_start 85 1790814288.492243468
shard_start 82 1790814288.499055065
shard_start 88 1790814288.510983240
shard_start 91 1790814288.532895639
shard_start 94 1790814288.542233808
shard_end 85 1790814288.544058361
shard_end 82 1790814288.550960053
shard_start 92 1790814288.560300809
shard_end 88 1790814288.563009564
shard_start 95 1790814288.566917184
shard_end 91 1790814288.584861543
shard_end 94 1790814288.594124308
shard_end 92 1790814288.612260132
shard_end 95 1790814288.618737166
shard_start 90 1790814289.112199704
shard_start 93 1790814289.126440810
shard_start 89 1790814289.135449892
shard_start 96 1790814289.146196545
shard_start 99 1790814289.155794208
shard_start 98 1790814289.163800589
shard_end 90 1790814289.164092608
shard_start 97 1790814289.171711471
shard_end 93 1790814289.178475631
shard_end 89 1790814289.187524199
shard_end 96 1790814289.198188878
shard_end 99 1790814289.207950636
shard_end 98 1790814289.215830127
shard_end 97 1790814289.224909107
