shard_start 0 1790814146.073959032
shard_start 4 1790814146.089797343
shard_start 2 1790814146.104309060
shard_start 5 1790814146.121799378
shard_end 0 1790814146.125954181
shard_start 7 1790814146.134997467
shard_end 4 1790814146.141775256
shard_start 6 1790814146.145566871
shard_end 2 1790814146.156362950
shard_start 1 1790814146.163931075
shard_end 5 1790814146.173987658
shard_start 3 1790814146.179975179
shard_end 7 1790814146.187080373
shard_end 6 1790814146.197461128
shard_end 1 1790814146.215883886
shard_end 3 1790814146.231919135
shard_start 8 1790814146.245564942
shard_start 13 1790814146.280395879
shard_end 8 1790814146.297524746
shard_start 12 1790814146.306976382
shard_start 14 1790814146.330577888
shard_end 13 1790814146.331906739
shard_start 10 1790814146.347440071
shard_end 12 1790814146.358983689
shard_start 11 1790814146.361105441
shard_end 14 1790814146.382444172
shard_start 15 1790814146.383626858
shard_start 9 1790814146.394280480
shard_end 10 1790814146.399384784
shard_end 11 1790814146.412954261
shard_end 15 1790814146.435655692
shard_start 21 1790814146.436782579
shard_end 9 1790814146.446271474
shard_start 16 1790814146.471844968
shard_end 21 1790814146.488749184
shard_start 22 1790814146.494393751
shard_start 20 1790814146.519493728
shard_end 16 1790814146.523686727
shard_start 18 1790814146.535877562
shard_end 22 1790814146.546412783
shard_start 23 1790814146.551644070
shard_start 17 1790814146.566719501
shard_end 20 1790814146.571336300
shard_start 19 1790814146.573728005
shard_end 18 1790814146.587818004
shard_start 29 1790814146.594263915
shard_end 23 1790814146.603662966
shard_start 24 1790814146.608222910
shard_end 17 1790814146.618997533
shard_end 19 1790814146.625767430
shard_start 30 1790814146.625958760
shard_end 29 1790814146.647222303
shard_start 26 1790814146.648134753
shard_end 24 1790814146.660116113
shard_start 31 1790814146.670615886
shard_end 30 1790814146.678102381
shard_start 25 1790814146.679344264
shard_start 28 1790814146.697510379
shard_end 26 1790814146.700578637
shard_start 27 1790814146.704291453
shard_end 31 1790814146.722610568
shard_end 25 1790814146.731277412
shard_end 28 1790814146.749590786
shard_end 27 1790814146.756144091
shard_start 37 1790814149.433026382
shard_start 39 1790814149.442286866
shard_start 38 1790814149.451483294
shard_start 32 1790814149.457638470
shard_start 34 1790814149.470669024
shard_start 36 1790814149.479841311
shard_end 37 1790814149.484934531
shard_start 33 1790814149.489177893
shard_end 39 1790814149.494326601
shard_start 35 1790814149.496102059
shard_end 38 1790814149.503344333
shard_end 32 1790814149.509590357
shard_end 34 1790814149.522700515
shard_end 36 1790814149.532417924
shard_end 33 1790814149.541045617
shard_start 45 1790814149.546170476
shard_end 35 1790814149.547751240
shard_start 47 1790814149.557200504
shard_start 46 1790814149.578574138
shard_start 40 1790814149.586283133
shard_end 45 1790814149.598080764
shard_end 47 1790814149.609032236
shard_start 42 1790814149.612771303
shard_start 41 1790814149.621230933
shard_end 46 1790814149.630284976
shard_start 44 1790814149.630639048
shard_end 40 1790814149.638184344
shard_start 43 1790814149.641613686
shard_start 55 1790814149.660954482
shard_end 42 1790814149.664806453
shard_start 54 1790814149.671464854
shard_end 41 1790814149.672825033
shard_end 44 1790814149.682681108
shard_start 53 1790814149.690865904
shard_end 43 1790814149.694120848
shard_start 48 1790814149.706494491
shard_end 55 1790814149.712964365
shard_end 54 1790814149.723388316
shard_start 50 1790814149.725093036
shard_start 49 1790814149.737102258
shard_end 53 1790814149.742993873
shard_start 52 1790814149.749494254
shard_end 48 1790814149.758342815
shard_start 51 1790814149.759753864
shard_end 50 1790814149.777418550
shard_start 62 1790814149.778375859
shard_start 63 1790814149.788517072
shard_end 49 1790814149.788710857
shard_end 52 1790814149.801433120
shard_start 61 1790814149.803144288
shard_end 51 1790814149.811661129
shard_start 56 1790814149.819061922
shard_end 62 1790814149.830293564
shard_end 63 1790814149.841017189
shard_start 58 1790814149.844933506
shard_start 60 1790814149.853401861
shard_end 61 1790814149.855022125
shard_end 56 1790814149.871490547
shard_start 57 1790814149.871702698
shard_start 59 1790814149.883334252
shard_end 58 1790814149.896799647
shard_end 60 1790814149.905613678
shard_end 57 1790814149.923596912
shard_end 59 1790814149.935214435
shard_start 69 1790814152.529163545
shard_start 70 1790814152.540754807
shard_start 71 1790814152.552771046
shard_start 66 1790814152.561009032
shard_start 64 1790814152.571604991
shard_start 65 1790814152.579719627
shard_end 69 1790814152.580919507
shard_start 67 1790814152.588222054
shard_end 70 1790814152.592630726
shard_start 68 1790814152.597354493
shard_end 71 1790814152.604855317
shard_end 66 1790814152.613064754
shard_end 64 1790814152.623589115
shard_end 65 1790814152.631689663
shard_end 67 1790814152.640116914
shard_start 77 1790814152.641447863
shard_end 68 1790814152.649358822
shard_start 79 1790814152.653288329
shard_start 72 1790814152.676827714
shard_start 78 1790814152.683059913
shard_end 77 1790814152.693590078
shard_start 74 1790814152.699525745
shard_start 73 1790814152.704745557
shard_end 79 1790814152.704888894
shard_start 76 1790814152.720724435
shard_start 75 1790814152.728613116
shard_end 72 1790814152.728706128
shard_end 78 1790814152.734989010
shard_end 74 1790814152.751431893
shard_start 85 1790814152.753768187
shard_end 73 1790814152.756528163
shard_start 87 1790814152.766683791
shard_end 76 1790814152.772784889
shard_end 75 1790814152.780536463
shard_start 80 1790814152.799685180
shard_start 86 1790814152.804915972
shard_end 85 1790814152.805647140
shard_end 87 1790814152.818777189
shard_start 84 1790814152.820743072
shard_start 82 1790814152.826251335
shard_start 81 1790814152.842301486
shard_end 80 1790814152.851578067
shard_start 83 1790814152.853314548
shard_end 86 1790814152.856823740
shard_start 93 1790814152.865789192
shard_end 84 1790814152.872707002
shard_start 94 1790814152.876931534
shard_end 82 1790814152.877891146
shard_end 81 1790814152.894445777
shard_end 83 1790814152.905316928
shard_end 93 1790814152.917809758
shard_start 88 1790814152.924268164
shard_end 94 1790814152.929157229
shard_start 95 1790814152.931264174
shard_start 90 1790814152.947735446
shard_start 92 1790814152.951911753
shard_start 89 1790814152.968298612
shard_start 91 1790814152.972716855
shard_end 88 1790814152.976068991
shard_end 95 1790814152.983785501
shard_end 90 1790814153.000474896
shard_end 92 1790814153.003587434
shard_end 89 1790814153.020203023
shard_end 91 1790814153.024500911
shard_start 96 1790814155.626093986
shard_start 98 1790814155.633383331
shard_start 97 1790814155.638366896
shard_start 99 1790814155.646499256
shard_end 96 1790814155.678100311
shard_end 98 1790814155.685385320
shard_end 97 1790814155.690597411
shard_end 99 1790814155.698536631
agg_start 0 1790814161.216929978
agg_end 0 1790814161.219157367
