shard_start 3 1790813586.671266488
shard_start 1 1790813586.688798347
shard_start 4 1790813586.696833596
shard_start 2 1790813586.701114594
shard_start 0 1790813586.720137163
shard_end 3 1790813586.722915820
shard_end 1 1790813586.740578489
shard_start 6 1790813586.741534282
shard_end 4 1790813586.748728403
shard_end 2 1790813586.752740399
shard_start 5 1790813586.759285207
shard_end 0 1790813586.772126075
shard_start 7 1790813586.774463346
shard_end 6 1790813586.793530144
shard_end 5 1790813586.811242244
shard_end 7 1790813586.826467709
shard_start 9 1790813586.837897732
shard_start 12 1790813586.875772477
shard_end 9 1790813586.890054006
shard_start 10 1790813586.902424231
shard_start 8 1790813586.911986507
shard_start 11 1790813586.917688196
shard_end 12 1790813586.927662697
shard_start 15 1790813586.938836554
shard_end 10 1790813586.954878374
shard_end 8 1790813586.964308946
shard_start 13 1790813586.964595342
shard_end 11 1790813586.969940308
shard_start 14 1790813586.971101318
shard_end 15 1790813586.990785778
shard_end 13 1790813587.016555716
shard_start 17 1790813587.017200538
shard_end 14 1790813587.022920041
shard_start 18 1790813587.059151572
shard_start 19 1790813587.066324317
shard_end 17 1790813587.068893206
shard_start 16 1790813587.085506919
shard_start 20 1790813587.101293802
shard_end 18 1790813587.111129004
shard_end 19 1790813587.118093576
shard_start 23 1790813587.118989985
shard_start 21 1790813587.132437550
shard_end 16 1790813587.137485497
shard_start 22 1790813587.140280873
shard_end 20 1790813587.153716353
shard_start 25 1790813587.155228772
shard_end 23 1790813587.171071064
shard_end 21 1790813587.184665225
shard_start 27 1790813587.187766532
shard_end 22 1790813587.192419281
shard_start 26 1790813587.193145865
shard_start 24 1790813587.205039125
shard_end 25 1790813587.207195460
shard_start 31 1790813587.215888791
shard_end 24 1790813587.257018458
shard_start 30 1790813587.261770949
shard_end 27 1790813587.262399814
shard_end 26 1790813587.262485568
shard_start 28 1790813587.263686059
shard_start 29 1790813587.264098072
shard_end 31 1790813587.267657738
shard_end 30 1790813587.313768333
shard_end 28 1790813587.315936225
shard_end 29 1790813587.316197439
shard_start 33 1790813590.002308059
shard_start 34 1790813590.012238839
shard_start 35 1790813590.023323344
shard_start 32 1790813590.033385235
shard_start 36 1790813590.043532109
shard_start 39 1790813590.053890249
shard_end 33 1790813590.053954278
shard_start 37 1790813590.061579690
shard_end 34 1790813590.063998022
shard_end 35 1790813590.075241619
shard_end 32 1790813590.085412059
shard_end 36 1790813590.095464554
shard_end 39 1790813590.106064055
shard_end 37 1790813590.113413752
shard_start 38 1790813590.135607395
shard_start 42 1790813590.136614902
shard_start 41 1790813590.137155860
shard_end 38 1790813590.187492320
shard_end 42 1790813590.188136944
shard_end 41 1790813590.188662164
shard_start 43 1790813590.243801913
shard_start 40 1790813590.252748179
shard_start 47 1790813590.277258348
shard_start 49 1790813590.283981546
shard_start 44 1790813590.289532846
shard_end 43 1790813590.295543555
shard_start 46 1790813590.296092088
shard_start 45 1790813590.300719848
shard_end 40 1790813590.304690138
shard_start 50 1790813590.308311858
shard_end 47 1790813590.329203201
shard_end 49 1790813590.335763754
shard_end 44 1790813590.341330566
shard_end 46 1790813590.347966006
shard_end 45 1790813590.352474036
shard_end 50 1790813590.422837737
shard_start 55 1790813590.423868882
shard_start 48 1790813590.423880692
shard_start 51 1790813590.423930497
shard_start 53 1790813590.424489032
shard_start 52 1790813590.433817800
shard_start 57 1790813590.440682748
shard_start 54 1790813590.460863318
shard_start 59 1790813590.461539070
shard_end 51 1790813590.475713466
shard_end 48 1790813590.475713502
shard_end 55 1790813590.475732796
shard_end 53 1790813590.476202923
shard_end 52 1790813590.486132252
shard_start 58 1790813590.489598745
shard_end 57 1790813590.492567035
shard_start 63 1790813590.495948054
shard_end 54 1790813590.512734719
shard_end 59 1790813590.513841820
shard_end 58 1790813590.541593322
shard_end 63 1790813590.568469512
shard_start 56 1790813590.569821301
shard_start 61 1790813590.572237852
shard_start 60 1790813590.580932653
shard_start 62 1790813590.589576550
shard_end 56 1790813590.622457588
shard_end 61 1790813590.624061955
shard_end 60 1790813590.633071413
shard_end 62 1790813590.641576667
shard_start 65 1790813593.099085277
shard_start 66 1790813593.108359168
shard_start 67 1790813593.116234862
shard_start 64 1790813593.127888486
shard_start 71 1790813593.135550439
shard_start 69 1790813593.143550441
shard_end 65 1790813593.151198309
shard_start 68 1790813593.153992046
shard_end 66 1790813593.160099701
shard_start 70 1790813593.160746084
shard_end 67 1790813593.168104817
shard_end 64 1790813593.179881584
shard_end 71 1790813593.187524032
shard_end 69 1790813593.195346244
shard_end 68 1790813593.206048180
shard_start 73 1790813593.210840783
shard_end 70 1790813593.212231756
shard_start 74 1790813593.226711803
shard_start 75 1790813593.243873005
shard_end 73 1790813593.293872493
shard_end 74 1790813593.293990881
shard_start 79 1790813593.295421799
shard_start 72 1790813593.295619809
shard_start 77 1790813593.295691596
shard_end 75 1790813593.296169217
shard_start 76 1790813593.296999773
shard_start 78 1790813593.305804818
shard_start 81 1790813593.325532944
shard_start 82 1790813593.337185461
shard_end 77 1790813593.347592181
shard_end 72 1790813593.347592724
shard_end 79 1790813593.347775678
shard_end 76 1790813593.348633267
shard_start 83 1790813593.356983579
shard_end 78 1790813593.358174089
shard_start 87 1790813593.373619953
shard_end 81 1790813593.377531937
shard_end 82 1790813593.389209963
shard_start 80 1790813593.402106752
shard_start 85 1790813593.408253183
shard_end 83 1790813593.408753666
shard_end 87 1790813593.425872534
shard_start 86 1790813593.427506901
shard_start 84 1790813593.434951839
shard_start 89 1790813593.453572166
shard_end 80 1790813593.453964539
shard_end 85 1790813593.460586088
shard_start 91 1790813593.462476751
shard_start 90 1790813593.476588686
shard_end 86 1790813593.479585811
shard_end 84 1790813593.486936403
shard_start 95 1790813593.487214552
shard_end 89 1790813593.505645725
shard_start 88 1790813593.512596623
shard_end 91 1790813593.514140980
shard_start 93 1790813593.525851092
shard_end 90 1790813593.528485392
shard_end 95 1790813593.539281317
shard_start 94 1790813593.547317920
shard_start 92 1790813593.557110750
shard_end 88 1790813593.564456698
shard_end 93 1790813593.578580553
shard_end 94 1790813593.599953416
shard_end 92 1790813593.609103276
shard_start 97 1790813599.121003287
shard_start 99 1790813599.132357213
shard_end 97 1790813599.172889713
shard_end 99 1790813599.184447019
shard_start 98 1790813599.271231116
shard_start 96 1790813599.272296152
shard_end 98 1790813599.324125742
shard_end 96 1790813599.324920216
agg_start 0 1790813601.967602507
agg_end 0 1790813601.969938255
