shard_start 4 1790814423.422905350
shard_start 2 1790814423.423894142
shard_start 1 1790814423.424109765
shard_end 4 1790814423.474819857
shard_end 2 1790814423.475591229
shard_end 1 1790814423.475685093
shard_start 7 1790814423.550179656
shard_start 10 1790814423.550431617
shard_start 3 1790814423.550459217
shard_start 8 1790814423.550655732
shard_start 11 1790814423.550750604
shard_start 6 1790814423.550817234
shard_start 9 1790814423.550622113
shard_start 14 1790814423.550847919
shard_start 0 1790814423.550934244
shard_start 15 1790814423.551042303
shard_start 13 1790814423.551309635
shard_start 5 1790814423.551349531
shard_start 12 1790814423.551480164
shard_start 18 1790814423.560325812
shard_start 22 1790814423.580599728
shard_end 7 1790814423.602492091
shard_end 10 1790814423.602485047
shard_end 8 1790814423.602885775
shard_end 3 1790814423.602945777
shard_end 13 1790814423.603424947
shard_end 14 1790814423.603390202
shard_end 9 1790814423.603396696
shard_end 11 1790814423.603468752
shard_end 5 1790814423.603676234
shard_end 6 1790814423.603606401
shard_end 0 1790814423.604076281
shard_end 15 1790814423.604291944
shard_end 12 1790814423.604190337
shard_start 23 1790814423.609457291
shard_end 18 1790814423.612323566
shard_end 22 1790814423.632584814
shard_start 17 1790814423.644686878
shard_end 23 1790814423.661385285
shard_start 20 1790814423.667348502
shard_start 16 1790814423.675998556
shard_end 17 1790814423.696688680
shard_start 19 1790814423.703065955
shard_start 21 1790814423.712441147
shard_end 20 1790814423.719289099
shard_end 16 1790814423.727862506
shard_start 26 1790814423.749356728
shard_end 19 1790814423.755113069
shard_start 31 1790814423.763335450
shard_end 21 1790814423.764170019
shard_start 30 1790814423.790365165
shard_end 26 1790814423.801316122
shard_end 31 1790814423.815966070
shard_start 25 1790814423.827504058
shard_end 30 1790814423.842323453
shard_start 24 1790814423.852266287
shard_start 28 1790814423.868173842
shard_end 25 1790814423.880110900
shard_start 29 1790814423.899638675
shard_end 24 1790814423.904429530
shard_start 27 1790814423.906781154
shard_end 28 1790814423.920466954
shard_end 29 1790814423.951674367
shard_end 27 1790814423.959206008
shard_start 34 1790814425.571493873
shard_start 39 1790814425.584805958
shard_start 38 1790814425.604593837
shard_end 34 1790814425.623417343
shard_start 32 1790814425.636628396
shard_end 39 1790814425.637550142
shard_start 33 1790814425.654008075
shard_end 38 1790814425.657171084
shard_start 36 1790814425.667792349
shard_start 35 1790814425.686398332
shard_end 32 1790814425.689214388
shard_end 33 1790814425.706546861
shard_start 37 1790814425.708453049
shard_end 36 1790814425.719752946
shard_start 42 1790814425.733376645
shard_end 35 1790814425.738290032
shard_start 46 1790814425.756348578
shard_end 37 1790814425.761173571
shard_start 47 1790814425.780323165
shard_end 42 1790814425.785784155
shard_start 40 1790814425.799419967
shard_end 46 1790814425.808428656
shard_start 41 1790814425.815274746
shard_end 47 1790814425.832312304
shard_start 44 1790814425.837424572
shard_end 40 1790814425.851819600
shard_start 43 1790814425.857673333
shard_end 41 1790814425.867267456
shard_start 45 1790814425.878358541
shard_end 44 1790814425.889473279
shard_start 50 1790814425.903514982
shard_end 43 1790814425.909695114
shard_start 54 1790814425.926586755
shard_end 45 1790814425.930235103
shard_start 55 1790814425.946326169
shard_end 50 1790814425.955445801
shard_start 48 1790814425.963083338
shard_end 54 1790814425.978561569
shard_start 49 1790814425.979342382
shard_start 52 1790814425.997256039
shard_end 55 1790814425.998230969
shard_end 48 1790814426.014991484
shard_start 51 1790814426.015063705
shard_end 49 1790814426.031356962
shard_start 53 1790814426.035429441
shard_end 52 1790814426.049664554
shard_start 58 1790814426.055944678
shard_end 51 1790814426.067104485
shard_start 56 1790814426.078129889
shard_end 53 1790814426.088359008
shard_start 62 1790814426.099766814
shard_end 58 1790814426.108673545
shard_start 63 1790814426.122057326
shard_end 56 1790814426.129975150
shard_end 62 1790814426.152180458
shard_start 57 1790814426.157486566
shard_start 60 1790814426.171310440
shard_end 63 1790814426.173911301
shard_start 59 1790814426.191717381
shard_end 57 1790814426.209505216
shard_start 61 1790814426.214191276
shard_end 60 1790814426.223349169
shard_end 59 1790814426.244148535
shard_end 61 1790814426.266053117
shard_start 70 1790814427.667591341
shard_start 66 1790814427.683200711
shard_start 64 1790814427.698175192
shard_end 70 1790814427.720878101
shard_end 66 1790814427.735597876
shard_start 71 1790814427.749402494
shard_end 64 1790814427.750860997
shard_start 65 1790814427.765619036
shard_start 68 1790814427.781967420
shard_end 71 1790814427.801878505
shard_start 67 1790814427.802841955
shard_end 65 1790814427.818038262
shard_start 69 1790814427.827303450
shard_end 68 1790814427.834755384
shard_start 74 1790814427.847504809
shard_end 67 1790814427.855018366
shard_start 78 1790814427.871847408
shard_end 69 1790814427.880193618
shard_start 72 1790814427.897556616
shard_end 74 1790814427.900131499
shard_end 78 1790814427.924120950
shard_start 79 1790814427.945094694
shard_start 73 1790814427.946774663
shard_end 72 1790814427.949315753
shard_start 76 1790814427.952274372
shard_start 75 1790814427.970312640
shard_start 77 1790814427.992986653
shard_end 79 1790814427.997106049
shard_end 73 1790814427.999017550
shard_end 76 1790814428.004629326
shard_start 80 1790814428.018236223
shard_end 75 1790814428.022392801
shard_start 87 1790814428.041357678
shard_end 77 1790814428.044893911
shard_start 82 1790814428.069543211
shard_end 80 1790814428.070042589
shard_end 87 1790814428.093197361
shard_start 86 1790814428.093948339
shard_start 84 1790814428.117064794
shard_end 82 1790814428.121346890
shard_start 81 1790814428.136079583
shard_end 86 1790814428.145730848
shard_start 83 1790814428.154382623
shard_start 85 1790814428.167988501
shard_end 84 1790814428.168843786
shard_end 81 1790814428.187964965
shard_start 88 1790814428.189098165
shard_end 83 1790814428.206558926
shard_start 95 1790814428.211114988
shard_end 85 1790814428.220053886
shard_start 90 1790814428.234451865
shard_end 88 1790814428.241051173
shard_start 94 1790814428.254699984
shard_end 95 1790814428.263487581
shard_start 89 1790814428.277468995
shard_end 90 1790814428.287002276
shard_start 92 1790814428.303056446
shard_end 94 1790814428.306508652
shard_start 91 1790814428.321239843
shard_end 89 1790814428.329936653
shard_start 93 1790814428.335361906
shard_end 92 1790814428.355129664
shard_end 91 1790814428.373014424
shard_end 93 1790814428.387572920
shard_start 96 1790814429.768555859
shard_start 98 1790814429.785542688
shard_start 100 1790814429.804949438
shard_end 96 1790814429.820748807
shard_end 98 1790814429.838153662
shard_end 100 1790814429.856727419
shard_start 102 1790814429.869250149
shard_start 103 1790814429.889793721
shard_start 97 1790814429.914801020
shard_end 102 1790814429.921344553
shard_start 101 1790814429.938213508
shard_end 103 1790814429.941877155
shard_start 99 1790814429.961214323
shard_end 97 1790814429.966734983
shard_start 104 1790814429.980916148
shard_end 101 1790814429.990523919
shard_start 110 1790814430.003503133
shard_end 99 1790814430.013200204
shard_start 106 1790814430.025247715
shard_end 104 1790814430.033031398
shard_start 111 1790814430.042730346
shard_end 110 1790814430.055793629
shard_start 108 1790814430.059933128
shard_end 106 1790814430.077331129
shard_start 105 1790814430.083221264
shard_end 111 1790814430.094911467
shard_start 107 1790814430.105923919
shard_end 108 1790814430.112150058
shard_start 109 1790814430.125912249
shard_end 105 1790814430.135120770
shard_start 112 1790814430.148739899
shard_end 107 1790814430.158596298
shard_start 118 1790814430.170366771
shard_end 109 1790814430.178365346
shard_start 119 1790814430.189905636
shard_end 112 1790814430.201440475
shard_start 114 1790814430.206555816
shard_end 118 1790814430.223025674
shard_start 113 1790814430.226954221
shard_end 119 1790814430.241695859
shard_start 116 1790814430.254000165
shard_end 114 1790814430.258908719
shard_start 115 1790814430.270804908
shard_end 113 1790814430.278677444
shard_start 117 1790814430.288021246
shard_end 116 1790814430.305854059
shard_start 120 1790814430.308982373
shard_end 115 1790814430.323271167
shard_start 126 1790814430.331945039
shard_end 117 1790814430.340114335
shard_start 121 1790814430.354817713
shard_end 120 1790814430.360897295
shard_start 127 1790814430.380539838
shard_end 126 1790814430.384418496
shard_start 122 1790814430.401359642
shard_end 121 1790814430.406774582
shard_start 124 1790814430.425235559
shard_end 127 1790814430.432504942
shard_start 123 1790814430.445543038
shard_end 122 1790814430.453349947
shard_start 125 1790814430.461315460
shard_end 124 1790814430.477511098
shard_end 123 1790814430.497847697
shard_end 125 1790814430.513499128
shard_start 128 1790814431.862315220
shard_start 134 1790814431.878216575
shard_start 129 1790814431.894799527
shard_end 128 1790814431.914549775
shard_end 134 1790814431.930150112
shard_end 129 1790814431.946731028
shard_start 135 1790814431.953230487
shard_start 132 1790814431.969249114
shard_end 135 1790814432.005098071
shard_end 132 1790814432.021305757
shard_start 130 1790814432.045511649
shard_start 131 1790814432.059537717
shard_start 133 1790814432.076018261
shard_end 130 1790814432.097400494
shard_start 136 1790814432.098882477
shard_end 131 1790814432.111606047
shard_start 142 1790814432.118858758
shard_end 133 1790814432.127931797
shard_start 137 1790814432.138275472
shard_end 136 1790814432.150858537
shard_start 143 1790814432.164978394
shard_end 142 1790814432.171802861
shard_start 140 1790814432.187377436
shard_end 137 1790814432.190226799
shard_start 138 1790814432.206291260
shard_end 143 1790814432.216882199
shard_start 139 1790814432.225259237
shard_end 140 1790814432.239510828
shard_start 141 1790814432.243629244
shard_end 138 1790814432.258198694
shard_start 150 1790814432.262398383
shard_end 139 1790814432.277219564
shard_start 144 1790814432.284730906
shard_end 141 1790814432.295521764
shard_start 151 1790814432.308920005
shard_end 150 1790814432.314278659
shard_start 145 1790814432.330492820
shard_end 144 1790814432.336989201
shard_start 148 1790814432.354430308
shard_end 151 1790814432.361223125
shard_start 146 1790814432.378564738
shard_end 145 1790814432.382446860
shard_start 147 1790814432.401032818
shard_end 148 1790814432.406334791
shard_start 152 1790814432.414812823
shard_end 146 1790814432.430839381
shard_start 149 1790814432.432477914
shard_end 147 1790814432.452952821
shard_start 158 1790814432.453817267
shard_end 152 1790814432.467023478
shard_start 153 1790814432.481103619
shard_end 149 1790814432.484386283
shard_start 159 1790814432.502432569
shard_end 158 1790814432.505641779
shard_start 154 1790814432.525499567
shard_end 153 1790814432.533481486
shard_start 156 1790814432.548905396
shard_end 159 1790814432.554246393
shard_start 155 1790814432.571721704
shard_end 154 1790814432.577846584
shard_start 160 1790814432.588135028
shard_end 156 1790814432.601038744
shard_end 155 1790814432.624171294
shard_end 160 1790814432.640155336
shard_start 157 1790814433.946122395
shard_start 161 1790814433.965289949
shard_start 166 1790814433.986683371
shard_end 157 1790814433.998069361
shard_end 161 1790814434.017203965
shard_start 167 1790814434.034778815
shard_end 166 1790814434.038577459
shard_start 162 1790814434.078101747
shard_end 167 1790814434.087315186
shard_end 162 1790814434.130271722
shard_start 164 1790814434.140669276
shard_start 163 1790814434.157169132
shard_start 165 1790814434.171955372
shard_end 164 1790814434.192687896
shard_start 168 1790814434.194890433
shard_end 163 1790814434.209763448
shard_start 169 1790814434.212906684
shard_end 165 1790814434.224410809
shard_start 174 1790814434.241042886
shard_end 168 1790814434.246814779
shard_start 175 1790814434.253106215
shard_end 169 1790814434.264831844
shard_start 172 1790814434.280832249
shard_end 174 1790814434.293030199
shard_start 170 1790814434.299467974
shard_end 175 1790814434.305170989
shard_start 171 1790814434.318172070
shard_end 172 1790814434.332768852
shard_start 173 1790814434.337426720
shard_end 170 1790814434.351475055
shard_start 177 1790814434.354647824
shard_end 171 1790814434.370945764
shard_start 176 1790814434.378465175
shard_end 173 1790814434.419642128
shard_end 177 1790814434.419677945
shard_start 183 1790814434.420852751
shard_start 182 1790814434.424126083
shard_end 176 1790814434.430407939
shard_start 180 1790814434.450290198
shard_end 183 1790814434.472683937
shard_start 178 1790814434.473371695
shard_end 182 1790814434.475793590
shard_start 179 1790814434.494166687
shard_end 180 1790814434.502217835
shard_start 181 1790814434.510724730
shard_end 178 1790814434.525595696
shard_start 191 1790814434.526064787
shard_start 184 1790814434.543412703
shard_end 179 1790814434.546132186
shard_end 181 1790814434.562679486
shard_start 190 1790814434.565493733
shard_end 191 1790814434.577916174
shard_start 185 1790814434.585086426
shard_end 184 1790814434.595452872
shard_start 188 1790814434.610394069
shard_end 190 1790814434.617701982
shard_start 186 1790814434.636816453
shard_end 185 1790814434.637512386
shard_start 187 1790814434.660033685
shard_end 188 1790814434.662907060
shard_start 189 1790814434.680124337
shard_end 186 1790814434.689312706
shard_end 187 1790814434.712319915
shard_end 189 1790814434.732011034
shard_start 192 1790814436.039278471
shard_start 193 1790814436.052014559
shard_start 198 1790814436.066601772
shard_end 192 1790814436.092104685
shard_end 193 1790814436.104140388
shard_start 199 1790814436.113294678
shard_end 198 1790814436.118402108
shard_end 199 1790814436.165386265
shard_start 196 1790814436.187235510
shard_start 194 1790814436.227688931
shard_end 196 1790814436.239938315
shard_start 195 1790814436.243244858
shard_start 197 1790814436.260186906
shard_end 194 1790814436.279699442
shard_start 200 1790814436.279737050
shard_end 195 1790814436.295635271
shard_start 206 1790814436.303197793
shard_end 197 1790814436.312207551
shard_start 207 1790814436.322339053
shard_end 200 1790814436.331886930
shard_start 201 1790814436.342505603
shard_end 206 1790814436.355277523
shard_start 204 1790814436.362441590
shard_end 207 1790814436.374373732
shard_start 202 1790814436.385506150
shard_end 201 1790814436.394676968
shard_start 203 1790814436.399304029
shard_end 204 1790814436.414747616
shard_end 202 1790814436.437638100
shard_start 208 1790814436.448598444
shard_end 203 1790814436.451243238
shard_start 215 1790814436.464177451
shard_start 214 1790814436.484789618
shard_end 208 1790814436.500833536
shard_start 209 1790814436.505802913
shard_end 215 1790814436.516074810
shard_start 205 1790814436.532207778
shard_end 214 1790814436.536849044
shard_start 212 1790814436.549747135
shard_end 209 1790814436.557659695
shard_start 210 1790814436.572534068
shard_end 205 1790814436.584266667
shard_start 211 1790814436.594784962
shard_end 212 1790814436.601609373
shard_start 222 1790814436.618151522
shard_end 210 1790814436.624934383
shard_start 216 1790814436.631857737
shard_end 211 1790814436.646648449
shard_start 217 1790814436.648314843
shard_start 223 1790814436.668978657
shard_end 222 1790814436.670308924
shard_end 216 1790814436.683904468
shard_start 213 1790814436.690241143
shard_end 217 1790814436.700513925
shard_start 220 1790814436.711213197
shard_end 223 1790814436.721210122
shard_start 218 1790814436.733014764
shard_end 213 1790814436.742977040
shard_start 219 1790814436.754433489
shard_end 220 1790814436.763128397
shard_start 230 1790814436.776395937
shard_end 218 1790814436.785037644
shard_end 219 1790814436.806491008
shard_end 230 1790814436.828415212
shard_start 224 1790814438.123288099
shard_start 225 1790814438.138103163
shard_start 221 1790814438.151758009
shard_end 224 1790814438.175362384
shard_end 225 1790814438.190544183
shard_start 231 1790814438.199811562
shard_end 221 1790814438.204132336
shard_end 231 1790814438.338896392
shard_start 226 1790814438.340050357
shard_start 227 1790814438.340050335
shard_start 228 1790814438.340637126
shard_start 238 1790814438.357422462
shard_start 233 1790814438.380612401
shard_end 227 1790814438.391940492
shard_end 226 1790814438.391940455
shard_end 228 1790814438.392411323
shard_start 239 1790814438.406434294
shard_end 238 1790814438.409725556
shard_end 233 1790814438.432619154
shard_start 232 1790814438.437097611
shard_end 239 1790814438.458361517
shard_start 229 1790814438.461481298
shard_start 236 1790814438.484494683
shard_end 232 1790814438.488974092
shard_start 235 1790814438.502598886
shard_end 229 1790814441.446233249
shard_start 234 1790814441.456215233
shard_end 236 1790814441.469793804
shard_start 246 1790814441.471539162
shard_end 235 1790814441.487424060
shard_start 241 1790814441.496789004
shard_end 234 1790814441.508384063
shard_start 240 1790814441.521710881
shard_end 246 1790814441.523226204
shard_start 237 1790814441.540068484
shard_end 241 1790814441.548749734
shard_start 247 1790814441.563623519
shard_end 240 1790814441.573800626
shard_start 244 1790814441.587806283
shard_end 237 1790814441.592318484
shard_start 243 1790814441.609912672
shard_end 247 1790814441.615459714
shard_start 242 1790814441.633045476
shard_end 244 1790814441.640370045
shard_start 254 1790814441.649310848
shard_end 243 1790814441.662200804
shard_start 249 1790814441.667616860
shard_end 242 1790814441.684991575
shard_start 255 1790814441.687536117
shard_end 254 1790814441.701345968
shard_start 245 1790814441.709994346
shard_end 249 1790814441.719762550
shard_start 248 1790814441.733204449
shard_end 255 1790814441.739688268
shard_start 252 1790814441.755339379
shard_end 245 1790814441.761916125
shard_start 251 1790814441.777190193
shard_end 248 1790814441.785660778
shard_start 250 1790814441.801210785
shard_end 252 1790814441.807329467
shard_start 262 1790814441.816308802
shard_end 251 1790814441.829087524
shard_end 250 1790814441.853652269
shard_end 262 1790814441.868372397
shard_start 263 1790814443.174141423
shard_end 263 1790814443.226230359
shard_start 253 1790814443.297251500
shard_start 257 1790814443.312801462
shard_start 256 1790814443.328658197
shard_end 253 1790814443.349549457
shard_start 260 1790814443.355378169
shard_end 257 1790814443.364823843
shard_start 259 1790814443.375831505
shard_end 256 1790814443.380639681
shard_end 260 1790814443.407956502
shard_start 258 1790814443.425703319
shard_end 259 1790814443.427809132
shard_start 271 1790814443.443505637
shard_start 270 1790814443.465582818
shard_end 258 1790814443.478267589
shard_start 265 1790814443.488025978
shard_end 271 1790814443.495553321
shard_start 261 1790814443.511055644
shard_end 270 1790814443.517422943
shard_start 264 1790814443.530243529
shard_end 265 1790814443.540089729
shard_start 268 1790814443.553693865
shard_end 261 1790814443.562902335
shard_start 267 1790814443.574775586
shard_end 264 1790814443.582136159
shard_start 266 1790814443.596433381
shard_end 268 1790814443.606013018
shard_start 279 1790814443.615311350
shard_end 267 1790814443.627252806
shard_start 278 1790814443.632478977
shard_end 266 1790814443.648466212
shard_start 273 1790814443.653991521
shard_end 279 1790814443.667299941
shard_start 269 1790814443.678464844
shard_end 278 1790814443.684511983
shard_start 272 1790814443.695207887
shard_end 273 1790814443.706124267
shard_start 275 1790814443.713032308
shard_end 269 1790814443.730466023
shard_start 276 1790814443.731893661
shard_end 272 1790814443.747264862
shard_start 274 1790814443.754116135
shard_end 275 1790814443.765157422
shard_start 287 1790814443.778287324
shard_end 276 1790814443.784227540
shard_start 286 1790814443.799108076
shard_end 274 1790814443.806464812
shard_start 281 1790814443.823977680
shard_end 287 1790814443.830184015
shard_start 277 1790814443.844447264
shard_end 286 1790814443.851745763
shard_start 280 1790814443.861101192
shard_end 281 1790814443.875899218
shard_start 283 1790814443.879020985
shard_start 284 1790814443.895743825
shard_end 277 1790814443.896580975
shard_end 280 1790814443.913227482
shard_start 282 1790814443.914446919
shard_end 283 1790814443.931180342
shard_start 294 1790814443.933108463
shard_end 284 1790814443.948102725
shard_end 282 1790814443.966767051
shard_end 294 1790814443.985410029
shard_start 295 1790814445.253101912
shard_end 295 1790814445.305142990
shard_start 289 1790814445.394978770
shard_start 285 1790814445.407907436
shard_start 288 1790814445.422474822
shard_end 289 1790814445.447691769
shard_end 285 1790814445.459971078
shard_start 291 1790814445.465074966
shard_end 288 1790814445.474434364
shard_start 292 1790814445.482424941
shard_end 291 1790814445.517050835
shard_start 290 1790814445.522029921
shard_end 292 1790814445.534295428
shard_start 302 1790814445.541501139
shard_start 303 1790814445.560919565
shard_end 290 1790814445.574704819
shard_start 293 1790814445.582724698
shard_end 302 1790814445.593688973
shard_start 297 1790814445.603968432
shard_end 303 1790814445.612794834
shard_start 296 1790814445.623942672
shard_end 293 1790814445.634687753
shard_start 299 1790814445.645870701
shard_end 297 1790814445.655901808
shard_start 300 1790814445.664121829
shard_end 296 1790814445.676035197
shard_start 298 1790814445.680745347
shard_end 299 1790814445.697856859
shard_start 311 1790814445.699180033
shard_end 300 1790814445.716512970
shard_start 310 1790814445.719175329
shard_end 298 1790814445.733126803
shard_start 304 1790814445.745083570
shard_end 311 1790814445.751126025
shard_start 305 1790814445.765734784
shard_end 310 1790814445.771574723
shard_start 301 1790814445.789767570
shard_end 304 1790814445.797143649
shard_start 307 1790814445.815767266
shard_end 305 1790814445.817470508
shard_start 308 1790814445.838745215
shard_end 301 1790814445.842165287
shard_start 306 1790814445.859595973
shard_end 307 1790814445.868131416
shard_start 318 1790814445.876146522
shard_end 308 1790814445.890705457
shard_start 319 1790814445.892558899
shard_end 306 1790814445.911576367
shard_start 312 1790814445.913542329
shard_end 318 1790814445.928148915
shard_start 313 1790814445.937589172
shard_end 319 1790814445.944892757
shard_start 309 1790814445.961285316
shard_end 312 1790814445.965674653
shard_start 315 1790814445.989319203
shard_end 313 1790814445.989448573
shard_end 309 1790814446.013422552
shard_start 316 1790814446.017794303
shard_start 314 1790814446.040285639
shard_end 315 1790814446.041420999
shard_start 327 1790814446.057963563
shard_end 316 1790814446.070122239
shard_end 314 1790814446.092294547
shard_end 327 1790814446.109991291
shard_start 326 1790814447.349577891
shard_end 326 1790814447.402252788
shard_start 321 1790814447.474765872
shard_start 320 1790814447.494672522
shard_start 317 1790814447.511863250
shard_end 321 1790814447.527202551
shard_end 320 1790814447.546524042
shard_start 323 1790814447.548451250
shard_end 317 1790814447.563704502
shard_start 322 1790814447.565582098
shard_end 323 1790814447.600583690
shard_end 322 1790814447.617686409
shard_start 335 1790814447.631602596
shard_start 324 1790814447.644880302
shard_start 334 1790814447.663185996
shard_end 335 1790814447.683523023
shard_start 329 1790814447.685598029
shard_end 324 1790814447.696936112
shard_start 328 1790814447.703932402
shard_end 334 1790814447.715294073
shard_start 325 1790814447.724247408
shard_end 329 1790814447.737849115
shard_start 331 1790814447.747055791
shard_end 328 1790814447.755813508
shard_start 330 1790814447.769980141
shard_end 325 1790814447.776098294
shard_start 343 1790814447.790928040
shard_end 331 1790814447.799771292
shard_start 332 1790814447.813089204
shard_end 330 1790814447.822457401
shard_start 337 1790814447.827880911
shard_end 343 1790814447.842822713
shard_start 342 1790814447.846031358
shard_start 336 1790814447.864399309
shard_end 332 1790814447.865310109
shard_end 337 1790814447.880028480
shard_start 333 1790814447.881894613
shard_end 342 1790814447.898752200
shard_start 339 1790814447.908839108
shard_end 336 1790814447.916540115
shard_start 351 1790814447.930988487
shard_end 333 1790814447.933658459
shard_start 340 1790814447.950946909
shard_end 339 1790814447.960999588
shard_start 338 1790814447.968027410
shard_end 351 1790814447.982874804
shard_start 350 1790814447.987920177
shard_end 340 1790814448.002894942
shard_start 345 1790814448.012667748
shard_end 338 1790814448.020931976
shard_start 344 1790814448.032301698
shard_end 350 1790814448.040224887
shard_start 341 1790814448.054625301
shard_end 345 1790814448.064427522
shard_start 347 1790814448.077385606
shard_end 344 1790814448.084137736
shard_start 358 1790814448.103742248
shard_end 341 1790814448.106485678
shard_start 359 1790814448.124767129
shard_end 347 1790814448.129166626
shard_start 348 1790814448.147808223
shard_end 358 1790814448.155719992
shard_end 359 1790814448.176777110
shard_end 348 1790814448.200715830
shard_start 346 1790814449.428325037
shard_end 346 1790814449.480264050
shard_start 353 1790814449.570228961
shard_start 355 1790814449.586821793
shard_start 352 1790814449.603249892
shard_end 353 1790814449.622827169
shard_end 355 1790814449.639245002
shard_end 352 1790814449.655196992
shard_start 349 1790814449.655596962
shard_start 356 1790814449.671489352
shard_end 349 1790814449.707758441
shard_end 356 1790814449.723381467
shard_start 366 1790814449.744512103
shard_start 354 1790814449.761432098
shard_start 361 1790814449.776506789
shard_end 366 1790814449.797104501
shard_start 367 1790814449.798092892
shard_end 354 1790814449.813826691
shard_start 363 1790814449.815855674
shard_end 361 1790814449.828699219
shard_start 360 1790814449.835142521
shard_end 367 1790814449.850854690
shard_start 357 1790814449.854487539
shard_end 363 1790814449.868113811
shard_start 374 1790814449.880056168
shard_end 360 1790814449.887344422
shard_start 375 1790814449.904036764
shard_end 357 1790814449.906348562
shard_start 364 1790814449.928635797
shard_end 374 1790814449.931940966
shard_start 369 1790814449.944628572
shard_end 375 1790814449.956072767
shard_start 362 1790814449.959292511
shard_start 371 1790814449.976835885
shard_end 364 1790814449.980921842
shard_end 369 1790814449.997132742
shard_start 368 1790814449.997985441
shard_end 362 1790814450.011865052
shard_start 365 1790814450.020729387
shard_end 371 1790814450.028820728
shard_start 383 1790814450.045694814
shard_end 368 1790814450.050305675
shard_start 382 1790814450.069060283
shard_end 365 1790814450.073159333
shard_start 372 1790814450.092679283
shard_end 383 1790814450.097595671
shard_start 377 1790814450.114830534
shard_end 382 1790814450.120989100
shard_start 370 1790814450.130390333
shard_end 372 1790814450.144655261
shard_start 376 1790814450.146428379
shard_start 379 1790814450.166252513
shard_end 377 1790814450.166583616
shard_end 370 1790814450.182309263
shard_start 373 1790814450.189221259
shard_end 376 1790814450.198278754
shard_start 380 1790814450.213372035
shard_end 379 1790814450.217938646
shard_start 391 1790814450.236150342
shard_end 373 1790814450.241618371
shard_start 390 1790814450.258285227
shard_end 380 1790814450.265384115
shard_end 391 1790814450.288855928
shard_end 390 1790814450.310272160
shard_start 385 1790814451.533525946
shard_end 385 1790814451.585577522
shard_start 378 1790814451.685486088
shard_start 387 1790814451.699341327
shard_start 384 1790814451.714757135
shard_end 378 1790814451.737606877
shard_end 387 1790814451.751364838
shard_end 384 1790814451.766678490
shard_start 381 1790814451.768100698
shard_start 388 1790814451.786317992
shard_end 381 1790814451.820037131
shard_end 388 1790814451.839058565
shard_start 399 1790814451.874836596
shard_start 398 1790814451.895075204
shard_start 393 1790814451.911435149
shard_end 399 1790814451.926766848
shard_start 386 1790814451.931642390
shard_end 398 1790814451.947264851
shard_start 395 1790814451.951067434
shard_end 393 1790814451.963631940
shard_start 392 1790814451.970281620
shard_end 386 1790814451.983628820
shard_start 389 1790814451.990760638
shard_end 395 1790814452.003505044
shard_start 396 1790814452.012743495
shard_end 392 1790814452.022306707
shard_start 407 1790814452.034042329
shard_end 389 1790814452.042657905
shard_start 406 1790814452.051699938
shard_end 396 1790814452.064670187
shard_start 401 1790814452.068935105
shard_end 407 1790814452.085985497
shard_start 394 1790814452.086811340
shard_end 406 1790814452.103775623
shard_start 403 1790814452.110502862
shard_end 401 1790814452.120913966
shard_start 400 1790814452.131173341
shard_end 394 1790814452.138537528
shard_start 397 1790814452.154319963
shard_end 403 1790814452.162514903
shard_end 400 1790814452.183176601
shard_end 397 1790814452.206245677
shard_start 402 1790814452.279673768
shard_start 404 1790814452.279816486
shard_start 411 1790814452.280062741
shard_start 414 1790814452.279965247
shard_start 409 1790814452.280040412
shard_start 415 1790814452.280317326
shard_start 408 1790814452.302456578
shard_start 405 1790814452.323229292
shard_end 402 1790814452.331859389
shard_end 404 1790814452.332460559
shard_end 414 1790814452.332727693
shard_end 409 1790814452.333098897
shard_end 411 1790814452.333194375
shard_end 415 1790814452.333232834
shard_start 412 1790814452.346367499
shard_end 408 1790814452.354326265
shard_start 423 1790814452.370156680
shard_end 405 1790814452.375434013
shard_start 422 1790814452.392317248
shard_end 412 1790814452.398406399
shard_end 423 1790814452.422754231
shard_end 422 1790814452.444504409
shard_start 410 1790814453.642647894
shard_end 410 1790814453.694586383
shard_start 417 1790814453.788164357
shard_start 419 1790814453.802809335
shard_start 416 1790814453.818151607
shard_end 417 1790814453.840104433
shard_end 419 1790814453.854651008
shard_end 416 1790814453.870106835
shard_start 413 1790814453.875189271
shard_start 431 1790814453.889836712
shard_start 420 1790814453.978543928
shard_start 430 1790814453.994921863
shard_start 418 1790814454.012360765
shard_start 425 1790814454.032045077
shard_start 427 1790814454.052428847
shard_start 424 1790814454.073253048
shard_start 421 1790814454.094992204
shard_start 439 1790814454.118157760
shard_start 428 1790814454.140842830
shard_start 438 1790814454.159321172
shard_start 433 1790814454.177563704
shard_start 426 1790814454.198543355
shard_start 435 1790814454.220023966
shard_end 413 1790814454.232374805
shard_end 430 1790814454.232394296
shard_end 418 1790814454.232482644
shard_end 431 1790814454.232537624
shard_end 420 1790814454.232596925
shard_end 425 1790814454.233627551
shard_start 432 1790814454.241308709
shard_end 427 1790814454.244356549
shard_end 421 1790814454.244369177
shard_end 424 1790814454.244421902
shard_end 439 1790814454.245246498
shard_end 428 1790814454.246097471
shard_end 433 1790814454.247588982
shard_end 438 1790814454.247594803
shard_end 426 1790814454.251145842
shard_start 447 1790814454.267313000
shard_end 435 1790814454.271993093
shard_end 432 1790814454.293434108
shard_end 447 1790814454.319281864
shard_start 429 1790814454.362331900
shard_start 436 1790814454.382668708
shard_start 446 1790814454.402274827
shard_end 429 1790814454.414502858
shard_start 434 1790814454.424839294
shard_end 436 1790814454.434503533
shard_start 441 1790814454.445827154
shard_end 446 1790814454.454548502
shard_start 443 1790814454.466323640
shard_end 434 1790814454.476951055
shard_start 440 1790814454.486253048
shard_end 441 1790814454.497821652
shard_start 455 1790814454.503597676
shard_end 443 1790814454.518035560
shard_start 437 1790814454.520555756
shard_end 440 1790814454.538105425
shard_start 454 1790814454.542744680
shard_end 455 1790814454.555893464
shard_end 437 1790814454.572914398
shard_end 454 1790814454.594637142
shard_start 444 1790814454.611834280
shard_end 444 1790814454.663669205
shard_start 449 1790814455.738281661
shard_end 449 1790814455.790594374
shard_start 442 1790814455.868887644
shard_start 451 1790814455.887571613
shard_end 442 1790814455.921044865
shard_end 451 1790814455.940313369
shard_start 445 1790814456.515932816
shard_start 457 1790814456.515908544
shard_start 463 1790814456.515908940
shard_start 448 1790814456.515977443
shard_start 459 1790814456.516032796
shard_start 462 1790814456.516270983
shard_start 450 1790814456.516429106
shard_start 452 1790814456.516720913
shard_start 456 1790814456.522555980
shard_start 471 1790814456.543106049
shard_start 470 1790814456.559612263
shard_end 445 1790814456.567994357
shard_end 448 1790814456.568030165
shard_end 459 1790814456.568377377
shard_end 463 1790814456.568766513
shard_end 450 1790814456.568928585
shard_end 462 1790814456.568819601
shard_end 457 1790814456.568786402
shard_end 452 1790814456.569082728
shard_end 456 1790814456.575163319
shard_start 453 1790814456.578275239
shard_end 471 1790814456.595223972
shard_start 465 1790814456.597937526
shard_start 460 1790814456.604645675
shard_end 470 1790814456.611631785
shard_start 458 1790814456.623524403
shard_end 453 1790814456.630090515
shard_start 467 1790814456.630897213
shard_end 465 1790814456.649868461
shard_start 464 1790814456.651015754
shard_end 460 1790814456.656999327
shard_start 479 1790814456.674394414
shard_end 458 1790814456.675306113
shard_end 467 1790814456.682871734
shard_start 478 1790814456.686496605
shard_start 468 1790814456.702063586
shard_end 464 1790814456.702969356
shard_end 479 1790814456.726481065
shard_start 466 1790814456.731559087
shard_start 461 1790814456.738560864
shard_end 478 1790814456.738889327
shard_end 468 1790814456.754341858
shard_start 473 1790814456.762934329
shard_start 475 1790814456.773950014
shard_end 466 1790814456.784116919
shard_end 461 1790814456.790680847
shard_start 487 1790814456.793601255
shard_start 472 1790814456.810284677
shard_end 473 1790814456.814806863
shard_end 475 1790814456.825896144
shard_start 486 1790814456.826123597
shard_start 476 1790814456.840580199
shard_end 487 1790814456.845457448
shard_end 472 1790814456.862227749
shard_start 469 1790814456.864171968
shard_end 486 1790814456.878657089
shard_end 476 1790814456.892511667
shard_end 469 1790814456.916316056
shard_start 481 1790814457.830526761
shard_end 481 1790814457.883680625
shard_start 474 1790814457.964011805
shard_start 483 1790814457.978862560
shard_end 474 1790814458.016050135
shard_end 483 1790814458.030762453
shard_start 495 1790814458.594576733
shard_start 480 1790814458.610093513
shard_start 494 1790814458.623797804
shard_start 484 1790814458.644449574
shard_end 495 1790814458.646239524
shard_start 477 1790814458.661356138
shard_end 480 1790814458.661967040
shard_end 494 1790814458.675774461
shard_start 482 1790814458.681681778
shard_end 484 1790814458.696838872
shard_start 489 1790814458.704048716
shard_end 477 1790814458.713462717
shard_start 491 1790814458.727872195
shard_end 482 1790814458.733542345
shard_start 488 1790814458.746064015
shard_end 489 1790814458.756727368
shard_start 492 1790814458.762607194
shard_end 491 1790814458.779886625
shard_start 485 1790814458.780520652
shard_end 488 1790814458.797994012
shard_start 490 1790814458.802321038
shard_end 492 1790814458.814505849
shard_start 497 1790814458.823788545
shard_end 485 1790814458.832503119
shard_start 499 1790814458.850327848
shard_end 490 1790814458.854215519
shard_start 496 1790814458.871830389
shard_end 497 1790814458.875599924
shard_start 493 1790814458.894812986
shard_end 499 1790814458.902239872
shard_start 498 1790814458.908272763
shard_end 496 1790814458.923731923
shard_end 493 1790814458.947124739
shard_end 498 1790814458.960738900
agg_start 0 1790814461.023716743
agg_end 0 1790814461.029079206
