shard_start 4 1790814106.858886412
shard_start 1 1790814106.870689882
shard_start 6 1790814106.880024233
shard_start 3 1790814106.900717070
shard_end 4 1790814106.910867703
shard_start 0 1790814106.911984997
shard_end 1 1790814106.922620746
shard_start 2 1790814106.923187698
shard_end 6 1790814106.931887383
shard_start 7 1790814106.935730646
shard_start 5 1790814106.949272874
shard_end 3 1790814106.952604012
shard_end 0 1790814106.964248561
shard_end 2 1790814106.975720481
shard_end 7 1790814106.987698437
shard_end 5 1790814107.001470212
shard_start 12 1790814107.020517276
shard_start 10 1790814107.040249837
shard_start 8 1790814107.064526357
shard_end 12 1790814107.073151193
shard_start 14 1790814107.091339183
shard_end 10 1790814107.092282956
shard_start 15 1790814107.111502359
shard_end 8 1790814107.116453492
shard_start 11 1790814107.121241700
shard_start 13 1790814107.134440872
shard_end 14 1790814107.143443766
shard_start 9 1790814107.145196842
shard_end 15 1790814107.164007319
shard_end 11 1790814107.173734429
shard_end 13 1790814107.186647347
shard_start 18 1790814107.188351883
shard_end 9 1790814107.197084114
shard_start 19 1790814107.208869610
shard_start 16 1790814107.236140630
shard_end 18 1790814107.240161515
shard_start 22 1790814107.255299319
shard_end 19 1790814107.260797049
shard_start 20 1790814107.265578121
shard_start 23 1790814107.277722377
shard_start 21 1790814107.287148164
shard_end 16 1790814107.287861828
shard_start 17 1790814107.298051098
shard_end 22 1790814107.308091037
shard_start 24 1790814107.311141426
shard_end 20 1790814107.319104343
shard_start 27 1790814107.328156039
shard_end 23 1790814107.330000078
shard_end 21 1790814107.339667149
shard_end 17 1790814107.350129822
shard_start 26 1790814107.351627907
shard_end 24 1790814107.363579888
shard_start 28 1790814107.372047011
shard_end 27 1790814107.380376291
shard_start 30 1790814107.395383454
shard_end 26 1790814107.403674551
shard_start 29 1790814107.410256499
shard_end 28 1790814107.424694342
shard_start 25 1790814107.427838560
shard_start 31 1790814107.436905803
shard_end 30 1790814107.448016425
shard_end 29 1790814107.462663841
shard_end 25 1790814107.480109964
shard_end 31 1790814107.489409188
shard_start 36 1790814109.176216750
shard_start 34 1790814109.188595818
shard_start 32 1790814109.196154767
shard_start 35 1790814109.211152957
shard_start 33 1790814109.223663064
shard_end 36 1790814109.228417422
shard_start 37 1790814109.232828803
shard_end 34 1790814109.240872669
shard_start 38 1790814109.243156975
shard_end 32 1790814109.247979789
shard_start 39 1790814109.251046841
shard_end 35 1790814109.262875863
shard_end 33 1790814109.275580063
shard_end 37 1790814109.284600627
shard_start 44 1790814109.293261307
shard_end 38 1790814109.295419920
shard_end 39 1790814109.302727454
shard_start 42 1790814109.311455646
shard_start 40 1790814109.329752014
shard_end 44 1790814109.345766422
shard_end 42 1790814109.363313553
shard_start 43 1790814109.365717779
shard_end 40 1790814109.381522854
shard_end 43 1790814109.417775384
shard_start 46 1790814110.264693603
shard_start 41 1790814110.273636073
shard_start 47 1790814110.286060759
shard_start 45 1790814110.295575010
shard_start 52 1790814110.308203059
shard_start 50 1790814110.315974612
shard_end 46 1790814110.316519097
shard_start 48 1790814110.325354684
shard_end 41 1790814110.325380146
shard_start 51 1790814110.333874922
shard_end 47 1790814110.338285102
shard_end 45 1790814110.347530539
shard_end 52 1790814110.360172096
shard_end 50 1790814110.368301443
shard_end 48 1790814110.377359640
shard_end 51 1790814110.385647080
shard_start 54 1790814110.386186210
shard_start 49 1790814110.400324456
shard_start 55 1790814110.414155242
shard_start 53 1790814110.436137003
shard_end 54 1790814110.437993115
shard_start 60 1790814110.450523981
shard_end 49 1790814110.452129932
shard_start 58 1790814110.463015675
shard_end 55 1790814110.466019451
shard_start 56 1790814110.475393724
shard_start 57 1790814110.481692016
shard_end 53 1790814110.488045300
shard_end 60 1790814110.502898325
shard_start 59 1790814110.504948192
shard_end 58 1790814110.515462255
shard_end 56 1790814110.527652227
shard_start 62 1790814110.528378506
shard_end 57 1790814110.534325992
shard_start 61 1790814110.542515217
shard_end 59 1790814110.557169879
shard_start 63 1790814110.564956430
shard_end 62 1790814110.581132547
shard_end 61 1790814110.594496871
shard_end 63 1790814110.617376598
shard_start 68 1790814111.389284898
shard_start 66 1790814111.403709876
shard_start 64 1790814111.412249845
shard_start 65 1790814111.425327131
shard_start 67 1790814111.433908850
shard_end 68 1790814111.441638051
shard_start 70 1790814111.443341601
shard_start 69 1790814111.453452262
shard_end 66 1790814111.456026865
shard_start 71 1790814111.463785045
shard_end 64 1790814111.464078823
shard_end 65 1790814111.477018970
shard_end 67 1790814111.486185405
shard_end 70 1790814111.495331892
shard_start 76 1790814111.504403045
shard_end 69 1790814111.505249007
shard_end 71 1790814111.516028075
shard_end 76 1790814111.556390352
shard_start 74 1790814112.459155633
shard_start 72 1790814112.470638273
shard_start 73 1790814112.481148902
shard_start 78 1790814112.489795197
shard_start 75 1790814112.504338722
shard_end 74 1790814112.511150111
shard_start 77 1790814112.512080306
shard_end 72 1790814112.522860392
shard_start 79 1790814112.522923214
shard_end 73 1790814112.533034030
shard_start 84 1790814112.534784976
shard_end 78 1790814112.542308489
shard_end 75 1790814112.556090173
shard_end 77 1790814112.563789313
shard_end 79 1790814112.574856738
shard_start 82 1790814112.576873935
shard_end 84 1790814112.586826346
shard_start 80 1790814112.605031942
shard_start 86 1790814112.621013160
shard_end 82 1790814112.628737040
shard_start 81 1790814112.634795244
shard_end 80 1790814112.656952723
shard_end 86 1790814112.673486482
shard_end 81 1790814112.686760348
shard_start 83 1790814113.547898029
shard_start 85 1790814113.558767411
shard_start 87 1790814113.568757165
shard_start 92 1790814113.583454500
shard_start 90 1790814113.592824230
shard_end 83 1790814113.599762798
shard_start 88 1790814113.604062508
shard_start 94 1790814113.609084926
shard_end 85 1790814113.610690537
shard_start 91 1790814113.619657897
shard_end 87 1790814113.620445622
shard_end 92 1790814113.635559679
shard_end 90 1790814113.644868374
shard_end 88 1790814113.656189304
shard_end 94 1790814113.660873119
shard_start 89 1790814113.668302460
shard_end 91 1790814113.671796092
shard_start 93 1790814113.687758629
shard_start 95 1790814113.697475976
shard_start 98 1790814113.718253855
shard_end 89 1790814113.719989443
shard_start 96 1790814113.727050490
shard_end 93 1790814113.739877415
shard_end 95 1790814113.749934357
shard_start 97 1790814113.750652271
shard_start 99 1790814113.758054894
shard_end 98 1790814113.771386828
shard_end 96 1790814113.779045819
shard_end 97 1790814113.802563641
shard_end 99 1790814113.810507696
agg_start 0 1790814115.855444414
agg_end 0 1790814115.858485727
