shard_start 3 1790814063.408732909
shard_start 0 1790814063.408653484
shard_start 4 1790814063.408868189
shard_start 2 1790814063.412032971
shard_start 1 1790814063.423520542
shard_start 6 1790814063.437748694
shard_start 5 1790814063.452351864
shard_end 0 1790814063.461118824
shard_end 4 1790814063.461190079
shard_end 3 1790814063.461322089
shard_end 2 1790814063.463892296
shard_start 7 1790814063.467960522
shard_end 1 1790814063.475658506
shard_end 6 1790814063.489782398
shard_end 5 1790814063.504500994
shard_end 7 1790814063.519942391
shard_start 8 1790814063.534927494
shard_end 8 1790814063.586874266
shard_start 12 1790814063.721921140
shard_start 9 1790814063.737382474
shard_start 11 1790814063.762970574
shard_start 10 1790814063.772062857
shard_end 12 1790814063.773704013
shard_start 13 1790814063.781300590
shard_start 14 1790814063.786896772
shard_end 9 1790814063.789095938
shard_start 20 1790814063.797846420
shard_start 15 1790814063.806222826
shard_end 11 1790814063.815017383
shard_end 10 1790814063.824276154
shard_end 13 1790814063.833320303
shard_end 14 1790814063.839262757
shard_end 20 1790814063.849770308
shard_end 15 1790814063.858363859
shard_start 17 1790814063.884655396
shard_start 16 1790814063.901217825
shard_start 18 1790814063.934017111
shard_end 17 1790814063.936658758
shard_start 19 1790814063.939607223
shard_start 21 1790814063.950702473
shard_end 16 1790814063.953150478
shard_start 23 1790814063.956774788
shard_start 28 1790814063.966654611
shard_start 22 1790814063.970807693
shard_end 18 1790814063.986270105
shard_end 19 1790814063.991343968
shard_start 26 1790814063.998471383
shard_end 21 1790814064.002784709
shard_end 23 1790814064.008716216
shard_start 25 1790814064.017618529
shard_end 28 1790814064.018412897
shard_end 22 1790814064.022525499
shard_end 26 1790814064.050470052
shard_start 27 1790814064.056140194
shard_start 29 1790814064.061531190
shard_end 25 1790814064.069598026
shard_start 24 1790814064.076393248
shard_start 31 1790814064.084051498
shard_start 30 1790814064.102597365
shard_end 27 1790814064.108237314
shard_end 29 1790814064.113275965
shard_end 24 1790814064.128252266
shard_end 31 1790814064.135990530
shard_end 30 1790814064.154443857
shard_start 33 1790814066.068659502
shard_start 35 1790814066.081144202
shard_start 34 1790814066.098822949
shard_start 36 1790814066.114849614
shard_end 33 1790814066.120641032
shard_start 37 1790814066.132724038
shard_end 35 1790814066.133791715
shard_start 32 1790814066.149499070
shard_end 34 1790814066.150713161
shard_start 39 1790814066.164315624
shard_end 36 1790814066.167253909
shard_start 38 1790814066.179762422
shard_end 37 1790814066.184990806
shard_start 43 1790814066.196628682
shard_end 32 1790814066.202076226
shard_end 39 1790814066.217262498
shard_start 41 1790814066.217746790
shard_end 38 1790814066.231724806
shard_start 42 1790814066.238167367
shard_end 43 1790814066.248594443
shard_start 44 1790814066.257968214
shard_end 41 1790814066.269943086
shard_start 45 1790814066.278726194
shard_end 42 1790814066.290257541
shard_start 47 1790814066.294165981
shard_end 44 1790814066.310576558
shard_start 40 1790814066.312145372
shard_start 46 1790814066.323754074
shard_end 45 1790814066.331303403
shard_start 51 1790814066.342740608
shard_end 47 1790814066.346174355
shard_start 50 1790814066.360216615
shard_end 40 1790814066.364858491
shard_end 46 1790814066.376595863
shard_start 49 1790814066.378645639
shard_end 51 1790814066.394818519
shard_start 52 1790814066.397126858
shard_end 50 1790814066.412270781
shard_start 54 1790814066.416010760
shard_end 49 1790814066.430633306
shard_start 55 1790814066.438802496
shard_end 52 1790814066.449303633
shard_start 53 1790814066.454381265
shard_start 48 1790814066.467284563
shard_end 54 1790814066.467614544
shard_start 60 1790814066.481392095
shard_end 55 1790814066.490647204
shard_start 58 1790814066.497753869
shard_end 53 1790814066.506400855
shard_start 57 1790814066.516490625
shard_end 48 1790814066.518971295
shard_end 60 1790814066.533449847
shard_start 59 1790814066.537975393
shard_end 58 1790814066.549773108
shard_start 62 1790814066.554861800
shard_end 57 1790814066.568441718
shard_start 63 1790814066.575401367
shard_end 59 1790814066.590040716
shard_start 61 1790814066.598691003
shard_end 62 1790814066.607618405
shard_start 56 1790814066.617790898
shard_end 63 1790814066.627588780
shard_end 61 1790814066.651360672
shard_end 56 1790814066.669637015
shard_start 65 1790814068.667454033
shard_start 66 1790814068.678060439
shard_start 67 1790814068.692179965
shard_start 68 1790814068.704931531
shard_end 65 1790814068.719288875
shard_start 70 1790814068.723596007
shard_end 66 1790814068.730031558
shard_start 69 1790814068.739510351
shard_end 67 1790814068.744077949
shard_end 68 1790814068.756851268
shard_start 71 1790814068.757659197
shard_start 64 1790814068.770882641
shard_end 70 1790814068.775827652
shard_start 75 1790814068.788013637
shard_end 69 1790814068.791359336
shard_start 76 1790814068.802148876
shard_end 71 1790814068.809517112
shard_start 73 1790814068.820572282
shard_end 64 1790814068.822549826
shard_end 75 1790814068.839929947
shard_start 78 1790814068.841275618
shard_end 76 1790814068.854169373
shard_start 74 1790814068.862654797
shard_end 73 1790814068.872566760
shard_start 77 1790814068.885843627
shard_end 78 1790814068.893517617
shard_start 79 1790814068.901929963
shard_end 74 1790814068.914786243
shard_start 72 1790814068.917078514
shard_start 83 1790814068.933133498
shard_end 77 1790814068.937696887
shard_start 84 1790814068.950453863
shard_end 79 1790814068.953684545
shard_start 81 1790814068.966201552
shard_end 72 1790814068.969021440
shard_end 83 1790814068.985165091
shard_start 86 1790814068.986487408
shard_end 84 1790814069.002524913
shard_start 82 1790814069.008037071
shard_end 81 1790814069.018249124
shard_start 85 1790814069.031427761
shard_end 86 1790814069.038540366
shard_start 87 1790814069.050021130
shard_end 82 1790814069.059976135
shard_start 91 1790814069.066154068
shard_start 80 1790814069.081108222
shard_end 85 1790814069.083013965
shard_end 87 1790814069.102148443
shard_end 91 1790814069.119017107
shard_end 80 1790814069.133117211
shard_start 94 1790814069.180386773
shard_start 92 1790814069.202387681
shard_start 89 1790814069.218323621
shard_end 94 1790814069.232650857
shard_start 90 1790814069.234567318
shard_start 93 1790814069.251609526
shard_end 92 1790814069.254121155
shard_start 95 1790814069.269929159
shard_end 89 1790814069.270310911
shard_end 90 1790814069.286341390
shard_start 88 1790814069.287541603
shard_end 93 1790814069.303383279
shard_end 95 1790814069.321924175
shard_end 88 1790814069.339341754
shard_start 99 1790814071.348227897
shard_start 97 1790814071.366529512
shard_start 98 1790814071.381347750
shard_start 96 1790814071.397013307
shard_end 99 1790814071.399995416
shard_end 97 1790814071.418478014
shard_end 98 1790814071.433656883
shard_end 96 1790814071.449195728
agg_start 0 1790814073.553498372
agg_end 0 1790814073.555656935
