shard_start 0 1790813901.340872990
shard_start 6 1790813901.357083044
shard_start 2 1790813901.370866992
shard_end 0 1790813901.392960739
shard_start 5 1790813901.394171611
shard_start 7 1790813901.406444106
shard_end 6 1790813901.409028158
shard_start 1 1790813901.422615443
shard_end 2 1790813901.422656378
shard_start 4 1790813901.436733319
shard_end 5 1790813901.446073893
shard_start 3 1790813901.456211617
shard_end 7 1790813901.458057012
shard_start 14 1790813901.474196911
shard_end 1 1790813901.474275401
shard_start 15 1790813901.487476514
shard_end 4 1790813901.488577694
shard_end 3 1790813901.508118529
shard_start 13 1790813901.509898275
shard_start 10 1790813901.521513419
shard_end 14 1790813901.526013714
shard_start 8 1790813901.535548744
shard_end 15 1790813901.539315909
shard_start 9 1790813901.546277570
shard_end 13 1790813901.562169607
shard_start 11 1790813901.563692263
shard_end 10 1790813901.573686998
shard_start 12 1790813901.579989466
shard_end 8 1790813901.587930091
shard_end 9 1790813901.598134935
shard_start 22 1790813901.606901454
shard_start 23 1790813901.612784271
shard_end 11 1790813901.615468390
shard_end 12 1790813901.631894176
shard_end 22 1790813901.658683995
shard_end 23 1790813901.664918782
shard_start 21 1790813901.752973455
shard_start 20 1790813901.753213782
shard_start 17 1790813901.753510527
shard_start 16 1790813901.753569342
shard_start 19 1790813901.753656919
shard_start 24 1790813901.753842745
shard_start 26 1790813901.754262690
shard_start 18 1790813901.754290222
shard_start 30 1790813901.767510482
shard_start 29 1790813901.775571766
shard_start 31 1790813901.791556970
shard_end 21 1790813901.805004846
shard_end 19 1790813901.805348558
shard_end 17 1790813901.805384237
shard_end 20 1790813901.805694303
shard_end 16 1790813901.805894856
shard_end 18 1790813901.806148262
shard_end 26 1790813901.806416150
shard_end 24 1790813901.806571135
shard_start 25 1790813901.807500887
shard_end 30 1790813901.819516434
shard_start 27 1790813901.819913285
shard_end 29 1790813901.827476401
shard_start 28 1790813901.833262411
shard_end 31 1790813901.843455459
shard_end 25 1790813901.859325412
shard_end 27 1790813901.871849901
shard_end 28 1790813901.885347403
shard_start 34 1790813904.772389471
shard_start 39 1790813904.781440900
shard_start 38 1790813904.792513585
shard_start 37 1790813904.807840048
shard_start 32 1790813904.818319034
shard_end 34 1790813904.824232828
shard_start 33 1790813904.826472975
shard_end 39 1790813904.833395550
shard_start 36 1790813904.838812399
shard_end 38 1790813904.844415921
shard_start 35 1790813904.848078416
shard_end 37 1790813904.859915425
shard_start 42 1790813904.864221641
shard_end 32 1790813904.870416636
shard_end 33 1790813904.878400479
shard_start 47 1790813904.879706426
shard_start 46 1790813904.888021963
shard_end 36 1790813904.890447639
shard_end 35 1790813904.899918644
shard_start 40 1790813904.901541334
shard_end 42 1790813904.916577870
shard_start 45 1790813904.917891046
shard_start 41 1790813904.925101399
shard_end 47 1790813904.931541691
shard_start 44 1790813904.937280641
shard_end 46 1790813904.940428781
shard_start 43 1790813904.947160366
shard_end 40 1790813904.953582573
shard_start 54 1790813904.960049666
shard_end 45 1790813904.970050669
shard_start 50 1790813904.971125581
shard_end 41 1790813904.977545442
shard_start 53 1790813904.983321824
shard_end 44 1790813904.989298174
shard_start 48 1790813904.997561998
shard_end 43 1790813904.998936702
shard_end 54 1790813905.012032006
shard_start 55 1790813905.013635653
shard_start 49 1790813905.020013391
shard_end 50 1790813905.022976943
shard_start 52 1790813905.028989129
shard_end 53 1790813905.035353349
shard_start 51 1790813905.042021615
shard_end 48 1790813905.049876923
shard_start 61 1790813905.058018214
shard_end 55 1790813905.065925018
shard_start 58 1790813905.070864564
shard_end 49 1790813905.072019288
shard_end 52 1790813905.081223854
shard_start 56 1790813905.082637513
shard_start 63 1790813905.090861921
shard_end 51 1790813905.094026538
shard_start 62 1790813905.105221764
shard_end 61 1790813905.110616726
shard_start 57 1790813905.119402792
shard_end 58 1790813905.123430327
shard_start 60 1790813905.127287831
shard_end 56 1790813905.134818411
shard_start 59 1790813905.135443040
shard_end 63 1790813905.143278889
shard_end 62 1790813905.158349417
shard_end 57 1790813905.171769118
shard_end 60 1790813905.179989021
shard_end 59 1790813905.187469242
shard_start 69 1790813908.116823112
shard_start 66 1790813908.134889018
shard_start 70 1790813908.144863018
shard_start 71 1790813908.158271853
shard_start 68 1790813908.167265631
shard_end 69 1790813908.168419841
shard_start 64 1790813908.185061823
shard_end 66 1790813908.186509367
shard_end 70 1790813908.196582922
shard_start 65 1790813908.197538695
shard_start 67 1790813908.209452189
shard_end 71 1790813908.210423514
shard_end 68 1790813908.219242964
shard_start 77 1790813908.224629071
shard_end 64 1790813908.237027845
shard_start 74 1790813908.238492554
shard_end 65 1790813908.249442382
shard_start 79 1790813908.251192433
shard_end 67 1790813908.261800902
shard_start 78 1790813908.263029620
shard_end 77 1790813908.276497923
shard_start 76 1790813908.277445253
shard_end 74 1790813908.290374007
shard_start 72 1790813908.292504585
shard_end 79 1790813908.303040591
shard_start 73 1790813908.307724676
shard_end 78 1790813908.314804021
shard_start 75 1790813908.326193273
shard_end 76 1790813908.329457515
shard_start 85 1790813908.341807922
shard_end 72 1790813908.344097657
shard_end 73 1790813908.359564859
shard_start 82 1790813908.360790486
shard_start 87 1790813908.370837536
shard_end 75 1790813908.378155976
shard_start 84 1790813908.388194841
shard_end 85 1790813908.393486385
shard_start 86 1790813908.394291830
shard_end 82 1790813908.418022540
shard_start 80 1790813908.419270741
shard_end 87 1790813908.422824712
shard_start 81 1790813908.426841869
shard_end 84 1790813908.440451759
shard_start 93 1790813908.443957386
shard_end 86 1790813908.446068668
shard_start 83 1790813908.454484237
shard_end 80 1790813908.471473415
shard_start 90 1790813908.472659170
shard_end 81 1790813908.478975450
shard_start 95 1790813908.481828092
shard_end 93 1790813908.496016312
shard_start 92 1790813908.497066569
shard_start 94 1790813908.504286502
shard_end 83 1790813908.506792634
shard_end 90 1790813908.524760708
shard_end 95 1790813908.533878967
shard_end 92 1790813908.549204018
shard_start 89 1790813908.551687467
shard_start 88 1790813908.551927359
shard_start 91 1790813908.552231140
shard_end 94 1790813908.556656857
shard_end 89 1790813908.604102921
shard_end 88 1790813908.659609526
shard_end 91 1790813908.659609537
shard_start 101 1790813914.433776873
shard_start 98 1790813914.444543669
shard_start 102 1790813914.455682397
shard_start 103 1790813914.468906093
shard_start 100 1790813914.474964564
shard_start 97 1790813914.484961074
shard_end 101 1790813914.485583120
shard_end 98 1790813914.496576649
shard_start 96 1790813914.501320269
shard_end 102 1790813914.507685776
shard_start 99 1790813914.515251284
shard_end 103 1790813914.520879328
shard_end 100 1790813914.526879086
shard_start 109 1790813914.530983370
shard_end 97 1790813914.536875938
shard_start 106 1790813914.545506594
shard_end 96 1790813914.553157478
shard_start 110 1790813914.560128601
shard_end 99 1790813914.567233010
shard_start 111 1790813914.574539773
shard_end 109 1790813914.582632727
shard_start 108 1790813914.582632609
shard_start 104 1790813914.594617941
shard_end 106 1790813914.597193666
shard_end 110 1790813914.612085103
shard_end 111 1790813914.626465995
shard_end 108 1790813914.634638493
shard_end 104 1790813914.646582755
shard_start 105 1790813914.690240380
shard_start 107 1790813914.701835015
shard_end 105 1790813914.742108760
shard_end 107 1790813914.754105134
shard_start 114 1790813914.885905512
shard_start 112 1790813914.891902256
shard_start 118 1790813914.922086608
shard_start 119 1790813914.922116661
shard_start 117 1790813914.922544266
shard_end 114 1790813914.938194564
shard_start 116 1790813914.941770853
shard_end 112 1790813914.943806285
shard_start 113 1790813914.956404016
shard_start 115 1790813914.969180413
shard_end 119 1790813914.974061228
shard_end 118 1790813914.974133510
shard_end 117 1790813914.974321544
shard_start 122 1790813914.985712638
shard_start 125 1790813914.993274982
shard_end 116 1790813914.993395961
shard_start 126 1790813915.007004973
shard_end 113 1790813915.008207286
shard_start 127 1790813915.015642705
shard_end 115 1790813915.021238990
shard_start 120 1790813915.027803376
shard_end 122 1790813915.037944653
shard_start 124 1790813915.038658164
shard_end 125 1790813915.046005440
shard_start 121 1790813915.049114360
shard_end 126 1790813915.058984054
shard_start 123 1790813915.060211414
shard_end 127 1790813915.067652509
shard_end 120 1790813915.079706263
shard_end 124 1790813915.090526399
shard_end 121 1790813915.100966578
shard_end 123 1790813915.112581159
shard_start 130 1790813917.022316738
shard_start 133 1790813917.034336712
shard_start 134 1790813917.047334437
shard_start 135 1790813917.062855830
shard_end 130 1790813917.074198966
shard_start 128 1790813917.076180907
shard_end 133 1790813917.086183199
shard_start 132 1790813917.087229804
shard_end 134 1790813917.099283837
shard_start 129 1790813917.104410829
shard_start 131 1790813917.111974760
shard_end 135 1790813917.114652235
shard_end 128 1790813917.128653794
shard_start 141 1790813917.129342073
shard_end 132 1790813917.139234519
shard_start 138 1790813917.145925188
shard_start 142 1790813917.155436502
shard_end 129 1790813917.156419969
shard_end 131 1790813917.164336137
shard_start 143 1790813917.165943427
shard_start 136 1790813917.180484031
shard_end 141 1790813917.181409546
shard_start 140 1790813917.188521526
shard_end 138 1790813917.197566921
shard_start 137 1790813917.201949026
shard_end 142 1790813917.207283488
shard_start 139 1790813917.211784142
shard_end 143 1790813917.217752694
shard_end 136 1790813917.232208207
shard_end 140 1790813917.240399552
shard_end 137 1790813917.253916983
shard_end 139 1790813917.263791709
shard_start 146 1790813918.190203734
shard_start 149 1790813918.199995930
shard_start 150 1790813918.208996063
shard_start 144 1790813918.218773133
shard_start 151 1790813918.233928464
shard_end 146 1790813918.242194882
shard_start 145 1790813918.249629897
shard_end 149 1790813918.251873505
shard_start 148 1790813918.257319391
shard_end 150 1790813918.261251092
shard_end 144 1790813918.271315299
shard_start 147 1790813918.273771219
shard_end 151 1790813918.285778196
shard_start 154 1790813918.286681166
shard_start 157 1790813918.297117728
shard_end 145 1790813918.301743433
shard_end 148 1790813918.309520234
shard_start 158 1790813918.310584147
shard_start 152 1790813918.322221561
shard_end 147 1790813918.325420961
shard_start 156 1790813918.337136862
shard_end 154 1790813918.338229015
shard_start 153 1790813918.346336042
shard_end 157 1790813918.348949642
shard_end 158 1790813918.362808171
shard_end 152 1790813918.374466853
shard_start 159 1790813918.379892398
shard_end 156 1790813918.389100962
shard_start 155 1790813918.390013128
shard_end 153 1790813918.398973962
shard_end 159 1790813918.432254001
shard_end 155 1790813918.442120861
shard_start 162 1790813920.332962598
shard_start 165 1790813920.345069058
shard_start 166 1790813920.356594726
shard_start 161 1790813920.368357825
shard_start 160 1790813920.384213927
shard_end 162 1790813920.384593652
shard_start 167 1790813920.394670114
shard_end 165 1790813920.397832709
shard_end 166 1790813920.408559129
shard_start 164 1790813920.411096169
shard_end 161 1790813920.420339867
shard_start 163 1790813920.423468655
shard_end 160 1790813920.435980090
shard_start 173 1790813920.436362672
shard_end 167 1790813920.446647499
shard_start 170 1790813920.451575259
shard_end 164 1790813920.463287803
shard_start 174 1790813920.469187095
shard_end 163 1790813920.475456310
shard_start 169 1790813920.481206840
shard_end 173 1790813920.488522324
shard_start 175 1790813920.495246738
shard_end 170 1790813920.503527681
shard_start 168 1790813920.503658020
shard_start 172 1790813920.513848304
shard_end 174 1790813920.521219687
shard_start 171 1790813920.525758795
shard_end 169 1790813920.533289770
shard_end 175 1790813920.547121305
shard_end 168 1790813920.555414012
shard_end 172 1790813920.565747660
shard_end 171 1790813920.577683150
shard_start 177 1790813921.595470767
shard_start 178 1790813921.595543741
shard_start 180 1790813921.595697361
shard_start 179 1790813921.595750604
shard_start 182 1790813921.595892497
shard_start 176 1790813921.595865819
shard_start 183 1790813921.595754314
shard_start 181 1790813921.596006733
shard_start 189 1790813921.596334047
shard_start 186 1790813921.602578056
shard_start 190 1790813921.610963078
shard_start 185 1790813921.625722002
shard_start 191 1790813921.634785896
shard_end 176 1790813921.647657257
shard_end 180 1790813921.647830326
shard_end 178 1790813921.647815160
shard_end 181 1790813921.647874517
shard_end 177 1790813921.647811119
shard_start 188 1790813921.647809961
shard_end 179 1790813921.647981289
shard_end 183 1790813921.648147426
shard_end 182 1790813921.648327917
shard_end 189 1790813921.648541474
shard_end 186 1790813921.654573583
shard_start 184 1790813921.657619743
shard_end 190 1790813921.662913171
shard_start 187 1790813921.669005456
shard_end 185 1790813921.678050408
shard_end 191 1790813921.686969312
shard_end 188 1790813921.700353348
shard_end 184 1790813921.709754240
shard_end 187 1790813921.721439302
shard_start 197 1790813923.632545778
shard_start 198 1790813923.645686444
shard_start 194 1790813923.654806393
shard_start 193 1790813923.672252084
shard_end 197 1790813923.684626469
shard_start 196 1790813923.686589199
shard_end 198 1790813923.697594234
shard_start 199 1790813923.702887531
shard_end 194 1790813923.706545012
shard_start 192 1790813923.714674023
shard_end 193 1790813923.724201030
shard_start 195 1790813923.727609983
shard_end 196 1790813923.738360130
shard_start 205 1790813923.742804633
shard_start 206 1790813923.750823290
shard_end 199 1790813923.754658129
shard_end 192 1790813923.766477396
shard_start 201 1790813923.767546463
shard_end 195 1790813923.779550949
shard_start 202 1790813923.781347827
shard_start 207 1790813923.792654710
shard_end 205 1790813923.794877253
shard_end 206 1790813923.802674218
shard_start 200 1790813923.804191587
shard_end 201 1790813923.819643938
shard_start 204 1790813923.821566627
shard_start 203 1790813923.831261034
shard_end 202 1790813923.832970865
shard_end 207 1790813923.844378175
shard_end 200 1790813923.856529289
shard_end 204 1790813923.873300024
shard_end 203 1790813923.883097256
shard_start 213 1790813924.786961672
shard_start 214 1790813924.800434500
shard_start 209 1790813924.810279812
shard_start 210 1790813924.825388359
shard_start 215 1790813924.835932492
shard_end 213 1790813924.838712341
shard_start 208 1790813924.848665746
shard_end 214 1790813924.852439687
shard_end 209 1790813924.862176060
shard_start 212 1790813924.862176093
shard_start 211 1790813924.874823841
shard_end 210 1790813924.877219852
shard_start 221 1790813924.887317348
shard_end 215 1790813924.887620935
shard_start 222 1790813924.898708285
shard_end 208 1790813924.900523413
shard_start 217 1790813924.909421799
shard_end 212 1790813924.913982658
shard_start 216 1790813924.923023283
shard_end 211 1790813924.926537360
shard_start 218 1790813924.934345824
shard_end 221 1790813924.939179789
shard_start 223 1790813924.947948322
shard_end 222 1790813924.950492897
shard_start 220 1790813924.957449054
shard_end 217 1790813924.961144661
shard_start 219 1790813924.966668196
shard_end 216 1790813924.975450895
shard_end 218 1790813924.986910670
shard_end 223 1790813924.999849855
shard_end 220 1790813925.009337113
shard_end 219 1790813925.018859065
shard_start 229 1790813926.932067833
shard_start 225 1790813926.997202216
shard_start 228 1790813926.997467943
shard_start 230 1790813926.997472524
shard_start 224 1790813926.997539954
shard_start 226 1790813926.997688932
shard_start 231 1790813927.009555834
shard_start 227 1790813927.021949581
shard_start 238 1790813927.034362933
shard_end 229 1790813927.047592259
shard_end 225 1790813927.049372650
shard_end 224 1790813927.049385626
shard_end 230 1790813927.049656967
shard_end 226 1790813927.049795635
shard_end 228 1790813927.049970538
shard_start 237 1790813927.049953317
shard_start 233 1790813927.060543996
shard_end 231 1790813927.061294873
shard_start 234 1790813927.071488966
shard_end 227 1790813927.073531653
shard_end 238 1790813927.086159926
shard_start 232 1790813927.089557903
shard_start 236 1790813927.096765608
shard_end 237 1790813927.102094543
shard_start 239 1790813927.106955102
shard_end 233 1790813927.112688260
shard_start 235 1790813927.113780382
shard_end 234 1790813927.123126871
shard_end 232 1790813927.141576051
shard_end 236 1790813927.149054737
shard_end 239 1790813927.158828317
shard_end 235 1790813927.165580447
shard_start 245 1790813928.070159135
shard_start 241 1790813928.081513926
shard_start 246 1790813928.091616145
shard_start 242 1790813928.105398529
shard_start 244 1790813928.119566780
shard_end 245 1790813928.121936374
shard_start 240 1790813928.126208305
shard_end 241 1790813928.134097395
shard_start 247 1790813928.140583792
shard_end 246 1790813928.143448526
shard_start 243 1790813928.151752195
shard_end 242 1790813928.157350728
shard_start 253 1790813928.167596298
shard_end 244 1790813928.171664803
shard_end 240 1790813928.178259147
shard_start 254 1790813928.179743335
shard_start 249 1790813928.191146861
shard_end 247 1790813928.192221437
shard_end 243 1790813928.203950858
shard_start 250 1790813928.206726584
shard_start 248 1790813928.217189622
shard_end 253 1790813928.219285026
shard_start 255 1790813928.229334309
shard_end 254 1790813928.231950999
shard_start 252 1790813928.240555576
shard_end 249 1790813928.242969322
shard_start 251 1790813928.253157341
shard_end 250 1790813928.258936073
shard_end 248 1790813928.269105282
shard_end 255 1790813928.281437268
shard_end 252 1790813928.292979410
shard_end 251 1790813928.305418066
shard_start 261 1790813930.225833095
shard_start 262 1790813930.236570123
shard_start 257 1790813930.249699483
shard_start 256 1790813930.263122501
shard_start 258 1790813930.276162146
shard_end 261 1790813930.278008008
shard_end 262 1790813930.288585725
shard_start 263 1790813930.291366418
shard_end 257 1790813930.301473113
shard_start 260 1790813930.302080463
shard_start 259 1790813930.310607895
shard_end 256 1790813930.315099253
shard_start 269 1790813930.325465127
shard_end 258 1790813930.328195853
shard_start 265 1790813930.342554774
shard_end 263 1790813930.343005455
shard_end 260 1790813930.354209075
shard_start 270 1790813930.354908266
shard_end 259 1790813930.362571567
shard_start 264 1790813930.364079560
shard_end 269 1790813930.377288066
shard_start 266 1790813930.377598952
shard_start 271 1790813930.392172545
shard_end 265 1790813930.394372005
shard_start 268 1790813930.401173790
shard_end 270 1790813930.406889952
shard_start 267 1790813930.410124730
shard_end 264 1790813930.415736265
shard_end 266 1790813930.429727785
shard_end 271 1790813930.444163053
shard_end 268 1790813930.453092558
shard_end 267 1790813930.462490582
shard_start 277 1790813931.373724463
shard_start 273 1790813931.386899423
shard_start 278 1790813931.395267495
shard_start 272 1790813931.406161869
shard_start 274 1790813931.419883672
shard_end 277 1790813931.425746105
shard_start 279 1790813931.428281132
shard_end 273 1790813931.438847011
shard_start 276 1790813931.441041742
shard_end 278 1790813931.447222958
shard_start 275 1790813931.451351445
shard_end 272 1790813931.458113448
shard_end 274 1790813931.471717222
shard_start 285 1790813931.472464862
shard_end 279 1790813931.480516493
shard_start 286 1790813931.487458967
shard_end 276 1790813931.492726541
shard_start 281 1790813931.493144866
shard_end 275 1790813931.503308095
shard_start 280 1790813931.504957384
shard_start 282 1790813931.516596413
shard_end 285 1790813931.524835324
shard_start 284 1790813931.527058930
shard_start 287 1790813931.538577695
shard_end 286 1790813931.539614974
shard_end 281 1790813931.545304537
shard_start 283 1790813931.551487424
shard_end 280 1790813931.557161534
shard_end 282 1790813931.569272694
shard_end 284 1790813931.579147433
shard_end 287 1790813931.591008028
shard_end 283 1790813931.603875510
shard_start 293 1790813933.514518055
shard_start 289 1790813933.524403772
shard_start 294 1790813933.535410391
shard_start 288 1790813933.547704592
shard_start 290 1790813933.562388681
shard_end 293 1790813933.566574534
shard_end 289 1790813933.576852448
shard_start 292 1790813933.579834286
shard_end 294 1790813933.587432057
shard_start 295 1790813933.590559190
shard_end 288 1790813933.599327127
shard_start 291 1790813933.600024082
shard_end 290 1790813933.614366661
shard_start 301 1790813933.619983880
shard_end 292 1790813933.631966740
shard_start 297 1790813933.633602211
shard_end 295 1790813933.642669060
shard_start 302 1790813933.648527549
shard_end 291 1790813933.651817558
shard_start 296 1790813933.658979034
shard_end 301 1790813933.671826538
shard_start 300 1790813933.673579848
shard_start 298 1790813933.684599986
shard_end 297 1790813933.685519980
shard_start 299 1790813933.697513301
shard_end 302 1790813933.700233237
shard_start 303 1790813933.703814883
shard_end 296 1790813933.710848737
shard_end 300 1790813933.725562118
shard_end 298 1790813933.736565534
shard_end 299 1790813933.749303147
shard_end 303 1790813933.755717982
shard_start 305 1790813934.665071564
shard_start 309 1790813934.674030899
shard_start 310 1790813934.686721985
shard_start 304 1790813934.701820264
shard_start 308 1790813934.711524686
shard_end 305 1790813934.716901672
shard_end 309 1790813934.725802804
shard_start 306 1790813934.727195017
shard_start 311 1790813934.735044225
shard_end 310 1790813934.738564838
shard_start 313 1790813934.749907911
shard_end 304 1790813934.753780923
shard_end 308 1790813934.763403564
shard_start 317 1790813934.764939649
shard_start 307 1790813934.777019199
shard_end 306 1790813934.779100196
shard_end 311 1790813934.787015048
shard_start 318 1790813934.792715532
shard_end 313 1790813934.801931062
shard_end 317 1790813934.816702281
shard_end 307 1790813934.828836397
shard_start 312 1790813934.834468439
shard_start 319 1790813934.836125318
shard_start 314 1790813934.836343590
shard_start 316 1790813934.836937259
shard_end 318 1790813934.844491217
shard_start 321 1790813934.850303885
shard_end 312 1790813934.886369202
shard_end 319 1790813934.888138389
shard_end 314 1790813934.888536871
shard_end 316 1790813934.888811382
shard_end 321 1790813934.902058944
shard_start 325 1790813936.812006780
shard_start 326 1790813936.820131532
shard_start 320 1790813936.835171689
shard_start 315 1790813936.850840531
shard_start 324 1790813936.857853604
shard_end 325 1790813936.864526523
shard_start 322 1790813936.867840694
shard_end 326 1790813936.871955678
shard_start 327 1790813936.881720631
shard_end 320 1790813936.887024251
shard_start 329 1790813936.899865857
shard_end 315 1790813936.902554517
shard_end 324 1790813936.910352868
shard_start 333 1790813936.914997912
shard_end 322 1790813936.919670394
shard_start 328 1790813936.922505180
shard_start 332 1790813936.933183516
shard_end 327 1790813936.933372001
shard_start 334 1790813936.951120561
shard_end 329 1790813936.951558791
shard_start 330 1790813936.959138363
shard_end 333 1790813936.966813960
shard_start 323 1790813936.969082933
shard_end 328 1790813936.974754926
shard_end 332 1790813936.985314671
shard_start 335 1790813936.985898152
shard_start 341 1790813937.000969295
shard_end 334 1790813937.002974657
shard_end 330 1790813937.010991110
shard_end 323 1790813937.021112248
shard_end 335 1790813937.037583509
shard_end 341 1790813937.053554263
shard_start 337 1790813937.954720570
shard_start 336 1790813937.965281261
shard_start 340 1790813937.975534368
shard_start 342 1790813937.989530024
shard_start 331 1790813938.002612714
shard_end 337 1790813938.006536416
shard_end 336 1790813938.017110742
shard_start 338 1790813938.017278605
shard_start 343 1790813938.026643677
shard_end 340 1790813938.027453193
shard_start 349 1790813938.039057936
shard_end 342 1790813938.041280608
shard_start 344 1790813938.052614169
shard_end 331 1790813938.054252746
shard_start 345 1790813938.067648970
shard_end 338 1790813938.068922252
shard_start 350 1790813938.074321549
shard_end 343 1790813938.078558618
shard_start 339 1790813938.089778588
shard_end 349 1790813938.090673844
shard_start 348 1790813938.104562586
shard_end 344 1790813938.104538906
shard_start 346 1790813938.117380820
shard_end 345 1790813938.119855730
shard_end 350 1790813938.126017398
shard_start 351 1790813938.129450302
shard_start 352 1790813938.140773498
shard_end 339 1790813938.141509994
shard_end 348 1790813938.156543827
shard_end 346 1790813938.169803957
shard_end 351 1790813938.181407057
shard_end 352 1790813938.192709433
shard_start 353 1790813940.095135025
shard_start 357 1790813940.106434317
shard_start 358 1790813940.119781297
shard_start 356 1790813940.131639582
shard_start 347 1790813940.142467255
shard_end 353 1790813940.147001989
shard_start 354 1790813940.153968121
shard_end 357 1790813940.158252894
shard_start 359 1790813940.164905227
shard_end 358 1790813940.171950003
shard_start 360 1790813940.178735428
shard_end 356 1790813940.183619132
shard_start 361 1790813940.193535452
shard_end 347 1790813940.194422985
shard_start 365 1790813940.205397001
shard_end 354 1790813940.205581579
shard_end 359 1790813940.216952036
shard_start 366 1790813940.219485923
shard_start 364 1790813940.229421735
shard_end 360 1790813940.230401351
shard_start 355 1790813940.242869226
shard_end 361 1790813940.245507822
shard_start 367 1790813940.253449447
shard_end 365 1790813940.257134254
shard_start 362 1790813940.264555495
shard_end 366 1790813940.271829889
shard_start 368 1790813940.272961350
shard_end 364 1790813940.281528503
shard_end 355 1790813940.295342593
shard_end 367 1790813940.306061544
shard_end 362 1790813940.316647030
shard_end 368 1790813940.325508003
shard_start 369 1790813941.240236799
shard_start 373 1790813941.250679558
shard_start 374 1790813941.265846941
shard_start 372 1790813941.274428284
shard_start 363 1790813941.290154473
shard_end 369 1790813941.291801834
shard_start 370 1790813941.302316321
shard_end 373 1790813941.302316303
shard_start 377 1790813941.315319705
shard_end 374 1790813941.317538437
shard_end 372 1790813941.326360254
shard_start 376 1790813941.329074012
shard_end 363 1790813941.341781667
shard_start 375 1790813941.343030319
shard_end 370 1790813941.354181792
shard_start 381 1790813941.362115338
shard_end 377 1790813941.367671379
shard_start 380 1790813941.370514131
shard_end 376 1790813941.381223167
shard_start 382 1790813941.382077873
shard_start 371 1790813941.389949116
shard_end 375 1790813941.394977130
shard_start 378 1790813941.408899307
shard_end 381 1790813941.413904026
shard_start 385 1790813941.420563189
shard_end 380 1790813941.422701594
shard_end 382 1790813941.433833788
shard_start 383 1790813941.437561467
shard_end 371 1790813941.441860399
shard_end 378 1790813941.461051124
shard_end 385 1790813941.472760586
shard_end 383 1790813941.489489457
shard_start 384 1790813943.396366446
shard_start 389 1790813943.397213548
shard_start 388 1790813943.407638045
shard_start 390 1790813943.420542305
shard_start 379 1790813943.434164698
shard_end 384 1790813943.448019145
shard_start 386 1790813943.448415146
shard_end 389 1790813943.448736442
shard_start 393 1790813943.458177655
shard_end 388 1790813943.459566924
shard_end 390 1790813943.472602705
shard_start 392 1790813943.473878231
shard_end 379 1790813943.486131505
shard_start 391 1790813943.490167858
shard_start 397 1790813943.498696954
shard_end 386 1790813943.500092597
shard_start 396 1790813943.508019097
shard_end 393 1790813943.510026511
shard_start 394 1790813943.524876732
shard_end 392 1790813943.525471850
shard_start 387 1790813943.537756830
shard_end 391 1790813943.541806132
shard_start 401 1790813943.549409972
shard_end 397 1790813943.550268999
shard_start 398 1790813943.556538302
shard_end 396 1790813943.559966461
shard_start 400 1790813943.567770056
shard_end 394 1790813943.577353102
shard_end 387 1790813943.589689275
shard_end 401 1790813943.601407206
shard_end 398 1790813943.608452328
shard_end 400 1790813943.619569885
shard_start 399 1790813944.526126570
shard_start 405 1790813944.535240819
shard_start 404 1790813944.547627208
shard_start 406 1790813944.557472079
shard_start 409 1790813944.572591432
shard_end 399 1790813944.578001822
shard_start 402 1790813944.584905954
shard_end 405 1790813944.586999891
shard_start 395 1790813944.597792373
shard_end 404 1790813944.599310026
shard_start 408 1790813944.607972237
shard_end 406 1790813944.609061068
shard_start 407 1790813944.619167723
shard_end 409 1790813944.624467389
shard_start 413 1790813944.632385170
shard_end 402 1790813944.637380228
shard_start 412 1790813944.649495604
shard_end 395 1790813944.649641657
shard_start 403 1790813944.657672966
shard_end 408 1790813944.659697087
shard_end 407 1790813944.671467941
shard_start 417 1790813944.674805921
shard_end 413 1790813944.684591122
shard_start 414 1790813944.687735843
shard_start 410 1790813944.697392663
shard_end 412 1790813944.701170870
shard_end 403 1790813944.709506790
shard_start 415 1790813944.710216665
shard_end 417 1790813944.726738796
shard_end 414 1790813944.739661135
shard_end 410 1790813944.749185532
shard_end 415 1790813944.761989346
shard_start 416 1790813949.608722253
shard_start 421 1790813949.619018157
shard_start 411 1790813949.627797675
shard_start 422 1790813949.642505722
shard_start 420 1790813949.654133574
shard_end 416 1790813949.661197487
shard_start 425 1790813949.666301962
shard_end 421 1790813949.670954497
shard_start 418 1790813949.677733074
shard_end 411 1790813949.680267167
shard_start 424 1790813949.690333144
shard_end 422 1790813949.694722563
shard_start 423 1790813949.705008674
shard_end 420 1790813949.706162253
shard_end 425 1790813949.718070644
shard_start 428 1790813949.719240729
shard_end 418 1790813949.730447961
shard_start 429 1790813949.732114854
shard_end 424 1790813949.742484149
shard_start 419 1790813949.745050546
shard_start 430 1790813949.756475608
shard_end 423 1790813949.757046652
shard_start 433 1790813949.765530650
shard_end 428 1790813949.771150818
shard_start 426 1790813949.777642015
shard_end 429 1790813949.783846263
shard_start 432 1790813949.789486171
shard_end 419 1790813949.796917357
shard_end 430 1790813949.808379645
shard_end 433 1790813949.817935765
shard_end 426 1790813949.829814084
shard_end 432 1790813949.842491912
shard_start 431 1790813950.750251140
shard_start 436 1790813950.763025983
shard_start 437 1790813950.773577137
shard_start 438 1790813950.786927979
shard_start 434 1790813950.797838495
shard_end 431 1790813950.802103712
shard_start 427 1790813950.814025263
shard_end 436 1790813950.815853840
shard_end 437 1790813950.825508048
shard_start 441 1790813950.827321435
shard_end 438 1790813950.838658416
shard_start 440 1790813950.838784934
shard_end 434 1790813950.849904900
shard_start 439 1790813950.857014806
shard_end 427 1790813950.865926622
shard_start 444 1790813950.866229249
shard_end 441 1790813950.879001096
shard_start 445 1790813950.880193796
shard_end 440 1790813950.890570219
shard_start 435 1790813950.893612065
shard_start 446 1790813950.905675639
shard_end 439 1790813950.909073715
shard_start 442 1790813950.916863038
shard_end 444 1790813950.918446255
shard_start 449 1790813950.927305109
shard_end 445 1790813950.932796513
shard_start 448 1790813950.939211496
shard_end 435 1790813950.945824767
shard_end 442 1790813950.969568852
shard_end 446 1790813951.056202313
shard_end 449 1790813951.056374595
shard_end 448 1790813951.056494534
shard_start 447 1790813952.908985686
shard_start 452 1790813952.919244588
shard_start 453 1790813952.929187411
shard_start 450 1790813952.946593168
shard_end 447 1790813952.961070701
shard_start 454 1790813952.962757161
shard_end 452 1790813952.971307313
shard_end 453 1790813952.981186308
shard_end 450 1790813952.998523733
shard_end 454 1790813953.014600797
shard_start 456 1790813953.074825370
shard_start 443 1790813953.078229622
shard_start 455 1790813953.088937817
shard_start 457 1790813953.096020887
shard_start 461 1790813953.108225484
shard_start 460 1790813953.115894822
shard_end 456 1790813953.126937112
shard_end 443 1790813953.130976567
shard_end 455 1790813953.140911241
shard_start 458 1790813953.144148709
shard_end 457 1790813953.147908765
shard_start 451 1790813953.149366514
shard_end 461 1790813953.160204271
shard_end 460 1790813953.167557745
shard_start 464 1790813953.168305262
shard_start 462 1790813953.178731370
shard_start 465 1790813953.184714050
shard_start 463 1790813953.191757308
shard_end 458 1790813953.196357115
shard_end 451 1790813953.200995712
shard_end 464 1790813953.220254213
shard_end 462 1790813953.230513290
shard_end 465 1790813953.236303192
shard_end 463 1790813953.243667230
shard_start 469 1790813954.152832947
shard_start 468 1790813954.159789045
shard_start 466 1790813954.172784944
shard_start 459 1790813954.187784321
shard_start 470 1790813954.202476279
shard_end 469 1790813954.204553878
shard_end 468 1790813954.211683039
shard_start 473 1790813954.216759599
shard_end 466 1790813954.224731859
shard_start 471 1790813954.229891056
shard_end 459 1790813954.239691546
shard_start 472 1790813954.240285288
shard_start 476 1790813954.253428361
shard_end 470 1790813954.254097539
shard_start 477 1790813954.265671922
shard_end 473 1790813954.268600351
shard_start 474 1790813954.281158271
shard_end 471 1790813954.281757088
shard_end 472 1790813954.292606852
shard_start 467 1790813954.293333427
shard_end 476 1790813954.305500758
shard_start 478 1790813954.308388058
shard_end 477 1790813954.317662828
shard_start 481 1790813954.320495402
shard_start 480 1790813954.330072271
shard_end 474 1790813954.332924535
shard_end 467 1790813954.345600575
shard_end 478 1790813954.360506097
shard_end 481 1790813954.372710550
shard_end 480 1790813954.382354527
shard_start 479 1790813956.286221267
shard_start 485 1790813956.297810314
shard_start 482 1790813956.308333075
shard_start 484 1790813956.321161714
shard_start 486 1790813956.335439853
shard_end 479 1790813956.337823661
shard_end 485 1790813956.349540069
shard_start 475 1790813956.350297150
shard_start 489 1790813956.359100970
shard_end 482 1790813956.359876828
shard_start 487 1790813956.369837903
shard_end 484 1790813956.373320053
shard_start 488 1790813956.388049860
shard_end 486 1790813956.388131647
shard_end 475 1790813956.402347948
shard_start 493 1790813956.404243971
shard_end 489 1790813956.410878057
shard_start 490 1790813956.414915362
shard_end 487 1790813956.421943499
shard_start 492 1790813956.427157139
shard_end 488 1790813956.439763364
shard_start 483 1790813956.440159631
shard_end 493 1790813956.456020469
shard_start 494 1790813956.459697417
shard_start 497 1790813956.465232376
shard_end 490 1790813956.466406613
shard_start 496 1790813956.475653199
shard_end 492 1790813956.479340188
shard_start 495 1790813956.485536665
shard_end 483 1790813956.492173654
shard_end 494 1790813956.511731076
shard_end 497 1790813956.517092568
shard_end 496 1790813956.527520805
shard_end 495 1790813956.537490807
shard_start 498 1790813957.445676480
shard_start 491 1790813957.455214814
shard_start 499 1790813957.465491206
shard_end 498 1790813957.497561744
shard_end 491 1790813957.507209768
shard_end 499 1790813957.517393949
agg_start 0 1790813959.785114528
agg_end 0 1790813959.790174082
