shard_start 4 1790813553.491653346
shard_start 2 1790813553.505807459
shard_start 1 1790813553.516467615
shard_start 3 1790813553.534838759
shard_end 4 1790813553.543779181
shard_start 0 1790813553.547475251
shard_end 2 1790813553.557861160
shard_start 6 1790813553.562338173
shard_end 1 1790813553.568323004
shard_start 5 1790813553.574578064
shard_start 7 1790813553.586177538
shard_end 3 1790813553.586635680
shard_end 0 1790813553.599395466
shard_end 6 1790813553.614468560
shard_end 5 1790813553.626595674
shard_end 7 1790813553.638157089
shard_start 10 1790813553.648742571
shard_start 12 1790813553.677667070
shard_start 9 1790813553.696346864
shard_end 10 1790813553.700655879
shard_start 15 1790813553.724338225
shard_end 12 1790813553.729538405
shard_start 11 1790813553.731856889
shard_end 9 1790813553.748275108
shard_start 13 1790813553.758231752
shard_start 14 1790813553.769896486
shard_start 8 1790813553.774137561
shard_end 15 1790813553.776000979
shard_end 11 1790813553.783707730
shard_end 13 1790813553.810151564
shard_start 18 1790813553.821119391
shard_end 14 1790813553.821704874
shard_end 8 1790813553.825893516
shard_start 20 1790813553.846315649
shard_start 17 1790813553.862241862
shard_end 18 1790813553.873013129
shard_start 19 1790813553.891961185
shard_end 20 1790813553.897930399
shard_start 21 1790813553.898498523
shard_start 16 1790813553.912599481
shard_end 17 1790813553.914167603
shard_start 22 1790813553.923709828
shard_start 23 1790813553.928274778
shard_start 26 1790813553.942748097
shard_end 19 1790813553.943652323
shard_end 21 1790813553.950406252
shard_end 16 1790813553.964429827
shard_start 25 1790813553.966081810
shard_end 22 1790813553.975705695
shard_end 23 1790813553.979951098
shard_start 28 1790813553.980220596
shard_end 26 1790813553.994802484
shard_end 25 1790813554.017855597
shard_start 27 1790813554.018835578
shard_start 24 1790813554.023866584
shard_end 28 1790813554.032429477
shard_start 29 1790813554.042629073
shard_start 31 1790813554.062350679
shard_start 30 1790813554.067393886
shard_end 27 1790813554.070710940
shard_end 24 1790813554.075661953
shard_end 29 1790813554.095022108
shard_end 31 1790813554.114547904
shard_end 30 1790813554.119351768
shard_start 34 1790813556.805852888
shard_start 33 1790813556.813566292
shard_start 35 1790813556.822691851
shard_start 36 1790813556.830539503
shard_start 32 1790813556.841440232
shard_start 37 1790813556.853925896
shard_end 34 1790813556.857724001
shard_start 38 1790813556.861535863
shard_end 33 1790813556.865407280
shard_start 39 1790813556.871199310
shard_end 35 1790813556.874726299
shard_end 36 1790813556.882620213
shard_end 32 1790813556.893732141
shard_end 37 1790813556.905908558
shard_end 38 1790813556.913505069
shard_start 41 1790813556.920085053
shard_end 39 1790813556.922896425
shard_start 44 1790813556.933280750
shard_start 43 1790813556.948385281
shard_start 42 1790813556.955350212
shard_end 41 1790813556.971839913
shard_start 45 1790813556.975957609
shard_start 46 1790813556.983250059
shard_end 44 1790813556.984990063
shard_start 40 1790813556.998389113
shard_end 43 1790813557.000045445
shard_end 42 1790813557.007002912
shard_start 47 1790813557.007846388
shard_end 45 1790813557.028000953
shard_start 49 1790813557.030868819
shard_end 46 1790813557.035129641
shard_start 52 1790813557.044234608
shard_end 40 1790813557.050830230
shard_end 47 1790813557.059470626
shard_start 53 1790813557.060667440
shard_start 51 1790813557.075397378
shard_end 49 1790813557.082984644
shard_start 50 1790813557.091975910
shard_end 52 1790813557.096437019
shard_start 54 1790813557.107391121
shard_end 53 1790813557.112591604
shard_start 48 1790813557.119089046
shard_end 51 1790813557.127656220
shard_start 55 1790813557.127960638
shard_start 57 1790813557.142626667
shard_end 50 1790813557.144066850
shard_start 59 1790813557.155728363
shard_end 54 1790813557.159388620
shard_end 48 1790813557.171346387
shard_start 61 1790813557.171624426
shard_end 55 1790813557.179850230
shard_start 60 1790813557.187156407
shard_end 57 1790813557.194573348
shard_start 58 1790813557.207098082
shard_end 59 1790813557.207383850
shard_end 61 1790813557.223274398
shard_start 56 1790813557.223414535
shard_end 60 1790813557.239554678
shard_start 62 1790813557.240827499
shard_start 63 1790813557.250552387
shard_end 58 1790813557.258996889
shard_end 56 1790813557.275328286
shard_end 62 1790813557.292806924
shard_end 63 1790813557.302850672
shard_start 65 1790813562.837094564
shard_start 70 1790813562.846323060
shard_start 68 1790813562.855264608
shard_start 69 1790813562.864152798
shard_start 67 1790813562.875906125
shard_start 66 1790813562.885190019
shard_end 65 1790813562.888904143
shard_start 64 1790813562.890611808
shard_end 70 1790813562.898141128
shard_start 71 1790813562.899374180
shard_end 68 1790813562.907192810
shard_end 69 1790813562.916245633
shard_end 67 1790813562.928447813
shard_end 66 1790813562.937542350
shard_end 64 1790813562.942604172
shard_start 73 1790813562.950770157
shard_end 71 1790813562.951457152
shard_start 78 1790813562.961161881
shard_start 76 1790813562.978862889
shard_start 77 1790813562.993196017
shard_end 73 1790813563.003195648
shard_start 75 1790813563.008896869
shard_end 78 1790813563.013294728
shard_start 74 1790813563.024613999
shard_end 76 1790813563.030751510
shard_start 72 1790813563.030823187
shard_start 79 1790813563.039816277
shard_end 77 1790813563.045436127
shard_end 75 1790813563.061150941
shard_start 81 1790813563.061878910
shard_start 86 1790813563.073204387
shard_end 74 1790813563.076658606
shard_end 72 1790813563.082820557
shard_start 84 1790813563.090135528
shard_end 79 1790813563.091471089
shard_start 85 1790813563.106366113
shard_end 81 1790813563.113738265
shard_start 82 1790813563.120210145
shard_end 86 1790813563.125580291
shard_start 83 1790813563.135660348
shard_end 84 1790813563.142027719
shard_start 87 1790813563.149829063
shard_end 85 1790813563.158284773
shard_start 80 1790813563.159720054
shard_end 82 1790813563.171924927
shard_start 89 1790813563.173720671
shard_start 94 1790813563.185779272
shard_end 83 1790813563.187309605
shard_start 92 1790813563.201364469
shard_end 87 1790813563.201581162
shard_end 80 1790813563.211666167
shard_start 93 1790813563.216751531
shard_end 89 1790813563.225726640
shard_start 90 1790813563.230490760
shard_end 94 1790813563.237767944
shard_start 91 1790813563.247338585
shard_end 92 1790813563.253583078
shard_start 97 1790813563.261505262
shard_end 93 1790813563.268740932
shard_start 88 1790813563.272809409
shard_end 90 1790813563.282467548
shard_end 91 1790813563.299357668
shard_end 97 1790813563.313445801
shard_end 88 1790813563.324678504
shard_start 95 1790813565.928412224
shard_start 99 1790813565.935680784
shard_start 98 1790813565.942511503
shard_start 96 1790813565.947407850
shard_end 95 1790813565.980357425
shard_end 99 1790813565.987519343
shard_end 98 1790813565.994311681
shard_end 96 1790813565.999147041
agg_start 0 1790813568.539157583
agg_end 0 1790813568.541520333
