shard_start 4 1790813803.471008056
shard_start 0 1790813803.494487027
shard_start 3 1790813803.494485515
shard_end 4 1790813803.523055288
shard_start 2 1790813803.525806944
shard_end 3 1790813803.546562539
shard_end 0 1790813803.546828699
shard_end 2 1790813803.578250141
shard_start 6 1790813803.653961467
shard_start 5 1790813803.654061245
shard_start 10 1790813803.654640515
shard_start 12 1790813803.654851449
shard_start 7 1790813803.656244874
shard_start 1 1790813803.656369062
shard_start 9 1790813803.684506820
shard_end 5 1790813803.706086073
shard_end 6 1790813803.706051536
shard_end 10 1790813803.706678909
shard_end 12 1790813803.707041065
shard_end 7 1790813803.707941789
shard_end 1 1790813803.707983071
shard_start 11 1790813803.716251537
shard_start 14 1790813803.723768007
shard_start 15 1790813803.730520651
shard_end 9 1790813803.736478296
shard_end 14 1790813803.785339630
shard_end 15 1790813803.785511129
shard_end 11 1790813803.785603164
shard_start 13 1790813803.786339604
shard_start 17 1790813803.786973982
shard_start 8 1790813803.792188569
shard_start 20 1790813803.797600960
shard_start 18 1790813803.821809323
shard_end 13 1790813803.838783051
shard_end 17 1790813803.838802179
shard_start 19 1790813803.841210284
shard_end 8 1790813803.844132903
shard_end 20 1790813803.849363020
shard_start 21 1790813803.856190442
shard_start 23 1790813803.871777457
shard_end 18 1790813803.873713992
shard_end 19 1790813803.893042230
shard_start 22 1790813803.905770393
shard_start 16 1790813803.905882994
shard_end 21 1790813803.907856238
shard_start 25 1790813803.916167307
shard_end 23 1790813803.923788676
shard_start 28 1790813803.956248503
shard_end 22 1790813803.957291265
shard_end 16 1790813803.957388525
shard_start 30 1790813803.961547000
shard_end 25 1790813803.980733027
shard_start 29 1790813803.981815435
shard_start 31 1790813803.983699493
shard_end 28 1790813804.008179075
shard_end 30 1790813804.013340544
shard_start 27 1790813804.018124766
shard_start 26 1790813804.033795051
shard_end 29 1790813804.033835034
shard_end 31 1790813804.035393901
shard_start 24 1790813804.044084134
shard_end 27 1790813804.070025263
shard_end 26 1790813804.085726760
shard_end 24 1790813804.096189375
shard_start 33 1790813809.936992520
shard_start 39 1790813809.947613186
shard_start 38 1790813809.957980547
shard_start 36 1790813809.966375934
shard_start 37 1790813809.981124503
shard_end 33 1790813809.989012229
shard_start 35 1790813809.992018416
shard_end 39 1790813810.000295014
shard_start 32 1790813810.008095847
shard_end 38 1790813810.009866065
shard_start 34 1790813810.016488566
shard_end 36 1790813810.112084830
shard_end 35 1790813810.112704965
shard_end 34 1790813810.112715127
shard_end 32 1790813810.112912764
shard_end 37 1790813810.112982576
shard_start 41 1790813810.113231599
shard_start 44 1790813810.113828166
shard_start 43 1790813810.114760695
shard_start 42 1790813810.147135793
shard_start 46 1790813810.147971130
shard_start 40 1790813810.148144916
shard_start 45 1790813810.148100015
shard_end 41 1790813810.165341719
shard_end 44 1790813810.166024795
shard_end 43 1790813810.166512625
shard_end 42 1790813810.199142091
shard_end 45 1790813810.199857799
shard_end 46 1790813810.200010534
shard_end 40 1790813810.200029390
shard_start 50 1790813810.205743810
shard_start 47 1790813810.226700738
shard_start 54 1790813810.243384587
shard_start 52 1790813810.243777302
shard_start 49 1790813810.244061700
shard_start 57 1790813810.256919921
shard_end 50 1790813810.257948183
shard_start 53 1790813810.268099240
shard_end 47 1790813810.279078417
shard_start 55 1790813810.279773969
shard_start 48 1790813810.294671026
shard_end 54 1790813810.295379783
shard_end 52 1790813810.295377594
shard_end 49 1790813810.295724347
shard_start 51 1790813810.305632622
shard_end 57 1790813810.308907146
shard_start 60 1790813810.312472287
shard_end 53 1790813810.320076337
shard_start 65 1790813810.325505858
shard_end 55 1790813810.331739155
shard_start 58 1790813810.336576632
shard_end 48 1790813810.346997110
shard_start 62 1790813810.356407917
shard_end 51 1790813810.357419868
shard_start 59 1790813810.365170686
shard_end 60 1790813810.365257658
shard_start 63 1790813810.374054615
shard_end 65 1790813810.377254966
shard_end 58 1790813810.388478541
shard_end 62 1790813810.408320003
shard_end 59 1790813810.417007933
shard_end 63 1790813810.426256221
shard_start 56 1790813810.441308388
shard_end 56 1790813810.493315349
shard_start 61 1790813813.355201563
shard_start 68 1790813813.369136952
shard_start 70 1790813813.379310357
shard_start 73 1790813813.388824499
shard_start 71 1790813813.397565406
shard_end 61 1790813813.407006585
shard_start 66 1790813813.408108457
shard_end 68 1790813813.420990061
shard_start 69 1790813813.421639173
shard_end 70 1790813813.431249036
shard_start 67 1790813813.432466648
shard_end 73 1790813813.440932977
shard_start 64 1790813813.447171733
shard_end 71 1790813813.449187837
shard_end 66 1790813813.460314044
shard_start 81 1790813813.464170392
shard_end 69 1790813813.473539125
shard_start 76 1790813813.477157821
shard_end 67 1790813813.484744208
shard_start 78 1790813813.486116019
shard_start 79 1790813813.497756402
shard_end 64 1790813813.499140108
shard_start 74 1790813813.509054210
shard_end 81 1790813813.516058084
shard_start 75 1790813813.520565324
shard_end 76 1790813813.529073376
shard_start 72 1790813813.531291715
shard_end 78 1790813813.538079887
shard_start 77 1790813813.543003600
shard_end 79 1790813813.549882855
shard_start 84 1790813813.559644734
shard_end 74 1790813813.560937896
shard_end 75 1790813813.572544473
shard_start 86 1790813813.578345414
shard_end 72 1790813813.583293779
shard_start 89 1790813813.586554457
shard_end 77 1790813813.595034759
shard_start 87 1790813813.597819444
shard_start 82 1790813813.605180035
shard_end 84 1790813813.611741187
shard_start 85 1790813813.620768263
shard_end 86 1790813813.630332699
shard_start 83 1790813813.631457625
shard_end 89 1790813813.638453846
shard_start 80 1790813813.646290743
shard_end 87 1790813813.649630072
shard_start 94 1790813813.653571225
shard_end 82 1790813813.657028805
shard_end 85 1790813813.673075523
shard_start 92 1790813813.679307843
shard_end 83 1790813813.683432276
shard_start 97 1790813813.689537797
shard_end 80 1790813813.698175721
shard_start 95 1790813813.700334696
shard_end 94 1790813813.705329047
shard_start 90 1790813813.709924025
shard_start 91 1790813813.725055909
shard_end 92 1790813813.731010205
shard_start 93 1790813813.731903609
shard_end 97 1790813813.741512952
shard_end 95 1790813813.752294889
shard_end 90 1790813813.761836389
shard_end 91 1790813813.776869432
shard_end 93 1790813813.783918798
shard_start 88 1790813816.742943957
shard_start 98 1790813816.750936957
shard_start 99 1790813816.755734800
shard_start 96 1790813816.765269732
shard_end 88 1790813816.795155185
shard_end 98 1790813816.803715983
shard_end 99 1790813816.807955627
shard_end 96 1790813816.817466403
agg_start 0 1790813818.953713516
agg_end 0 1790813818.956304599
