shard_start 3 1790814291.575096100
shard_start 1 1790814291.591449387
shard_start 4 1790814291.607341642
shard_start 0 1790814291.625439317
shard_end 3 1790814291.626866398
shard_start 2 1790814291.640320624
shard_end 1 1790814291.643427166
shard_start 5 1790814291.647614556
shard_end 4 1790814291.659050329
shard_start 7 1790814291.662378024
shard_start 6 1790814291.673634125
shard_end 0 1790814291.677374519
shard_end 2 1790814291.692234704
shard_end 5 1790814291.699755730
shard_end 7 1790814291.714485521
shard_end 6 1790814291.725492414
shard_start 11 1790814291.734908752
shard_end 11 1790814291.787331954
shard_start 15 1790814291.852013625
shard_start 10 1790814291.859104035
shard_start 12 1790814291.868863800
shard_start 13 1790814291.876001246
shard_start 8 1790814291.887154367
shard_start 9 1790814291.892165831
shard_start 14 1790814291.901205914
shard_end 15 1790814291.903758981
shard_end 10 1790814291.911531744
shard_end 12 1790814291.921183094
shard_end 13 1790814291.928050203
shard_end 8 1790814291.939444122
shard_end 9 1790814291.944386020
shard_start 19 1790814291.945705990
shard_end 14 1790814291.953144194
shard_start 20 1790814291.994314042
shard_end 19 1790814291.997494143
shard_start 18 1790814291.999010231
shard_start 23 1790814292.031177903
shard_start 21 1790814292.038616183
shard_end 20 1790814292.046105952
shard_end 18 1790814292.050624140
shard_start 16 1790814292.050994504
shard_start 17 1790814292.059800717
shard_start 22 1790814292.068954249
shard_end 23 1790814292.083685780
shard_end 21 1790814292.090867326
shard_end 16 1790814292.102726488
shard_start 27 1790814292.105824073
shard_end 17 1790814292.112259612
shard_end 22 1790814292.120771271
shard_start 26 1790814292.126770368
shard_start 28 1790814292.134639547
shard_end 27 1790814292.158071456
shard_start 29 1790814292.170937189
shard_end 26 1790814292.178764716
shard_start 25 1790814292.183937567
shard_end 28 1790814292.187602506
shard_start 30 1790814292.210194912
shard_start 31 1790814292.216222703
shard_end 29 1790814292.222931576
shard_start 24 1790814292.224964126
shard_end 25 1790814292.236576474
shard_end 30 1790814292.262392483
shard_end 31 1790814292.268042078
shard_end 24 1790814292.276915746
shard_start 34 1790814292.820940091
shard_start 35 1790814292.833853545
shard_start 36 1790814292.839769757
shard_start 37 1790814292.851027129
shard_start 33 1790814292.861486087
shard_start 32 1790814292.869731530
shard_end 34 1790814292.872540004
shard_start 39 1790814292.880611992
shard_end 35 1790814292.885659115
shard_start 38 1790814292.890874243
shard_end 36 1790814292.891655684
shard_end 37 1790814292.902964961
shard_end 33 1790814292.913401697
shard_end 32 1790814292.921746239
shard_end 39 1790814292.932148939
shard_start 42 1790814292.934360130
shard_end 38 1790814292.943021924
shard_end 42 1790814292.986188440
shard_start 43 1790814293.025564366
shard_start 44 1790814293.034628763
shard_start 45 1790814293.040337119
shard_start 47 1790814293.048012340
shard_start 41 1790814293.054035716
shard_start 46 1790814293.060517392
shard_start 40 1790814293.067309723
shard_end 43 1790814293.077659745
shard_start 50 1790814293.081630069
shard_end 44 1790814293.087184926
shard_end 45 1790814293.092086409
shard_end 47 1790814293.099973173
shard_end 41 1790814293.106202363
shard_end 46 1790814293.112827237
shard_end 40 1790814293.119521746
shard_end 50 1790814293.134217494
shard_start 52 1790814293.159920708
shard_start 51 1790814293.166287299
shard_start 53 1790814293.170175788
shard_start 49 1790814293.198108972
shard_start 54 1790814293.205201813
shard_start 48 1790814293.210875224
shard_end 52 1790814293.211749395
shard_start 55 1790814293.218272525
shard_end 51 1790814293.218571250
shard_end 53 1790814293.221822520
shard_start 58 1790814293.229712666
shard_end 49 1790814293.250709714
shard_end 54 1790814293.257134120
shard_end 48 1790814293.262906545
shard_end 55 1790814293.270080662
shard_end 58 1790814293.282049172
shard_start 59 1790814293.304271988
shard_start 60 1790814293.309522534
shard_end 59 1790814293.356256426
shard_end 60 1790814293.361944990
shard_start 61 1790814293.923863846
shard_start 57 1790814293.932681910
shard_start 56 1790814293.946377835
shard_start 62 1790814293.951110268
shard_start 63 1790814293.963045413
shard_start 66 1790814293.971727805
shard_end 61 1790814293.976166453
shard_start 67 1790814293.981327079
shard_end 57 1790814293.984587673
shard_start 68 1790814293.988663875
shard_end 56 1790814293.998767940
shard_end 62 1790814294.002817890
shard_end 63 1790814294.015434101
shard_end 66 1790814294.023601940
shard_end 67 1790814294.033101908
shard_start 69 1790814294.035301539
shard_end 68 1790814294.040456487
shard_end 69 1790814294.087185296
shard_start 65 1790814294.122036106
shard_start 71 1790814294.132403362
shard_start 70 1790814294.138000598
shard_start 64 1790814294.143820497
shard_start 74 1790814294.152541032
shard_start 73 1790814294.159171212
shard_start 76 1790814294.167382975
shard_end 65 1790814294.173950280
shard_start 77 1790814294.180681744
shard_end 71 1790814294.184480003
shard_end 70 1790814294.190349268
shard_end 64 1790814294.196244560
shard_end 74 1790814294.204362990
shard_end 73 1790814294.211140648
shard_end 76 1790814294.219349463
shard_end 77 1790814294.232927790
shard_start 75 1790814294.237197390
shard_start 72 1790814294.265247183
shard_start 79 1790814294.269990301
shard_start 78 1790814294.276587440
shard_end 75 1790814294.289127983
shard_start 81 1790814294.302586491
shard_start 82 1790814294.307067828
shard_start 85 1790814294.314095675
shard_end 72 1790814294.317173309
shard_end 79 1790814294.321620174
shard_start 84 1790814294.322465672
shard_end 78 1790814294.328810407
shard_end 81 1790814294.354811353
shard_end 82 1790814294.359647498
shard_end 85 1790814294.365842746
shard_end 84 1790814294.374406751
shard_start 83 1790814294.416456351
shard_start 80 1790814294.424116032
shard_start 86 1790814294.433795568
shard_start 87 1790814294.444115056
shard_start 90 1790814294.464995515
shard_end 83 1790814294.468249474
shard_end 80 1790814294.476923331
shard_end 86 1790814294.485658764
shard_end 87 1790814294.496260386
shard_end 90 1790814294.517381907
shard_start 89 1790814295.016825906
shard_start 93 1790814295.026902049
shard_start 92 1790814295.036190712
shard_start 91 1790814295.046950618
shard_start 88 1790814295.059152159
shard_start 94 1790814295.065921914
shard_end 89 1790814295.068644764
shard_start 95 1790814295.077177491
shard_end 93 1790814295.078939932
shard_start 98 1790814295.083404367
shard_end 92 1790814295.088247481
shard_end 91 1790814295.099188889
shard_end 88 1790814295.111264258
shard_end 94 1790814295.117921614
shard_end 95 1790814295.129301481
shard_start 97 1790814295.133397142
shard_end 98 1790814295.135167929
shard_start 99 1790814295.152598738
shard_end 97 1790814295.185773315
shard_end 99 1790814295.204525998
shard_start 96 1790814295.660250242
shard_end 96 1790814296.486999820
