shard_start 3 1790813571.567649075
shard_start 4 1790813571.582015336
shard_start 0 1790813571.597838730
shard_end 3 1790813571.619583462
shard_start 6 1790813571.620703681
shard_start 5 1790813571.632133099
shard_end 4 1790813571.633722967
shard_start 7 1790813571.642774635
shard_end 0 1790813571.649966738
shard_start 2 1790813571.662529511
shard_start 1 1790813571.669093146
shard_end 6 1790813571.672565778
shard_end 5 1790813571.683930489
shard_end 7 1790813571.694722867
shard_end 2 1790813571.714452532
shard_end 1 1790813571.721299820
shard_start 15 1790813571.732760330
shard_start 13 1790813571.742080277
shard_start 12 1790813571.770187456
shard_end 15 1790813571.784733886
shard_end 13 1790813571.794039406
shard_start 11 1790813571.808926811
shard_start 8 1790813571.814893508
shard_end 12 1790813571.822015972
shard_start 10 1790813571.826609475
shard_start 9 1790813571.857232864
shard_end 11 1790813571.860821364
shard_start 14 1790813571.865496655
shard_end 8 1790813571.866500268
shard_end 10 1790813571.878467701
shard_start 23 1790813571.903778705
shard_end 9 1790813571.909149375
shard_end 14 1790813571.917208127
shard_start 19 1790813571.918094983
shard_start 16 1790813571.937610836
shard_end 23 1790813571.955629588
shard_start 21 1790813571.963163085
shard_end 19 1790813571.970184256
shard_start 18 1790813571.972655198
shard_start 20 1790813571.983263442
shard_end 16 1790813571.989472876
shard_start 17 1790813572.000925927
shard_start 22 1790813572.006730732
shard_end 21 1790813572.015138115
shard_start 27 1790813572.022298707
shard_end 18 1790813572.024187267
shard_end 20 1790813572.035300183
shard_start 31 1790813572.040627202
shard_end 17 1790813572.052869764
shard_end 22 1790813572.058660240
shard_start 29 1790813572.060314979
shard_end 27 1790813572.074380322
shard_start 28 1790813572.076571777
shard_start 24 1790813572.090781324
shard_end 31 1790813572.092253892
shard_start 26 1790813572.100879653
shard_end 29 1790813572.112074112
shard_start 25 1790813572.124892239
shard_end 28 1790813572.128358339
shard_start 30 1790813572.131825727
shard_end 24 1790813572.143011526
shard_end 26 1790813572.152824393
shard_end 25 1790813572.177206925
shard_end 30 1790813572.183882026
shard_start 39 1790813574.892333105
shard_start 35 1790813574.893687323
shard_start 36 1790813574.903715299
shard_start 32 1790813574.912115774
shard_start 37 1790813574.922587738
shard_start 38 1790813574.931436347
shard_start 33 1790813574.941375494
shard_end 39 1790813574.944206169
shard_end 35 1790813574.945517326
shard_start 34 1790813574.948329207
shard_end 36 1790813574.955637886
shard_end 32 1790813574.964024095
shard_end 37 1790813574.974683776
shard_end 38 1790813574.983376531
shard_end 33 1790813574.993480949
shard_start 47 1790813574.996216131
shard_end 34 1790813575.000324755
shard_start 43 1790813575.008537662
shard_start 41 1790813575.021877329
shard_start 45 1790813575.045659059
shard_end 47 1790813575.047938853
shard_end 43 1790813575.060896310
shard_start 40 1790813575.067202489
shard_end 41 1790813575.074126394
shard_start 44 1790813575.077176549
shard_start 46 1790813575.087203470
shard_start 42 1790813575.092534198
shard_end 45 1790813575.097828078
shard_start 55 1790813575.109602302
shard_end 42 1790813575.237018059
shard_end 40 1790813575.237456828
shard_end 55 1790813575.237716767
shard_start 53 1790813575.238189472
shard_start 50 1790813575.238367257
shard_start 49 1790813575.238392896
shard_end 44 1790813575.238389637
shard_start 48 1790813575.238436284
shard_end 46 1790813575.238667861
shard_start 63 1790813575.238736128
shard_start 54 1790813575.239063632
shard_start 51 1790813575.239240189
shard_start 52 1790813575.239370349
shard_start 59 1790813575.248047420
shard_start 62 1790813575.259879087
shard_start 57 1790813575.279715586
shard_end 48 1790813575.290537354
shard_end 50 1790813575.290573058
shard_end 49 1790813575.290809792
shard_end 52 1790813575.291265533
shard_end 53 1790813575.291250570
shard_end 54 1790813575.291297509
shard_end 51 1790813575.291371922
shard_end 63 1790813575.291327300
shard_start 60 1790813575.298258174
shard_end 59 1790813575.299908317
shard_end 62 1790813575.311829060
shard_start 61 1790813575.313278962
shard_start 56 1790813575.329750622
shard_end 57 1790813575.331466378
shard_start 58 1790813575.337697170
shard_end 60 1790813575.350311321
shard_end 61 1790813575.365366601
shard_end 56 1790813575.381677260
shard_end 58 1790813575.389577073
shard_start 71 1790813577.981899433
shard_start 70 1790813577.989556148
shard_start 67 1790813577.998056086
shard_start 65 1790813578.009417802
shard_start 68 1790813578.017680125
shard_start 64 1790813578.028738647
shard_end 71 1790813578.033714195
shard_start 69 1790813578.034919391
shard_end 70 1790813578.041480278
shard_start 66 1790813578.042810817
shard_end 67 1790813578.049945682
shard_end 65 1790813578.061308134
shard_end 68 1790813578.069718693
shard_end 64 1790813578.080643300
shard_end 69 1790813578.086723243
shard_end 66 1790813578.094685999
shard_start 79 1790813578.095408917
shard_start 76 1790813578.105697883
shard_start 78 1790813578.117291867
shard_start 75 1790813578.135280934
shard_start 73 1790813578.146997622
shard_end 79 1790813578.147055551
shard_end 76 1790813578.157703397
shard_start 72 1790813578.164258500
shard_end 78 1790813578.169218821
shard_start 77 1790813578.172274411
shard_start 74 1790813578.181790212
shard_end 75 1790813578.187242024
shard_end 73 1790813578.198931600
shard_start 87 1790813578.206386504
shard_end 72 1790813578.215996729
shard_start 84 1790813578.217347885
shard_end 77 1790813578.224137765
shard_start 83 1790813578.229521276
shard_end 74 1790813578.233733070
shard_start 81 1790813578.249168222
shard_end 87 1790813578.258450442
shard_start 86 1790813578.261335344
shard_end 84 1790813578.269449645
shard_start 80 1790813578.276468363
shard_end 83 1790813578.281521620
shard_start 85 1790813578.286955972
shard_start 82 1790813578.300067043
shard_end 81 1790813578.301312972
shard_end 86 1790813578.314258715
shard_start 95 1790813578.318060433
shard_end 80 1790813578.328562161
shard_start 91 1790813578.330420108
shard_end 85 1790813578.339021207
shard_start 92 1790813578.342265530
shard_end 82 1790813578.352122891
shard_start 89 1790813578.361314215
shard_end 95 1790813578.370140665
shard_start 94 1790813578.375358649
shard_end 91 1790813578.382408542
shard_start 88 1790813578.390927194
shard_end 92 1790813578.394097619
shard_start 93 1790813578.404591236
shard_end 89 1790813578.413218043
shard_start 90 1790813578.418534736
shard_end 94 1790813578.427270061
shard_end 88 1790813578.442914354
shard_end 93 1790813578.456497770
shard_end 90 1790813578.470465794
shard_start 99 1790813581.079851525
shard_start 97 1790813581.090737087
shard_start 96 1790813581.096098218
shard_start 98 1790813581.104155833
shard_end 99 1790813581.131790910
shard_end 97 1790813581.142656352
shard_end 96 1790813581.147966885
shard_end 98 1790813581.156136617
agg_start 0 1790813583.715075229
agg_end 0 1790813583.717317609
