shard_start 2 1790814092.716980115
shard_start 4 1790814092.725409842
shard_start 5 1790814092.740337510
shard_start 7 1790814092.761296968
shard_end 2 1790814092.769235182
shard_start 6 1790814092.777520090
shard_end 4 1790814092.777700038
shard_start 3 1790814092.789160588
shard_end 5 1790814092.792001199
shard_start 0 1790814092.803228676
shard_end 7 1790814092.813249040
shard_start 1 1790814092.816315675
shard_end 6 1790814092.829435509
shard_end 3 1790814092.841211371
shard_end 0 1790814092.855155883
shard_end 1 1790814092.868171563
shard_start 12 1790814092.886357627
shard_start 10 1790814092.899273925
shard_start 14 1790814092.927506301
shard_end 12 1790814092.938562950
shard_end 10 1790814092.951228339
shard_start 13 1790814092.954258031
shard_start 15 1790814092.978376825
shard_end 14 1790814092.979191980
shard_start 8 1790814092.986744044
shard_start 11 1790814093.005359845
shard_end 13 1790814093.006086574
shard_start 9 1790814093.018867693
shard_end 15 1790814093.030381163
shard_end 8 1790814093.038951319
shard_end 11 1790814093.057374000
shard_start 18 1790814093.063987245
shard_end 9 1790814093.070938125
shard_start 20 1790814093.075071152
shard_start 22 1790814093.103895847
shard_end 18 1790814093.115939909
shard_end 20 1790814093.127043112
shard_start 21 1790814093.130981018
shard_start 23 1790814093.146594710
shard_start 17 1790814093.153065295
shard_end 22 1790814093.155698009
shard_start 16 1790814093.161736971
shard_start 19 1790814093.173569571
shard_end 21 1790814093.183604948
shard_start 26 1790814093.196471525
shard_end 23 1790814093.198316942
shard_end 17 1790814093.204818169
shard_start 28 1790814093.206317453
shard_end 16 1790814093.213700021
shard_start 30 1790814093.225130481
shard_end 19 1790814093.225388881
shard_end 26 1790814093.248510125
shard_start 31 1790814093.251101121
shard_end 28 1790814093.258030442
shard_start 25 1790814093.258369012
shard_start 29 1790814093.271314944
shard_end 30 1790814093.276812822
shard_start 24 1790814093.285466097
shard_start 27 1790814093.295590871
shard_end 31 1790814093.302927738
shard_end 25 1790814093.310188406
shard_end 29 1790814093.323164495
shard_end 24 1790814093.337469795
shard_end 27 1790814093.347616090
shard_start 36 1790814095.282057117
shard_start 34 1790814095.295750810
shard_start 38 1790814095.308866806
shard_start 33 1790814095.325247409
shard_end 36 1790814095.334080403
shard_start 37 1790814095.345180978
shard_end 34 1790814095.347566331
shard_end 38 1790814095.360971670
shard_start 39 1790814095.361639979
shard_end 33 1790814095.377231887
shard_start 32 1790814095.379093480
shard_start 35 1790814095.395461796
shard_end 37 1790814095.396968722
shard_end 39 1790814095.458995321
shard_end 32 1790814095.459070135
shard_end 35 1790814095.459285059
shard_start 44 1790814095.460259748
shard_start 42 1790814095.460247057
shard_start 46 1790814095.460694845
shard_start 41 1790814095.472277785
shard_start 47 1790814095.495189776
shard_end 42 1790814095.512152560
shard_end 44 1790814095.512152639
shard_end 46 1790814095.513297898
shard_start 40 1790814095.514986113
shard_end 41 1790814095.524219099
shard_start 45 1790814095.535534752
shard_end 47 1790814095.547287251
shard_start 43 1790814095.551002122
shard_end 40 1790814095.566914946
shard_start 50 1790814095.567324213
shard_start 52 1790814095.581462445
shard_end 45 1790814095.587599751
shard_start 54 1790814095.600897786
shard_end 43 1790814095.602735803
shard_end 50 1790814095.619416625
shard_start 49 1790814095.620947831
shard_end 52 1790814095.633511699
shard_start 55 1790814095.643142280
shard_end 54 1790814095.653594937
shard_start 48 1790814095.663623349
shard_end 49 1790814095.673086253
shard_start 51 1790814095.686470120
shard_end 55 1790814095.695255726
shard_start 53 1790814095.705431161
shard_end 48 1790814095.715580612
shard_start 58 1790814095.721128764
shard_start 60 1790814095.737132389
shard_end 51 1790814095.738259312
shard_start 62 1790814095.752023695
shard_end 53 1790814095.757467280
shard_end 58 1790814095.773229253
shard_start 57 1790814095.774780727
shard_end 60 1790814095.789276069
shard_start 63 1790814095.794717405
shard_end 62 1790814095.804227209
shard_start 56 1790814095.814434681
shard_end 57 1790814095.827074681
shard_start 59 1790814095.836448216
shard_end 63 1790814095.846730484
shard_start 61 1790814095.855771235
shard_end 56 1790814095.867039418
shard_end 59 1790814095.888515127
shard_end 61 1790814095.907864968
shard_start 66 1790814097.916365567
shard_start 68 1790814097.933207915
shard_start 70 1790814097.951743573
shard_end 66 1790814097.968649677
shard_start 65 1790814097.969071567
shard_start 71 1790814097.982102716
shard_end 68 1790814097.985220958
shard_start 67 1790814097.997362896
shard_end 70 1790814098.003714656
shard_start 64 1790814098.011795064
shard_end 65 1790814098.021087373
shard_start 69 1790814098.032477937
shard_end 71 1790814098.033877245
shard_end 67 1790814098.049758517
shard_start 74 1790814098.056191808
shard_end 64 1790814098.063727863
shard_start 76 1790814098.079365886
shard_end 69 1790814098.084494509
shard_start 78 1790814098.100748441
shard_end 74 1790814098.108849958
shard_start 73 1790814098.117489798
shard_end 76 1790814098.131388467
shard_start 79 1790814098.134826955
shard_end 78 1790814098.152498323
shard_start 75 1790814098.152537671
shard_end 73 1790814098.169455831
shard_start 72 1790814098.172043089
shard_end 79 1790814098.186878842
shard_start 77 1790814098.194241297
shard_end 75 1790814098.204420036
shard_start 82 1790814098.214625516
shard_end 72 1790814098.223939771
shard_start 84 1790814098.235908732
shard_end 77 1790814098.246252807
shard_start 86 1790814098.251831398
shard_end 82 1790814098.266633818
shard_start 81 1790814098.269244780
shard_start 87 1790814098.284117357
shard_end 84 1790814098.287718311
shard_start 83 1790814098.302734342
shard_end 86 1790814098.303448283
shard_end 81 1790814098.321152189
shard_start 85 1790814098.323557143
shard_end 87 1790814098.336007250
shard_start 80 1790814098.343734633
shard_end 83 1790814098.355005667
shard_start 90 1790814098.364686822
shard_end 85 1790814098.375793448
shard_start 92 1790814098.385444164
shard_end 80 1790814098.395621029
shard_start 94 1790814098.404520215
shard_end 90 1790814098.416590544
shard_start 91 1790814098.421879905
shard_end 92 1790814098.437106944
shard_start 89 1790814098.437357372
shard_start 95 1790814098.451324556
shard_end 94 1790814098.456837765
shard_start 88 1790814098.469840391
shard_end 91 1790814098.474235030
shard_end 89 1790814098.489385000
shard_start 98 1790814098.494007483
shard_end 95 1790814098.503262873
shard_end 88 1790814098.522367724
shard_end 98 1790814098.546039734
shard_start 93 1790814100.721383115
shard_start 96 1790814100.721383154
shard_start 99 1790814100.721531119
shard_start 97 1790814100.721588134
shard_end 97 1790814100.773541517
shard_end 93 1790814100.773541448
shard_end 96 1790814100.773718365
shard_end 99 1790814100.773968971
agg_start 0 1790814103.826514736
agg_end 0 1790814103.828721258
