shard_start 21 1790814234.358356669
shard_start 14 1790814234.372204487
shard_start 19 1790814234.381886333
shard_start 5 1790814234.391144614
shard_start 2 1790814234.400983314
shard_end 21 1790814234.410800891
shard_start 0 1790814234.412156156
shard_start 9 1790814234.422621478
shard_end 14 1790814234.423876986
shard_start 11 1790814234.432341949
shard_end 19 1790814234.433505639
shard_end 5 1790814234.443136308
shard_start 20 1790814234.445048294
shard_end 2 1790814234.452882397
shard_start 26 1790814234.454128408
shard_start 4 1790814234.463260460
shard_end 0 1790814234.464000405
shard_end 9 1790814234.474499365
shard_start 8 1790814234.475026525
shard_end 11 1790814234.485133174
shard_start 3 1790814234.485364728
shard_end 20 1790814234.496867400
shard_start 17 1790814234.497126322
shard_end 26 1790814234.506068847
shard_start 41 1790814234.506283024
shard_end 4 1790814234.515438664
shard_start 40 1790814234.517948348
shard_end 8 1790814234.527377645
shard_start 15 1790814234.535774779
shard_end 3 1790814234.537378051
shard_start 37 1790814234.544820306
shard_end 17 1790814234.549162931
shard_start 10 1790814234.555491150
shard_end 41 1790814234.558730611
shard_start 33 1790814234.568734058
shard_end 40 1790814234.569707800
shard_start 13 1790814234.583883917
shard_end 15 1790814234.588566176
shard_start 39 1790814234.589887939
shard_end 37 1790814234.597099906
shard_start 12 1790814234.604786261
shard_end 10 1790814234.607834995
shard_start 7 1790814234.614853173
shard_end 33 1790814234.621063835
shard_start 23 1790814234.630972849
shard_end 13 1790814234.636204683
shard_start 18 1790814234.638867202
shard_end 39 1790814234.642324829
shard_start 29 1790814234.649526974
shard_end 12 1790814234.657541716
shard_start 38 1790814234.659807875
shard_end 7 1790814234.667021098
shard_start 28 1790814234.670044959
shard_end 23 1790814234.682923790
shard_start 6 1790814234.683732411
shard_end 18 1790814234.691284115
shard_start 31 1790814234.696619266
shard_end 29 1790814234.701594287
shard_start 16 1790814234.704941860
shard_end 38 1790814234.711822355
shard_end 28 1790814234.722374393
shard_end 6 1790814234.735873841
shard_end 31 1790814234.748772303
shard_end 16 1790814234.757054272
shard_start 36 1790814237.676445056
shard_start 35 1790814237.684662380
shard_start 32 1790814237.693864489
shard_start 48 1790814237.702628376
shard_start 22 1790814237.709121298
shard_start 52 1790814237.720446003
shard_end 36 1790814237.728199942
shard_start 34 1790814237.730384010
shard_end 35 1790814237.736588007
shard_start 30 1790814237.743185528
shard_end 32 1790814237.745568808
shard_start 46 1790814237.750072848
shard_end 48 1790814237.754906215
shard_end 22 1790814237.761161140
shard_start 51 1790814237.761919731
shard_end 52 1790814237.772452342
shard_start 56 1790814237.774856914
shard_end 34 1790814237.782349182
shard_start 50 1790814237.784732467
shard_start 58 1790814237.792755155
shard_end 30 1790814237.795038516
shard_end 46 1790814237.801997553
shard_start 43 1790814237.806476832
shard_end 51 1790814237.813816649
shard_start 55 1790814237.819631088
shard_end 56 1790814237.826921504
shard_start 25 1790814237.830982185
shard_end 50 1790814237.836768319
shard_end 58 1790814237.844675419
shard_start 59 1790814237.846305611
shard_end 43 1790814237.858146072
shard_start 62 1790814237.858963116
shard_start 42 1790814237.870024429
shard_end 55 1790814237.871280557
shard_start 57 1790814237.882521990
shard_end 25 1790814237.883290690
shard_start 54 1790814237.894502701
shard_end 59 1790814237.898882086
shard_start 44 1790814237.908463826
shard_end 62 1790814237.911467454
shard_end 42 1790814237.921835375
shard_start 47 1790814237.923201103
shard_end 57 1790814237.934670823
shard_start 53 1790814237.937003333
shard_end 54 1790814237.946452657
shard_start 63 1790814237.950268737
shard_end 44 1790814237.960512652
shard_start 49 1790814237.961638050
shard_end 47 1790814237.975269490
shard_start 61 1790814237.982685163
shard_end 53 1790814237.988764149
shard_start 1 1790814237.998554936
shard_end 63 1790814238.001996596
shard_start 60 1790814238.007750542
shard_end 49 1790814238.026535979
shard_start 27 1790814238.027098150
shard_start 45 1790814238.027222591
shard_end 61 1790814238.034606007
shard_start 24 1790814238.036919356
shard_end 1 1790814238.050610021
shard_end 60 1790814238.059742109
shard_end 27 1790814238.079036146
shard_end 45 1790814238.079045163
shard_end 24 1790814238.088739189
shard_start 64 1790814241.001861580
shard_start 66 1790814241.012036387
shard_start 78 1790814241.021297696
shard_start 83 1790814241.031454106
shard_start 77 1790814241.042488287
shard_start 69 1790814241.048268914
shard_end 64 1790814241.053673705
shard_start 73 1790814241.060644357
shard_end 66 1790814241.063801913
shard_start 90 1790814241.066359109
shard_end 78 1790814241.073172259
shard_start 70 1790814241.076590215
shard_end 83 1790814241.083449243
shard_start 76 1790814241.088908329
shard_end 77 1790814241.094572105
shard_start 74 1790814241.096105299
shard_end 69 1790814241.100286148
shard_end 73 1790814241.112460080
shard_start 85 1790814241.112460146
shard_end 90 1790814241.118701319
shard_start 75 1790814241.120340528
shard_end 70 1790814241.128645159
shard_start 81 1790814241.130022950
shard_end 76 1790814241.141169528
shard_start 99 1790814241.145323649
shard_end 74 1790814241.147756537
shard_start 87 1790814241.155010212
shard_end 85 1790814241.164724207
shard_start 93 1790814241.166773571
shard_end 75 1790814241.172635225
shard_start 97 1790814241.180376555
shard_end 81 1790814241.181688370
shard_start 79 1790814241.196480941
shard_end 99 1790814241.197417015
shard_start 68 1790814241.206309266
shard_end 87 1790814241.206830979
shard_end 93 1790814241.218757528
shard_start 94 1790814241.220737415
shard_end 97 1790814241.232160070
shard_start 84 1790814241.232402364
shard_start 82 1790814241.243197539
shard_end 79 1790814241.248480717
shard_start 67 1790814241.254626053
shard_end 68 1790814241.258068224
shard_start 71 1790814241.265962103
shard_end 94 1790814241.272798975
shard_end 84 1790814241.284359173
shard_start 98 1790814241.291482883
shard_end 82 1790814241.295146269
shard_start 95 1790814241.299436217
shard_end 67 1790814241.306699235
shard_start 80 1790814241.309810840
shard_end 71 1790814241.317952267
shard_start 72 1790814241.321350009
shard_start 92 1790814241.335176856
shard_end 98 1790814241.343498455
shard_start 86 1790814241.346936045
shard_end 95 1790814241.351561583
shard_start 96 1790814241.354627933
shard_end 80 1790814241.361739902
shard_end 72 1790814241.373188345
shard_end 92 1790814241.387201721
shard_end 86 1790814241.399244865
shard_end 96 1790814241.406560051
shard_start 89 1790814244.329229572
shard_start 91 1790814244.337245123
shard_start 88 1790814244.344839753
shard_start 65 1790814244.352029502
shard_end 89 1790814244.381237753
shard_end 91 1790814244.389132063
shard_end 88 1790814244.396770665
shard_end 65 1790814244.403964092
agg_start 0 1790814247.007099421
agg_end 0 1790814247.009475145
