shard_start 0 1790814301.352275668
shard_start 3 1790814301.365215633
shard_start 4 1790814301.377386112
shard_start 5 1790814301.397674842
shard_end 0 1790814301.404370157
shard_start 2 1790814301.409971742
shard_end 3 1790814301.417435893
shard_start 1 1790814301.427782289
shard_end 4 1790814301.429302951
shard_start 6 1790814301.438306528
shard_end 5 1790814301.449620678
shard_start 7 1790814301.454174498
shard_end 2 1790814301.462614835
shard_end 1 1790814301.479917526
shard_end 6 1790814301.490833450
shard_end 7 1790814301.506247312
shard_start 8 1790814301.518155008
shard_end 8 1790814301.570665031
shard_start 12 1790814301.596373405
shard_start 13 1790814301.602905128
shard_start 11 1790814301.611818620
shard_start 10 1790814301.619042751
shard_start 9 1790814301.637187948
shard_end 12 1790814301.648322150
shard_start 14 1790814301.650123928
shard_end 13 1790814301.654760662
shard_end 11 1790814301.664100820
shard_start 15 1790814301.669347980
shard_end 10 1790814301.670786705
shard_end 9 1790814301.689223719
shard_end 14 1790814301.702309060
shard_start 20 1790814301.705800304
shard_end 15 1790814301.721350844
shard_end 20 1790814301.757753249
shard_start 16 1790814301.766901895
shard_start 17 1790814301.773573994
shard_start 18 1790814301.785971339
shard_start 19 1790814301.791398716
shard_start 21 1790814301.806154942
shard_start 22 1790814301.817266922
shard_end 16 1790814301.818800378
shard_end 17 1790814301.826854966
shard_end 18 1790814301.838456833
shard_end 19 1790814301.843683954
shard_start 23 1790814301.845835717
shard_end 21 1790814301.858291626
shard_end 22 1790814301.869427307
shard_start 28 1790814301.882139948
shard_end 23 1790814301.897997850
shard_start 24 1790814301.911480335
shard_start 26 1790814301.920618492
shard_end 28 1790814301.934056469
shard_start 27 1790814301.941077952
shard_start 29 1790814301.950021567
shard_end 24 1790814301.963118149
shard_start 30 1790814301.966270338
shard_start 25 1790814301.972208620
shard_end 26 1790814301.972569792
shard_start 31 1790814301.985475740
shard_end 27 1790814301.993280433
shard_end 29 1790814302.002145692
shard_end 30 1790814302.018556321
shard_end 25 1790814302.024654718
shard_end 31 1790814302.037561496
shard_start 36 1790814302.802540484
shard_start 34 1790814302.818463408
shard_start 32 1790814302.825597931
shard_start 35 1790814302.836875601
shard_start 38 1790814302.846179830
shard_end 36 1790814302.854600795
shard_start 37 1790814302.856647288
shard_start 33 1790814302.863799472
shard_end 34 1790814302.870223868
shard_start 39 1790814302.873103799
shard_end 32 1790814302.877446494
shard_end 35 1790814302.889029596
shard_end 38 1790814302.898080067
shard_end 37 1790814302.908655221
shard_end 33 1790814302.915465036
shard_start 42 1790814302.915813820
shard_end 39 1790814302.925055294
shard_start 40 1790814302.946084123
shard_start 43 1790814302.953917096
shard_end 42 1790814302.967839369
shard_start 44 1790814302.979073140
shard_start 46 1790814302.989057423
shard_start 41 1790814302.997256625
shard_end 40 1790814302.997839020
shard_end 43 1790814303.005621943
shard_start 45 1790814303.009438147
shard_start 47 1790814303.022622543
shard_end 44 1790814303.032027145
shard_end 46 1790814303.041020019
shard_end 41 1790814303.049323489
shard_end 45 1790814303.061768415
shard_end 47 1790814303.074631699
shard_start 50 1790814303.085188289
shard_start 48 1790814303.103332818
shard_start 54 1790814303.112741407
shard_start 52 1790814303.131192215
shard_end 50 1790814303.136919624
shard_start 51 1790814303.141133188
shard_end 48 1790814303.155527322
shard_start 49 1790814303.157741413
shard_end 54 1790814303.164907877
shard_start 53 1790814303.167490457
shard_start 55 1790814303.177991331
shard_end 52 1790814303.183725474
shard_end 51 1790814303.193129932
shard_start 60 1790814303.198299493
shard_end 49 1790814303.210142861
shard_end 53 1790814303.219395865
shard_end 55 1790814303.230068072
shard_end 60 1790814303.250186318
shard_start 56 1790814303.902868502
shard_start 58 1790814303.911645977
shard_start 62 1790814303.921006347
shard_start 57 1790814303.929392732
shard_start 61 1790814303.943016618
shard_start 59 1790814303.953074567
shard_end 56 1790814303.954784945
shard_start 63 1790814303.960126033
shard_end 58 1790814303.963360608
shard_start 66 1790814303.970489040
shard_end 62 1790814303.973253499
shard_end 57 1790814303.981477738
shard_end 61 1790814303.994877915
shard_end 59 1790814304.005587684
shard_end 63 1790814304.012089099
shard_end 66 1790814304.022508236
shard_start 68 1790814304.024736164
shard_end 68 1790814304.077164841
shard_start 64 1790814304.105151067
shard_start 70 1790814304.109871701
shard_start 69 1790814304.117950039
shard_start 65 1790814304.124998865
shard_start 71 1790814304.132106932
shard_start 67 1790814304.141048067
shard_start 76 1790814304.148908459
shard_end 64 1790814304.157127378
shard_end 70 1790814304.161631786
shard_start 73 1790814304.167738543
shard_end 69 1790814304.170145495
shard_end 65 1790814304.177206119
shard_end 71 1790814304.183932188
shard_end 67 1790814304.192871052
shard_end 76 1790814304.201135398
shard_end 73 1790814304.219941557
shard_start 74 1790814304.234284251
shard_end 74 1790814304.286895237
shard_start 72 1790814304.996753207
shard_start 77 1790814305.002368710
shard_start 78 1790814305.015103719
shard_start 79 1790814305.024269219
shard_start 75 1790814305.035177256
shard_start 84 1790814305.042628432
shard_end 72 1790814305.049197845
shard_start 81 1790814305.053235101
shard_end 77 1790814305.054225797
shard_start 80 1790814305.060908850
shard_end 78 1790814305.067137220
shard_end 79 1790814305.076210301
shard_end 75 1790814305.087182436
shard_end 84 1790814305.094531576
shard_end 81 1790814305.105503107
shard_start 85 1790814305.108698086
shard_end 80 1790814305.113840455
shard_end 85 1790814305.160655067
shard_start 82 1790814305.179527171
shard_start 86 1790814305.227968128
shard_end 82 1790814305.231605148
shard_start 87 1790814305.234149334
shard_start 83 1790814305.241677287
shard_start 89 1790814305.253232158
shard_start 88 1790814305.258227682
shard_start 92 1790814305.264799521
shard_start 93 1790814305.275522390
shard_end 86 1790814305.279956817
shard_end 87 1790814305.286248598
shard_start 94 1790814305.291340081
shard_end 83 1790814305.293911041
shard_end 89 1790814305.305725162
shard_end 88 1790814305.310836692
shard_end 92 1790814305.316713102
shard_end 93 1790814305.328305702
shard_end 94 1790814305.343295614
shard_start 95 1790814305.366019491
shard_start 90 1790814305.370066538
shard_start 91 1790814305.380053495
shard_start 97 1790814305.409623923
shard_start 96 1790814305.416092856
shard_end 95 1790814305.418363312
shard_end 90 1790814305.422355011
shard_start 99 1790814305.424473321
shard_start 98 1790814305.431228198
shard_end 91 1790814305.431955212
shard_end 97 1790814305.462525804
shard_end 96 1790814305.467964954
shard_end 99 1790814305.476368157
shard_end 98 1790814305.483075810
