shard_start 1 1790814250.019489847
shard_start 0 1790814250.031480654
shard_start 2 1790814250.042249150
shard_start 5 1790814250.054301284
shard_start 3 1790814250.070050494
shard_end 1 1790814250.071740781
shard_end 0 1790814250.083651239
shard_start 6 1790814250.085975000
shard_end 2 1790814250.094221678
shard_start 7 1790814250.101137297
shard_end 5 1790814250.106680889
shard_start 4 1790814250.115395893
shard_end 3 1790814250.122162987
shard_end 6 1790814250.137960199
shard_end 7 1790814250.153255907
shard_end 4 1790814250.168091295
shard_start 9 1790814250.184812565
shard_start 11 1790814250.199461967
shard_start 13 1790814250.227324362
shard_end 9 1790814250.236889143
shard_start 15 1790814250.240721353
shard_end 11 1790814250.251873401
shard_start 14 1790814250.274845033
shard_end 13 1790814250.280174556
shard_start 8 1790814250.286453180
shard_end 15 1790814250.292740836
shard_start 12 1790814250.297332867
shard_start 10 1790814250.317047516
shard_end 14 1790814250.327392785
shard_end 8 1790814250.338275432
shard_end 12 1790814250.349233343
shard_start 17 1790814250.358024163
shard_end 10 1790814250.368934120
shard_start 19 1790814250.375478037
shard_start 22 1790814250.401727129
shard_end 17 1790814250.410058175
shard_start 23 1790814250.427135337
shard_end 19 1790814250.427656399
shard_start 21 1790814250.440908512
shard_end 22 1790814250.453793517
shard_start 20 1790814250.467148350
shard_start 16 1790814250.473911753
shard_start 18 1790814250.474794885
shard_end 23 1790814250.479408232
shard_end 21 1790814250.492737021
shard_start 25 1790814250.493448521
shard_start 27 1790814250.508580032
shard_end 20 1790814250.519437305
shard_end 16 1790814250.525802222
shard_end 18 1790814250.526487374
shard_start 29 1790814250.528715832
shard_end 25 1790814250.545828844
shard_start 31 1790814250.547685955
shard_end 27 1790814250.560793399
shard_end 29 1790814250.809544493
shard_start 30 1790814250.902880933
shard_start 24 1790814250.902999619
shard_end 31 1790814250.903052667
shard_start 26 1790814250.903135663
shard_start 28 1790814250.903277143
shard_end 30 1790814250.963563277
shard_end 24 1790814250.963733258
shard_end 26 1790814250.964160544
shard_end 28 1790814250.964226905
shard_start 35 1790814252.097472230
shard_end 35 1790814252.149436359
shard_start 33 1790814252.158660709
shard_start 34 1790814252.171693520
shard_start 37 1790814252.188016720
shard_start 39 1790814252.207922174
shard_end 33 1790814252.211092583
shard_end 34 1790814252.223672645
shard_start 38 1790814252.228931922
shard_end 37 1790814252.240057143
shard_start 36 1790814252.247667551
shard_end 39 1790814252.259836621
shard_start 32 1790814252.265192186
shard_end 38 1790814252.280847090
shard_start 43 1790814252.289257362
shard_end 36 1790814252.299542997
shard_start 42 1790814252.312823326
shard_end 32 1790814252.317096919
shard_start 45 1790814252.329478370
shard_end 43 1790814252.341614262
shard_start 41 1790814252.347544203
shard_start 47 1790814252.363472935
shard_end 42 1790814252.364779998
shard_end 45 1790814252.381335179
shard_start 46 1790814252.382803494
shard_end 41 1790814252.399479849
shard_start 44 1790814252.403269495
shard_end 47 1790814252.415397414
shard_start 40 1790814252.419778592
shard_end 46 1790814252.434564340
shard_start 51 1790814252.443190483
shard_end 44 1790814252.455332113
shard_start 50 1790814252.465408510
shard_end 40 1790814252.471773419
shard_start 49 1790814252.491081688
shard_end 51 1790814252.495027498
shard_start 53 1790814252.512026368
shard_end 50 1790814252.517610711
shard_start 55 1790814252.530329803
shard_end 49 1790814252.543186282
shard_start 52 1790814252.548220544
shard_end 53 1790814252.563860516
shard_end 55 1790814252.582561006
shard_end 52 1790814252.600118381
shard_start 54 1790814252.602000864
shard_end 54 1790814252.653897284
shard_start 48 1790814252.937758387
shard_start 59 1790814252.945949831
shard_start 58 1790814252.958584814
shard_start 57 1790814252.974514515
shard_end 48 1790814252.989884214
shard_start 60 1790814252.995751556
shard_end 59 1790814252.997808704
shard_start 61 1790814253.010165476
shard_end 58 1790814253.010282418
shard_end 57 1790814253.026513196
shard_start 63 1790814253.028889117
shard_start 62 1790814253.046939904
shard_end 60 1790814253.047873296
shard_end 61 1790814253.062384474
shard_start 56 1790814253.066689846
shard_end 63 1790814253.080787527
shard_end 62 1790814253.099644183
shard_end 56 1790814253.119132495
shard_start 66 1790814254.178604850
shard_end 66 1790814254.230898232
shard_start 67 1790814254.256583655
shard_start 65 1790814254.268896813
shard_start 68 1790814254.288290922
shard_start 71 1790814254.307783758
shard_end 67 1790814254.308818545
shard_end 65 1790814254.320918444
shard_start 70 1790814254.326471102
shard_end 68 1790814254.340426703
shard_start 69 1790814254.345379443
shard_end 71 1790814254.360018380
shard_start 64 1790814254.367804464
shard_end 70 1790814254.378510693
shard_start 74 1790814254.390906751
shard_end 69 1790814254.397718464
shard_start 75 1790814254.411023603
shard_end 64 1790814254.420441783
shard_start 73 1790814254.428215052
shard_end 74 1790814254.442916188
shard_start 76 1790814254.444063329
shard_start 79 1790814254.462876064
shard_end 75 1790814254.463075966
shard_end 73 1790814254.480347254
shard_start 78 1790814254.482902165
shard_end 76 1790814254.496531440
shard_start 77 1790814254.506232138
shard_end 79 1790814254.515300275
shard_start 72 1790814254.526012986
shard_end 78 1790814254.535144505
shard_start 83 1790814254.547804235
shard_end 77 1790814254.558318706
shard_start 84 1790814254.570622489
shard_end 72 1790814254.578719929
shard_start 81 1790814254.592209545
shard_end 83 1790814254.600313861
shard_start 82 1790814254.608223494
shard_end 84 1790814254.622724532
shard_start 87 1790814254.626753231
shard_start 85 1790814254.642411111
shard_end 81 1790814254.643935469
shard_end 82 1790814254.660193320
shard_end 87 1790814254.678751102
shard_end 85 1790814254.694871928
shard_start 80 1790814254.695784864
shard_end 80 1790814254.748304517
shard_start 86 1790814255.027064080
shard_start 89 1790814255.044098950
shard_start 92 1790814255.060905648
shard_end 86 1790814255.078897415
shard_start 91 1790814255.079976992
shard_end 89 1790814255.096043451
shard_start 90 1790814255.100718531
shard_end 92 1790814255.112806129
shard_start 95 1790814255.119167341
shard_end 91 1790814255.132631018
shard_start 88 1790814255.137219841
shard_end 90 1790814255.153261207
shard_start 93 1790814255.156814828
shard_start 94 1790814255.170439531
shard_end 95 1790814255.171231202
shard_end 88 1790814255.189235714
shard_end 93 1790814255.232317459
shard_end 94 1790814255.232255027
shard_start 97 1790814256.399427552
shard_start 98 1790814256.399960120
shard_start 99 1790814256.400438895
shard_start 96 1790814256.451674514
shard_end 97 1790814256.520484723
shard_end 96 1790814256.520643052
shard_end 98 1790814256.520663628
shard_end 99 1790814256.521258093
agg_start 0 1790814258.796779046
agg_end 0 1790814258.799179109
