shard_start 1 1790814340.043247011
shard_start 4 1790814340.051306383
shard_start 2 1790814340.062897838
shard_start 7 1790814340.079703578
shard_end 1 1790814340.095148357
shard_start 3 1790814340.095631047
shard_end 4 1790814340.103763656
shard_start 6 1790814340.106879903
shard_end 2 1790814340.115352071
shard_start 0 1790814340.120676800
shard_end 7 1790814340.132360486
shard_start 5 1790814340.133100055
shard_end 3 1790814340.147509666
shard_end 6 1790814340.159550996
shard_end 0 1790814340.173184054
shard_end 5 1790814340.184953352
shard_start 12 1790814340.209093722
shard_start 9 1790814340.221648526
shard_start 14 1790814340.239523070
shard_end 12 1790814340.261257347
shard_end 9 1790814340.273977530
shard_start 10 1790814340.274216705
shard_end 14 1790814340.292139544
shard_start 15 1790814340.298906159
shard_start 11 1790814340.310615897
shard_start 13 1790814340.325932366
shard_end 10 1790814340.326165522
shard_start 8 1790814340.341070137
shard_end 15 1790814340.351503569
shard_end 11 1790814340.363356501
shard_end 13 1790814340.377830960
shard_end 8 1790814340.392951486
shard_start 22 1790814340.427602390
shard_start 20 1790814340.427884913
shard_start 18 1790814340.428416372
shard_start 17 1790814340.460726129
shard_end 22 1790814340.479643925
shard_end 20 1790814340.479643909
shard_end 18 1790814340.480412382
shard_start 16 1790814340.491932003
shard_start 19 1790814340.501846700
shard_end 17 1790814340.513407280
shard_start 23 1790814340.515595345
shard_start 21 1790814340.541733702
shard_end 16 1790814340.543821760
shard_end 19 1790814340.553710397
shard_end 23 1790814340.567679811
shard_start 28 1790814340.572908909
shard_start 26 1790814340.589478902
shard_end 21 1790814340.593697094
shard_start 24 1790814340.609268293
shard_end 28 1790814340.624912276
shard_end 26 1790814340.641648944
shard_start 27 1790814340.649192660
shard_end 24 1790814340.661955855
shard_start 31 1790814340.682366389
shard_start 25 1790814340.690863054
shard_end 27 1790814340.701563987
shard_start 30 1790814340.702403068
shard_end 31 1790814340.735006205
shard_start 29 1790814340.741473177
shard_end 25 1790814340.743084804
shard_end 30 1790814340.754333616
shard_end 29 1790814340.793880389
shard_start 38 1790814342.243585276
shard_start 35 1790814342.243679810
shard_start 34 1790814342.243784235
shard_start 32 1790814342.243962638
shard_start 36 1790814342.244264062
shard_start 39 1790814342.244528122
shard_start 33 1790814342.244735186
shard_start 37 1790814342.264187626
shard_end 35 1790814342.295752521
shard_end 34 1790814342.295714176
shard_end 36 1790814342.296499593
shard_end 32 1790814342.296403748
shard_end 38 1790814342.296453764
shard_end 33 1790814342.296929549
shard_end 39 1790814342.297235469
shard_end 37 1790814342.316390233
shard_start 44 1790814342.326110997
shard_start 40 1790814342.349546528
shard_start 43 1790814342.371100799
shard_end 44 1790814342.378223564
shard_start 47 1790814342.392001070
shard_end 40 1790814342.401570629
shard_start 42 1790814342.409489733
shard_end 43 1790814342.422949569
shard_start 45 1790814342.424483712
shard_start 41 1790814342.442213972
shard_end 47 1790814342.443909018
shard_end 42 1790814342.461399348
shard_start 46 1790814342.463311387
shard_end 45 1790814342.476433475
shard_end 41 1790814342.493961830
shard_end 46 1790814342.515249514
shard_start 48 1790814342.526362635
shard_start 51 1790814342.544807132
shard_start 52 1790814342.563235477
shard_end 48 1790814342.579226102
shard_start 55 1790814342.583845481
shard_end 51 1790814342.596741723
shard_start 53 1790814342.604156070
shard_end 52 1790814342.615634085
shard_start 49 1790814342.623359571
shard_end 55 1790814342.635828479
shard_start 50 1790814342.646388495
shard_end 53 1790814342.656289584
shard_start 54 1790814342.668643122
shard_end 49 1790814342.675182752
shard_start 56 1790814342.691387730
shard_end 50 1790814342.699389368
shard_start 60 1790814342.708050276
shard_end 54 1790814342.720991907
shard_start 59 1790814342.727079269
shard_end 56 1790814342.744087622
shard_start 63 1790814342.757678990
shard_end 60 1790814342.760314796
shard_start 57 1790814342.777996341
shard_end 59 1790814342.778845798
shard_start 58 1790814342.801400106
shard_end 63 1790814342.809620270
shard_start 61 1790814342.827552505
shard_end 57 1790814342.829725825
shard_start 62 1790814342.850022050
shard_end 58 1790814342.853211099
shard_end 61 1790814342.880262070
shard_end 62 1790814342.901902222
shard_start 64 1790814344.332761267
shard_start 68 1790814344.349504152
shard_start 71 1790814344.365385434
shard_start 67 1790814344.381669649
shard_end 64 1790814344.384596104
shard_end 68 1790814344.401332882
shard_start 65 1790814344.401601579
shard_end 71 1790814344.417270829
shard_start 66 1790814344.420240672
shard_end 67 1790814344.433792346
shard_start 69 1790814344.443159436
shard_end 65 1790814344.453831693
shard_start 70 1790814344.467613532
shard_end 66 1790814344.472177253
shard_start 76 1790814344.486113377
shard_end 69 1790814344.495281237
shard_start 72 1790814344.502279992
shard_end 70 1790814344.519793116
shard_start 79 1790814344.520204409
shard_end 76 1790814344.538001834
shard_start 73 1790814344.540576658
shard_end 72 1790814344.553920367
shard_start 75 1790814344.562638815
shard_end 79 1790814344.572431228
shard_start 74 1790814344.584909966
shard_end 73 1790814344.592556299
shard_start 77 1790814344.606544083
shard_end 75 1790814344.614667752
shard_start 78 1790814344.626255850
shard_end 74 1790814344.637882133
shard_start 84 1790814344.645139202
shard_end 77 1790814344.659362411
shard_start 80 1790814344.659880498
shard_start 87 1790814344.677258188
shard_end 78 1790814344.678043456
shard_start 83 1790814344.693234170
shard_end 84 1790814344.697020409
shard_end 80 1790814344.712445578
shard_start 81 1790814344.714485795
shard_end 87 1790814344.729034676
shard_start 82 1790814344.738022166
shard_end 83 1790814344.745164950
shard_start 86 1790814344.761673991
shard_end 81 1790814344.766322381
shard_start 85 1790814344.781942696
shard_end 82 1790814344.790306743
shard_start 88 1790814344.807000512
shard_end 86 1790814344.813594768
shard_start 92 1790814344.825897035
shard_end 85 1790814344.834005559
shard_start 95 1790814344.841956810
shard_start 91 1790814344.858096134
shard_end 88 1790814344.859005408
shard_end 92 1790814344.877644760
shard_start 89 1790814344.878271176
shard_end 95 1790814344.893763497
shard_start 90 1790814344.896530080
shard_end 91 1790814344.909953610
shard_start 94 1790814344.917689456
shard_end 89 1790814344.930731065
shard_start 93 1790814344.942138855
shard_end 90 1790814344.948974731
shard_end 94 1790814344.969893286
shard_end 93 1790814344.994058006
shard_start 96 1790814346.411821680
shard_start 100 1790814346.427339883
shard_start 103 1790814346.442299655
shard_end 96 1790814346.463810167
shard_end 100 1790814346.479294077
shard_start 99 1790814346.489439877
shard_end 103 1790814346.494259195
shard_start 97 1790814346.504111130
shard_start 98 1790814346.518131052
shard_start 102 1790814346.536835935
shard_end 99 1790814346.541275816
shard_end 97 1790814346.556333256
shard_start 101 1790814346.560575773
shard_end 98 1790814346.570137342
shard_start 108 1790814346.578726271
shard_end 102 1790814346.589030831
shard_start 104 1790814346.598333509
shard_end 101 1790814346.612493633
shard_start 107 1790814346.621857109
shard_end 108 1790814346.630748290
shard_start 111 1790814346.640108013
shard_end 104 1790814346.650115020
shard_start 105 1790814346.663424895
shard_end 107 1790814346.673697443
shard_start 106 1790814346.678972230
shard_end 111 1790814346.692217524
shard_start 110 1790814346.695279548
shard_end 105 1790814346.715455562
shard_start 109 1790814346.716136146
shard_end 106 1790814346.730880703
shard_start 116 1790814346.734965280
shard_end 110 1790814346.747155702
shard_start 112 1790814346.758629880
shard_end 109 1790814346.768647443
shard_start 119 1790814346.784078080
shard_end 116 1790814346.786984632
shard_start 115 1790814346.807979276
shard_end 112 1790814346.810411663
shard_start 118 1790814346.829272001
shard_end 119 1790814346.836219506
shard_start 113 1790814346.851445304
shard_end 115 1790814346.859899300
shard_start 114 1790814346.867258599
shard_end 118 1790814346.881473532
shard_start 117 1790814346.884315325
shard_end 113 1790814346.904009429
shard_start 124 1790814346.904531345
shard_end 114 1790814346.920853202
shard_start 120 1790814346.925905616
shard_end 117 1790814346.936504940
shard_start 127 1790814346.950207597
shard_end 124 1790814346.956323858
shard_start 123 1790814346.975009566
shard_end 120 1790814346.977686366
shard_start 122 1790814347.001418947
shard_end 127 1790814347.002183841
shard_end 123 1790814347.027266211
shard_start 126 1790814347.027545329
shard_start 121 1790814347.046376839
shard_end 122 1790814347.053165996
shard_start 125 1790814347.061880476
shard_end 126 1790814347.079924913
shard_end 125 1790814347.162584533
shard_end 121 1790814347.162584557
shard_start 135 1790814348.510351638
shard_start 128 1790814348.531104937
shard_start 131 1790814348.549845468
shard_end 135 1790814348.562524030
shard_end 128 1790814348.582982798
shard_end 131 1790814348.601695443
shard_start 132 1790814348.604678707
shard_start 134 1790814348.619887352
shard_start 130 1790814348.636991239
shard_end 132 1790814348.656598693
shard_start 129 1790814348.659054707
shard_end 134 1790814348.672115038
shard_start 133 1790814348.679137456
shard_end 130 1790814348.688978372
shard_start 143 1790814348.697630633
shard_end 129 1790814348.710926174
shard_start 136 1790814348.720111964
shard_end 133 1790814348.730980102
shard_start 139 1790814348.741556050
shard_end 143 1790814348.749498441
shard_start 140 1790814348.765162507
shard_end 136 1790814348.772412215
shard_start 142 1790814348.782198604
shard_end 139 1790814348.793400082
shard_start 138 1790814348.797998445
shard_start 137 1790814348.814433458
shard_end 140 1790814348.817559019
shard_end 142 1790814348.834169635
shard_start 151 1790814348.836581214
shard_end 138 1790814348.849817690
shard_start 141 1790814348.857374301
shard_end 137 1790814348.866332974
shard_start 144 1790814348.877793207
shard_end 151 1790814348.888637678
shard_start 147 1790814348.905483645
shard_end 141 1790814348.909112556
shard_end 144 1790814348.930139167
shard_start 148 1790814348.937788278
shard_start 150 1790814348.955177892
shard_end 147 1790814348.957403174
shard_start 145 1790814348.971728760
shard_start 146 1790814348.985327011
shard_end 148 1790814348.990295101
shard_start 159 1790814349.000885143
shard_end 150 1790814349.007108100
shard_start 149 1790814349.021568852
shard_end 145 1790814349.023722771
shard_end 146 1790814349.037547930
shard_start 152 1790814349.043638308
shard_end 159 1790814349.052992887
shard_start 155 1790814349.064225230
shard_end 149 1790814349.074063371
shard_start 158 1790814349.082934286
shard_end 152 1790814349.096127294
shard_end 155 1790814349.117202730
shard_end 158 1790814349.134886180
shard_start 156 1790814349.193170074
shard_start 153 1790814349.202726515
shard_start 154 1790814349.221840651
shard_start 167 1790814349.238270263
shard_end 156 1790814349.245227866
shard_end 153 1790814349.254763884
shard_end 154 1790814349.273706862
shard_end 167 1790814349.290139751
shard_start 157 1790814350.592965438
shard_start 160 1790814350.607885288
shard_end 157 1790814350.645247118
shard_start 163 1790814350.652687549
shard_end 160 1790814350.660603821
shard_start 164 1790814350.695340291
shard_end 163 1790814350.704965219
shard_start 166 1790814350.711465529
shard_start 161 1790814350.731167678
shard_end 164 1790814350.747193878
shard_start 162 1790814350.749573255
shard_end 166 1790814350.763402133
shard_start 168 1790814350.769634374
shard_end 161 1790814350.783249062
shard_start 175 1790814350.788704428
shard_end 162 1790814350.802523652
shard_start 165 1790814350.809078027
shard_end 168 1790814350.821611691
shard_start 171 1790814350.828755242
shard_end 175 1790814350.840795231
shard_start 172 1790814350.849533740
shard_end 165 1790814350.861045461
shard_start 174 1790814350.865332871
shard_end 171 1790814350.880676269
shard_start 169 1790814350.881819894
shard_start 183 1790814350.895090270
shard_end 172 1790814350.901742960
shard_end 174 1790814350.917287274
shard_start 176 1790814350.917942452
shard_end 169 1790814350.934023948
shard_start 170 1790814350.945689503
shard_end 183 1790814350.946740050
shard_start 173 1790814350.969248797
shard_end 176 1790814350.969930715
shard_start 179 1790814350.992275534
shard_end 170 1790814350.997965397
shard_end 173 1790814351.021061484
shard_end 179 1790814351.044213879
shard_start 180 1790814351.046418318
shard_start 177 1790814351.063019209
shard_start 182 1790814351.081509233
shard_end 180 1790814351.098536500
shard_start 184 1790814351.104471019
shard_end 177 1790814351.115381875
shard_start 191 1790814351.122936688
shard_end 182 1790814351.134171949
shard_start 178 1790814351.142629413
shard_end 184 1790814351.156323710
shard_start 181 1790814351.163253481
shard_end 191 1790814351.175239487
shard_start 187 1790814351.183401354
shard_end 178 1790814351.194615976
shard_start 188 1790814351.202524716
shard_end 181 1790814351.215625726
shard_end 187 1790814351.235561363
shard_end 188 1790814351.254738785
shard_start 192 1790814351.337409146
shard_start 199 1790814351.337547311
shard_start 190 1790814351.337716778
shard_start 185 1790814351.337832778
shard_end 192 1790814351.389464979
shard_end 190 1790814351.389650994
shard_end 199 1790814351.389894656
shard_end 185 1790814351.390292135
shard_start 186 1790814352.675872170
shard_start 189 1790814352.709306174
shard_end 186 1790814352.727894163
shard_end 189 1790814352.761290431
shard_start 195 1790814352.766485407
shard_start 198 1790814352.780407925
shard_start 196 1790814352.797732569
shard_start 207 1790814352.813508465
shard_end 195 1790814352.818524019
shard_end 198 1790814352.832295142
shard_end 196 1790814352.849579448
shard_end 207 1790814352.865495703
shard_start 193 1790814352.868494391
shard_start 200 1790814352.884948835
shard_start 194 1790814352.902561304
shard_end 193 1790814352.920487271
shard_start 197 1790814352.922969284
shard_end 200 1790814352.937163199
shard_start 203 1790814352.946457830
shard_end 194 1790814352.954606915
shard_start 206 1790814352.966186266
shard_end 197 1790814352.975237950
shard_start 204 1790814352.986466383
shard_end 203 1790814352.998650915
shard_start 201 1790814353.008422829
shard_end 206 1790814353.018344902
shard_start 215 1790814353.028402771
shard_end 204 1790814353.038274773
shard_start 208 1790814353.047844519
shard_end 201 1790814353.060351699
shard_start 205 1790814353.065377912
shard_end 215 1790814353.080490518
shard_end 208 1790814353.099933428
shard_end 205 1790814353.117290732
shard_start 212 1790814353.169542108
shard_start 211 1790814353.169579093
shard_start 202 1790814353.169814512
shard_start 214 1790814353.170236055
shard_start 223 1790814353.183028176
shard_start 209 1790814353.202760206
shard_start 216 1790814353.216497203
shard_end 212 1790814353.221588167
shard_end 211 1790814353.221600257
shard_end 202 1790814353.221802008
shard_end 214 1790814353.222855694
shard_end 223 1790814353.235009814
shard_start 213 1790814353.238060792
shard_end 209 1790814353.255106340
shard_start 210 1790814353.259250840
shard_end 216 1790814353.268482937
shard_end 213 1790814353.290158209
shard_end 210 1790814353.311018234
shard_start 219 1790814353.353646837
shard_start 220 1790814353.374825169
shard_end 219 1790814353.405612032
shard_end 220 1790814353.426614385
shard_start 222 1790814353.432183470
shard_start 217 1790814353.445542672
shard_start 231 1790814353.461636160
shard_start 224 1790814353.481415286
shard_end 222 1790814353.483858233
shard_end 217 1790814353.497746257
shard_end 231 1790814353.513513616
shard_end 224 1790814353.533331405
shard_start 221 1790814354.758615767
shard_end 221 1790814354.810526689
shard_start 218 1790814354.815892624
shard_start 227 1790814354.854252150
shard_end 218 1790814354.868179720
shard_start 230 1790814354.871699970
shard_start 228 1790814354.892741715
shard_end 227 1790814354.906092374
shard_start 225 1790814354.911705157
shard_end 230 1790814354.923844856
shard_end 228 1790814354.944729341
shard_end 225 1790814354.963552975
shard_start 239 1790814354.968067959
shard_start 232 1790814354.985961617
shard_start 235 1790814355.001044941
shard_end 239 1790814355.020410101
shard_start 226 1790814355.025313692
shard_end 232 1790814355.037885095
shard_start 229 1790814355.045575176
shard_end 235 1790814355.052994123
shard_start 238 1790814355.063920165
shard_end 226 1790814355.077243195
shard_start 236 1790814355.084808764
shard_end 229 1790814355.097836745
shard_start 233 1790814355.106601990
shard_end 238 1790814355.116664110
shard_start 247 1790814355.130538955
shard_end 236 1790814355.136951678
shard_start 240 1790814355.147767068
shard_end 233 1790814355.158521570
shard_start 234 1790814355.164283283
shard_end 247 1790814355.182531262
shard_end 240 1790814355.199727316
shard_end 234 1790814355.216227051
shard_start 243 1790814355.252852378
shard_start 237 1790814355.266173440
shard_start 241 1790814355.285597727
shard_start 244 1790814355.301160755
shard_end 243 1790814355.305221443
shard_end 237 1790814355.318151947
shard_start 246 1790814355.319304464
shard_start 255 1790814355.337106256
shard_end 241 1790814355.337304510
shard_end 244 1790814355.353269687
shard_start 248 1790814355.358415089
shard_end 246 1790814355.371727617
shard_start 242 1790814355.381568353
shard_end 255 1790814355.389895488
shard_start 251 1790814355.402132750
shard_end 248 1790814355.410555615
shard_end 242 1790814355.433593050
shard_start 245 1790814355.440195791
shard_end 251 1790814355.454217543
shard_start 254 1790814355.457644865
shard_end 245 1790814355.492102086
shard_end 254 1790814355.509566801
shard_start 252 1790814355.523989500
shard_start 249 1790814355.541048610
shard_start 263 1790814355.559633555
shard_start 256 1790814355.575884914
shard_end 252 1790814355.575884895
shard_end 249 1790814355.593079108
shard_end 263 1790814355.611628209
shard_end 256 1790814355.627958994
shard_start 250 1790814356.836163307
shard_end 250 1790814356.888910765
shard_start 259 1790814356.912134854
shard_start 253 1790814356.952534218
shard_end 259 1790814356.964145060
shard_start 260 1790814356.970608690
shard_start 257 1790814356.989287006
shard_end 253 1790814357.004548916
shard_start 262 1790814357.007593726
shard_end 260 1790814357.022753208
shard_end 257 1790814357.041312906
shard_end 262 1790814357.059415486
shard_start 271 1790814357.061356450
shard_start 264 1790814357.078378849
shard_start 258 1790814357.096611887
shard_end 271 1790814357.113590306
shard_end 264 1790814357.130303301
shard_start 267 1790814357.137398554
shard_start 261 1790814357.140727954
shard_end 258 1790814357.148556457
shard_start 270 1790814357.161262769
shard_start 265 1790814357.185087858
shard_end 267 1790814357.191956901
shard_end 261 1790814357.192926783
shard_start 268 1790814357.206396477
shard_end 270 1790814357.213442918
shard_start 279 1790814357.225328396
shard_end 265 1790814357.237166385
shard_start 272 1790814357.243828030
shard_end 268 1790814357.258518421
shard_start 266 1790814357.261565077
shard_end 279 1790814357.277280882
shard_end 272 1790814357.296229036
shard_end 266 1790814357.313806614
shard_start 275 1790814357.344436218
shard_start 269 1790814357.364108085
shard_start 278 1790814357.386913307
shard_end 275 1790814357.396469818
shard_start 273 1790814357.405826722
shard_end 269 1790814357.416150841
shard_start 276 1790814357.424427172
shard_end 278 1790814357.438674194
shard_start 287 1790814357.441034570
shard_end 273 1790814357.458045106
shard_start 274 1790814357.461703801
shard_end 276 1790814357.476515510
shard_start 280 1790814357.487394182
shard_end 287 1790814357.493446431
shard_start 283 1790814357.503018765
shard_end 274 1790814357.513632171
shard_start 277 1790814357.519613527
shard_end 280 1790814357.540094918
shard_end 283 1790814357.554940143
shard_end 277 1790814357.571935727
shard_start 284 1790814357.573686725
shard_start 281 1790814357.618814857
shard_end 284 1790814357.625693719
shard_start 286 1790814357.638366184
shard_start 295 1790814357.658691381
shard_end 281 1790814357.670883023
shard_start 282 1790814357.677750992
shard_end 286 1790814357.690360251
shard_end 295 1790814357.710633866
shard_end 282 1790814357.730157370
shard_start 288 1790814358.917959408
shard_end 288 1790814358.970832788
shard_start 291 1790814358.999887426
shard_start 285 1790814359.048526950
shard_end 291 1790814359.052381992
shard_start 292 1790814359.065058804
shard_start 294 1790814359.081952320
shard_start 289 1790814359.097536863
shard_end 285 1790814359.101090792
shard_end 292 1790814359.117517692
shard_end 294 1790814359.134169944
shard_end 289 1790814359.149302112
shard_start 303 1790814359.150395956
shard_start 290 1790814359.168439920
shard_start 296 1790814359.184874785
shard_end 303 1790814359.202652724
shard_end 290 1790814359.220536410
shard_end 296 1790814359.236927375
shard_start 299 1790814359.250846669
shard_start 293 1790814359.267012844
shard_start 300 1790814359.284832561
shard_end 299 1790814359.302712882
shard_start 302 1790814359.309020287
shard_end 293 1790814359.319012582
shard_start 297 1790814359.327513702
shard_end 300 1790814359.337010301
shard_start 311 1790814359.345909253
shard_end 302 1790814359.361334207
shard_start 298 1790814359.367287955
shard_end 297 1790814359.379925628
shard_start 304 1790814359.392369082
shard_end 311 1790814359.397816886
shard_end 298 1790814359.419263733
shard_end 304 1790814359.444766911
shard_start 308 1790814359.446182689
shard_start 307 1790814359.464730126
shard_start 301 1790814359.486669423
shard_end 308 1790814359.498757772
shard_start 310 1790814359.510816457
shard_end 307 1790814359.517255410
shard_start 305 1790814359.528895871
shard_end 301 1790814359.538984561
shard_start 319 1790814359.549586843
shard_end 310 1790814359.562751329
shard_start 306 1790814359.573765136
shard_end 305 1790814359.580842841
shard_start 312 1790814359.592385415
shard_end 319 1790814359.602102712
shard_start 316 1790814359.609202528
shard_end 306 1790814359.625573251
shard_start 309 1790814359.626765879
shard_end 312 1790814359.644280482
shard_end 316 1790814359.661187166
shard_end 309 1790814359.678497127
shard_start 315 1790814359.688053847
shard_start 313 1790814359.704067088
shard_start 327 1790814359.719911634
shard_end 315 1790814359.740501155
shard_end 313 1790814359.756673692
shard_end 327 1790814359.771861106
shard_start 318 1790814359.778278275
shard_start 314 1790814359.793458003
shard_end 318 1790814359.830495762
shard_end 314 1790814359.845611923
shard_start 320 1790814361.022616856
shard_end 320 1790814361.074702997
shard_start 317 1790814361.083388761
shard_end 317 1790814361.135420958
shard_start 324 1790814361.157283508
shard_start 323 1790814361.172399869
shard_start 321 1790814361.187222378
shard_start 335 1790814361.205043817
shard_end 324 1790814361.209351802
shard_end 323 1790814361.224757951
shard_end 321 1790814361.239183232
shard_end 335 1790814361.257854475
shard_start 326 1790814361.259317139
shard_start 322 1790814361.277470911
shard_start 328 1790814361.294255875
shard_end 326 1790814361.311445481
shard_end 322 1790814361.329869784
shard_end 328 1790814361.346248386
shard_start 325 1790814361.361095956
shard_start 332 1790814361.377447551
shard_start 331 1790814361.395982212
shard_end 325 1790814361.413238753
shard_start 329 1790814361.416943307
shard_end 332 1790814361.429591148
shard_start 343 1790814361.433570811
shard_end 331 1790814361.448641681
shard_start 334 1790814361.453116034
shard_end 329 1790814361.469091565
shard_end 343 1790814361.486178029
shard_start 330 1790814361.490519548
shard_end 334 1790814361.506626787
shard_start 336 1790814361.519437545
shard_start 333 1790814361.540708382
shard_end 330 1790814361.542301196
shard_start 339 1790814361.559174014
shard_end 336 1790814361.571456141
shard_start 340 1790814361.576936397
shard_start 351 1790814361.591539611
shard_end 333 1790814361.592629813
shard_end 339 1790814361.611129336
shard_start 337 1790814361.612541280
shard_end 340 1790814361.629439332
shard_start 342 1790814361.637177172
shard_end 351 1790814361.643640936
shard_start 338 1790814361.660851718
shard_end 337 1790814361.664442337
shard_start 344 1790814361.685633564
shard_end 342 1790814361.689009346
shard_end 338 1790814361.712852842
shard_start 341 1790814361.713327892
shard_start 347 1790814361.734034682
shard_end 344 1790814361.737949217
shard_end 341 1790814361.765657709
shard_start 348 1790814361.776852468
shard_end 347 1790814361.785944556
shard_start 359 1790814361.792900669
shard_start 345 1790814361.813505346
shard_end 348 1790814361.829406928
shard_end 359 1790814361.845042781
shard_end 345 1790814361.865898574
shard_start 350 1790814361.875855313
shard_start 352 1790814361.891622816
shard_end 350 1790814361.928090323
shard_end 352 1790814361.943732322
shard_start 349 1790814363.182091677
shard_start 346 1790814363.182168435
shard_end 346 1790814363.234082517
shard_end 349 1790814363.234108874
shard_start 355 1790814363.236898489
shard_start 356 1790814363.251173123
shard_start 367 1790814363.271944773
shard_end 355 1790814363.288731910
shard_start 353 1790814363.291178410
shard_end 356 1790814363.303105144
shard_end 367 1790814363.323919754
shard_end 353 1790814363.342926172
shard_start 358 1790814363.351018123
shard_start 354 1790814363.368737252
shard_start 360 1790814363.387509587
shard_end 358 1790814363.403091819
shard_end 354 1790814363.420651270
shard_end 360 1790814363.439470546
shard_start 357 1790814363.446103655
shard_start 364 1790814363.485448103
shard_end 357 1790814363.498389581
shard_start 363 1790814363.507924134
shard_start 361 1790814363.527537275
shard_end 364 1790814363.537911119
shard_start 375 1790814363.545362230
shard_end 363 1790814363.559940927
shard_start 368 1790814363.568175259
shard_end 361 1790814363.580623885
shard_start 362 1790814363.585542588
shard_end 375 1790814363.597431411
shard_start 366 1790814363.608057234
shard_end 368 1790814363.620340249
shard_start 365 1790814363.627832867
shard_end 362 1790814363.638140583
shard_start 372 1790814363.645635014
shard_end 366 1790814363.660368369
shard_start 371 1790814363.663550642
shard_end 365 1790814363.680377281
shard_start 383 1790814363.686092126
shard_end 372 1790814363.697979004
shard_start 369 1790814363.707806446
shard_end 371 1790814363.715932738
shard_start 376 1790814363.730231610
shard_end 383 1790814363.738142462
shard_start 374 1790814363.751452965
shard_end 369 1790814363.759962936
shard_start 370 1790814363.772735340
shard_end 376 1790814363.782104773
shard_start 373 1790814363.795535913
shard_end 374 1790814363.803659658
shard_start 380 1790814363.813197993
shard_end 370 1790814363.824637484
shard_end 373 1790814363.848122132
shard_end 380 1790814363.865746799
shard_start 391 1790814363.902597871
shard_start 379 1790814363.920935678
shard_start 377 1790814363.936334736
shard_end 391 1790814363.954346699
shard_start 384 1790814363.954746338
shard_end 379 1790814363.973011213
shard_start 381 1790814363.974498438
shard_end 377 1790814363.988435526
shard_end 384 1790814364.006926368
shard_end 381 1790814364.026482750
shard_start 382 1790814365.271313822
shard_start 378 1790814365.283604323
shard_end 382 1790814365.323495287
shard_end 378 1790814365.335629070
shard_start 388 1790814365.337048814
shard_start 399 1790814365.348190359
shard_start 392 1790814365.363227911
shard_start 387 1790814365.376563401
shard_end 388 1790814365.389249162
shard_end 399 1790814365.400516167
shard_end 392 1790814365.415419412
shard_end 387 1790814365.428295811
shard_start 385 1790814365.436467342
shard_start 389 1790814365.453202660
shard_start 390 1790814365.468714864
shard_end 385 1790814365.488424308
shard_end 389 1790814365.505454576
shard_end 390 1790814365.521373325
shard_start 386 1790814365.530352940
shard_start 396 1790814365.578607585
shard_end 386 1790814365.582415430
shard_start 407 1790814365.601764468
shard_start 400 1790814365.620610999
shard_end 396 1790814365.630592014
shard_start 395 1790814365.644940660
shard_end 407 1790814365.653686390
shard_start 393 1790814365.666971532
shard_end 400 1790814365.672542329
shard_start 397 1790814365.689952273
shard_end 395 1790814365.697276716
shard_start 394 1790814365.716978438
shard_end 393 1790814365.718664341
shard_start 398 1790814365.734699974
shard_end 397 1790814365.742171408
shard_start 404 1790814365.749796130
shard_start 415 1790814365.767337046
shard_end 394 1790814365.768706914
shard_end 398 1790814365.786505076
shard_start 408 1790814365.791118030
shard_end 404 1790814365.801670187
shard_start 401 1790814365.813362323
shard_end 415 1790814365.819354041
shard_start 403 1790814365.834793992
shard_end 408 1790814365.843225980
shard_start 406 1790814365.856582150
shard_end 401 1790814365.865385893
shard_start 405 1790814365.877700610
shard_end 403 1790814365.886759478
shard_start 402 1790814365.899947821
shard_end 406 1790814365.908848874
shard_start 412 1790814365.915811834
shard_end 405 1790814365.929593333
shard_end 402 1790814365.952003137
shard_end 412 1790814365.967669907
shard_start 416 1790814365.992158783
shard_start 423 1790814366.010684313
shard_start 409 1790814366.029266030
shard_end 416 1790814366.043944483
shard_start 411 1790814366.044543183
shard_start 410 1790814366.060997990
shard_end 423 1790814366.062322539
shard_end 409 1790814366.081304370
shard_end 411 1790814366.096418940
shard_end 410 1790814366.113094741
shard_start 414 1790814367.381224177
shard_start 413 1790814367.394817397
shard_end 414 1790814367.433470041
shard_start 420 1790814367.435180417
shard_end 413 1790814367.447186515
shard_start 417 1790814367.453123047
shard_start 424 1790814367.474583264
shard_end 420 1790814367.487377999
shard_start 431 1790814367.493307397
shard_end 417 1790814367.505235643
shard_end 424 1790814367.527030917
shard_end 431 1790814367.545217615
shard_start 419 1790814367.552068539
shard_start 418 1790814367.570165205
shard_start 421 1790814367.586715786
shard_end 419 1790814367.604057188
shard_end 418 1790814367.622046808
shard_end 421 1790814367.639088378
shard_start 422 1790814367.647656546
shard_start 428 1790814367.661844889
shard_start 425 1790814367.679495065
shard_end 422 1790814367.699775821
shard_end 428 1790814367.713741332
shard_end 425 1790814367.731507030
shard_start 432 1790814367.739009903
shard_start 439 1790814367.753548152
shard_start 427 1790814367.771417999
shard_end 432 1790814367.791040057
shard_start 426 1790814367.794241122
shard_end 439 1790814367.805857097
shard_start 430 1790814367.812613868
shard_end 427 1790814367.823465588
shard_start 429 1790814367.836450737
shard_end 426 1790814367.846536740
shard_start 436 1790814367.858208820
shard_end 430 1790814367.864447129
shard_start 433 1790814367.881746221
shard_end 429 1790814367.888784912
shard_start 440 1790814367.901289536
shard_end 436 1790814367.909995532
shard_start 447 1790814367.920190430
shard_end 433 1790814367.933730704
shard_start 435 1790814367.936977985
shard_end 440 1790814367.953882844
shard_start 434 1790814367.956277416
shard_end 447 1790814367.972655778
shard_start 437 1790814367.976142321
shard_end 435 1790814367.989806515
shard_start 438 1790814368.000611695
shard_end 434 1790814368.008416839
shard_start 444 1790814368.021409204
shard_end 437 1790814368.028081392
shard_end 438 1790814368.052852500
shard_end 444 1790814368.073490800
shard_start 448 1790814368.078780663
shard_start 441 1790814368.096253189
shard_end 448 1790814368.130667698
shard_end 441 1790814371.084236823
shard_start 455 1790814371.088631475
shard_start 443 1790814371.104017616
shard_start 442 1790814371.118446878
shard_end 455 1790814371.140716750
shard_end 443 1790814371.156028729
shard_end 442 1790814371.170810058
shard_start 445 1790814372.404857612
shard_start 446 1790814372.418933436
shard_end 445 1790814372.456764113
shard_start 456 1790814372.457759395
shard_end 446 1790814372.471662556
shard_start 452 1790814372.477203374
shard_start 463 1790814372.495084521
shard_end 456 1790814372.509927356
shard_start 449 1790814372.514899879
shard_end 452 1790814372.529056514
shard_end 463 1790814372.547597505
shard_end 449 1790814372.567380786
shard_start 451 1790814372.591515230
shard_start 450 1790814372.605039788
shard_start 453 1790814372.622527215
shard_end 451 1790814372.643602963
shard_end 450 1790814372.656917140
shard_end 453 1790814372.674634771
shard_start 454 1790814372.679432698
shard_start 464 1790814372.694190188
shard_start 471 1790814372.711323588
shard_end 454 1790814372.731210756
shard_end 464 1790814372.746332540
shard_end 471 1790814372.763341030
shard_start 460 1790814372.772104987
shard_start 457 1790814372.788744812
shard_start 459 1790814372.807016018
shard_end 460 1790814372.824701617
shard_start 458 1790814372.829812606
shard_end 457 1790814372.841502212
shard_start 461 1790814372.848996474
shard_end 459 1790814372.860282466
shard_start 472 1790814372.867860135
shard_end 458 1790814372.881656097
shard_start 479 1790814372.892034396
shard_end 461 1790814372.900858281
shard_start 462 1790814372.912443894
shard_end 472 1790814372.920363413
shard_start 465 1790814372.936976104
shard_end 479 1790814372.944132794
shard_start 468 1790814372.957056058
shard_end 462 1790814372.964377092
shard_start 467 1790814372.972803688
shard_end 465 1790814372.988750726
shard_start 466 1790814372.989848617
shard_end 468 1790814373.009367007
shard_start 469 1790814373.013577660
shard_end 467 1790814373.025359506
shard_start 487 1790814373.037595942
shard_end 466 1790814373.041966869
shard_start 476 1790814373.058682623
shard_end 469 1790814373.066291053
shard_end 487 1790814373.089726825
shard_end 476 1790814373.111277302
shard_start 480 1790814373.117282016
shard_start 473 1790814373.134443758
shard_end 480 1790814373.169228424
shard_end 473 1790814373.186538941
shard_start 470 1790814373.190342743
shard_start 475 1790814373.204920235
shard_start 474 1790814373.220171081
shard_end 470 1790814373.242206245
shard_end 475 1790814373.256981624
shard_end 474 1790814373.272134889
shard_start 477 1790814374.486852107
shard_start 495 1790814374.526129432
shard_end 477 1790814374.539115078
shard_start 484 1790814374.545830778
shard_start 481 1790814374.563831162
shard_end 495 1790814374.578035862
shard_start 478 1790814374.583050036
shard_end 484 1790814374.597791585
shard_start 488 1790814374.603897823
shard_end 481 1790814374.615753787
shard_end 478 1790814374.635244546
shard_end 488 1790814374.655859680
shard_start 483 1790814374.673314013
shard_end 483 1790814374.725284232
shard_start 482 1790814374.738428577
shard_start 485 1790814374.752859683
shard_start 492 1790814374.768836086
shard_start 489 1790814374.785671951
shard_end 482 1790814374.790979554
shard_end 485 1790814374.804785595
shard_start 486 1790814374.805517060
shard_end 492 1790814374.820787517
shard_end 489 1790814374.837765525
shard_start 496 1790814374.857426989
shard_end 486 1790814374.857554699
shard_start 491 1790814374.874656663
shard_start 490 1790814374.892151232
shard_end 496 1790814374.909429412
shard_start 493 1790814374.912753211
shard_end 491 1790814374.926719942
shard_start 497 1790814374.934903884
shard_end 490 1790814374.944147504
shard_start 494 1790814374.955313412
shard_end 493 1790814374.964602911
shard_start 499 1790814374.978524030
shard_end 497 1790814374.986974394
shard_start 498 1790814374.999643536
shard_end 494 1790814375.007868783
shard_end 499 1790814375.030529861
shard_end 498 1790814375.051615194
agg_start 0 1790814378.782461038
agg_end 0 1790814378.788128397
