shard_start 2 1790814181.367213688
shard_start 5 1790814181.382534583
shard_start 0 1790814181.392983860
shard_start 3 1790814181.411088265
shard_end 2 1790814181.419173351
shard_start 4 1790814181.425894111
shard_end 5 1790814181.434578814
shard_start 1 1790814181.439429019
shard_end 0 1790814181.444842381
shard_start 6 1790814181.449171966
shard_start 7 1790814181.462581109
shard_end 3 1790814181.462835127
shard_end 4 1790814181.477781576
shard_end 1 1790814181.491460930
shard_end 6 1790814181.501090264
shard_end 7 1790814181.514508351
shard_start 10 1790814181.524605941
shard_start 8 1790814181.564630375
shard_start 13 1790814181.572577993
shard_end 10 1790814181.576696822
shard_start 11 1790814181.608671313
shard_end 8 1790814181.616312819
shard_start 14 1790814181.617417613
shard_end 13 1790814181.624490643
shard_start 12 1790814181.633343136
shard_start 9 1790814181.651539977
shard_end 11 1790814181.660597523
shard_start 15 1790814181.664907394
shard_end 14 1790814181.669268853
shard_end 12 1790814181.685233004
shard_start 18 1790814181.702142511
shard_end 9 1790814181.703403010
shard_end 15 1790814181.716945367
shard_start 16 1790814181.738083031
shard_start 22 1790814181.746596398
shard_end 18 1790814181.754121287
shard_start 19 1790814181.775363002
shard_start 21 1790814181.788424111
shard_end 16 1790814181.789655845
shard_end 22 1790814181.798638204
shard_start 20 1790814181.799178225
shard_start 23 1790814181.811096143
shard_start 17 1790814181.823192226
shard_end 19 1790814181.827243855
shard_start 26 1790814181.840100741
shard_end 21 1790814181.840576646
shard_end 20 1790814181.851269814
shard_end 23 1790814181.862941935
shard_start 30 1790814181.866048521
shard_start 24 1790814181.873495446
shard_end 17 1790814181.874855934
shard_start 29 1790814181.889624152
shard_end 26 1790814181.892061555
shard_start 31 1790814181.900830116
shard_start 27 1790814181.916297538
shard_end 30 1790814181.917978399
shard_end 24 1790814181.925449484
shard_start 28 1790814181.934049231
shard_end 29 1790814181.941484370
shard_start 25 1790814181.943678093
shard_end 31 1790814181.952709477
shard_end 27 1790814181.968274474
shard_end 28 1790814181.985947667
shard_end 25 1790814181.996573571
shard_start 32 1790814184.689405146
shard_start 38 1790814184.697944033
shard_start 34 1790814184.709241423
shard_start 39 1790814184.717074217
shard_start 35 1790814184.723773614
shard_start 36 1790814184.733145690
shard_end 32 1790814184.741281005
shard_start 37 1790814184.742768996
shard_end 38 1790814184.749568702
shard_start 33 1790814184.750177477
shard_end 34 1790814184.761352863
shard_end 39 1790814184.768914335
shard_end 35 1790814184.775777600
shard_end 36 1790814184.785056414
shard_end 37 1790814184.794656830
shard_end 33 1790814184.801716970
shard_start 40 1790814184.802246220
shard_start 46 1790814184.813337765
shard_start 43 1790814184.827020679
shard_end 40 1790814184.854714385
shard_end 46 1790814184.865152822
shard_end 43 1790814184.879061584
shard_start 45 1790814184.935468469
shard_start 44 1790814184.943615803
shard_start 47 1790814184.965187649
shard_start 42 1790814184.971823989
shard_start 54 1790814184.978338339
shard_start 48 1790814184.985965711
shard_end 45 1790814184.987111018
shard_start 41 1790814184.990136177
shard_end 44 1790814184.995595296
shard_start 52 1790814184.999698206
shard_end 47 1790814185.017156752
shard_end 42 1790814185.023749533
shard_end 54 1790814185.030189633
shard_end 48 1790814185.037891319
shard_end 41 1790814185.041838366
shard_start 51 1790814185.048754271
shard_end 52 1790814185.051427981
shard_start 53 1790814185.063526685
shard_start 55 1790814185.088781320
shard_start 50 1790814185.095018331
shard_end 51 1790814185.100680804
shard_end 53 1790814185.115774106
shard_start 49 1790814185.117012869
shard_start 62 1790814185.126559610
shard_start 56 1790814185.132529002
shard_start 60 1790814185.140593270
shard_end 55 1790814185.140660595
shard_end 50 1790814185.147051999
shard_start 61 1790814185.160832319
shard_end 49 1790814185.168922235
shard_start 59 1790814185.174925126
shard_end 62 1790814185.178415891
shard_end 56 1790814185.184263369
shard_end 60 1790814185.192455389
shard_start 58 1790814185.209835816
shard_end 61 1790814185.213251280
shard_start 63 1790814185.215313726
shard_end 59 1790814185.226875134
shard_start 57 1790814185.255636732
shard_end 58 1790814185.261877083
shard_end 63 1790814185.267007951
shard_end 57 1790814185.307638680
shard_start 64 1790814187.780087906
shard_start 69 1790814187.792376877
shard_start 70 1790814187.800766445
shard_start 68 1790814187.811907236
shard_start 66 1790814187.818629260
shard_start 67 1790814187.829290313
shard_end 69 1790814187.946562160
shard_end 64 1790814187.946571880
shard_end 70 1790814187.946731494
shard_end 66 1790814187.946562940
shard_end 68 1790814187.946937373
shard_start 65 1790814187.948380491
shard_start 71 1790814187.948400623
shard_start 72 1790814187.948406121
shard_start 77 1790814187.948764137
shard_start 76 1790814187.949584579
shard_start 74 1790814187.956512727
shard_start 78 1790814187.965044033
shard_start 75 1790814187.975164810
shard_start 79 1790814187.984166255
shard_start 73 1790814187.994144398
shard_end 67 1790814187.998429131
shard_end 65 1790814188.000777072
shard_end 72 1790814188.000842999
shard_end 71 1790814188.001006761
shard_end 77 1790814188.001473011
shard_end 76 1790814188.002095083
shard_end 74 1790814188.008850519
shard_start 84 1790814188.010566054
shard_end 78 1790814188.017766329
shard_end 75 1790814188.027205587
shard_start 85 1790814188.034686918
shard_end 79 1790814188.036019322
shard_end 73 1790814188.046438184
shard_start 80 1790814188.046964959
shard_end 84 1790814188.063390749
shard_start 82 1790814188.072898202
shard_end 85 1790814188.086993428
shard_start 86 1790814188.089333248
shard_end 80 1790814188.099235646
shard_end 82 1790814188.124913312
shard_end 86 1790814188.141310553
shard_start 87 1790814188.953943453
shard_start 83 1790814188.954061492
shard_start 88 1790814188.954148774
shard_start 94 1790814188.954267412
shard_start 93 1790814188.954059683
shard_start 81 1790814188.954334102
shard_start 90 1790814188.954673064
shard_start 92 1790814188.954687917
shard_start 91 1790814188.984062674
shard_end 87 1790814189.006358792
shard_end 88 1790814189.006358831
shard_end 94 1790814189.006358791
shard_end 93 1790814189.006684332
shard_end 92 1790814189.006820460
shard_end 90 1790814189.006803176
shard_end 81 1790814189.007018838
shard_end 83 1790814189.006986245
shard_start 89 1790814189.014720354
shard_start 95 1790814189.024765544
shard_end 91 1790814189.036145345
shard_end 89 1790814189.067294885
shard_end 95 1790814189.076683868
shard_start 96 1790814190.939947237
shard_start 98 1790814190.949783389
shard_start 99 1790814190.956980015
shard_start 97 1790814190.966486011
shard_end 96 1790814190.992013104
shard_end 98 1790814191.001731404
shard_end 99 1790814191.008994242
shard_end 97 1790814191.018279577
agg_start 0 1790814196.360591777
agg_end 0 1790814196.362872585
