shard_start 0 1790813725.143683580
shard_start 3 1790813725.174819126
shard_start 2 1790813725.184109730
shard_end 0 1790813725.196344563
shard_start 4 1790813725.196864036
shard_start 6 1790813725.205833639
shard_start 5 1790813725.212336869
shard_end 3 1790813725.227929105
shard_end 2 1790813725.236122424
shard_end 4 1790813725.248804640
shard_end 6 1790813725.258469335
shard_end 5 1790813725.264391653
shard_start 1 1790813725.328931809
shard_start 11 1790813725.329204612
shard_start 7 1790813725.329712687
shard_start 10 1790813725.356071694
shard_start 8 1790813725.370144234
shard_end 11 1790813725.380997943
shard_end 1 1790813725.380988941
shard_end 7 1790813725.381816003
shard_end 10 1790813725.407918415
shard_start 15 1790813725.417445278
shard_end 8 1790813725.422908050
shard_start 12 1790813725.423653530
shard_start 14 1790813725.435796490
shard_start 13 1790813725.444689401
shard_end 15 1790813725.469859796
shard_end 12 1790813725.475833172
shard_start 9 1790813725.483721423
shard_end 14 1790813725.487904856
shard_end 13 1790813725.496818361
shard_start 16 1790813725.509059015
shard_start 19 1790813725.532122665
shard_end 9 1790813725.535762404
shard_start 18 1790813725.553268396
shard_end 16 1790813725.561167857
shard_end 19 1790813725.584758299
shard_start 20 1790813725.599319712
shard_end 18 1790813725.605819578
shard_end 20 1790813725.651890672
shard_start 22 1790813725.741533781
shard_start 23 1790813725.747157495
shard_start 21 1790813725.754014937
shard_start 24 1790813725.770475139
shard_end 22 1790813725.793924417
shard_end 23 1790813725.799984585
shard_start 17 1790813725.800470939
shard_end 21 1790813725.806604544
shard_start 26 1790813725.808054449
shard_start 27 1790813725.814624503
shard_end 24 1790813725.822578509
shard_start 28 1790813725.827065102
shard_end 17 1790813725.852629271
shard_end 26 1790813725.860060131
shard_end 27 1790813725.866884070
shard_end 28 1790813725.879458253
shard_start 31 1790813726.026378109
shard_start 30 1790813726.030888735
shard_start 29 1790813726.039282268
shard_start 32 1790813726.049758910
shard_end 31 1790813726.078576720
shard_end 30 1790813726.082954147
shard_end 29 1790813726.091910479
shard_end 32 1790813726.101866587
shard_start 25 1790813727.590609299
shard_start 36 1790813727.639686921
shard_start 37 1790813727.640121750
shard_start 39 1790813727.640155486
shard_start 34 1790813727.640206940
shard_start 35 1790813727.640566864
shard_end 25 1790813727.643161402
shard_end 36 1790813727.692280136
shard_end 39 1790813727.692394736
shard_end 34 1790813727.692483021
shard_end 37 1790813727.692419389
shard_end 35 1790813727.692776142
shard_start 42 1790813728.642593982
shard_start 44 1790813728.645018290
shard_start 47 1790813728.645212962
shard_start 40 1790813728.645674641
shard_start 48 1790813728.645875226
shard_start 43 1790813728.645892849
shard_start 38 1790813728.645953937
shard_start 45 1790813728.645946942
shard_start 41 1790813728.646025386
shard_start 33 1790813728.646230317
shard_start 52 1790813728.649018273
shard_start 51 1790813728.667919501
shard_start 46 1790813728.690287036
shard_end 42 1790813728.694990049
shard_end 44 1790813728.696778116
shard_start 50 1790813728.697729366
shard_end 43 1790813728.697770990
shard_end 47 1790813728.697737483
shard_end 48 1790813728.697855482
shard_end 45 1790813728.697849035
shard_end 40 1790813728.697861236
shard_end 33 1790813728.698388203
shard_end 41 1790813728.698370326
shard_end 38 1790813728.698488600
shard_end 52 1790813728.700902500
shard_start 53 1790813728.714941001
shard_end 51 1790813728.719866423
shard_start 56 1790813728.724483663
shard_start 55 1790813728.737113264
shard_end 46 1790813728.742507070
shard_end 50 1790813728.749369537
shard_start 59 1790813728.749365731
shard_start 49 1790813728.760291985
shard_end 53 1790813728.766888809
shard_end 56 1790813728.777020000
shard_start 60 1790813728.783269281
shard_end 55 1790813728.789359374
shard_end 59 1790813728.801644125
shard_end 49 1790813728.812794238
shard_start 58 1790813728.816038735
shard_start 54 1790813728.823646027
shard_end 60 1790813728.835311404
shard_start 61 1790813728.846717273
shard_start 64 1790813728.853481385
shard_end 58 1790813728.868195088
shard_start 63 1790813728.873945189
shard_end 54 1790813728.875528750
shard_start 67 1790813728.882202758
shard_end 61 1790813728.898836157
shard_end 64 1790813728.905343186
shard_end 63 1790813728.925896201
shard_end 67 1790813728.934083862
shard_start 68 1790813731.616457534
shard_start 57 1790813731.626124552
shard_start 66 1790813731.635688922
shard_start 62 1790813731.644453412
shard_start 71 1790813731.654229507
shard_start 69 1790813731.660729755
shard_end 68 1790813731.668693564
shard_end 57 1790813731.677981866
shard_end 66 1790813731.687653349
shard_end 62 1790813731.696372400
shard_end 71 1790813731.706100069
shard_end 69 1790813731.712354714
shard_start 72 1790813732.765931594
shard_start 74 1790813732.766581683
shard_start 70 1790813732.766682192
shard_start 76 1790813732.766807295
shard_start 79 1790813732.766843546
shard_start 77 1790813732.767108264
shard_start 75 1790813732.767154654
shard_start 65 1790813732.767388117
shard_start 80 1790813732.769699661
shard_start 83 1790813732.776831573
shard_start 73 1790813732.796753353
shard_start 82 1790813732.812077574
shard_end 72 1790813732.818344835
shard_end 70 1790813732.818739910
shard_end 74 1790813732.818941073
shard_end 79 1790813732.819245116
shard_end 76 1790813732.819162030
shard_end 77 1790813732.819228776
shard_end 75 1790813732.819406611
shard_end 65 1790813732.819895382
shard_end 80 1790813732.821489886
shard_end 83 1790813732.828746022
shard_start 78 1790813732.833723610
shard_start 84 1790813732.844496242
shard_end 73 1790813732.848726281
shard_start 87 1790813732.858146442
shard_start 88 1790813732.863540550
shard_end 82 1790813732.863719747
shard_end 78 1790813732.885518091
shard_start 85 1790813732.892652246
shard_end 84 1790813732.897070339
shard_start 91 1790813732.898264104
shard_end 87 1790813732.910206045
shard_start 90 1790813732.911997805
shard_end 88 1790813732.915355435
shard_start 81 1790813732.926408200
shard_end 85 1790813732.944618228
shard_start 92 1790813732.947567994
shard_end 91 1790813732.949945875
shard_start 86 1790813732.960179065
shard_end 90 1790813732.964077006
shard_end 81 1790813732.978512327
shard_start 96 1790813732.980692469
shard_start 95 1790813732.986294990
shard_end 92 1790813732.999912801
shard_end 86 1790813733.012222180
shard_start 93 1790813733.014684130
shard_start 99 1790813733.022520651
shard_end 96 1790813733.032595330
shard_end 95 1790813733.038056682
shard_end 93 1790813733.066702598
shard_end 99 1790813733.074478380
shard_start 98 1790813734.789412113
shard_start 89 1790813734.799330243
shard_start 100 1790813734.809641057
shard_start 94 1790813734.819751711
shard_start 104 1790813734.830048620
shard_start 103 1790813734.840172654
shard_end 98 1790813734.841640511
shard_end 89 1790813734.851765192
shard_end 100 1790813734.861597332
shard_end 94 1790813737.800072966
shard_end 104 1790813737.810045561
shard_end 103 1790813737.821029985
shard_start 107 1790813738.743320369
shard_start 101 1790813738.754977274
shard_start 106 1790813738.764219075
shard_start 97 1790813738.774644293
shard_start 108 1790813738.787442292
shard_end 107 1790813738.795205965
shard_start 111 1790813738.796777166
shard_start 102 1790813738.805719769
shard_end 101 1790813738.807089843
shard_start 115 1790813738.814092333
shard_end 106 1790813738.815930151
shard_end 97 1790813738.826353028
shard_end 108 1790813738.839271600
shard_end 111 1790813738.849002182
shard_start 112 1790813738.856295919
shard_end 102 1790813738.857454472
shard_end 115 1790813738.865818228
shard_start 109 1790813738.869492355
shard_start 114 1790813738.880143127
shard_start 105 1790813738.895738488
shard_end 112 1790813738.908295294
shard_start 116 1790813738.918494463
shard_end 109 1790813738.921393737
shard_start 120 1790813738.931055334
shard_end 114 1790813738.932092631
shard_start 123 1790813738.946536696
shard_end 105 1790813738.947474365
shard_start 119 1790813738.954509463
shard_end 116 1790813738.970325428
shard_start 110 1790813738.971686794
shard_end 120 1790813738.982952511
shard_start 117 1790813738.985209241
shard_end 123 1790813738.998293094
shard_start 122 1790813738.999246002
shard_end 119 1790813739.006523338
shard_start 124 1790813739.016135440
shard_end 110 1790813739.023844104
shard_start 113 1790813739.036552857
shard_end 117 1790813739.037416411
shard_end 122 1790813739.051412086
shard_start 127 1790813739.058081515
shard_end 124 1790813739.068400526
shard_end 113 1790813739.088643764
shard_end 127 1790813739.110051967
shard_start 128 1790813739.840199001
shard_start 118 1790813739.847497751
shard_start 131 1790813739.857518602
shard_start 125 1790813739.864673134
shard_end 128 1790813739.892577248
shard_end 118 1790813739.899464183
shard_end 131 1790813739.909588951
shard_end 125 1790813739.916856727
shard_start 132 1790813740.850501822
shard_start 130 1790813740.857036274
shard_start 121 1790813740.869181056
shard_start 135 1790813740.880384588
shard_start 136 1790813740.888525786
shard_start 139 1790813740.895176046
shard_end 132 1790813740.902333470
shard_end 130 1790813740.908695615
shard_end 121 1790813740.920890635
shard_end 135 1790813740.932722655
shard_end 136 1790813740.940279662
shard_end 139 1790813740.947179964
shard_start 126 1790813741.874029659
shard_start 133 1790813741.886202202
shard_start 138 1790813741.894414894
shard_start 140 1790813741.901111960
shard_start 129 1790813741.911808707
shard_start 147 1790813741.923767261
shard_end 126 1790813741.926147571
shard_start 134 1790813741.934941928
shard_end 133 1790813741.938177326
shard_start 141 1790813741.944103445
shard_end 138 1790813741.946312552
shard_end 140 1790813741.953609303
shard_end 129 1790813741.963864162
shard_end 147 1790813741.976349725
shard_end 134 1790813741.987047667
shard_start 146 1790813741.988296703
shard_end 141 1790813741.996083766
shard_start 143 1790813741.999482469
shard_start 144 1790813742.029247109
shard_start 148 1790813742.037546304
shard_end 146 1790813742.040518524
shard_end 143 1790813742.051549589
shard_start 137 1790813742.061556904
shard_start 155 1790813742.075694726
shard_end 144 1790813742.081188225
shard_start 151 1790813742.082262725
shard_end 148 1790813742.089490747
shard_start 154 1790813742.091215997
shard_start 149 1790813742.106693774
shard_end 137 1790813742.113543117
shard_start 152 1790813742.120754861
shard_end 155 1790813742.127736453
shard_end 151 1790813742.134489550
shard_end 154 1790813742.143685858
shard_start 142 1790813742.152302844
shard_end 149 1790813742.158599355
shard_start 156 1790813742.160127996
shard_end 152 1790813742.172797877
shard_start 145 1790813742.175731060
shard_start 163 1790813742.188271012
shard_end 142 1790813742.204432534
shard_end 156 1790813742.212585506
shard_end 145 1790813742.227822755
shard_end 163 1790813742.240546113
shard_start 162 1790813742.969736698
shard_start 159 1790813742.975670852
shard_start 150 1790813742.984339932
shard_start 160 1790813742.990526903
shard_end 162 1790813743.021498325
shard_end 159 1790813743.027966270
shard_end 150 1790813743.036117095
shard_end 160 1790813743.042631070
shard_start 157 1790813743.974642126
shard_start 164 1790813743.989422270
shard_start 153 1790813744.001007880
shard_start 171 1790813744.011567433
shard_start 170 1790813744.020954250
shard_end 157 1790813744.026417125
shard_start 167 1790813744.030082953
shard_end 164 1790813744.041064352
shard_end 153 1790813744.052831517
shard_end 171 1790813744.063238904
shard_end 170 1790813744.072754333
shard_end 167 1790813744.081863931
shard_start 168 1790813745.009742761
shard_start 158 1790813745.019804784
shard_start 165 1790813745.031281117
shard_start 172 1790813745.043436801
shard_start 161 1790813745.052678394
shard_end 168 1790813745.061625423
shard_start 178 1790813745.064723521
shard_end 158 1790813745.071845779
shard_start 175 1790813745.075071041
shard_start 179 1790813745.081194594
shard_end 165 1790813745.083226623
shard_end 172 1790813745.095312792
shard_end 161 1790813745.104436043
shard_end 178 1790813745.116384321
shard_start 176 1790813745.126632357
shard_end 175 1790813745.126849945
shard_end 179 1790813745.132914341
shard_start 173 1790813745.135528402
shard_start 166 1790813745.147126203
shard_end 176 1790813745.178516229
shard_end 173 1790813745.187528444
shard_end 166 1790813745.199366063
shard_start 180 1790813745.200320017
shard_start 169 1790813745.205075746
shard_start 183 1790813745.211155275
shard_start 187 1790813745.219226226
shard_start 184 1790813745.228014277
shard_start 186 1790813745.243489918
shard_end 180 1790813745.252331537
shard_end 169 1790813745.256749959
shard_start 181 1790813745.259266073
shard_end 183 1790813745.263043237
shard_end 187 1790813745.270909182
shard_start 174 1790813745.271849167
shard_end 184 1790813745.280095481
shard_end 186 1790813745.295590637
shard_end 181 1790813745.311439475
shard_end 174 1790813745.323866429
shard_start 195 1790813745.334842968
shard_start 188 1790813745.340790006
shard_start 177 1790813745.348505488
shard_end 195 1790813745.386760957
shard_end 188 1790813745.392536462
shard_end 177 1790813745.400546676
shard_start 191 1790813746.108182009
shard_start 192 1790813746.116942651
shard_start 194 1790813746.125513004
shard_start 189 1790813746.133289289
shard_end 191 1790813746.160037713
shard_end 192 1790813746.169218509
shard_end 194 1790813746.177477908
shard_end 189 1790813746.185117248
shard_start 182 1790813747.114481739
shard_start 196 1790813747.127030814
shard_start 185 1790813747.134135387
shard_start 203 1790813747.145381766
shard_start 200 1790813747.153994259
shard_start 199 1790813747.164865697
shard_end 182 1790813747.166207402
shard_end 196 1790813747.178924889
shard_end 185 1790813747.186145674
shard_end 203 1790813747.197266258
shard_end 200 1790813747.205885862
shard_end 199 1790813747.217267423
shard_start 202 1790813748.133863031
shard_start 197 1790813748.144157321
shard_start 190 1790813748.153424726
shard_start 204 1790813748.164360706
shard_start 193 1790813748.176880097
shard_end 202 1790813748.185551157
shard_start 211 1790813748.185904470
shard_start 207 1790813748.195198215
shard_end 197 1790813748.196149594
shard_start 208 1790813748.203043612
shard_end 190 1790813748.205198289
shard_end 204 1790813748.216596310
shard_end 193 1790813748.228795132
shard_end 211 1790813748.237533346
shard_end 207 1790813748.246909753
shard_start 210 1790813748.247587779
shard_end 208 1790813748.255176339
shard_start 198 1790813748.259662582
shard_start 205 1790813748.273951564
shard_start 212 1790813748.291086300
shard_end 210 1790813748.299662961
shard_start 201 1790813748.308758059
shard_end 198 1790813748.311510440
shard_start 215 1790813748.322996810
shard_end 205 1790813748.325627689
shard_start 216 1790813748.334541294
shard_start 219 1790813748.343162556
shard_end 212 1790813748.343162585
shard_start 218 1790813748.360223005
shard_end 201 1790813748.360542882
shard_start 206 1790813748.372332206
shard_end 215 1790813748.374789137
shard_start 213 1790813748.386419894
shard_end 216 1790813748.386620718
shard_end 219 1790813748.395871339
shard_start 220 1790813748.412274844
shard_end 218 1790813748.412274872
shard_end 206 1790813748.424637042
shard_start 209 1790813748.427430637
shard_end 213 1790813748.439495513
shard_start 223 1790813748.442819274
shard_end 220 1790813748.465469829
shard_end 209 1790813748.480023723
shard_end 223 1790813748.496675110
shard_start 224 1790813749.227938864
shard_start 227 1790813749.237075114
shard_start 214 1790813749.245193068
shard_start 226 1790813749.252946040
shard_end 224 1790813749.279987432
shard_end 227 1790813749.289124452
shard_end 214 1790813749.297010303
shard_end 226 1790813749.304751117
shard_start 221 1790813750.238541294
shard_start 228 1790813750.249111641
shard_start 231 1790813750.256736548
shard_start 217 1790813750.266447086
shard_start 232 1790813750.277225362
shard_start 235 1790813750.283114464
shard_end 221 1790813750.290543270
shard_end 228 1790813750.300980584
shard_end 231 1790813750.308541916
shard_end 217 1790813750.317948890
shard_end 232 1790813750.328856988
shard_end 235 1790813750.335266687
shard_start 234 1790813751.371028132
shard_start 243 1790813751.371862460
shard_start 242 1790813751.371951594
shard_start 222 1790813751.371995276
shard_start 229 1790813751.372079656
shard_start 239 1790813751.372091372
shard_start 240 1790813751.372366267
shard_start 236 1790813751.372528562
shard_start 225 1790813751.372837348
shard_start 230 1790813751.391077573
shard_start 237 1790813751.406413707
shard_start 244 1790813751.415822136
shard_end 234 1790813751.423447458
shard_end 222 1790813751.423929596
shard_end 243 1790813751.423878079
shard_end 239 1790813751.423962807
shard_end 242 1790813751.424033312
shard_end 240 1790813751.424195456
shard_end 229 1790813751.424613274
shard_end 225 1790813751.424906307
shard_end 236 1790813751.425049036
shard_start 233 1790813751.437564820
shard_end 230 1790813751.443012653
shard_start 248 1790813751.444791999
shard_end 237 1790813751.458850952
shard_start 247 1790813751.461007544
shard_end 244 1790813751.467960422
shard_start 250 1790813751.470574847
shard_start 251 1790813751.488119978
shard_end 233 1790813751.489570502
shard_end 248 1790813751.496981699
shard_start 238 1790813751.502851892
shard_end 247 1790813751.513717699
shard_end 250 1790813751.522533746
shard_start 252 1790813751.531559133
shard_start 241 1790813751.538361007
shard_end 251 1790813751.539799579
shard_end 238 1790813751.554835104
shard_start 255 1790813751.567658243
shard_start 245 1790813751.573116360
shard_end 252 1790813751.583725336
shard_end 241 1790813751.590583496
shard_end 255 1790813751.619683859
shard_end 245 1790813751.624952187
shard_start 259 1790813752.377365590
shard_start 246 1790813752.395774616
shard_start 258 1790813752.395998879
shard_start 256 1790813752.396459396
shard_end 259 1790813752.429440923
shard_end 246 1790813752.447742542
shard_end 258 1790813752.447816997
shard_end 256 1790813752.448754727
shard_start 249 1790813753.406789976
shard_start 260 1790813753.421618984
shard_start 264 1790813753.432118611
shard_start 253 1790813753.442609330
shard_start 263 1790813753.453737135
shard_start 266 1790813753.462372873
shard_start 267 1790813754.436026765
shard_start 254 1790813754.445467663
shard_start 257 1790813754.458703717
shard_end 260 1790813754.636379258
shard_end 249 1790813754.636574478
shard_end 264 1790813754.636574674
shard_end 253 1790813754.636581536
shard_end 263 1790813754.636905772
shard_end 266 1790813754.637319558
shard_end 254 1790813754.637894346
shard_end 267 1790813754.637969479
shard_end 257 1790813754.639191599
shard_start 265 1790813755.994487821
shard_start 271 1790813755.994622513
shard_start 276 1790813755.994838295
shard_start 262 1790813755.995018042
shard_start 268 1790813755.995324808
shard_start 261 1790813755.995336859
shard_start 269 1790813755.995418607
shard_start 275 1790813755.995729797
shard_start 274 1790813755.996011847
shard_start 280 1790813755.996093554
shard_start 272 1790813755.996444601
shard_start 283 1790813756.029488826
shard_start 284 1790813756.029640245
shard_start 287 1790813756.029829238
shard_start 282 1790813756.029845226
shard_start 270 1790813756.029796971
shard_start 279 1790813756.030119698
shard_start 273 1790813756.030100613
shard_start 288 1790813756.030558122
shard_end 265 1790813756.046552899
shard_end 276 1790813756.047267855
shard_end 262 1790813756.047596911
shard_end 271 1790813756.047702395
shard_end 274 1790813756.075910530
shard_end 280 1790813756.075909956
shard_end 275 1790813756.076192987
shard_end 268 1790813756.076177691
shard_end 269 1790813756.076324127
shard_end 261 1790813756.076377064
shard_end 272 1790813756.076388599
shard_end 283 1790813756.081408193
shard_end 282 1790813756.081668713
shard_end 270 1790813756.082263291
shard_end 284 1790813756.082123571
shard_end 287 1790813756.082143137
shard_end 279 1790813756.082463987
shard_end 288 1790813756.082514930
shard_end 273 1790813756.082600892
shard_start 277 1790813756.902365520
shard_start 290 1790813756.916307990
shard_start 291 1790813756.923628889
shard_start 278 1790813756.930780237
shard_end 277 1790813756.954637493
shard_end 290 1790813756.968172273
shard_end 291 1790813756.975699453
shard_end 278 1790813756.982493887
shard_start 281 1790813757.921019353
shard_start 296 1790813757.932679075
shard_start 295 1790813757.941960133
shard_start 292 1790813757.951351005
shard_start 285 1790813757.962681128
shard_start 298 1790813757.969574882
shard_end 281 1790813757.972852515
shard_start 299 1790813757.977309399
shard_start 286 1790813757.984066863
shard_end 296 1790813757.984394183
shard_end 295 1790813757.994169776
shard_end 292 1790813758.004615527
shard_end 285 1790813758.014744590
shard_end 298 1790813758.021304202
shard_end 299 1790813758.029755440
shard_end 286 1790813758.035702636
shard_start 289 1790813758.964131891
shard_start 304 1790813758.972551306
shard_start 300 1790813758.984513360
shard_start 303 1790813758.998841072
shard_start 293 1790813759.009528114
shard_end 289 1790813759.016147585
shard_start 306 1790813759.021289020
shard_end 304 1790813759.024491535
shard_start 307 1790813759.029865847
shard_end 300 1790813759.036601921
shard_start 294 1790813759.039406059
shard_end 303 1790813759.051119942
shard_end 293 1790813759.061168732
shard_end 306 1790813759.073010318
shard_start 297 1790813759.081126251
shard_end 307 1790813759.082108858
shard_end 294 1790813759.091534297
shard_start 312 1790813759.093477264
shard_start 308 1790813759.105646955
shard_start 301 1790813759.123193497
shard_end 297 1790813759.133342013
shard_start 314 1790813759.136099670
shard_end 312 1790813759.145725657
shard_start 311 1790813759.155674242
shard_end 308 1790813759.157435843
shard_start 315 1790813759.168038542
shard_start 302 1790813759.175178160
shard_end 301 1790813759.175178138
shard_end 314 1790813759.188614266
shard_start 305 1790813759.191811748
shard_start 320 1790813759.207608641
shard_end 311 1790813759.207923866
shard_end 315 1790813759.220126028
shard_start 316 1790813759.220274400
shard_end 302 1790813759.227533669
shard_end 305 1790813759.243535829
shard_start 309 1790813759.243964887
shard_end 320 1790813759.259784095
shard_end 316 1790813759.272244820
shard_end 309 1790813759.296024214
shard_start 319 1790813760.063076985
shard_start 322 1790813760.072269929
shard_start 323 1790813760.078715237
shard_start 310 1790813760.086742089
shard_end 319 1790813760.114892557
shard_end 322 1790813760.124259193
shard_end 323 1790813760.130526444
shard_end 310 1790813760.138593516
shard_start 313 1790813761.071497036
shard_start 324 1790813761.078704692
shard_start 328 1790813761.090839927
shard_start 317 1790813761.100231197
shard_start 327 1790813761.111541457
shard_start 330 1790813761.119744319
shard_end 313 1790813761.123609511
shard_start 331 1790813761.129873613
shard_end 324 1790813761.130238132
shard_start 318 1790813761.138507927
shard_end 328 1790813761.142516505
shard_end 317 1790813761.152321730
shard_end 327 1790813761.164114518
shard_end 330 1790813761.172121661
shard_end 331 1790813761.181614161
shard_end 318 1790813761.190681990
shard_start 321 1790813762.124614716
shard_start 332 1790813762.126252648
shard_start 336 1790813762.134661267
shard_start 325 1790813762.143337883
shard_start 335 1790813762.159210592
shard_start 338 1790813762.169138525
shard_end 321 1790813762.176528129
shard_start 339 1790813762.177218724
shard_end 332 1790813762.177770886
shard_end 336 1790813762.186408924
shard_start 326 1790813762.186923586
shard_end 325 1790813762.195250531
shard_end 335 1790813762.211064317
shard_end 338 1790813762.220861434
shard_end 339 1790813762.229539796
shard_start 333 1790813762.229976897
shard_end 326 1790813762.239205142
shard_start 329 1790813762.244662493
shard_start 344 1790813762.260208348
shard_start 340 1790813762.271884647
shard_end 333 1790813762.281764689
shard_start 343 1790813762.293152656
shard_end 329 1790813762.296722308
shard_start 346 1790813762.302793140
shard_end 344 1790813762.312254658
shard_start 347 1790813762.315780894
shard_end 340 1790813762.323827685
shard_start 334 1790813762.327519075
shard_start 341 1790813762.342740401
shard_end 343 1790813762.344980618
shard_end 346 1790813762.355114566
shard_start 352 1790813762.355476705
shard_end 347 1790813762.367872466
shard_start 337 1790813762.373717325
shard_end 334 1790813762.379390636
shard_start 348 1790813762.385024311
shard_end 341 1790813762.394727344
shard_end 352 1790813762.407660868
shard_end 337 1790813762.425867773
shard_end 348 1790813762.436910417
shard_start 351 1790813763.207846243
shard_start 354 1790813763.217061128
shard_start 355 1790813763.226879533
shard_start 349 1790813763.233208242
shard_end 351 1790813763.260815447
shard_end 354 1790813763.268939347
shard_end 355 1790813763.279247732
shard_end 349 1790813763.284956475
shard_start 360 1790813764.219481819
shard_start 345 1790813764.223297410
shard_start 356 1790813764.238332227
shard_start 342 1790813764.250150675
shard_start 359 1790813764.261187680
shard_start 362 1790813764.268624448
shard_end 360 1790813764.271129799
shard_end 345 1790813764.274919408
shard_start 363 1790813764.278261202
shard_start 357 1790813764.285802206
shard_end 356 1790813764.289907508
shard_end 342 1790813764.301964237
shard_end 359 1790813764.313049401
shard_end 362 1790813764.320332262
shard_end 363 1790813764.330092575
shard_end 357 1790813764.337271552
shard_start 364 1790813765.271717179
shard_start 368 1790813765.282076313
shard_start 353 1790813765.293689079
shard_start 350 1790813765.301248290
shard_start 367 1790813765.312431305
shard_start 370 1790813765.321824454
shard_end 364 1790813765.324256578
shard_start 371 1790813765.332464506
shard_end 368 1790813765.333916701
shard_start 361 1790813765.341621226
shard_end 353 1790813765.345478496
shard_end 350 1790813765.353725674
shard_end 367 1790813765.364370190
shard_end 370 1790813765.373642808
shard_end 371 1790813765.384653526
shard_start 365 1790813765.385003340
shard_end 361 1790813765.393861128
shard_start 358 1790813765.397587142
shard_start 372 1790813765.422598265
shard_start 376 1790813765.430401435
shard_end 365 1790813765.436980080
shard_start 378 1790813765.445339932
shard_end 358 1790813765.449692315
shard_start 379 1790813765.458853442
shard_start 375 1790813765.467597503
shard_end 372 1790813765.474639091
shard_start 373 1790813765.476819375
shard_end 376 1790813765.482391466
shard_end 378 1790813765.497373898
shard_start 369 1790813765.498787115
shard_start 380 1790813765.508976332
shard_end 379 1790813765.510853860
shard_end 375 1790813765.519681209
shard_end 373 1790813765.528898647
shard_start 366 1790813765.536335900
shard_end 369 1790813765.551135192
shard_start 387 1790813765.551703657
shard_end 380 1790813765.561016714
shard_end 366 1790813765.588386942
shard_end 387 1790813765.603897700
shard_start 386 1790813766.365394821
shard_start 384 1790813766.375305142
shard_start 383 1790813766.382829122
shard_start 381 1790813766.389055641
shard_end 386 1790813766.417133984
shard_end 384 1790813766.427362586
shard_end 383 1790813766.434689308
shard_end 381 1790813766.440778675
shard_start 395 1790813767.373312259
shard_start 388 1790813767.380386227
shard_start 377 1790813767.392068482
shard_start 374 1790813767.406357553
shard_start 392 1790813767.418054965
shard_start 391 1790813767.426457382
shard_end 395 1790813767.429716531
shard_end 388 1790813767.432118749
shard_start 394 1790813767.435892271
shard_start 385 1790813767.443591614
shard_end 377 1790813767.444072914
shard_end 374 1790813767.458198686
shard_end 392 1790813767.470430408
shard_end 391 1790813767.478153084
shard_end 394 1790813767.487775806
shard_end 385 1790813767.495922350
shard_start 396 1790813768.412532994
shard_start 403 1790813768.424863334
shard_start 389 1790813768.438469732
shard_start 400 1790813768.448017641
shard_start 382 1790813768.458801011
shard_end 396 1790813768.464606619
shard_start 399 1790813768.472098238
shard_end 403 1790813768.477105415
shard_start 402 1790813768.479903089
shard_start 411 1790813768.488655459
shard_end 389 1790813768.490072637
shard_end 400 1790813768.499964539
shard_end 382 1790813768.510392438
shard_end 399 1790813768.524431195
shard_start 393 1790813768.525953299
shard_end 402 1790813768.531603088
shard_start 397 1790813768.538323550
shard_end 411 1790813768.540597758
shard_start 404 1790813768.550538407
shard_start 408 1790813768.566673947
shard_end 393 1790813768.577753357
shard_start 410 1790813768.582492880
shard_end 397 1790813768.590520934
shard_start 390 1790813768.601123589
shard_end 404 1790813768.602331834
shard_start 407 1790813768.610323590
shard_end 408 1790813768.618457470
shard_start 419 1790813768.619834900
shard_end 410 1790813768.634389139
shard_start 401 1790813768.638473135
shard_start 405 1790813768.652298596
shard_end 390 1790813768.653064019
shard_end 407 1790813768.662366183
shard_start 412 1790813768.668284385
shard_end 419 1790813768.671765293
shard_start 416 1790813768.684544313
shard_end 401 1790813768.690415706
shard_end 405 1790813768.704499111
shard_end 412 1790813768.720285928
shard_end 416 1790813768.736504862
shard_start 398 1790813769.513419195
shard_start 415 1790813769.524732334
shard_start 418 1790813769.531205457
shard_start 427 1790813769.538719301
shard_end 398 1790813769.565524351
shard_end 415 1790813769.576402296
shard_end 418 1790813769.582809455
shard_end 427 1790813769.590732650
shard_start 413 1790813773.457057602
shard_start 409 1790813773.464518490
shard_start 420 1790813773.474730482
shard_start 423 1790813773.485740311
shard_start 424 1790813773.494111438
shard_start 406 1790813773.503416185
shard_end 413 1790813773.509172142
shard_start 426 1790813773.513120917
shard_end 409 1790813773.516334834
shard_start 435 1790813773.521917940
shard_end 420 1790813773.526673984
shard_end 423 1790813773.537822556
shard_end 424 1790813773.546160752
shard_end 406 1790813773.555860198
shard_end 426 1790813773.564920297
shard_end 435 1790813773.575929208
shard_start 421 1790813774.494981137
shard_start 417 1790813774.507439761
shard_start 428 1790813774.512869764
shard_start 431 1790813774.523578433
shard_start 434 1790813774.533461475
shard_start 432 1790813774.543755032
shard_end 421 1790813774.546949025
shard_start 414 1790813774.553421942
shard_end 417 1790813774.559627337
shard_start 443 1790813774.563425448
shard_end 428 1790813774.564455961
shard_end 431 1790813774.575620859
shard_end 434 1790813774.585577119
shard_end 432 1790813774.595587186
shard_end 414 1790813774.605160055
shard_start 429 1790813774.609146871
shard_end 443 1790813774.615898236
shard_start 425 1790813774.629986953
shard_start 436 1790813774.636893823
shard_end 429 1790813774.660789066
shard_start 439 1790813774.661709087
shard_start 440 1790813774.666724557
shard_end 425 1790813774.682188883
shard_start 442 1790813774.682790689
shard_end 436 1790813774.688667040
shard_start 422 1790813774.696327252
shard_start 451 1790813774.703749948
shard_end 439 1790813774.714115866
shard_end 440 1790813774.718548223
shard_start 433 1790813774.721169755
shard_end 442 1790813774.734732548
shard_end 422 1790813774.748397290
shard_start 437 1790813774.754001372
shard_end 451 1790813774.755765019
shard_start 444 1790813774.759966313
shard_end 433 1790813774.773054162
shard_start 447 1790813774.781467275
shard_end 437 1790813774.805980299
shard_end 444 1790813774.811759339
shard_end 447 1790813774.833354219
shard_start 450 1790813775.708879562
shard_start 430 1790813775.708977868
shard_start 459 1790813775.709112057
shard_start 448 1790813775.709199297
shard_end 430 1790813775.760598622
shard_end 450 1790813775.761031815
shard_end 459 1790813775.761185033
shard_end 448 1790813775.761512157
shard_start 438 1790813776.712588020
shard_start 467 1790813776.712931466
shard_start 452 1790813776.713284379
shard_start 445 1790813776.713390486
shard_start 456 1790813776.713404516
shard_start 455 1790813776.713627121
shard_start 441 1790813776.713606554
shard_start 458 1790813776.714729340
shard_end 438 1790813776.764141641
shard_end 455 1790813776.778405044
shard_end 452 1790813776.778945823
shard_end 467 1790813776.778877947
shard_end 456 1790813776.779037555
shard_end 441 1790813776.779072856
shard_end 458 1790813776.779260976
shard_end 445 1790813776.779943858
shard_start 453 1790813777.735339644
shard_start 449 1790813777.745938604
shard_start 460 1790813777.755264227
shard_start 463 1790813777.768306513
shard_start 464 1790813777.785164610
shard_start 466 1790813777.786731662
shard_end 453 1790813777.787521379
shard_start 446 1790813777.795356825
shard_end 449 1790813777.797904289
shard_start 475 1790813777.802344887
shard_end 460 1790813777.807423233
shard_end 463 1790813777.820239056
shard_end 464 1790813777.837070064
shard_end 466 1790813777.838518655
shard_end 446 1790813777.847174564
shard_start 461 1790813777.848258896
shard_end 475 1790813777.854115322
shard_start 457 1790813777.859484338
shard_start 468 1790813777.874507443
shard_start 471 1790813777.897026552
shard_end 461 1790813777.900132008
shard_end 457 1790813777.911263580
shard_start 472 1790813777.911932374
shard_end 468 1790813777.926533303
shard_start 474 1790813777.928840817
shard_start 454 1790813777.936063424
shard_start 469 1790813777.945077652
shard_end 471 1790813777.948908054
shard_start 465 1790813777.962078274
shard_end 472 1790813777.964144828
shard_start 483 1790813777.972190886
shard_end 474 1790813777.980843095
shard_end 454 1790813777.988499326
shard_start 476 1790813777.988998162
shard_end 469 1790813777.997333659
shard_end 465 1790813778.013934782
shard_start 479 1790813778.014647149
shard_end 483 1790813778.024400249
shard_end 476 1790813778.041021590
shard_end 479 1790813778.066730538
shard_start 462 1790813778.825179843
shard_start 480 1790813778.835091702
shard_start 482 1790813778.843498700
shard_start 477 1790813778.851950246
shard_end 462 1790813778.877495665
shard_end 480 1790813778.887231368
shard_end 482 1790813778.895681092
shard_end 477 1790813778.904050979
shard_start 473 1790813779.837560549
shard_start 484 1790813779.847898006
shard_start 487 1790813779.864076832
shard_start 491 1790813779.872173568
shard_start 470 1790813779.882134723
shard_end 473 1790813779.889411396
shard_start 488 1790813779.891404972
shard_start 490 1790813779.899452831
shard_end 484 1790813779.899674309
shard_start 485 1790813779.907305894
shard_end 487 1790813779.916019318
shard_end 491 1790813779.923890265
shard_end 470 1790813779.933822047
shard_end 488 1790813779.943370489
shard_end 490 1790813779.951377606
shard_end 485 1790813779.958967417
shard_start 481 1790813781.005165465
shard_start 495 1790813781.005916414
shard_start 498 1790813781.005991150
shard_start 478 1790813781.006006541
shard_start 492 1790813781.005995507
shard_start 493 1790813781.006402867
shard_start 489 1790813781.006436621
shard_start 499 1790813781.006608053
shard_start 496 1790813781.006984233
shard_start 486 1790813781.028709924
shard_start 497 1790813781.039182466
shard_start 494 1790813781.055878509
shard_end 481 1790813781.056968859
shard_end 478 1790813781.057661909
shard_end 492 1790813781.057841750
shard_end 498 1790813781.057931885
shard_end 495 1790813781.058098422
shard_end 493 1790813781.058568362
shard_end 489 1790813781.058906967
shard_end 496 1790813781.059015149
shard_end 499 1790813781.059115999
shard_end 486 1790813781.080589809
shard_end 497 1790813781.091502899
shard_end 494 1790813781.108113614
agg_start 0 1790813783.469091609
agg_end 0 1790813783.474918636
