shard_start 3 1790813605.385616282
shard_start 1 1790813605.386098233
shard_start 5 1790813605.386390078
shard_start 2 1790813605.396051036
shard_start 4 1790813605.414493341
shard_start 6 1790813605.419712682
shard_end 3 1790813605.437307110
shard_end 1 1790813605.437884301
shard_end 5 1790813605.438797419
shard_end 2 1790813605.447716040
shard_end 4 1790813605.466573552
shard_end 6 1790813605.471945306
shard_start 7 1790813605.505649777
shard_start 0 1790813605.508167761
shard_start 10 1790813605.536280224
shard_start 9 1790813605.550806986
shard_end 7 1790813605.557739534
shard_end 0 1790813605.560315562
shard_end 10 1790813605.588806279
shard_end 9 1790813605.602983973
shard_start 14 1790813605.692400587
shard_start 11 1790813605.692507941
shard_end 14 1790813605.744435830
shard_end 11 1790813605.744437054
shard_start 8 1790813605.790288183
shard_start 13 1790813605.797810462
shard_end 8 1790813605.842560995
shard_end 13 1790813605.850216807
shard_start 12 1790813605.893749330
shard_end 12 1790813605.945790156
shard_start 15 1790813605.970421747
shard_start 17 1790813605.972106367
shard_start 22 1790813605.972334173
shard_start 18 1790813605.972337290
shard_start 21 1790813605.972497108
shard_end 15 1790813606.022507510
shard_end 22 1790813606.023926334
shard_end 18 1790813606.024205974
shard_end 21 1790813606.024288861
shard_end 17 1790813606.024715960
shard_start 16 1790813606.172214840
shard_end 16 1790813606.224215029
shard_start 20 1790813606.245321488
shard_start 19 1790813606.245607141
shard_start 25 1790813606.245822358
shard_start 26 1790813606.245924454
shard_start 23 1790813606.246680460
shard_start 30 1790813606.247232227
shard_start 27 1790813606.261367970
shard_end 20 1790813606.297263077
shard_end 19 1790813606.297278510
shard_end 25 1790813606.297704020
shard_end 26 1790813606.297807681
shard_end 23 1790813606.298321043
shard_end 30 1790813606.299111872
shard_end 27 1790813606.313140324
shard_start 24 1790813606.434648993
shard_start 29 1790813606.441971514
shard_start 31 1790813606.449401847
shard_start 28 1790813606.457678739
shard_end 24 1790813606.486659009
shard_end 29 1790813606.493937546
shard_end 31 1790813606.501312559
shard_end 28 1790813606.510469719
shard_start 38 1790813608.278591803
shard_start 34 1790813608.284098384
shard_start 33 1790813608.294302060
shard_start 35 1790813608.306724050
shard_start 36 1790813608.321127390
shard_start 39 1790813608.328798897
shard_end 38 1790813608.330283813
shard_end 34 1790813608.336249414
shard_start 32 1790813608.336940780
shard_start 37 1790813608.343746457
shard_end 33 1790813608.346055334
shard_end 35 1790813608.358975460
shard_end 36 1790813608.373183157
shard_end 39 1790813608.380641232
shard_start 41 1790813608.386588882
shard_end 32 1790813608.388845535
shard_end 37 1790813608.395900321
shard_start 46 1790813608.399228985
shard_start 42 1790813608.414756761
shard_start 43 1790813608.432464082
shard_end 41 1790813608.438248531
shard_start 44 1790813608.447018367
shard_end 46 1790813608.452152046
shard_start 45 1790813608.461738569
shard_end 42 1790813608.467577012
shard_start 47 1790813608.476583609
shard_end 43 1790813608.484731501
shard_end 44 1790813608.499297279
shard_end 45 1790813608.514298088
shard_end 47 1790813608.529219671
shard_start 49 1790813609.366572143
shard_start 54 1790813609.379167618
shard_start 55 1790813609.388575837
shard_start 53 1790813609.402943077
shard_start 40 1790813609.415860026
shard_end 49 1790813609.418589783
shard_start 51 1790813609.425415708
shard_end 54 1790813609.431204657
shard_start 52 1790813609.436299854
shard_end 55 1790813609.440365508
shard_start 50 1790813609.443334030
shard_end 53 1790813609.454787078
shard_end 40 1790813609.468062832
shard_end 51 1790813609.477245768
shard_start 63 1790813609.482533704
shard_end 52 1790813609.488132536
shard_end 50 1790813609.495028132
shard_start 48 1790813609.495172393
shard_start 61 1790813609.508418658
shard_start 62 1790813609.527721444
shard_end 63 1790813609.535094439
shard_end 48 1790813609.547220394
shard_start 59 1790813609.551117903
shard_start 57 1790813609.557626194
shard_end 61 1790813609.560299689
shard_end 62 1790813609.580292493
shard_start 60 1790813609.583768684
shard_start 58 1790813609.593740733
shard_end 59 1790813609.603109695
shard_end 57 1790813609.609475738
shard_start 56 1790813609.611744637
shard_end 60 1790813609.635860982
shard_end 58 1790813609.645674075
shard_end 56 1790813609.663593623
shard_start 69 1790813611.469995395
shard_start 67 1790813611.480821305
shard_start 70 1790813611.491153126
shard_start 71 1790813611.498083150
shard_start 65 1790813611.511695945
shard_start 66 1790813611.520537033
shard_end 69 1790813611.521959298
shard_start 68 1790813611.529450958
shard_end 67 1790813611.532725598
shard_start 64 1790813611.537693981
shard_end 70 1790813611.543174601
shard_end 71 1790813611.550119385
shard_end 65 1790813611.564437011
shard_end 66 1790813611.572740365
shard_end 68 1790813611.581665714
shard_start 78 1790813611.583024081
shard_end 64 1790813611.590308882
shard_start 77 1790813611.595795428
shard_start 75 1790813611.616683184
shard_start 79 1790813611.630779992
shard_end 78 1790813611.635438028
shard_end 77 1790813611.647959056
shard_start 73 1790813611.649302151
shard_start 74 1790813611.661756160
shard_end 75 1790813611.668567220
shard_start 76 1790813611.671306175
shard_end 79 1790813611.682582020
shard_end 73 1790813611.701668427
shard_end 74 1790813611.714058652
shard_end 76 1790813611.723338241
shard_start 85 1790813612.558934656
shard_start 72 1790813612.569135992
shard_start 86 1790813612.578557111
shard_start 83 1790813612.587848867
shard_start 87 1790813612.598498277
shard_end 85 1790813612.611337657
shard_start 80 1790813612.611454007
shard_start 94 1790813612.620082248
shard_end 72 1790813612.620873842
shard_start 81 1790813612.627043714
shard_start 95 1790813612.737866717
shard_end 80 1790813612.744339133
shard_end 86 1790813612.744488761
shard_end 94 1790813612.744650293
shard_end 81 1790813612.744662759
shard_end 83 1790813612.744627258
shard_end 87 1790813612.744960738
shard_start 93 1790813612.745716488
shard_start 82 1790813612.745810525
shard_start 84 1790813612.746476628
shard_start 91 1790813612.746489000
shard_start 102 1790813612.750553463
shard_start 88 1790813612.759539010
shard_start 90 1790813612.770317409
shard_start 89 1790813612.788415510
shard_end 95 1790813612.789893413
shard_end 82 1790813612.797995335
shard_end 93 1790813612.798350107
shard_end 91 1790813612.798720775
shard_end 84 1790813612.799184328
shard_end 102 1790813612.802847735
shard_end 88 1790813612.811946866
shard_end 90 1790813612.822385589
shard_end 89 1790813612.840875285
shard_start 103 1790813614.652574490
shard_end 103 1790813614.704652323
shard_start 98 1790813614.762971380
shard_start 101 1790813614.771421178
shard_start 110 1790813614.781875873
shard_start 99 1790813614.790122389
shard_start 92 1790813614.798851640
shard_end 98 1790813614.815066032
shard_start 96 1790813614.819770608
shard_end 101 1790813614.823424719
shard_start 97 1790813614.832768062
shard_end 110 1790813614.833532041
shard_start 109 1790813614.841340482
shard_end 99 1790813614.841826135
shard_end 92 1790813614.850923666
shard_end 96 1790813614.871401947
shard_end 97 1790813614.884343559
shard_start 100 1790813614.888145522
shard_end 109 1790813614.892845255
shard_start 107 1790813614.895235897
shard_start 111 1790813614.912055687
shard_start 118 1790813614.929424678
shard_end 100 1790813614.939835731
shard_start 106 1790813614.940377813
shard_end 107 1790813614.947273324
shard_start 105 1790813614.958937065
shard_end 111 1790813614.964341876
shard_end 118 1790813614.981449769
shard_end 106 1790813614.992476143
shard_end 105 1790813615.010830804
shard_start 117 1790813615.863021680
shard_start 108 1790813615.873589084
shard_start 104 1790813615.888532299
shard_start 119 1790813615.894361442
shard_start 115 1790813615.906288811
shard_end 117 1790813615.915098913
shard_start 126 1790813615.916984148
shard_start 114 1790813615.923911111
shard_end 108 1790813615.925359109
shard_start 125 1790813615.934111855
shard_end 104 1790813615.940596440
shard_end 119 1790813615.946093017
shard_end 115 1790813615.958166977
shard_end 126 1790813615.969424716
shard_end 114 1790813615.975696171
shard_start 116 1790813615.979152081
shard_end 125 1790813615.986036660
shard_start 113 1790813615.989489373
shard_start 123 1790813616.016584195
shard_start 127 1790813616.026171583
shard_end 116 1790813616.031307545
shard_end 113 1790813616.041376717
shard_start 112 1790813616.043006603
shard_start 133 1790813616.053406056
shard_start 134 1790813616.059832172
shard_end 123 1790813616.068355571
shard_start 122 1790813616.073947795
shard_end 127 1790813616.078024096
shard_start 121 1790813616.091979710
shard_end 112 1790813616.095313689
shard_end 133 1790813616.105332151
shard_end 134 1790813616.111612291
shard_end 122 1790813616.125859495
shard_end 121 1790813616.143874850
shard_start 124 1790813616.948143955
shard_end 124 1790813616.999957004
shard_start 135 1790813617.957903989
shard_start 120 1790813617.965839739
shard_start 131 1790813617.975287997
shard_start 142 1790813617.986456869
shard_start 141 1790813617.996617811
shard_start 130 1790813618.006541877
shard_end 135 1790813618.009870755
shard_start 132 1790813618.014890218
shard_end 120 1790813618.017663599
shard_start 129 1790813618.021861636
shard_end 131 1790813618.027356224
shard_end 142 1790813618.038149144
shard_end 141 1790813618.048337525
shard_end 130 1790813618.058390917
shard_end 132 1790813618.066875352
shard_end 129 1790813618.073677440
shard_start 143 1790813618.086425350
shard_start 128 1790813618.093734596
shard_start 150 1790813618.112324574
shard_start 139 1790813618.126699635
shard_end 143 1790813618.138654325
shard_start 149 1790813618.141710187
shard_end 128 1790813618.145633578
shard_start 138 1790813618.154384951
shard_end 150 1790813618.164368109
shard_end 139 1790813618.178535664
shard_end 149 1790813618.193674037
shard_end 138 1790813618.206241410
shard_start 137 1790813619.042418686
shard_start 151 1790813619.051625997
shard_start 136 1790813619.061734264
shard_start 158 1790813619.075012320
shard_start 145 1790813619.081627599
shard_start 147 1790813619.089308377
shard_end 137 1790813619.094375753
shard_start 157 1790813619.098267424
shard_end 151 1790813619.103792054
shard_start 146 1790813619.108534928
shard_end 136 1790813619.113790019
shard_end 158 1790813619.126979762
shard_end 145 1790813619.133494147
shard_end 147 1790813619.141100768
shard_end 157 1790813619.150449100
shard_start 144 1790813619.156673074
shard_end 146 1790813619.163272128
shard_start 159 1790813619.170307320
shard_start 140 1790813619.184791024
shard_start 166 1790813619.203596516
shard_end 144 1790813619.208536307
shard_start 155 1790813619.211490938
shard_end 159 1790813619.223241713
shard_end 140 1790813619.236459941
shard_start 153 1790813619.238301031
shard_start 165 1790813619.245026859
shard_start 154 1790813619.251091630
shard_end 166 1790813619.255639729
shard_end 155 1790813619.263642928
shard_start 148 1790813619.270155497
shard_end 153 1790813619.290273262
shard_end 165 1790813619.296898403
shard_end 154 1790813619.303068717
shard_end 148 1790813619.322319331
shard_start 167 1790813620.123704422
shard_end 167 1790813620.175563886
shard_start 152 1790813621.130532495
shard_start 174 1790813621.143484490
shard_start 163 1790813621.152556357
shard_start 161 1790813621.163915735
shard_start 173 1790813621.175624458
shard_end 152 1790813621.183278057
shard_start 156 1790813621.185842901
shard_start 175 1790813621.193761550
shard_end 174 1790813621.195643080
shard_end 163 1790813621.204223107
shard_start 162 1790813621.204602108
shard_end 161 1790813621.215933736
shard_end 173 1790813621.227625902
shard_end 156 1790813621.237958701
shard_start 160 1790813621.244708037
shard_end 175 1790813621.245919350
shard_end 162 1790813621.257039263
shard_start 182 1790813621.258380543
shard_start 171 1790813621.280317541
shard_start 169 1790813621.295040788
shard_end 160 1790813621.296296466
shard_end 182 1790813621.310240313
shard_start 181 1790813621.311051793
shard_start 190 1790813621.325881136
shard_end 171 1790813621.332333620
shard_end 169 1790813621.346783395
shard_end 181 1790813621.363591000
shard_end 190 1790813621.377885717
shard_start 164 1790813622.224459938
shard_start 170 1790813622.235071029
shard_start 168 1790813622.243063318
shard_start 183 1790813622.252629100
shard_start 179 1790813622.266131091
shard_start 177 1790813622.274772734
shard_end 164 1790813622.276919454
shard_start 189 1790813622.283906710
shard_end 170 1790813622.286916770
shard_start 172 1790813622.293045884
shard_end 168 1790813622.295355360
shard_end 183 1790813622.304541079
shard_end 179 1790813622.319002946
shard_end 177 1790813622.327146761
shard_end 189 1790813622.335766528
shard_start 178 1790813622.338917315
shard_end 172 1790813622.345499705
shard_start 176 1790813622.352061085
shard_start 191 1790813622.369466671
shard_start 198 1790813622.383341616
shard_end 178 1790813622.391161998
shard_start 187 1790813622.402072271
shard_end 176 1790813622.404346945
shard_start 185 1790813622.416542435
shard_end 191 1790813622.421755838
shard_start 180 1790813622.424650014
shard_start 184 1790813622.434573013
shard_end 198 1790813622.435784841
shard_start 197 1790813622.452052979
shard_end 187 1790813622.453823510
shard_end 185 1790813622.468895790
shard_end 180 1790813622.476501030
shard_end 184 1790813622.486996558
shard_end 197 1790813622.504000763
shard_start 186 1790813623.309621083
shard_end 186 1790813623.361500934
shard_start 199 1790813624.321520621
shard_start 206 1790813624.331188899
shard_start 195 1790813624.342209763
shard_start 193 1790813624.354028120
shard_start 192 1790813624.369965560
shard_end 199 1790813624.373384465
shard_start 188 1790813624.379856063
shard_end 206 1790813624.383152387
shard_start 194 1790813624.389037252
shard_end 195 1790813624.394290672
shard_start 205 1790813624.399274927
shard_end 193 1790813624.406066420
shard_end 192 1790813624.421998921
shard_end 188 1790813624.431911154
shard_start 207 1790813624.436577669
shard_end 194 1790813624.440934769
shard_end 205 1790813624.451295899
shard_start 214 1790813624.459076382
shard_start 203 1790813624.467259288
shard_start 201 1790813624.485218852
shard_end 207 1790813624.488579190
shard_start 200 1790813624.502377897
shard_end 214 1790813624.511131513
shard_start 202 1790813624.517404608
shard_end 203 1790813624.519622739
shard_end 201 1790813624.537342350
shard_end 200 1790813624.554172451
shard_end 202 1790813624.569361901
shard_start 213 1790813625.418184285
shard_start 196 1790813625.428641959
shard_start 215 1790813625.435885880
shard_start 222 1790813625.449562293
shard_start 208 1790813625.458764073
shard_end 213 1790813625.470067602
shard_start 211 1790813625.471396753
shard_end 196 1790813625.480310855
shard_start 209 1790813625.481610952
shard_end 215 1790813625.487614759
shard_start 210 1790813625.488708283
shard_end 222 1790813625.501470236
shard_end 208 1790813625.510683158
shard_end 211 1790813625.523413898
shard_start 221 1790813625.532576494
shard_end 209 1790813625.533308826
shard_end 210 1790813625.540620631
shard_start 204 1790813625.542680883
shard_start 223 1790813625.559850920
shard_start 230 1790813625.577963851
shard_end 221 1790813625.584800302
shard_start 217 1790813625.593169538
shard_end 204 1790813625.594386152
shard_end 223 1790813625.611783611
shard_start 216 1790813625.612395910
shard_start 219 1790813625.619490309
shard_start 225 1790813625.629502709
shard_end 230 1790813625.630090891
shard_end 217 1790813625.645717009
shard_start 238 1790813625.647997599
shard_end 216 1790813625.664202276
shard_end 219 1790813625.671363096
shard_end 225 1790813625.681381651
shard_end 238 1790813625.699878870
shard_start 231 1790813626.505234354
shard_end 231 1790813626.557225987
shard_start 224 1790813627.510201496
shard_start 229 1790813627.521945306
shard_start 218 1790813627.531612715
shard_start 212 1790813627.541810842
shard_start 227 1790813627.556364567
shard_end 224 1790813627.562829372
shard_start 246 1790813627.566181220
shard_end 229 1790813627.574107124
shard_start 239 1790813627.575343412
shard_end 218 1790813627.583991997
shard_start 233 1790813627.584810000
shard_end 212 1790813627.593980468
shard_end 227 1790813627.608959120
shard_end 246 1790813627.618076977
shard_start 232 1790813627.623894906
shard_end 239 1790813627.627477239
shard_start 237 1790813627.636101403
shard_end 233 1790813627.636840169
shard_start 226 1790813627.651881887
shard_start 220 1790813627.672503305
shard_end 232 1790813627.675725738
shard_start 235 1790813627.685941466
shard_end 237 1790813627.687933404
shard_end 226 1790813627.703804069
shard_start 247 1790813627.705126356
shard_end 220 1790813627.724762092
shard_end 235 1790813627.738000757
shard_end 247 1790813627.757069031
shard_start 254 1790813628.606932406
shard_start 241 1790813628.611999593
shard_start 240 1790813628.622756634
shard_start 245 1790813628.636255507
shard_start 243 1790813628.644676898
shard_start 234 1790813628.655492168
shard_end 254 1790813628.659054276
shard_end 241 1790813628.663851850
shard_start 228 1790813628.667766142
shard_start 262 1790813628.674086374
shard_end 240 1790813628.674639147
shard_end 245 1790813628.688466805
shard_end 243 1790813628.696650832
shard_end 234 1790813628.707761633
shard_end 228 1790813628.719981223
shard_end 262 1790813628.726423419
shard_start 255 1790813628.727483585
shard_start 249 1790813628.734343294
shard_start 253 1790813628.755608630
shard_start 248 1790813628.766624960
shard_end 255 1790813628.780580389
shard_start 242 1790813628.785479866
shard_end 249 1790813628.786730199
shard_start 236 1790813628.797440351
shard_end 253 1790813628.807747015
shard_start 251 1790813628.809034206
shard_end 248 1790813628.819113948
shard_start 270 1790813628.819572793
shard_end 242 1790813628.838151744
shard_end 236 1790813628.849528494
shard_start 257 1790813628.853099999
shard_end 251 1790813628.861883664
shard_end 270 1790813628.872518956
shard_end 257 1790813628.905236191
shard_start 263 1790813632.629151281
shard_end 263 1790813632.680876240
shard_start 256 1790813633.636662193
shard_start 261 1790813633.643360148
shard_start 250 1790813633.655034738
shard_start 244 1790813633.671188872
shard_start 259 1790813633.686525764
shard_end 256 1790813633.688309926
shard_end 261 1790813633.695398128
shard_start 264 1790813633.696911271
shard_end 250 1790813633.706892863
shard_start 278 1790813633.707631633
shard_start 271 1790813633.714758877
shard_end 244 1790813633.723198824
shard_end 259 1790813633.738412321
shard_end 264 1790813633.748968667
shard_end 278 1790813633.759454647
shard_start 265 1790813633.761738417
shard_end 271 1790813633.766797453
shard_start 269 1790813633.769288382
shard_start 272 1790813633.789030567
shard_start 258 1790813633.808531196
shard_end 265 1790813633.814070459
shard_end 269 1790813633.821148883
shard_start 267 1790813633.822224557
shard_start 252 1790813633.840438429
shard_end 272 1790813633.841055605
shard_end 258 1790813633.860714278
shard_end 267 1790813633.874259253
shard_end 252 1790813633.892347917
shard_start 286 1790813634.733230428
shard_start 273 1790813634.743973940
shard_start 279 1790813634.756616057
shard_start 277 1790813634.767207742
shard_start 280 1790813634.777647760
shard_end 286 1790813634.785449975
shard_start 266 1790813634.786447142
shard_start 260 1790813634.795499525
shard_end 273 1790813634.795740306
shard_start 275 1790813634.803107291
shard_end 279 1790813634.808554547
shard_end 277 1790813634.819111404
shard_end 280 1790813634.829433109
shard_end 266 1790813634.838607375
shard_start 294 1790813634.845784524
shard_end 260 1790813634.847213843
shard_end 275 1790813634.854725905
shard_start 281 1790813634.857051141
shard_start 287 1790813634.871578846
shard_start 285 1790813634.889455627
shard_end 294 1790813634.897922319
shard_start 288 1790813634.905642427
shard_end 281 1790813634.908810778
shard_start 268 1790813634.918338765
shard_end 287 1790813634.923536394
shard_start 274 1790813634.930089279
shard_start 283 1790813634.939074543
shard_end 285 1790813634.941186478
shard_end 288 1790813634.957502876
shard_start 302 1790813634.958366112
shard_end 268 1790813634.970501492
shard_end 274 1790813634.981831664
shard_end 283 1790813634.991151536
shard_end 302 1790813635.010575572
shard_start 289 1790813635.817467529
shard_end 289 1790813635.869098744
shard_start 295 1790813636.826860919
shard_start 293 1790813636.836967267
shard_start 296 1790813636.847238179
shard_start 276 1790813636.861952670
shard_start 291 1790813636.872242669
shard_end 295 1790813636.878772267
shard_start 282 1790813636.880462353
shard_start 310 1790813636.888761451
shard_end 293 1790813636.888772202
shard_start 303 1790813636.897541387
shard_end 296 1790813636.898887368
shard_end 276 1790813636.913832925
shard_end 291 1790813636.924370101
shard_end 282 1790813636.932563289
shard_end 310 1790813636.940639624
shard_start 297 1790813636.943781569
shard_end 303 1790813636.949528737
shard_start 301 1790813636.961485934
shard_start 304 1790813636.975669530
shard_end 297 1790813636.995552325
shard_start 284 1790813636.996566454
shard_start 299 1790813637.012636433
shard_end 301 1790813637.013173159
shard_start 290 1790813637.021575606
shard_end 304 1790813637.044998679
shard_end 284 1790813637.048507114
shard_end 299 1790813637.064260686
shard_end 290 1790813637.073829645
shard_start 318 1790813637.913878712
shard_start 311 1790813637.923052442
shard_start 305 1790813637.936762041
shard_start 292 1790813637.947686247
shard_start 309 1790813637.957410241
shard_start 312 1790813637.965727346
shard_end 318 1790813637.966036698
shard_end 311 1790813637.975216377
shard_start 307 1790813637.977549826
shard_start 326 1790813637.986141826
shard_end 305 1790813637.988540449
shard_end 292 1790813637.999912340
shard_end 309 1790813638.009620478
shard_end 312 1790813638.017738710
shard_start 298 1790813638.026902991
shard_end 307 1790813638.029282081
shard_end 326 1790813638.037937827
shard_start 319 1790813638.039390421
shard_start 313 1790813638.051140375
shard_start 317 1790813638.068791970
shard_end 298 1790813638.078909129
shard_start 300 1790813638.087170377
shard_end 319 1790813638.091434836
shard_start 320 1790813638.098862564
shard_end 313 1790813638.103068431
shard_start 315 1790813638.114508730
shard_end 317 1790813638.121241313
shard_start 334 1790813638.121872768
shard_end 300 1790813638.138863938
shard_start 306 1790813638.140046068
shard_end 320 1790813638.151345732
shard_end 315 1790813638.167222748
shard_end 334 1790813638.173612682
shard_end 306 1790813638.191919454
shard_start 327 1790813639.045590019
shard_end 327 1790813639.097329340
shard_start 321 1790813640.050353762
shard_start 325 1790813640.064388293
shard_start 308 1790813640.075793745
shard_start 328 1790813640.088969324
shard_start 323 1790813640.098000225
shard_end 321 1790813640.102049795
shard_start 342 1790813640.109181295
shard_end 325 1790813640.116440736
shard_start 314 1790813640.120042883
shard_end 308 1790813640.128037209
shard_start 335 1790813640.128893004
shard_end 328 1790813640.140999419
shard_end 323 1790813640.149650497
shard_end 342 1790813640.161034598
shard_start 329 1790813640.166810922
shard_end 314 1790813640.171976693
shard_start 316 1790813640.179693723
shard_end 335 1790813640.180621329
shard_start 336 1790813640.196570161
shard_start 331 1790813640.214626723
shard_end 329 1790813640.218745029
shard_end 316 1790813640.231733328
shard_start 333 1790813640.234011391
shard_start 350 1790813640.247077623
shard_end 336 1790813640.248213980
shard_end 331 1790813640.266616285
shard_end 333 1790813640.285834334
shard_end 350 1790813640.298980773
shard_start 322 1790813641.151701506
shard_start 343 1790813641.160856679
shard_start 324 1790813641.171582958
shard_start 341 1790813641.184173644
shard_start 337 1790813641.197943263
shard_end 322 1790813641.203711897
shard_start 344 1790813641.205728981
shard_end 343 1790813641.213120610
shard_start 339 1790813641.214708209
shard_end 324 1790813641.223593983
shard_start 358 1790813641.224520455
shard_end 341 1790813641.236232579
shard_end 337 1790813641.249700594
shard_end 344 1790813641.257763788
shard_start 330 1790813641.266105126
shard_end 339 1790813641.266704585
shard_end 358 1790813641.277380491
shard_start 351 1790813641.279397737
shard_start 332 1790813641.293843532
shard_start 349 1790813641.311470372
shard_end 330 1790813641.318136902
shard_start 345 1790813641.327353181
shard_end 351 1790813641.331397894
shard_start 366 1790813641.343582516
shard_end 332 1790813641.346099407
shard_start 347 1790813641.354439309
shard_start 352 1790813641.362953778
shard_end 349 1790813641.363765809
shard_start 338 1790813641.378673472
shard_end 345 1790813641.379136282
shard_end 366 1790813641.395966897
shard_end 347 1790813641.406444434
shard_end 352 1790813641.415251115
shard_end 338 1790813641.430734058
shard_start 359 1790813642.238880700
shard_end 359 1790813642.290718940
shard_start 340 1790813643.247964412
shard_start 357 1790813643.258344161
shard_start 353 1790813643.268011374
shard_start 346 1790813643.274730699
shard_start 355 1790813643.289001613
shard_end 340 1790813643.299890001
shard_start 374 1790813643.299940477
shard_start 360 1790813643.308204759
shard_end 357 1790813643.309950337
shard_start 367 1790813643.317966110
shard_end 353 1790813643.319851668
shard_end 346 1790813643.326634898
shard_end 355 1790813643.340772637
shard_end 374 1790813643.352113294
shard_end 360 1790813643.360554277
shard_start 348 1790813643.363998419
shard_end 367 1790813643.369783630
shard_start 365 1790813643.376225802
shard_start 361 1790813643.398109466
shard_start 363 1790813643.407158339
shard_end 348 1790813643.416127477
shard_start 354 1790813643.426430989
shard_end 365 1790813643.428041224
shard_start 382 1790813643.445659983
shard_end 361 1790813643.449881664
shard_end 363 1790813643.459093929
shard_end 354 1790813643.478257864
shard_end 382 1790813643.497493557
shard_start 368 1790813644.336927703
shard_start 375 1790813644.345261449
shard_start 356 1790813644.355153549
shard_start 373 1790813644.365355354
shard_start 362 1790813644.375754288
shard_start 376 1790813644.385903579
shard_end 368 1790813644.388889115
shard_start 369 1790813644.392942154
shard_end 375 1790813644.397240029
shard_start 390 1790813644.403350572
shard_end 356 1790813644.407936411
shard_end 373 1790813644.417591138
shard_end 362 1790813644.427715735
shard_end 376 1790813644.437774010
shard_end 369 1790813644.445028141
shard_end 390 1790813644.455552550
shard_start 371 1790813644.466130848
shard_start 383 1790813644.476779577
shard_start 364 1790813644.492098138
shard_start 381 1790813644.507501663
shard_start 377 1790813644.517874713
shard_end 371 1790813644.518060457
shard_end 383 1790813644.528980221
shard_start 370 1790813644.533637202
shard_start 384 1790813644.541968467
shard_end 364 1790813644.544350884
shard_start 379 1790813644.549964550
shard_end 381 1790813644.559680637
shard_end 377 1790813644.570163785
shard_start 398 1790813644.578385893
shard_end 370 1790813644.585628991
shard_end 384 1790813644.594147374
shard_end 379 1790813644.602091648
shard_end 398 1790813644.630486142
shard_start 391 1790813645.419764168
shard_end 391 1790813645.472355260
shard_start 372 1790813646.424866450
shard_start 389 1790813646.438207990
shard_start 385 1790813646.448004905
shard_start 378 1790813646.457945563
shard_start 392 1790813646.469499048
shard_end 372 1790813646.477067252
shard_start 387 1790813646.478703885
shard_start 399 1790813646.487183554
shard_end 389 1790813646.490400261
shard_start 406 1790813646.495526943
shard_end 385 1790813646.500661405
shard_end 378 1790813646.510066219
shard_end 392 1790813646.521672517
shard_end 387 1790813646.531089592
shard_end 399 1790813646.538854912
shard_start 380 1790813646.539637286
shard_end 406 1790813646.547312367
shard_start 393 1790813646.550652754
shard_start 397 1790813646.570245537
shard_end 380 1790813646.591862540
shard_start 386 1790813646.594398836
shard_end 393 1790813646.602540102
shard_start 400 1790813646.605229419
shard_end 397 1790813646.622428613
shard_start 395 1790813646.623298263
shard_end 386 1790813646.646462683
shard_end 400 1790813646.657413051
shard_end 395 1790813646.674961512
shard_start 388 1790813647.585395014
shard_start 405 1790813647.585792551
shard_start 414 1790813647.585849652
shard_start 401 1790813647.586070853
shard_start 407 1790813647.586110528
shard_start 394 1790813647.586274109
shard_start 408 1790813647.586071804
shard_start 403 1790813647.588032759
shard_start 415 1790813647.628561833
shard_end 388 1790813647.637833723
shard_end 405 1790813647.638123816
shard_end 394 1790813647.638374368
shard_end 414 1790813647.638333176
shard_end 401 1790813647.638970725
shard_end 407 1790813647.639042471
shard_end 408 1790813647.639061343
shard_end 403 1790813647.640679300
shard_start 422 1790813647.642948824
shard_start 396 1790813647.658912337
shard_start 409 1790813647.677734690
shard_end 415 1790813647.680897096
shard_end 422 1790813647.695067444
shard_start 413 1790813647.698773190
shard_end 396 1790813647.711948930
shard_start 402 1790813647.718549629
shard_start 416 1790813647.726019565
shard_end 409 1790813647.729749579
shard_start 411 1790813647.735700747
shard_end 413 1790813647.751783100
shard_start 423 1790813647.755431537
shard_end 402 1790813647.770611945
shard_end 416 1790813647.777966872
shard_end 411 1790813647.787841493
shard_end 423 1790813647.807490720
shard_start 430 1790813648.601457827
shard_end 430 1790813648.653328982
shard_start 404 1790813649.606936378
shard_end 404 1790813649.658811964
shard_start 421 1790813650.612845824
shard_start 417 1790813650.618565548
shard_start 410 1790813650.629769299
shard_start 419 1790813650.638897677
shard_start 424 1790813650.649043851
shard_start 431 1790813650.656860303
shard_end 421 1790813650.664811736
shard_start 438 1790813650.666534383
shard_end 417 1790813650.670356998
shard_start 412 1790813650.676249676
shard_end 410 1790813650.681855443
shard_end 419 1790813650.690769277
shard_end 424 1790813650.701315484
shard_end 431 1790813650.708822857
shard_end 438 1790813650.718320471
shard_end 412 1790813650.728207599
shard_start 429 1790813650.735613761
shard_start 425 1790813650.740726044
shard_start 427 1790813650.770504467
shard_start 418 1790813650.781351387
shard_end 429 1790813650.787659480
shard_end 425 1790813650.792680014
shard_start 432 1790813650.799064322
shard_start 439 1790813650.815235453
shard_end 427 1790813650.822485244
shard_start 446 1790813650.823714144
shard_end 418 1790813650.833389246
shard_start 433 1790813650.834975310
shard_end 432 1790813650.850968013
shard_end 439 1790813650.867447856
shard_start 420 1790813650.871489024
shard_end 446 1790813650.875649850
shard_start 437 1790813650.880460749
shard_end 433 1790813650.887382114
shard_start 426 1790813650.905312970
shard_start 435 1790813650.914080523
shard_end 420 1790813650.923813477
shard_end 437 1790813650.932161025
shard_start 440 1790813650.932485425
shard_start 447 1790813650.946888441
shard_end 426 1790813650.957342030
shard_start 454 1790813650.960964823
shard_end 435 1790813650.966140963
shard_start 441 1790813650.975055780
shard_end 440 1790813650.984574121
shard_end 447 1790813650.998897892
shard_start 428 1790813651.005207414
shard_end 454 1790813651.012863450
shard_end 441 1790813651.026954589
shard_end 428 1790813651.057243160
shard_start 445 1790813651.707202729
shard_start 434 1790813651.717970644
shard_start 443 1790813651.727395124
shard_start 448 1790813651.735241365
shard_start 449 1790813651.744344789
shard_start 455 1790813651.753117414
shard_end 445 1790813651.759124795
shard_end 434 1790813651.769790046
shard_end 443 1790813651.779339688
shard_end 448 1790813651.787272280
shard_end 449 1790813651.796629868
shard_end 455 1790813651.805417206
shard_start 462 1790813652.724918931
shard_end 462 1790813652.776633610
shard_start 436 1790813653.727973998
shard_start 453 1790813653.735176876
shard_start 442 1790813653.746324643
shard_start 451 1790813653.758837375
shard_start 456 1790813653.768538449
shard_start 457 1790813653.779331646
shard_end 436 1790813653.779602689
shard_end 453 1790813653.787091630
shard_start 470 1790813653.787944743
shard_start 463 1790813653.796861987
shard_end 442 1790813653.797929792
shard_end 451 1790813653.810725611
shard_end 456 1790813653.820720253
shard_end 457 1790813653.831151361
shard_start 444 1790813653.839523365
shard_end 470 1790813653.839981277
shard_end 463 1790813653.848806715
shard_start 461 1790813653.850570476
shard_start 450 1790813653.864371114
shard_start 459 1790813653.879503721
shard_end 444 1790813653.891650201
shard_start 464 1790813653.901784100
shard_end 461 1790813653.902890112
shard_start 471 1790813653.914570173
shard_end 450 1790813653.916229093
shard_start 452 1790813653.926970595
shard_end 459 1790813653.931622004
shard_start 465 1790813653.937513417
shard_start 478 1790813653.953239397
shard_end 464 1790813653.953620872
shard_start 469 1790813653.964123827
shard_end 471 1790813653.966880804
shard_start 458 1790813653.976056225
shard_end 452 1790813653.978635075
shard_end 465 1790813653.989714815
shard_start 467 1790813653.993623997
shard_end 478 1790813654.005206770
shard_start 472 1790813654.013604098
shard_end 469 1790813654.016317359
shard_start 460 1790813654.025523556
shard_end 458 1790813654.063954907
shard_end 467 1790813654.063993857
shard_start 479 1790813654.064961956
shard_start 486 1790813654.065335481
shard_end 472 1790813654.065825817
shard_start 473 1790813654.066946292
shard_end 460 1790813654.077482468
shard_end 479 1790813654.116970583
shard_end 486 1790813654.117398014
shard_end 473 1790813654.118711003
shard_start 477 1790813654.827574787
shard_start 466 1790813654.837219520
shard_start 475 1790813654.845163881
shard_start 480 1790813654.854560379
shard_start 468 1790813654.867345040
shard_start 481 1790813654.874605627
shard_end 477 1790813654.879539606
shard_end 466 1790813654.889212046
shard_end 475 1790813654.897136531
shard_end 480 1790813654.906375728
shard_end 468 1790813654.919244869
shard_end 481 1790813654.926528356
shard_start 494 1790813655.840367482
shard_end 494 1790813655.892743518
shard_start 487 1790813656.848224162
shard_start 485 1790813656.858903183
shard_start 483 1790813656.867112636
shard_start 474 1790813656.874629274
shard_start 488 1790813656.885100628
shard_start 476 1790813656.897493587
shard_end 487 1790813656.899895388
shard_start 495 1790813656.906769962
shard_end 485 1790813656.911657709
shard_start 489 1790813656.915410219
shard_end 483 1790813656.918951795
shard_end 474 1790813656.926655158
shard_end 488 1790813656.937004890
shard_end 476 1790813656.949507270
shard_end 495 1790813656.958652102
shard_start 493 1790813656.962281661
shard_end 489 1790813656.967382354
shard_start 482 1790813656.974275148
shard_start 491 1790813656.990076410
shard_start 497 1790813657.004038342
shard_end 493 1790813657.014270636
shard_start 496 1790813657.016238955
shard_end 482 1790813657.026385738
shard_start 484 1790813657.034297200
shard_end 491 1790813657.042148654
shard_start 490 1790813657.044323377
shard_start 499 1790813657.050494765
shard_end 497 1790813657.056265319
shard_end 496 1790813657.068351537
shard_start 492 1790813657.074647156
shard_start 498 1790813657.085798145
shard_end 484 1790813657.085918870
shard_end 490 1790813657.096368526
shard_end 499 1790813657.102863596
shard_end 492 1790813657.126948447
shard_end 498 1790813657.137651566
agg_start 0 1790813659.502747495
agg_end 0 1790813659.507894703
