ABL_EFFECTIVE={"arm": "F", "requested": {"WRAPPER_SLEEPS": "removed"}, "effective": {"wrapper_sleeps": "removed (jobcmd_wrapper_init/jobcmd_prep -> base)"}, "source_files": {"xqute/schedulers/local_scheduler.py": "/home/pwwang/bench/.venv/lib/python3.12/site-packages/xqute/schedulers/local_scheduler.py", "xqute/xqute.py": "/home/pwwang/bench/.venv/lib/python3.12/site-packages/xqute/xqute.py", "xqute/scheduler.py": "/home/pwwang/bench/.venv/lib/python3.12/site-packages/xqute/scheduler.py", "pipen/scheduler.py": "/home/pwwang/github/pipen/pipen/scheduler.py"}, "source_sha256": {"xqute/schedulers/local_scheduler.py": "70cff3432b26e92a582a17c2ac20409432a75d49e8ae1776795f8fdd9b095539", "xqute/xqute.py": "126eed84bc42fd385ec61ecd1e3a7c7443adc124e9cebd9fefb1a120f2716e6e", "xqute/scheduler.py": "6b810caae3951b894e3abb1557a97afb9b0e762f384766128eac62ffa2ebebca", "pipen/scheduler.py": "da3a22ed2c13a1031fdf80a43b8321bbff6d83665d82b94d9870dfa188d4a16d"}}
09-30 17:24:51 I core                      _____________________________________   __
09-30 17:24:51 I core                      ___  __ \___  _/__  __ \__  ____/__  | / /
09-30 17:24:51 I core                      __  /_/ /__  / __  /_/ /_  __/  __   |/ /
09-30 17:24:51 I core                      _  ____/__/ /  _  ____/_  /___  _  /|  /
09-30 17:24:51 I core                      /_/     /___/  /_/     /_____/  /_/ |_/
09-30 17:24:51 I core
09-30 17:24:51 I core                                  version: 1.2.3
09-30 17:24:51 I core
09-30 17:24:51 I core    ╔═════════════════════════════════════════════════════════════════════════╗
09-30 17:24:51 I core    ║                               ABLPIPELINE                               ║
09-30 17:24:51 I core    ╚═════════════════════════════════════════════════════════════════════════╝
09-30 17:24:51 I core    # procs         : 2
09-30 17:24:51 I core    profile         : default
09-30 17:24:51 I core    outdir          : AblPipeline-output
09-30 17:24:51 I core    cache           : False
09-30 17:24:51 I core    dirsig          : 1
09-30 17:24:51 I core    error_strategy  : ignore
09-30 17:24:51 I core    forks           : 32
09-30 17:24:51 I core    lang            : bash
09-30 17:24:51 I core    loglevel        : info
09-30 17:24:51 I core    num_retries     : 3
09-30 17:24:51 I core    scheduler       : local
09-30 17:24:51 I core    submission_batch: None
09-30 17:24:51 I core    template        : liquid
09-30 17:24:51 I core    workdir         : /home/pwwang/bench_abl/wd/F_n100_r2/AblPipeline
09-30 17:24:51 I core    Initializing plugins ...
09-30 17:24:51 I core
09-30 17:24:51 I core    ╭───────────────────────────────── Shard ─────────────────────────────────╮
09-30 17:24:51 I core    │ fan-out shard                                                           │
09-30 17:24:51 I core    ╰─────────────────────────────────────────────────────────────────────────╯
09-30 17:24:51 I core    Shard: workdir: '/home/pwwang/bench_abl/wd/F_n100_r2/AblPipeline/Shard'
09-30 17:24:51 I core    Shard: <<< [START]
09-30 17:24:51 I core    Shard: >>> ['Agg']
09-30 17:24:57 I core
PIPELINE_RUN_SEC=6.120419
ABL_AGG=[]
ABL_STATUS={"n_job_dirs": 100, "job_status_histogram": {"3": 99, "6": 1}, "job_rc_histogram": {"-3": 99, "0": 1}, "n_jobs_marked_failed_before_running": 99, "jobs_marked_failed_before_running": ["AblPipeline/Shard/0", "AblPipeline/Shard/1", "AblPipeline/Shard/10", "AblPipeline/Shard/11", "AblPipeline/Shard/12", "AblPipeline/Shard/13", "AblPipeline/Shard/14", "AblPipeline/Shard/15", "AblPipeline/Shard/16", "AblPipeline/Shard/17", "AblPipeline/Shard/18", "AblPipeline/Shard/19", "AblPipeline/Shard/2", "AblPipeline/Shard/20", "AblPipeline/Shard/21", "AblPipeline/Shard/22", "AblPipeline/Shard/23", "AblPipeline/Shard/24", "AblPipeline/Shard/25", "AblPipeline/Shard/26"], "note": "job.status: 6=FINISHED 3=SUBMITTED 7=FAILED 4=RUNNING; rc=-3 == 'fail before running'"}
ABL_OCCUPANCY={"sampler_interval_sec": 0.05, "n_samples": 98, "peak_wrapper_processes": 4, "mean_wrapper_processes": 0.378, "peak_descendant_processes_incl_self": 9, "mean_descendant_processes_incl_self": 1.745}
