ABL_EFFECTIVE={"arm": "E_all", "requested": {"SUBMIT_JOB_SLEEP": 0.001, "SLEEP_INTERVAL_PRODUCER_MAX_FORKS": 0.001, "SLEEP_INTERVAL_POLLING_JOBS": 0.001, "SLEEP_INTERVAL_KEEP_FEEDING": 0.001, "SUBMISSION_BATCH": 64, "WRAPPER_SLEEPS": "removed"}, "effective": {"SUBMIT_JOB_SLEEP": 0.001, "SUBMIT_JOB_SLEEP_resolved_from": "pipen.scheduler.LocalScheduler (MRO of the instance pipen builds)", "SLEEP_INTERVAL_PRODUCER_MAX_FORKS": 0.001, "SLEEP_INTERVAL_PRODUCER_MAX_FORKS_resolved_from": "xqute.xqute module global", "SLEEP_INTERVAL_POLLING_JOBS": 0.001, "SLEEP_INTERVAL_POLLING_JOBS_resolved_from": "xqute.xqute module global", "SLEEP_INTERVAL_KEEP_FEEDING": 0.001, "SLEEP_INTERVAL_KEEP_FEEDING_resolved_from": "xqute.xqute module global", "submission_batch": 64, "submission_batch_resolved_from": "xqute.scheduler.Scheduler.submission_batch (self.__class__ lookup)", "wrapper_sleeps": "removed (jobcmd_wrapper_init/jobcmd_prep -> base)"}, "source_files": {"xqute/schedulers/local_scheduler.py": "/home/pwwang/bench/.venv/lib/python3.12/site-packages/xqute/schedulers/local_scheduler.py", "xqute/xqute.py": "/home/pwwang/bench/.venv/lib/python3.12/site-packages/xqute/xqute.py", "xqute/scheduler.py": "/home/pwwang/bench/.venv/lib/python3.12/site-packages/xqute/scheduler.py", "pipen/scheduler.py": "/home/pwwang/github/pipen/pipen/scheduler.py"}, "source_sha256": {"xqute/schedulers/local_scheduler.py": "70cff3432b26e92a582a17c2ac20409432a75d49e8ae1776795f8fdd9b095539", "xqute/xqute.py": "126eed84bc42fd385ec61ecd1e3a7c7443adc124e9cebd9fefb1a120f2716e6e", "xqute/scheduler.py": "6b810caae3951b894e3abb1557a97afb9b0e762f384766128eac62ffa2ebebca", "pipen/scheduler.py": "da3a22ed2c13a1031fdf80a43b8321bbff6d83665d82b94d9870dfa188d4a16d"}, "sleep_census_enabled": true}
09-30 17:12:13 I core                      _____________________________________   __
09-30 17:12:13 I core                      ___  __ \___  _/__  __ \__  ____/__  | / /
09-30 17:12:13 I core                      __  /_/ /__  / __  /_/ /_  __/  __   |/ /
09-30 17:12:13 I core                      _  ____/__/ /  _  ____/_  /___  _  /|  /
09-30 17:12:13 I core                      /_/     /___/  /_/     /_____/  /_/ |_/
09-30 17:12:13 I core
09-30 17:12:13 I core                                  version: 1.2.3
09-30 17:12:13 I core
09-30 17:12:13 I core    ╔═════════════════════════════════════════════════════════════════════════╗
09-30 17:12:13 I core    ║                               ABLPIPELINE                               ║
09-30 17:12:13 I core    ╚═════════════════════════════════════════════════════════════════════════╝
09-30 17:12:13 I core    # procs         : 2
09-30 17:12:13 I core    profile         : default
09-30 17:12:13 I core    outdir          : AblPipeline-output
09-30 17:12:13 I core    cache           : False
09-30 17:12:13 I core    dirsig          : 1
09-30 17:12:13 I core    error_strategy  : ignore
09-30 17:12:13 I core    forks           : 32
09-30 17:12:13 I core    lang            : bash
09-30 17:12:13 I core    loglevel        : info
09-30 17:12:13 I core    num_retries     : 3
09-30 17:12:13 I core    scheduler       : local
09-30 17:12:13 I core    submission_batch: None
09-30 17:12:13 I core    template        : liquid
09-30 17:12:13 I core    workdir         : /home/pwwang/bench_abl/wd/verify_E_all/AblPipeline
09-30 17:12:13 I core    Initializing plugins ...
09-30 17:12:13 I core
09-30 17:12:13 I core    ╭───────────────────────────────── Shard ─────────────────────────────────╮
09-30 17:12:13 I core    │ fan-out shard                                                           │
09-30 17:12:13 I core    ╰─────────────────────────────────────────────────────────────────────────╯
09-30 17:12:13 I core    Shard: workdir: '/home/pwwang/bench_abl/wd/verify_E_all/AblPipeline/Shard'
09-30 17:12:13 I core    Shard: <<< [START]
09-30 17:12:13 I core    Shard: >>> ['Agg']
09-30 17:12:14 I core
09-30 17:12:14 I core    ╭══════════════════════════════════ Agg ══════════════════════════════════╮
09-30 17:12:14 I core    ║ aggregate all shard outputs into one file                               ║
09-30 17:12:14 I core    ╰═════════════════════════════════════════════════════════════════════════╯
09-30 17:12:14 I core    Agg: workdir: '/home/pwwang/bench_abl/wd/verify_E_all/AblPipeline/Agg'
09-30 17:12:14 I core    Agg: <<< ['Shard']
09-30 17:12:14 I core    Agg: >>> [END]
09-30 17:12:14 I core
PIPELINE_RUN_SEC=0.364189
ABL_AGG=[]
ABL_SLEEP_CENSUS={"calls": 64, "histogram": {"xqute/xqute.py|0.001": 55, "xqute/schedulers/local_scheduler.py|0.001": 9}, "consumer_indexes_seen": [0, 1, 2, 3, 4, 5, 6, 7, 8, 9, 10, 11, 12, 13, 14, 15, 16, 17, 18, 19, 20, 21, 22, 23, 24, 25, 26, 27, 28, 29, 30, 31, 32, 33, 34, 35, 36, 37, 38, 39, 40, 41, 42, 43, 44, 45, 46, 47, 48, 49, 50, 51, 52, 53, 54, 55, 56, 57, 58, 59, 60, 61, 62, 63], "n_consumers_seen": 64}
ABL_STATUS={"n_job_dirs": 9, "job_status_histogram": {"6": 8, "7": 1}, "job_rc_histogram": {"0": 9}, "n_jobs_marked_failed_before_running": 0, "jobs_marked_failed_before_running": [], "note": "job.status: 6=FINISHED 3=SUBMITTED 7=FAILED 4=RUNNING; rc=-3 == 'fail before running'"}
ABL_OCCUPANCY={"sampler_interval_sec": 0.05, "n_samples": 5, "peak_wrapper_processes": 0, "mean_wrapper_processes": 0.0, "peak_descendant_processes_incl_self": 1, "mean_descendant_processes_incl_self": 1.0}
