ABL_EFFECTIVE={"arm": "C_kf", "requested": {"SLEEP_INTERVAL_KEEP_FEEDING": 0.001}, "effective": {"SLEEP_INTERVAL_KEEP_FEEDING": 0.001, "SLEEP_INTERVAL_KEEP_FEEDING_resolved_from": "xqute.xqute module global"}, "source_files": {"xqute/schedulers/local_scheduler.py": "/home/pwwang/bench/.venv/lib/python3.12/site-packages/xqute/schedulers/local_scheduler.py", "xqute/xqute.py": "/home/pwwang/bench/.venv/lib/python3.12/site-packages/xqute/xqute.py", "xqute/scheduler.py": "/home/pwwang/bench/.venv/lib/python3.12/site-packages/xqute/scheduler.py", "pipen/scheduler.py": "/home/pwwang/github/pipen/pipen/scheduler.py"}, "source_sha256": {"xqute/schedulers/local_scheduler.py": "70cff3432b26e92a582a17c2ac20409432a75d49e8ae1776795f8fdd9b095539", "xqute/xqute.py": "126eed84bc42fd385ec61ecd1e3a7c7443adc124e9cebd9fefb1a120f2716e6e", "xqute/scheduler.py": "6b810caae3951b894e3abb1557a97afb9b0e762f384766128eac62ffa2ebebca", "pipen/scheduler.py": "da3a22ed2c13a1031fdf80a43b8321bbff6d83665d82b94d9870dfa188d4a16d"}, "sleep_census_enabled": true}
09-30 17:11:55 I core                      _____________________________________   __
09-30 17:11:55 I core                      ___  __ \___  _/__  __ \__  ____/__  | / /
09-30 17:11:55 I core                      __  /_/ /__  / __  /_/ /_  __/  __   |/ /
09-30 17:11:55 I core                      _  ____/__/ /  _  ____/_  /___  _  /|  /
09-30 17:11:55 I core                      /_/     /___/  /_/     /_____/  /_/ |_/
09-30 17:11:55 I core
09-30 17:11:55 I core                                  version: 1.2.3
09-30 17:11:55 I core
09-30 17:11:55 I core    ╔═════════════════════════════════════════════════════════════════════════╗
09-30 17:11:55 I core    ║                               ABLPIPELINE                               ║
09-30 17:11:55 I core    ╚═════════════════════════════════════════════════════════════════════════╝
09-30 17:11:55 I core    # procs         : 2
09-30 17:11:55 I core    profile         : default
09-30 17:11:55 I core    outdir          : AblPipeline-output
09-30 17:11:55 I core    cache           : False
09-30 17:11:55 I core    dirsig          : 1
09-30 17:11:55 I core    error_strategy  : ignore
09-30 17:11:55 I core    forks           : 32
09-30 17:11:55 I core    lang            : bash
09-30 17:11:55 I core    loglevel        : info
09-30 17:11:55 I core    num_retries     : 3
09-30 17:11:55 I core    scheduler       : local
09-30 17:11:55 I core    submission_batch: None
09-30 17:11:55 I core    template        : liquid
09-30 17:11:55 I core    workdir         : /home/pwwang/bench_abl/wd/verify_C_kf/AblPipeline
09-30 17:11:55 I core    Initializing plugins ...
09-30 17:11:55 I core
09-30 17:11:55 I core    ╭───────────────────────────────── Shard ─────────────────────────────────╮
09-30 17:11:55 I core    │ fan-out shard                                                           │
09-30 17:11:55 I core    ╰─────────────────────────────────────────────────────────────────────────╯
09-30 17:11:55 I core    Shard: workdir: '/home/pwwang/bench_abl/wd/verify_C_kf/AblPipeline/Shard'
09-30 17:11:55 I core    Shard: <<< [START]
09-30 17:11:55 I core    Shard: >>> ['Agg']
09-30 17:11:58 I core
09-30 17:11:58 I core    ╭══════════════════════════════════ Agg ══════════════════════════════════╮
09-30 17:11:58 I core    ║ aggregate all shard outputs into one file                               ║
09-30 17:11:58 I core    ╰═════════════════════════════════════════════════════════════════════════╯
09-30 17:11:58 I core    Agg: workdir: '/home/pwwang/bench_abl/wd/verify_C_kf/AblPipeline/Agg'
09-30 17:11:58 I core    Agg: <<< ['Shard']
09-30 17:11:58 I core    Agg: >>> [END]
09-30 17:12:01 I core
PIPELINE_RUN_SEC=6.228514
ABL_AGG=[{"path": "/home/pwwang/bench_abl/wd/verify_C_kf/AblPipeline-output/Agg/agg.txt", "sha256": "d59784813bbf8e9a47929bbd4195498a43979c690f9e799cfe2e14522217c48d", "lines": 8, "bytes": 16}]
ABL_SLEEP_CENSUS={"calls": 35, "histogram": {"xqute/xqute.py|0.001": 20, "xqute/schedulers/local_scheduler.py|0.1": 9, "xqute/xqute.py|1": 6}, "consumer_indexes_seen": [0, 1, 2, 3, 4, 5, 6, 7], "n_consumers_seen": 8}
ABL_STATUS={"n_job_dirs": 9, "job_status_histogram": {"6": 9}, "job_rc_histogram": {"0": 9}, "n_jobs_marked_failed_before_running": 0, "jobs_marked_failed_before_running": [], "note": "job.status: 6=FINISHED 3=SUBMITTED 7=FAILED 4=RUNNING; rc=-3 == 'fail before running'"}
ABL_OCCUPANCY={"sampler_interval_sec": 0.05, "n_samples": 120, "peak_wrapper_processes": 8, "mean_wrapper_processes": 2.933, "peak_descendant_processes_incl_self": 22, "mean_descendant_processes_incl_self": 6.917}
