shard_start 9 1790811747.428026854
shard_start 6 1790811747.429917070
shard_start 1 1790811747.432317178
shard_start 8 1790811747.432979361
shard_start 3 1790811747.435060227
shard_start 4 1790811747.436755649
shard_start 5 1790811747.437378672
shard_start 0 1790811747.439094563
shard_start 7 1790811747.440208589
shard_start 2 1790811747.441502379
shard_end 9 1790811747.480317716
shard_end 6 1790811747.482160529
shard_end 1 1790811747.484617097
shard_end 8 1790811747.485312724
shard_end 3 1790811747.487203938
shard_end 4 1790811747.488356274
shard_end 5 1790811747.489048789
shard_end 0 1790811747.490674365
shard_end 7 1790811747.491774026
shard_end 2 1790811747.493179027
agg_start 0 1790811747.501478679
agg_end 0 1790811747.503049162
