shard_start 1 1790810362.909398534
shard_end 1 1790810362.912436140
shard_start 3 1790810362.917506250
shard_end 3 1790810362.919706130
shard_start 0 1790810362.928834778
shard_end 0 1790810362.932221841
shard_start 4 1790810363.094823893
shard_start 6 1790810363.095004736
shard_start 7 1790810363.095258026
shard_start 5 1790810363.095325809
shard_start 2 1790810363.095751193
shard_end 4 1790810363.097311367
shard_end 5 1790810363.097561383
shard_end 7 1790810363.097779803
shard_end 6 1790810363.097772504
shard_end 2 1790810363.098217377
shard_start 11 1790810363.154231343
shard_end 11 1790810363.157406290
shard_start 9 1790810363.166913531
shard_end 9 1790810363.168932330
shard_start 10 1790810363.203516998
shard_end 10 1790810363.206251107
shard_start 12 1790810363.208540183
shard_end 12 1790810363.210811246
shard_start 14 1790810363.216066664
shard_end 14 1790810363.218603405
shard_start 13 1790810363.220856738
shard_end 13 1790810363.222948803
shard_start 15 1790810363.229388442
shard_end 15 1790810363.232366641
shard_start 8 1790810363.235208334
shard_end 8 1790810363.238078163
shard_start 17 1790810363.313093058
shard_end 17 1790810363.315210778
shard_start 19 1790810363.327653605
shard_end 19 1790810363.329787292
shard_start 18 1790810363.422766803
shard_start 20 1790810363.422775992
shard_start 21 1790810363.422971828
shard_start 16 1790810363.423416511
shard_end 18 1790810363.424827663
shard_end 20 1790810363.425238307
shard_end 21 1790810363.425303869
shard_end 16 1790810363.425468775
shard_start 23 1790810363.479677163
shard_end 23 1790810363.482022654
shard_start 22 1790810363.484027240
shard_end 22 1790810363.510281687
shard_start 25 1790810363.515378380
shard_end 25 1790810363.517746849
shard_start 27 1790810363.520368494
shard_end 27 1790810363.522563209
shard_start 29 1790810363.530742042
shard_end 29 1790810363.533324910
shard_start 26 1790810363.538876239
shard_end 26 1790810363.541355593
shard_start 28 1790810363.554266946
shard_end 28 1790810363.557386651
shard_start 31 1790810363.557475377
shard_end 31 1790810363.560052958
shard_start 24 1790810363.601350106
shard_end 24 1790810363.603724572
shard_start 30 1790810363.607251296
shard_end 30 1790810363.609391608
shard_start 39 1790810366.359608494
shard_end 39 1790810366.361596626
shard_start 36 1790810366.375491712
shard_end 36 1790810366.377766442
shard_start 32 1790810366.383959588
shard_end 32 1790810366.386373978
shard_start 34 1790810366.393079747
shard_end 34 1790810366.395113151
shard_start 33 1790810366.398214646
shard_end 33 1790810366.400837408
shard_start 38 1790810366.405556822
shard_end 38 1790810366.407790655
shard_start 35 1790810366.412699952
shard_end 35 1790810366.415994854
shard_start 37 1790810366.419112837
shard_end 37 1790810366.421417739
shard_start 44 1790810366.473464086
shard_end 44 1790810366.476397357
shard_start 41 1790810366.488496774
shard_end 41 1790810366.491054704
shard_start 47 1790810366.500097717
shard_end 47 1790810366.502927026
shard_start 43 1790810366.543349841
shard_end 43 1790810366.546953896
shard_start 45 1790810366.551385817
shard_end 45 1790810366.553896399
shard_start 42 1790810366.556377583
shard_end 42 1790810366.558693209
shard_start 46 1790810366.563610020
shard_end 46 1790810366.566626578
shard_start 55 1790810366.583163474
shard_end 55 1790810366.585445264
shard_start 48 1790810366.600779976
shard_end 48 1790810366.603038962
shard_start 52 1790810366.614003279
shard_end 52 1790810366.617038494
shard_start 51 1790810366.661621029
shard_end 51 1790810366.664013227
shard_start 49 1790810366.665951721
shard_end 49 1790810366.668270316
shard_start 40 1790810366.686294990
shard_end 40 1790810366.689635231
shard_start 54 1790810366.697890250
shard_end 54 1790810366.701508780
shard_start 50 1790810366.701657634
shard_end 50 1790810366.704739061
shard_start 57 1790810366.719985679
shard_end 57 1790810366.723904840
shard_start 63 1790810366.728858107
shard_end 63 1790810366.731534496
shard_start 60 1790810366.741324302
shard_end 60 1790810366.743764421
shard_start 53 1790810366.791490635
shard_end 53 1790810366.846567635
shard_start 62 1790810366.848593089
shard_start 61 1790810366.849081115
shard_start 59 1790810366.849171533
shard_end 62 1790810366.850841836
shard_end 61 1790810366.851229632
shard_end 59 1790810366.851976748
shard_start 58 1790810366.857929629
shard_end 58 1790810366.860306171
shard_start 56 1790810366.866698633
shard_end 56 1790810366.869241487
shard_start 65 1790810369.444410157
shard_end 65 1790810369.446607561
shard_start 64 1790810369.456313161
shard_end 64 1790810369.458633639
shard_start 71 1790810369.464094849
shard_end 71 1790810369.466220462
shard_start 68 1790810369.473910233
shard_end 68 1790810369.476117979
shard_start 67 1790810369.486892029
shard_end 67 1790810369.489079166
shard_start 70 1790810369.492261619
shard_end 70 1790810369.494412920
shard_start 69 1790810369.503029223
shard_end 69 1790810369.505247506
shard_start 66 1790810369.509115875
shard_end 66 1790810369.511025607
shard_start 73 1790810369.590607411
shard_end 73 1790810369.682455958
shard_start 75 1790810369.686070398
shard_start 77 1790810369.686470680
shard_start 79 1790810369.686470184
shard_start 80 1790810369.686426534
shard_start 76 1790810369.686707366
shard_start 72 1790810369.686607787
shard_start 74 1790810369.686932862
shard_end 75 1790810369.688948588
shard_end 80 1790810369.689002204
shard_end 77 1790810369.689216603
shard_end 79 1790810369.689281214
shard_end 76 1790810369.689387658
shard_end 72 1790810369.689663384
shard_end 74 1790810369.689672623
shard_start 81 1790810369.712332397
shard_end 81 1790810369.715615577
shard_start 78 1790810369.717779638
shard_end 78 1790810369.720345472
shard_start 84 1790810369.770711103
shard_end 84 1790810369.773250787
shard_start 87 1790810369.777523545
shard_end 87 1790810369.779670306
shard_start 88 1790810369.793929331
shard_end 88 1790810369.796178731
shard_start 86 1790810369.799806530
shard_end 86 1790810369.802114659
shard_start 85 1790810369.805468078
shard_end 85 1790810369.807530362
shard_start 83 1790810369.811053049
shard_end 83 1790810369.813279135
shard_start 82 1790810369.825560555
shard_end 82 1790810369.827700616
shard_start 89 1790810369.836732671
shard_end 89 1790810369.838965259
shard_start 92 1790810369.882194530
shard_end 92 1790810369.885359170
shard_start 95 1790810369.892268854
shard_end 95 1790810369.894477473
shard_start 91 1790810369.905547914
shard_end 91 1790810369.907713215
shard_start 93 1790810369.925220723
shard_end 93 1790810369.928325188
shard_start 96 1790810369.929201209
shard_end 96 1790810369.932096292
shard_start 94 1790810369.938405680
shard_end 94 1790810369.940851396
shard_start 90 1790810372.563959635
shard_end 90 1790810372.566072574
shard_start 99 1790810372.574311209
shard_end 99 1790810372.576473407
shard_start 97 1790810372.579897293
shard_end 97 1790810372.581700419
shard_start 98 1790810372.588639785
shard_end 98 1790810372.591256099
agg_start 0 1790810375.360950609
agg_end 0 1790810375.427937645
