shard_start 1 1790811193.293989223
shard_start 4 1790811193.302238448
shard_start 0 1790811193.309360489
shard_start 2 1790811193.318561261
shard_start 5 1790811193.327009070
shard_start 6 1790811193.337531424
shard_start 7 1790811193.342762809
shard_end 1 1790811193.345814984
shard_start 3 1790811193.349010053
shard_end 4 1790811193.354569271
shard_end 0 1790811193.361094763
shard_end 2 1790811193.370981554
shard_end 5 1790811193.379244226
shard_end 6 1790811193.390060351
shard_end 7 1790811193.394511147
shard_end 3 1790811193.401198875
shard_start 9 1790811193.403938844
shard_start 8 1790811193.415449774
shard_end 9 1790811193.456159459
shard_end 8 1790811193.467632587
agg_start 0 1790811196.433100867
agg_end 0 1790811196.435392689
