shard_start 9 1790811796.534775379
shard_start 19 1790811796.536326510
shard_start 12 1790811796.537375984
shard_start 4 1790811796.539660713
shard_start 13 1790811796.541498141
shard_start 10 1790811796.542451023
shard_start 14 1790811796.544900741
shard_start 5 1790811796.545622834
shard_start 0 1790811796.547619194
shard_start 15 1790811796.548447953
shard_start 6 1790811796.551087175
shard_start 1 1790811796.552219071
shard_start 16 1790811796.553807053
shard_start 7 1790811796.555235865
shard_start 2 1790811796.557624692
shard_start 17 1790811796.559022797
shard_start 8 1790811796.560377595
shard_start 3 1790811796.561481443
shard_end 9 1790811796.586656033
shard_end 12 1790811796.589065652
shard_end 19 1790811796.589500873
shard_end 4 1790811796.592224247
shard_end 13 1790811796.593406907
shard_end 10 1790811796.594511594
shard_start 18 1790811796.595851262
shard_end 14 1790811796.596786806
shard_start 11 1790811796.597124979
shard_end 5 1790811796.597288570
shard_end 0 1790811796.599299868
shard_end 15 1790811796.600261007
shard_end 6 1790811796.602869842
shard_end 1 1790811796.603842978
shard_end 16 1790811796.605629201
shard_end 7 1790811796.607035627
shard_end 2 1790811796.609265171
shard_end 17 1790811796.610660944
shard_end 8 1790811796.612588497
shard_end 3 1790811796.613241093
shard_end 18 1790811796.648060878
shard_end 11 1790811796.648762340
agg_start 0 1790811796.658747656
agg_end 0 1790811796.660475766
