shard_start 2 1790811369.875402769
shard_start 0 1790811369.893518841
shard_start 1 1790811369.900775656
shard_start 6 1790811369.913712286
shard_end 2 1790811369.927950411
shard_start 3 1790811369.932378931
shard_start 5 1790811369.943005180
shard_end 0 1790811369.945898297
shard_end 1 1790811369.952786190
shard_start 4 1790811369.956524408
shard_end 6 1790811369.965895957
shard_start 7 1790811369.973424855
shard_end 3 1790811369.984654319
shard_end 5 1790811369.995081677
shard_end 4 1790811370.008708863
shard_end 7 1790811370.025514608
shard_start 10 1790811370.036826194
shard_start 8 1790811370.068459676
shard_end 10 1790811370.089060094
shard_start 9 1790811370.102935562
shard_start 12 1790811370.118950125
shard_end 8 1790811370.120171008
shard_start 13 1790811370.142773986
shard_end 9 1790811370.154995770
shard_start 15 1790811370.155299260
shard_end 12 1790811370.170877893
shard_start 14 1790811370.172695706
shard_start 11 1790811370.182914888
shard_end 13 1790811370.194795476
shard_end 15 1790811370.207380370
shard_start 16 1790811370.220752010
shard_end 14 1790811370.224694339
shard_end 11 1790811370.235286441
shard_start 17 1790811370.246427335
shard_end 16 1790811370.272764651
shard_end 17 1790811370.298492966
shard_start 22 1790811370.373843952
shard_start 20 1790811370.373847225
shard_start 18 1790811370.373947026
shard_start 23 1790811370.374039123
shard_start 21 1790811370.374246440
shard_start 19 1790811370.382745635
shard_start 24 1790811370.407828728
shard_end 20 1790811370.425807240
shard_end 18 1790811370.425807216
shard_end 22 1790811370.425869763
shard_end 23 1790811370.426044762
shard_end 21 1790811370.426348995
shard_end 19 1790811370.434932762
shard_start 26 1790811370.439638744
shard_end 24 1790811370.459894707
shard_start 29 1790811370.462609297
shard_start 25 1790811370.481689305
shard_end 26 1790811370.491753458
shard_start 28 1790811370.509443921
shard_end 29 1790811370.514635993
shard_start 31 1790811370.525304409
shard_end 25 1790811370.534191512
shard_start 27 1790811370.544075862
shard_end 28 1790811370.561634648
shard_start 30 1790811370.564482306
shard_end 31 1790811370.577352648
shard_end 27 1790811370.596414621
shard_end 30 1790811370.617022623
shard_start 37 1790811373.219140036
shard_start 34 1790811373.226721343
shard_start 32 1790811373.240472303
shard_start 33 1790811373.247247199
shard_start 36 1790811373.258149827
shard_end 37 1790811373.270923100
shard_start 35 1790811373.271036601
shard_end 34 1790811373.278591736
shard_start 39 1790811373.280056998
shard_start 38 1790811373.286109681
shard_end 32 1790811373.292419225
shard_end 33 1790811373.299319353
shard_end 36 1790811373.309925323
shard_end 35 1790811373.322847208
shard_end 39 1790811373.331977420
shard_end 38 1790811373.337782075
shard_start 45 1790811373.345069576
shard_start 40 1790811373.352510515
shard_start 42 1790811373.369138739
shard_start 41 1790811373.375324129
shard_start 47 1790811373.391687555
shard_end 45 1790811373.397267300
shard_start 43 1790811373.403674375
shard_end 40 1790811373.404159669
shard_start 44 1790811373.412273696
shard_end 42 1790811373.421892689
shard_start 46 1790811373.422181853
shard_end 41 1790811373.427907273
shard_end 47 1790811373.444305555
shard_end 43 1790811373.455686247
shard_end 44 1790811373.464266364
shard_start 50 1790811373.470436146
shard_start 53 1790811373.472878393
shard_end 46 1790811373.473882639
shard_start 48 1790811373.489268630
shard_start 49 1790811373.498356579
shard_start 55 1790811373.513168556
shard_end 50 1790811373.522349348
shard_end 53 1790811373.524618284
shard_start 52 1790811373.528871657
shard_start 51 1790811373.540116441
shard_end 48 1790811373.541067866
shard_start 54 1790811373.548631860
shard_end 49 1790811373.549980360
shard_end 55 1790811373.565095121
shard_end 52 1790811373.580814539
shard_start 61 1790811373.590545560
shard_end 51 1790811373.592194982
shard_start 58 1790811373.596967374
shard_end 54 1790811373.600317513
shard_start 56 1790811373.612622157
shard_start 63 1790811373.619704856
shard_start 57 1790811373.629470119
shard_start 59 1790811373.641639664
shard_end 61 1790811373.642274182
shard_end 58 1790811373.648770477
shard_start 60 1790811373.653978800
shard_end 56 1790811373.665397893
shard_start 62 1790811373.666423253
shard_end 63 1790811373.671946550
shard_end 57 1790811373.681540423
shard_end 59 1790811373.694007945
shard_end 60 1790811373.706108298
shard_end 62 1790811373.718455258
shard_start 64 1790811376.424888377
shard_start 66 1790811376.435348605
shard_start 69 1790811376.445738166
shard_start 71 1790811376.456399273
shard_start 65 1790811376.464765741
shard_start 68 1790811376.475131650
shard_end 64 1790811376.476644627
shard_start 67 1790811376.481245978
shard_end 66 1790811376.487125865
shard_start 70 1790811376.488519034
shard_end 69 1790811376.498311189
shard_end 71 1790811376.508384451
shard_end 65 1790811376.516928870
shard_end 68 1790811376.527189572
shard_end 67 1790811376.533432771
shard_start 72 1790811376.537175570
shard_end 70 1790811376.540142581
shard_start 74 1790811376.553350268
shard_start 77 1790811376.565311989
shard_start 73 1790811376.580754614
shard_end 72 1790811376.589069206
shard_start 79 1790811376.592116462
shard_end 74 1790811376.606017190
shard_start 75 1790811376.609730923
shard_end 77 1790811376.617265805
shard_start 76 1790811376.617640630
shard_start 78 1790811376.625161597
shard_end 73 1790811376.632859858
shard_end 79 1790811376.644227752
shard_start 80 1790811376.649420542
shard_end 75 1790811376.661714707
shard_start 82 1790811376.663110367
shard_end 76 1790811376.669495439
shard_start 81 1790811376.674498205
shard_end 78 1790811376.678156652
shard_start 85 1790811376.692484630
shard_end 80 1790811376.701409297
shard_start 87 1790811376.704577823
shard_end 82 1790811376.715836387
shard_start 84 1790811376.720915365
shard_end 81 1790811376.726613326
shard_start 83 1790811376.734645058
shard_start 86 1790811376.743685955
shard_end 85 1790811376.745093784
shard_end 87 1790811376.756618602
shard_start 88 1790811376.759996528
shard_end 84 1790811376.772860565
shard_start 90 1790811376.774643390
shard_start 95 1790811376.784964102
shard_end 83 1790811376.786266455
shard_end 86 1790811376.795948330
shard_start 89 1790811376.803823750
shard_end 88 1790811376.812271367
shard_start 93 1790811376.816346349
shard_end 90 1790811376.826782421
shard_end 95 1790811376.836630869
shard_start 92 1790811376.836630902
shard_start 91 1790811376.853737140
shard_end 89 1790811376.855909946
shard_start 94 1790811376.866015415
shard_end 93 1790811376.868016688
shard_end 92 1790811376.888845802
shard_end 91 1790811376.906045514
shard_end 94 1790811376.917756696
shard_start 113 1790811381.008648781
shard_start 107 1790811381.008791234
shard_start 112 1790811381.009312212
shard_start 115 1790811381.009290255
shard_start 122 1790811381.009284488
shard_start 114 1790811381.009363678
shard_start 105 1790811381.009452951
shard_start 103 1790811381.009528976
shard_start 97 1790811381.009503981
shard_start 106 1790811381.009733219
shard_start 108 1790811381.009758492
shard_start 102 1790811381.009987095
shard_start 101 1790811381.010157740
shard_start 104 1790811381.010043152
shard_start 110 1790811381.010163098
shard_start 116 1790811381.010683941
shard_start 99 1790811381.010383547
shard_start 118 1790811381.010833925
shard_start 125 1790811381.010770563
shard_start 123 1790811381.010830423
shard_start 109 1790811381.010965529
shard_start 100 1790811381.011081883
shard_start 121 1790811381.011184545
shard_start 120 1790811381.011168629
shard_start 117 1790811381.010344937
shard_start 127 1790811381.011203451
shard_start 98 1790811381.011281439
shard_start 124 1790811381.011461836
shard_start 126 1790811381.011684024
shard_start 96 1790811381.012030602
shard_start 111 1790811381.012197608
shard_start 119 1790811381.012569685
shard_end 113 1790811381.060978076
shard_end 107 1790811381.061089690
shard_end 112 1790811381.062003439
shard_end 114 1790811381.062136164
shard_end 105 1790811381.062398043
shard_end 106 1790811381.062398039
shard_end 108 1790811381.062409684
shard_end 103 1790811381.062653491
shard_end 115 1790811381.062649001
shard_end 122 1790811381.062714401
shard_end 101 1790811381.062854736
shard_end 97 1790811381.062888129
shard_end 104 1790811381.062901091
shard_end 102 1790811381.063097420
shard_end 123 1790811381.063487371
shard_end 121 1790811381.063521516
shard_end 110 1790811381.063426956
shard_end 118 1790811381.063551286
shard_end 116 1790811381.063792969
shard_end 125 1790811381.063860765
shard_end 100 1790811381.063975785
shard_end 127 1790811381.063903330
shard_end 109 1790811381.063755818
shard_end 99 1790811381.063582173
shard_end 98 1790811381.064503135
shard_end 126 1790811381.064431987
shard_end 120 1790811381.064833388
shard_end 117 1790811381.065253189
shard_end 96 1790811381.065320978
shard_end 119 1790811381.065746585
shard_end 111 1790811381.065909605
shard_end 124 1790811381.064743767
shard_start 130 1790811383.606871811
shard_start 128 1790811383.622023968
shard_start 135 1790811383.632497996
shard_start 129 1790811383.643360026
shard_start 132 1790811383.654746000
shard_end 130 1790811383.658783738
shard_start 134 1790811383.662714560
shard_start 133 1790811383.673715061
shard_end 128 1790811383.674358226
shard_start 131 1790811383.680273322
shard_end 135 1790811383.684552855
shard_end 129 1790811383.695477699
shard_end 132 1790811383.707347408
shard_end 134 1790811383.714794402
shard_start 138 1790811383.721332042
shard_end 133 1790811383.726307403
shard_end 131 1790811383.732377003
shard_start 136 1790811383.737431924
shard_start 137 1790811383.749543377
shard_start 143 1790811383.761057942
shard_end 138 1790811383.773567892
shard_start 140 1790811383.775250177
shard_start 142 1790811383.785411171
shard_end 136 1790811383.789449212
shard_end 137 1790811383.801274251
shard_start 139 1790811383.801705043
shard_start 141 1790811383.808999849
shard_end 143 1790811383.813286729
shard_end 140 1790811383.827464571
shard_start 146 1790811383.833394533
shard_end 142 1790811383.838414517
shard_start 144 1790811383.849154315
shard_end 139 1790811383.854118294
shard_end 141 1790811383.861278806
shard_start 151 1790811383.862443771
shard_start 145 1790811383.874477681
shard_end 146 1790811383.885377551
shard_start 148 1790811383.889091866
shard_end 144 1790811383.901043883
shard_start 150 1790811383.901769019
shard_end 151 1790811383.914857328
shard_end 145 1790811383.926404629
shard_end 148 1790811383.941199756
shard_end 150 1790811383.953838064
shard_start 149 1790811384.705030407
shard_start 147 1790811384.713082699
shard_start 154 1790811384.724234049
shard_start 152 1790811384.731685409
shard_start 159 1790811384.743422306
shard_start 156 1790811384.749963266
shard_end 149 1790811384.757558857
shard_start 153 1790811384.758378397
shard_end 147 1790811384.764801817
shard_start 158 1790811384.764935814
shard_end 154 1790811384.776466431
shard_end 152 1790811384.784316590
shard_end 159 1790811384.795364595
shard_end 156 1790811384.802449826
shard_end 153 1790811384.810312750
shard_end 158 1790811384.816782782
shard_start 157 1790811384.817091425
shard_start 155 1790811384.829363920
shard_end 157 1790811384.869059903
shard_end 155 1790811384.881302634
shard_start 162 1790811386.765886510
shard_start 160 1790811386.774774685
shard_start 167 1790811386.788380499
shard_start 166 1790811386.797568261
shard_start 161 1790811386.805153599
shard_start 164 1790811386.815208129
shard_end 162 1790811386.817459027
shard_start 165 1790811386.826538950
shard_end 160 1790811386.826640360
shard_start 170 1790811386.835842133
shard_end 167 1790811386.840249137
shard_end 166 1790811386.849468342
shard_end 161 1790811386.856842534
shard_end 164 1790811386.866900980
shard_end 165 1790811386.878100857
shard_start 163 1790811386.879266003
shard_end 170 1790811386.887665636
shard_start 175 1790811386.891596241
shard_start 168 1790811386.915116191
shard_start 174 1790811386.922570694
shard_end 163 1790811386.931175832
shard_start 169 1790811386.941337636
shard_end 175 1790811386.943327913
shard_start 173 1790811386.948568312
shard_start 172 1790811386.957209493
shard_end 168 1790811386.966790304
shard_start 178 1790811386.967479373
shard_end 174 1790811386.974692322
shard_start 171 1790811386.991753211
shard_end 169 1790811386.993526669
shard_end 173 1790811387.000489653
shard_start 183 1790811387.004268460
shard_end 172 1790811387.009497316
shard_end 178 1790811387.019360314
shard_start 176 1790811387.039114954
shard_end 171 1790811387.043757144
shard_start 177 1790811387.044139487
shard_end 183 1790811387.055949968
shard_start 182 1790811387.056978578
shard_start 181 1790811387.070736771
shard_end 176 1790811387.091491359
shard_end 177 1790811387.095787171
shard_end 182 1790811387.109121992
shard_end 181 1790811387.122781804
shard_start 186 1790811387.858984191
shard_start 180 1790811387.867318844
shard_start 179 1790811387.880398562
shard_start 184 1790811387.888353713
shard_start 191 1790811387.899499517
shard_start 185 1790811387.908447237
shard_end 186 1790811387.910793223
shard_start 190 1790811387.916753554
shard_end 180 1790811387.919196529
shard_start 194 1790811387.922875001
shard_end 179 1790811387.932358810
shard_end 184 1790811387.940685193
shard_end 191 1790811387.951451664
shard_end 185 1790811387.960303607
shard_end 190 1790811387.968629387
shard_start 189 1790811387.970982646
shard_end 194 1790811387.974804707
shard_start 188 1790811387.985151954
shard_end 189 1790811388.022921397
shard_end 188 1790811388.037602691
shard_start 187 1790811389.933069099
shard_start 192 1790811389.934141035
shard_start 199 1790811389.943697542
shard_start 193 1790811389.955598893
shard_start 198 1790811389.969122680
shard_start 197 1790811389.974337346
shard_end 187 1790811389.985158829
shard_end 192 1790811389.985732234
shard_start 202 1790811389.986086635
shard_start 196 1790811389.992165473
shard_end 199 1790811389.995655485
shard_end 193 1790811390.007839406
shard_end 198 1790811390.021484127
shard_end 197 1790811390.025913959
shard_end 202 1790811390.038148549
shard_start 200 1790811390.040842894
shard_end 196 1790811390.043754868
shard_start 195 1790811390.058495285
shard_start 207 1790811390.071767796
shard_start 201 1790811390.082862361
shard_end 200 1790811390.093161283
shard_start 206 1790811390.101692108
shard_end 195 1790811390.110180965
shard_start 205 1790811390.110450350
shard_start 210 1790811390.119147446
shard_end 207 1790811390.123664161
shard_start 204 1790811390.127380945
shard_end 201 1790811390.135072262
shard_start 208 1790811390.153632720
shard_end 206 1790811390.153727822
shard_end 205 1790811390.162438985
shard_start 203 1790811390.169926332
shard_end 210 1790811390.170911635
shard_end 204 1790811390.179281015
shard_start 215 1790811390.183815759
shard_start 209 1790811390.195240674
shard_end 208 1790811390.205691452
shard_start 214 1790811390.213715704
shard_end 203 1790811390.222272125
shard_start 213 1790811390.225297874
shard_end 215 1790811390.235977770
shard_end 209 1790811390.247144256
shard_end 214 1790811390.265701682
shard_end 213 1790811390.277137504
shard_start 218 1790811391.014965217
shard_start 216 1790811391.026587237
shard_start 212 1790811391.037846925
shard_start 211 1790811391.048738621
shard_start 223 1790811391.060798773
shard_end 218 1790811391.066794122
shard_start 217 1790811391.071366097
shard_end 216 1790811391.078449532
shard_start 222 1790811391.080617139
shard_start 221 1790811391.086587812
shard_end 212 1790811391.090019604
shard_end 211 1790811391.100466385
shard_end 223 1790811391.113335549
shard_end 217 1790811391.123109861
shard_start 226 1790811391.129923858
shard_end 222 1790811391.132257832
shard_end 221 1790811391.138352869
shard_start 224 1790811391.142189970
shard_end 226 1790811391.181720230
shard_end 224 1790811391.194614786
shard_start 220 1790811393.079646847
shard_start 219 1790811393.087131949
shard_start 231 1790811393.097934995
shard_start 230 1790811393.106467778
shard_start 225 1790811393.117986491
shard_start 229 1790811393.126552312
shard_end 220 1790811393.131741952
shard_start 228 1790811393.132751615
shard_end 219 1790811393.139672165
shard_start 227 1790811393.141360315
shard_end 231 1790811393.150334734
shard_end 230 1790811393.158370731
shard_end 225 1790811393.170158746
shard_end 229 1790811393.178594882
shard_end 228 1790811393.184693356
shard_end 227 1790811393.193182220
shard_start 232 1790811393.203397968
shard_start 234 1790811393.210461838
shard_start 239 1790811393.228276799
shard_start 238 1790811393.237237956
shard_end 232 1790811393.256382486
shard_start 233 1790811393.257536671
shard_end 234 1790811393.262823728
shard_start 236 1790811393.267635692
shard_start 237 1790811393.274267725
shard_end 239 1790811393.280220442
shard_start 235 1790811393.283225332
shard_end 238 1790811393.288895495
shard_end 233 1790811393.309453800
shard_end 236 1790811393.319638570
shard_end 237 1790811393.326029670
shard_start 240 1790811393.326959970
shard_start 242 1790811393.330502215
shard_end 235 1790811393.335162716
shard_start 247 1790811393.353359152
shard_start 241 1790811393.359561408
shard_start 246 1790811393.370185943
shard_end 240 1790811393.379137091
shard_end 242 1790811393.382347671
shard_start 245 1790811393.394096213
shard_end 247 1790811393.405943367
shard_end 241 1790811393.411823300
shard_end 246 1790811393.422068344
shard_end 245 1790811393.446428209
shard_start 248 1790811394.163753313
shard_start 243 1790811394.175277473
shard_start 244 1790811394.189451239
shard_start 250 1790811394.199355557
shard_start 255 1790811394.209429791
shard_end 248 1790811394.215693254
shard_start 254 1790811394.219526243
shard_start 249 1790811394.225504345
shard_end 243 1790811394.226848242
shard_start 253 1790811394.233641773
shard_end 244 1790811394.241278864
shard_end 250 1790811394.251068647
shard_end 255 1790811394.261264420
shard_end 254 1790811394.271363215
shard_end 249 1790811394.277794889
shard_start 252 1790811394.278968077
shard_end 253 1790811394.285821018
shard_start 256 1790811394.289873981
shard_end 252 1790811394.331777143
shard_end 256 1790811394.341823763
shard_start 251 1790811399.163933065
shard_start 263 1790811399.167563129
shard_start 258 1790811399.179068075
shard_start 262 1790811399.191630041
shard_start 257 1790811399.197567861
shard_start 261 1790811399.206472673
shard_start 260 1790811399.212932144
shard_end 251 1790811399.215956506
shard_end 263 1790811399.219856192
shard_start 264 1790811399.221046375
shard_end 258 1790811399.231593579
shard_end 262 1790811399.243569326
shard_end 257 1790811399.249590614
shard_end 261 1790811399.258730834
shard_end 260 1790811399.265107664
shard_start 259 1790811399.270931258
shard_end 264 1790811399.272822601
shard_start 266 1790811399.286239012
shard_start 271 1790811399.298431442
shard_start 270 1790811399.316003543
shard_start 265 1790811399.322293371
shard_end 259 1790811399.322685882
shard_end 266 1790811399.338422687
shard_start 272 1790811399.342462584
shard_start 268 1790811399.350213155
shard_end 271 1790811399.350381800
shard_start 269 1790811399.355563351
shard_end 270 1790811399.367981964
shard_end 265 1790811399.374732534
shard_start 274 1790811399.385062803
shard_end 272 1790811399.394828294
shard_start 267 1790811399.396312358
shard_end 268 1790811399.402588047
shard_end 269 1790811399.407359011
shard_start 279 1790811399.410552935
shard_end 274 1790811399.437305250
shard_start 273 1790811399.438385510
shard_start 278 1790811399.443717608
shard_end 267 1790811399.448371500
shard_start 277 1790811399.454079521
shard_end 279 1790811399.462575950
shard_end 273 1790811399.490507680
shard_end 278 1790811399.495513507
shard_end 277 1790811399.506098566
shard_start 275 1790811400.246973915
shard_start 280 1790811400.255063166
shard_start 276 1790811400.267886999
shard_start 282 1790811400.275183573
shard_start 287 1790811400.282361786
shard_start 286 1790811400.290955807
shard_end 275 1790811400.298808492
shard_start 281 1790811400.299112403
shard_start 283 1790811400.305613482
shard_end 280 1790811400.306699740
shard_end 276 1790811400.320166651
shard_end 282 1790811400.326995002
shard_end 287 1790811400.334446467
shard_end 286 1790811400.342817189
shard_end 281 1790811400.351213794
shard_end 283 1790811400.357718702
shard_start 285 1790811400.360613524
shard_start 288 1790811400.372661930
shard_end 285 1790811400.412579168
shard_end 288 1790811400.424616206
shard_start 295 1790811402.303498700
shard_start 284 1790811402.315102372
shard_start 290 1790811402.323708469
shard_start 294 1790811402.335719174
shard_start 289 1790811402.345444037
shard_start 293 1790811402.356332734
shard_end 295 1790811402.356332821
shard_start 296 1790811402.363672798
shard_end 284 1790811402.368523183
shard_start 291 1790811402.370593514
shard_end 290 1790811402.376354058
shard_end 294 1790811402.389146081
shard_end 289 1790811402.398009081
shard_end 293 1790811402.408727464
shard_start 303 1790811402.414009757
shard_end 296 1790811402.416138228
shard_end 291 1790811402.422774589
shard_start 292 1790811402.427793344
shard_start 298 1790811402.443032043
shard_start 302 1790811402.453933224
shard_end 303 1790811402.466897728
shard_start 297 1790811402.468313102
shard_end 292 1790811402.480030191
shard_start 301 1790811402.480430061
shard_start 304 1790811402.491308354
shard_end 298 1790811402.494986165
shard_start 300 1790811402.499376237
shard_end 302 1790811402.505860208
shard_end 297 1790811402.520890197
shard_start 311 1790811402.525371862
shard_end 301 1790811402.532978291
shard_start 306 1790811402.542421449
shard_end 304 1790811402.543656514
shard_end 300 1790811402.551497980
shard_start 299 1790811402.553345325
shard_start 310 1790811402.565938224
shard_end 311 1790811402.577644405
shard_start 305 1790811402.578947943
shard_start 309 1790811402.594292613
shard_end 306 1790811402.594637112
shard_end 299 1790811402.605748157
shard_end 310 1790811402.618298338
shard_end 305 1790811402.631424789
shard_end 309 1790811402.647054610
shard_start 312 1790811403.513182056
shard_start 320 1790811403.514524971
shard_start 308 1790811403.514524527
shard_start 319 1790811403.514601123
shard_start 316 1790811403.514665076
shard_start 314 1790811403.514695961
shard_start 318 1790811403.514908120
shard_start 313 1790811403.514963579
shard_start 307 1790811403.514989493
shard_start 317 1790811403.525760093
shard_end 312 1790811403.565373925
shard_end 319 1790811403.566628447
shard_end 308 1790811403.566834911
shard_end 314 1790811403.566803325
shard_end 320 1790811403.566959374
shard_end 313 1790811403.567415326
shard_end 316 1790811403.567353421
shard_end 307 1790811403.567379318
shard_end 318 1790811403.567417346
shard_end 317 1790811403.577996658
shard_start 322 1790811405.538593675
shard_start 315 1790811405.547820167
shard_start 327 1790811405.560493517
shard_start 326 1790811405.567401752
shard_start 321 1790811405.579087883
shard_start 328 1790811405.589481510
shard_end 322 1790811405.590586621
shard_end 315 1790811405.600092724
shard_start 324 1790811405.601865657
shard_start 325 1790811405.611523182
shard_end 327 1790811405.612764203
shard_end 326 1790811405.619343753
shard_end 321 1790811405.630818242
shard_end 328 1790811405.642422327
shard_end 324 1790811405.653529603
shard_start 330 1790811405.654967357
shard_end 325 1790811405.664051933
shard_start 323 1790811405.667764242
shard_start 335 1790811405.690338195
shard_start 334 1790811405.695792922
shard_end 330 1790811405.706987143
shard_end 323 1790811405.720126335
shard_start 336 1790811405.721017684
shard_start 329 1790811405.731101077
shard_end 335 1790811405.742726199
shard_start 333 1790811405.743755457
shard_end 334 1790811405.747722468
shard_start 332 1790811405.753897198
shard_start 338 1790811405.769449327
shard_end 336 1790811405.773689224
shard_end 329 1790811405.784159967
shard_start 331 1790811405.784888772
shard_end 333 1790811405.796184802
shard_start 343 1790811405.805450705
shard_end 332 1790811405.806201322
shard_start 337 1790811405.817706833
shard_end 338 1790811405.821803528
shard_end 331 1790811405.837689564
shard_start 342 1790811405.851882549
shard_end 343 1790811405.858669198
shard_start 344 1790811405.860529348
shard_end 337 1790811405.870389342
shard_end 342 1790811405.904213239
shard_end 344 1790811405.913766496
shard_start 340 1790811406.633790169
shard_start 341 1790811406.644122473
shard_start 351 1790811406.657652926
shard_start 339 1790811406.669936847
shard_start 346 1790811406.685001940
shard_end 340 1790811406.685574436
shard_start 350 1790811406.695135373
shard_end 341 1790811406.696309842
shard_start 345 1790811406.702428636
shard_end 351 1790811406.709721808
shard_start 352 1790811406.710765111
shard_end 339 1790811406.722351378
shard_end 346 1790811406.736893791
shard_end 350 1790811406.747197578
shard_start 349 1790811406.748675747
shard_end 345 1790811406.754594415
shard_end 352 1790811406.762690904
shard_start 348 1790811406.763945336
shard_end 349 1790811406.801003610
shard_end 348 1790811406.815793674
shard_start 354 1790811408.738462006
shard_start 359 1790811408.738598519
shard_start 358 1790811408.738858663
shard_start 347 1790811408.738885080
shard_start 360 1790811408.747297272
shard_start 353 1790811408.753285036
shard_start 357 1790811408.760026247
shard_start 367 1790811408.766552739
shard_end 359 1790811408.790747348
shard_end 358 1790811408.790789225
shard_end 347 1790811408.790827727
shard_end 354 1790811408.790989477
shard_end 360 1790811408.799348081
shard_end 353 1790811408.805314374
shard_end 357 1790811408.811942299
shard_start 356 1790811408.817466989
shard_end 367 1790811408.818492990
shard_start 355 1790811408.833152234
shard_start 362 1790811408.844897339
shard_start 366 1790811408.857045848
shard_end 356 1790811408.869665896
shard_start 361 1790811408.880506299
shard_end 355 1790811408.885092055
shard_start 368 1790811408.887829222
shard_start 365 1790811408.896090203
shard_end 362 1790811408.897225398
shard_start 375 1790811408.905670453
shard_end 366 1790811408.909296777
shard_start 370 1790811408.930045684
shard_end 361 1790811408.932364003
shard_end 368 1790811408.939771219
shard_start 364 1790811408.944685870
shard_end 365 1790811408.948186096
shard_end 375 1790811408.957504673
shard_start 363 1790811408.958130538
shard_start 374 1790811408.970512704
shard_end 370 1790811408.982067628
shard_end 364 1790811408.996720195
shard_start 376 1790811409.005343162
shard_end 363 1790811409.010298040
shard_start 369 1790811409.014275602
shard_end 374 1790811409.023059545
shard_end 376 1790811409.057439250
shard_end 369 1790811409.066680613
shard_start 373 1790811409.791609972
shard_start 383 1790811409.803102815
shard_start 378 1790811409.814124878
shard_start 372 1790811409.826272874
shard_start 371 1790811409.835009884
shard_start 382 1790811409.843121054
shard_end 373 1790811409.843432892
shard_start 377 1790811409.851521043
shard_end 383 1790811409.855211447
shard_start 381 1790811409.856944866
shard_end 378 1790811409.866190861
shard_end 372 1790811409.879199275
shard_end 371 1790811409.887510033
shard_end 382 1790811409.895395747
shard_end 377 1790811409.903956812
shard_start 384 1790811409.905116686
shard_end 381 1790811409.909245364
shard_start 391 1790811409.918385760
shard_end 384 1790811409.957589357
shard_end 391 1790811409.971165510
shard_start 380 1790811411.863497182
shard_start 386 1790811411.874414477
shard_start 379 1790811411.883417293
shard_start 390 1790811411.898933354
shard_start 385 1790811411.910832119
shard_end 380 1790811411.915432617
shard_start 392 1790811411.919080430
shard_end 386 1790811411.926321694
shard_start 389 1790811411.931390198
shard_end 379 1790811411.935180461
shard_start 388 1790811411.939542579
shard_end 390 1790811411.950764011
shard_end 385 1790811411.962665344
shard_end 392 1790811411.971276968
shard_start 399 1790811411.979473340
shard_end 389 1790811411.983142864
shard_start 394 1790811411.990859237
shard_end 388 1790811411.991375840
shard_start 387 1790811412.004884901
shard_start 398 1790811412.019772433
shard_end 399 1790811412.032012871
shard_end 394 1790811412.043932942
shard_start 393 1790811412.047325058
shard_start 400 1790811412.053795534
shard_end 387 1790811412.057603993
shard_start 397 1790811412.067288590
shard_end 398 1790811412.072435735
shard_start 407 1790811412.076970984
shard_start 396 1790811412.095055035
shard_end 393 1790811412.100383365
shard_end 400 1790811412.105873642
shard_start 402 1790811412.107958361
shard_end 397 1790811412.119637193
shard_start 395 1790811412.125542310
shard_end 407 1790811412.129517643
shard_start 406 1790811412.138769662
shard_end 396 1790811412.147335723
shard_start 401 1790811412.159717968
shard_end 402 1790811412.160427274
shard_start 408 1790811412.174134659
shard_end 395 1790811412.178040574
shard_end 406 1790811412.191312732
shard_end 401 1790811412.211633740
shard_end 408 1790811412.226199189
shard_start 405 1790811412.967635861
shard_start 404 1790811412.975793168
shard_start 415 1790811412.986743349
shard_start 403 1790811412.995178614
shard_start 410 1790811413.005952986
shard_start 409 1790811413.016976338
shard_end 405 1790811413.020365673
shard_start 414 1790811413.024879185
shard_end 404 1790811413.027617966
shard_start 416 1790811413.032572567
shard_end 415 1790811413.038838627
shard_end 403 1790811413.046875938
shard_end 410 1790811413.058264342
shard_end 409 1790811413.069513251
shard_end 414 1790811413.076775535
shard_end 416 1790811413.084716504
shard_start 413 1790811413.094005685
shard_start 412 1790811413.100516276
shard_end 413 1790811413.146051713
shard_end 412 1790811413.152344283
shard_start 422 1790811415.174703062
shard_start 423 1790811415.175186223
shard_start 419 1790811415.175248034
shard_start 411 1790811415.175433252
shard_start 424 1790811415.175912608
shard_start 417 1790811415.175948023
shard_start 418 1790811415.176076891
shard_start 426 1790811415.176107443
shard_start 431 1790811415.176479092
shard_start 421 1790811415.176719925
shard_start 420 1790811415.177158764
shard_start 425 1790811415.191951256
shard_start 430 1790811415.198504183
shard_start 432 1790811415.223704992
shard_end 422 1790811415.226897364
shard_end 423 1790811415.226949307
shard_end 419 1790811415.227041591
shard_end 411 1790811415.227608070
shard_end 426 1790811415.228186585
shard_end 431 1790811415.228328955
shard_end 424 1790811415.228362971
shard_end 418 1790811415.228371560
shard_end 417 1790811415.228701528
shard_end 420 1790811415.228969056
shard_end 421 1790811415.229271482
shard_start 428 1790811415.230236850
shard_start 439 1790811415.236161846
shard_end 425 1790811415.243784858
shard_end 430 1790811415.251555303
shard_start 429 1790811415.262557187
shard_end 432 1790811415.275597389
shard_start 434 1790811415.277999368
shard_end 428 1790811415.282299511
shard_end 439 1790811415.288166204
shard_start 427 1790811415.294971527
shard_end 429 1790811415.314588786
shard_start 433 1790811415.316889500
shard_start 438 1790811415.324602234
shard_end 434 1790811415.329952863
shard_end 427 1790811415.346576734
shard_start 440 1790811415.348181263
shard_end 433 1790811415.368930196
shard_end 438 1790811415.376931499
shard_end 440 1790811415.400440804
shard_start 447 1790811416.195360543
shard_start 437 1790811416.206959950
shard_start 442 1790811416.216727427
shard_start 436 1790811416.228592781
shard_start 435 1790811416.238139877
shard_end 447 1790811416.247189394
shard_start 441 1790811416.249014332
shard_start 448 1790811416.257117989
shard_end 437 1790811416.258659741
shard_start 446 1790811416.264991143
shard_end 442 1790811416.268664741
shard_end 436 1790811416.280620862
shard_end 435 1790811416.290402661
shard_end 441 1790811416.300819101
shard_start 455 1790811416.308377347
shard_end 448 1790811416.309459798
shard_end 446 1790811416.317416598
shard_start 450 1790811416.321602162
shard_end 455 1790811416.360412898
shard_end 450 1790811416.374320720
shard_start 445 1790811418.261041961
shard_start 444 1790811418.271076483
shard_start 443 1790811418.279130718
shard_start 456 1790811418.287674321
shard_start 454 1790811418.295327958
shard_start 463 1790811418.305843810
shard_end 445 1790811418.312843902
shard_start 449 1790811418.313929360
shard_start 458 1790811418.319746089
shard_end 444 1790811418.322811189
shard_end 443 1790811418.331010783
shard_end 456 1790811418.339399565
shard_end 454 1790811418.347162766
shard_end 463 1790811418.358035709
shard_end 449 1790811418.366286320
shard_end 458 1790811418.371438607
shard_start 453 1790811418.374538140
shard_start 452 1790811418.386987415
shard_start 464 1790811418.408234338
shard_start 471 1790811418.413719476
shard_end 453 1790811418.426736851
shard_end 452 1790811418.438692676
shard_start 457 1790811418.439262066
shard_start 451 1790811418.450704669
shard_start 462 1790811418.456961144
shard_end 464 1790811418.459882843
shard_start 466 1790811418.463203712
shard_end 471 1790811418.465335851
shard_start 461 1790811418.487474347
shard_end 457 1790811418.491196216
shard_start 460 1790811418.499093117
shard_end 451 1790811418.502422100
shard_end 462 1790811418.509430470
shard_end 466 1790811418.514971712
shard_start 479 1790811418.534776864
shard_start 472 1790811418.538673220
shard_end 461 1790811418.539756086
shard_end 460 1790811418.551272742
shard_start 465 1790811418.551827167
shard_start 459 1790811418.571005614
shard_end 479 1790811418.587366307
shard_end 472 1790811418.590357726
shard_end 465 1790811418.604015061
shard_end 459 1790811418.622992799
shard_start 470 1790811419.468623385
shard_start 474 1790811419.469478729
shard_start 468 1790811419.469749933
shard_start 487 1790811419.469727353
shard_start 480 1790811419.469870260
shard_start 467 1790811419.469883807
shard_start 469 1790811419.469959532
shard_start 478 1790811419.470154504
shard_start 473 1790811419.470573135
shard_start 482 1790811419.481054639
shard_end 470 1790811419.521357833
shard_end 467 1790811419.521920522
shard_end 487 1790811419.521996146
shard_end 480 1790811419.522156793
shard_end 478 1790811419.522135256
shard_end 468 1790811419.522168311
shard_end 474 1790811419.522252413
shard_end 469 1790811419.522393618
shard_end 473 1790811419.522539552
shard_end 482 1790811419.533581743
shard_start 488 1790811421.495896205
shard_start 481 1790811421.507401845
shard_start 475 1790811421.513941126
shard_start 476 1790811421.526106661
shard_start 495 1790811421.539453809
shard_start 477 1790811421.546124501
shard_end 488 1790811421.548411135
shard_start 486 1790811421.554428759
shard_end 481 1790811421.559979873
shard_start 490 1790811421.563119918
shard_end 475 1790811421.565951093
shard_end 476 1790811421.578830608
shard_end 495 1790811421.591426781
shard_end 477 1790811421.598091273
shard_end 486 1790811421.606614147
shard_start 496 1790811421.607357349
shard_end 490 1790811421.615010715
shard_start 489 1790811421.632120910
shard_start 484 1790811421.637621518
shard_start 483 1790811421.649870477
shard_end 496 1790811421.660224647
shard_start 494 1790811421.669454243
shard_start 485 1790811421.676485920
shard_end 489 1790811421.684151796
shard_start 498 1790811421.687110938
shard_end 484 1790811421.690268276
shard_start 497 1790811421.695698486
shard_end 483 1790811421.702209336
shard_start 492 1790811421.721627710
shard_end 494 1790811421.721694408
shard_end 485 1790811421.728525390
shard_end 498 1790811421.739147130
shard_end 497 1790811421.747583311
shard_start 493 1790811421.752021372
shard_start 491 1790811421.759727129
shard_end 492 1790811421.773552672
shard_start 499 1790811421.774356518
shard_end 493 1790811421.804055480
shard_end 491 1790811421.811710462
shard_end 499 1790811421.826818131
agg_start 0 1790811424.075927286
agg_end 0 1790811424.083117224
