shard_start 327 1790811771.663545458
shard_start 447 1790811771.665099939
shard_start 0 1790811771.666272029
shard_start 128 1790811771.667784143
shard_start 184 1790811771.669762270
shard_start 296 1790811771.670682653
shard_start 408 1790811771.671950081
shard_start 129 1790811771.673708914
shard_start 185 1790811771.674885331
shard_start 297 1790811771.676508418
shard_start 409 1790811771.677699566
shard_start 298 1790811771.679364885
shard_start 130 1790811771.680734586
shard_start 186 1790811771.682002168
shard_start 410 1790811771.683970755
shard_start 131 1790811771.685570558
shard_start 187 1790811771.687919069
shard_end 327 1790811771.715519071
shard_end 447 1790811771.717183454
shard_end 0 1790811771.718191359
shard_end 128 1790811771.719618995
shard_start 299 1790811771.720863069
shard_start 411 1790811771.721516963
shard_end 184 1790811771.721551669
shard_end 296 1790811771.722546716
shard_start 132 1790811771.722909669
shard_end 408 1790811771.723616643
shard_start 188 1790811771.724359946
shard_end 129 1790811771.725765460
shard_start 300 1790811771.726400491
shard_end 185 1790811771.726756264
shard_start 412 1790811771.727785700
shard_end 297 1790811771.727987541
shard_start 133 1790811771.729489993
shard_start 189 1790811771.730435223
shard_end 409 1790811771.730435600
shard_end 298 1790811771.731320407
shard_start 301 1790811771.732492761
shard_end 130 1790811771.732625254
shard_end 186 1790811771.733565782
shard_start 413 1790811771.734965182
shard_end 410 1790811771.735689098
shard_start 134 1790811771.735901645
shard_end 131 1790811771.737247581
shard_start 190 1790811771.737541126
shard_start 302 1790811771.738758006
shard_end 187 1790811771.739688359
shard_start 414 1790811771.740598072
shard_start 135 1790811771.741994065
shard_start 56 1790811771.766198922
shard_start 183 1790811771.767686963
shard_start 295 1790811771.768275126
shard_start 407 1790811771.769571203
shard_start 191 1790811771.771040478
shard_start 303 1790811771.772475836
shard_end 299 1790811771.772615820
shard_end 411 1790811771.773353742
shard_start 415 1790811771.773754912
shard_end 132 1790811771.774473800
shard_start 136 1790811771.774908425
shard_end 188 1790811771.776404898
shard_start 192 1790811771.777006937
shard_start 304 1790811771.778111092
shard_end 300 1790811771.778203686
shard_end 412 1790811771.779534216
shard_start 416 1790811771.780796430
shard_start 137 1790811771.781351195
shard_end 133 1790811771.782361221
shard_end 189 1790811771.782640175
shard_start 193 1790811771.783223134
shard_end 301 1790811771.785009151
shard_start 305 1790811771.785133456
shard_start 417 1790811771.786228044
shard_end 413 1790811771.786795578
shard_end 134 1790811771.787944552
shard_start 138 1790811771.788594742
shard_end 190 1790811771.789259964
shard_start 194 1790811771.789610597
shard_end 302 1790811771.790659506
shard_end 414 1790811771.792169258
shard_end 135 1790811771.793721068
shard_start 335 1790811771.812210868
shard_start 125 1790811771.813673021
shard_start 294 1790811771.814599796
shard_start 406 1790811771.816745237
shard_start 127 1790811771.817960433
shard_end 56 1790811771.817943925
shard_start 306 1790811771.819370229
shard_end 183 1790811771.819937619
shard_end 295 1790811771.820236451
shard_start 418 1790811771.820766158
shard_end 407 1790811771.821640631
shard_start 139 1790811771.821744330
shard_end 191 1790811771.822754623
shard_start 195 1790811771.824437047
shard_end 303 1790811771.824477301
shard_start 307 1790811771.825164288
shard_end 415 1790811771.825988839
shard_end 136 1790811771.826561259
shard_end 192 1790811771.829398534
shard_end 304 1790811771.830502663
shard_end 416 1790811771.832608754
shard_end 137 1790811771.833492737
shard_end 193 1790811771.835690031
shard_end 305 1790811771.837414020
shard_end 417 1790811771.838199766
shard_end 138 1790811771.840540649
shard_end 194 1790811771.841663439
shard_start 224 1790811771.851475160
shard_start 124 1790811771.852161776
shard_start 181 1790811771.852881170
shard_start 293 1790811771.855014345
shard_start 405 1790811771.856755796
shard_start 126 1790811771.857007774
shard_start 182 1790811771.859132938
shard_start 419 1790811771.859855442
shard_start 140 1790811771.861605498
shard_end 335 1790811771.864213462
shard_start 196 1790811771.864552403
shard_end 125 1790811771.865550503
shard_end 294 1790811771.867215079
shard_end 406 1790811771.868558396
shard_end 127 1790811771.869745534
shard_end 306 1790811771.871614885
shard_end 418 1790811771.873012757
shard_end 139 1790811771.874196493
shard_end 307 1790811771.877031614
shard_end 195 1790811771.876993288
shard_start 223 1790811771.889676195
shard_start 290 1790811771.890020202
shard_start 179 1790811771.892559644
shard_start 291 1790811771.892763445
shard_start 403 1790811771.894349407
shard_start 180 1790811771.895934919
shard_start 292 1790811771.897398217
shard_start 404 1790811771.899078199
shard_start 308 1790811771.900611423
shard_start 420 1790811771.902042344
shard_end 224 1790811771.903460847
shard_start 141 1790811771.903504066
shard_end 124 1790811771.903906373
shard_end 181 1790811771.904780121
shard_start 197 1790811771.904971993
shard_end 293 1790811771.906805945
shard_end 126 1790811771.908625380
shard_end 405 1790811771.909096979
shard_end 182 1790811771.910820973
shard_end 419 1790811771.911699208
shard_end 140 1790811771.914096455
shard_end 196 1790811771.916394503
shard_start 55 1790811771.927910251
shard_start 121 1790811771.929483920
shard_start 178 1790811771.930572523
shard_start 402 1790811771.931864170
shard_start 123 1790811771.934032272
shard_start 309 1790811771.934379096
shard_start 421 1790811771.935991846
shard_start 142 1790811771.938048739
shard_start 198 1790811771.938631334
shard_start 310 1790811771.940224547
shard_end 223 1790811771.941432284
shard_end 290 1790811771.942043264
shard_end 179 1790811771.944825204
shard_end 291 1790811771.944916592
shard_end 403 1790811771.946071458
shard_end 180 1790811771.947963034
shard_end 292 1790811771.949173123
shard_end 404 1790811771.950669631
shard_end 308 1790811771.952230297
shard_end 420 1790811771.953674454
shard_end 141 1790811771.955169329
shard_end 197 1790811771.956801797
shard_start 446 1790811771.962044741
shard_start 336 1790811771.963592243
shard_start 177 1790811771.964264700
shard_start 289 1790811771.965405760
shard_start 401 1790811771.966803475
shard_start 122 1790811771.968040230
shard_start 422 1790811771.969429776
shard_start 143 1790811771.971010982
shard_start 199 1790811771.971939701
shard_end 55 1790811771.980001976
shard_end 121 1790811771.981207580
shard_end 178 1790811771.982805165
shard_end 402 1790811771.983517648
shard_end 123 1790811771.985817789
shard_end 309 1790811771.986094495
shard_end 421 1790811771.987664548
shard_end 198 1790811771.990284790
shard_end 142 1790811771.990385460
shard_end 310 1790811771.991863001
shard_end 446 1790811772.014120322
shard_end 177 1790811772.016079323
shard_end 336 1790811772.016120069
shard_end 289 1790811772.017605578
shard_end 401 1790811772.018476952
shard_end 122 1790811772.020232315
shard_end 422 1790811772.021172498
shard_end 143 1790811772.023255527
shard_end 199 1790811772.023642504
shard_start 334 1790811772.756230316
shard_start 448 1790811772.757255982
shard_start 284 1790811772.758687892
shard_start 396 1790811772.760584626
shard_start 117 1790811772.762040119
shard_start 173 1790811772.763355722
shard_start 285 1790811772.764196362
shard_start 397 1790811772.766480521
shard_start 118 1790811772.766722757
shard_start 174 1790811772.769251957
shard_start 286 1790811772.771070630
shard_start 398 1790811772.771688614
shard_start 119 1790811772.773282590
shard_start 175 1790811772.775145046
shard_start 287 1790811772.776432463
shard_start 399 1790811772.779060412
shard_start 120 1790811772.780188882
shard_start 176 1790811772.781549910
shard_start 288 1790811772.783847885
shard_start 400 1790811772.784808997
shard_start 423 1790811772.788005769
shard_start 311 1790811772.788319050
shard_start 144 1790811772.790112352
shard_start 200 1790811772.792276290
shard_start 312 1790811772.793969971
shard_start 203 1790811772.796866820
shard_start 428 1790811772.798679595
shard_start 149 1790811772.799560092
shard_start 205 1790811772.801394244
shard_start 317 1790811772.804335699
shard_start 429 1790811772.806792410
shard_start 150 1790811772.807122027
shard_end 334 1790811772.808699632
shard_end 448 1790811772.808993512
shard_end 284 1790811772.810545175
shard_end 396 1790811772.812983758
shard_end 117 1790811772.814385212
shard_end 173 1790811772.815280284
shard_end 285 1790811772.815853804
shard_end 118 1790811772.818716338
shard_end 397 1790811772.818777779
shard_end 174 1790811772.821948946
shard_end 286 1790811772.823055316
shard_end 398 1790811772.823695429
shard_end 119 1790811772.825772098
shard_end 175 1790811772.827433350
shard_end 287 1790811772.828447236
shard_start 482 1790811772.830336182
shard_end 399 1790811772.830932034
shard_end 120 1790811772.832128151
shard_end 176 1790811772.833945101
shard_end 288 1790811772.836237279
shard_end 400 1790811772.836958451
shard_end 311 1790811772.840233327
shard_end 423 1790811772.840239298
shard_end 144 1790811772.841864684
shard_end 200 1790811772.844613071
shard_end 312 1790811772.845644547
shard_end 203 1790811772.848898796
shard_end 428 1790811772.851108008
shard_end 149 1790811772.851713513
shard_start 222 1790811772.853093719
shard_end 205 1790811772.853191346
shard_start 394 1790811772.854306173
shard_start 115 1790811772.855932474
shard_end 317 1790811772.856072183
shard_start 171 1790811772.856513776
shard_start 283 1790811772.858588239
shard_end 429 1790811772.858697491
shard_end 150 1790811772.859223134
shard_start 395 1790811772.860254703
shard_start 116 1790811772.861611640
shard_start 172 1790811772.862890055
shard_start 424 1790811772.864903747
shard_start 145 1790811772.865878169
shard_start 201 1790811772.868016310
shard_start 313 1790811772.869384127
shard_start 425 1790811772.870361465
shard_end 482 1790811772.883105966
shard_start 54 1790811772.891837409
shard_start 112 1790811772.893367726
shard_start 168 1790811772.894701098
shard_start 280 1790811772.895861621
shard_start 392 1790811772.897595200
shard_start 113 1790811772.899517555
shard_start 169 1790811772.900584873
shard_start 281 1790811772.902028544
shard_start 393 1790811772.904408064
shard_start 114 1790811772.904776558
shard_end 222 1790811772.905129377
shard_start 170 1790811772.906204778
shard_end 394 1790811772.906331036
shard_end 171 1790811772.908911111
shard_end 115 1790811772.908862514
shard_start 282 1790811772.909408530
shard_end 283 1790811772.910702987
shard_start 146 1790811772.911222171
shard_end 395 1790811772.911900908
shard_end 116 1790811772.913415259
shard_start 202 1790811772.913375532
shard_end 172 1790811772.915154370
shard_start 314 1790811772.915615532
shard_end 424 1790811772.916739392
shard_start 426 1790811772.916827642
shard_end 145 1790811772.917937557
shard_start 147 1790811772.918569055
shard_end 201 1790811772.919829065
shard_start 315 1790811772.920736072
shard_end 313 1790811772.925040712
shard_end 425 1790811772.924996232
shard_end 54 1790811772.943727307
shard_start 445 1790811772.944181636
shard_start 326 1790811772.944113684
shard_end 112 1790811772.945244885
shard_start 111 1790811772.945248222
shard_end 168 1790811772.947467601
shard_end 280 1790811772.947619878
shard_start 167 1790811772.947815060
shard_start 279 1790811772.949248779
shard_end 392 1790811772.950232457
shard_start 391 1790811772.950893263
shard_start 427 1790811772.951454790
shard_end 113 1790811772.951762219
shard_end 169 1790811772.952923182
shard_start 148 1790811772.953104518
shard_end 281 1790811772.954226163
shard_start 204 1790811772.954522120
shard_start 316 1790811772.956122318
shard_end 393 1790811772.956359416
shard_end 114 1790811772.956983940
shard_end 170 1790811772.958085609
shard_start 206 1790811772.958906158
shard_end 282 1790811772.961706740
shard_end 146 1790811772.963396569
shard_end 202 1790811772.965311332
shard_end 314 1790811772.968013826
shard_end 426 1790811772.968905355
shard_end 147 1790811772.970376336
shard_end 315 1790811772.972932086
shard_start 215 1790811772.980153675
shard_start 389 1790811772.982460281
shard_start 110 1790811772.983428276
shard_start 166 1790811772.985111443
shard_start 278 1790811772.986479545
shard_start 390 1790811772.987390416
shard_start 318 1790811772.988827181
shard_start 430 1790811772.990823231
shard_start 151 1790811772.992093269
shard_start 207 1790811772.993341183
shard_start 319 1790811772.995119851
shard_end 326 1790811772.995963096
shard_end 445 1790811772.996943788
shard_end 111 1790811772.997107997
shard_end 167 1790811772.999906665
shard_end 279 1790811773.001086837
shard_end 391 1790811773.002709838
shard_end 427 1790811773.003415682
shard_end 148 1790811773.004864853
shard_end 204 1790811773.007021391
shard_end 316 1790811773.007933424
shard_end 206 1790811773.010920709
shard_start 57 1790811773.020298375
shard_start 276 1790811773.020769572
shard_start 388 1790811773.022814220
shard_start 109 1790811773.024222618
shard_start 165 1790811773.026346203
shard_start 277 1790811773.027662353
shard_start 431 1790811773.028619353
shard_start 152 1790811773.030164515
shard_end 215 1790811773.031875574
shard_start 208 1790811773.031993134
shard_start 320 1790811773.033702292
shard_end 389 1790811773.034287435
shard_end 110 1790811773.035580566
shard_end 166 1790811773.036899431
shard_end 278 1790811773.038650262
shard_end 390 1790811773.039690503
shard_end 318 1790811773.040951168
shard_end 430 1790811773.042946097
shard_end 151 1790811773.043742278
shard_end 207 1790811773.044956285
shard_end 319 1790811773.046762971
shard_start 100 1790811773.054992047
shard_start 324 1790811773.055953941
shard_start 16 1790811773.058578882
shard_start 72 1790811773.058694543
shard_end 276 1790811773.072700955
shard_end 57 1790811773.072756531
shard_end 388 1790811773.075386032
shard_end 109 1790811773.075954587
shard_end 165 1790811773.078854084
shard_end 277 1790811773.079551821
shard_end 431 1790811773.080898550
shard_end 152 1790811773.082129512
shard_end 208 1790811773.083697025
shard_end 320 1790811773.086034149
shard_end 100 1790811773.107080283
shard_end 324 1790811773.107810965
shard_end 16 1790811773.110666257
shard_end 72 1790811773.111357143
shard_start 328 1790811773.970100813
shard_start 102 1790811773.970100350
shard_start 440 1790811773.971429502
shard_start 160 1790811773.974019741
shard_start 379 1790811773.974801203
shard_start 491 1790811773.975644624
shard_start 155 1790811773.976983061
shard_start 211 1790811773.978308173
shard_start 15 1790811773.979922486
shard_start 71 1790811773.980679634
shard_start 239 1790811773.982243201
shard_start 351 1790811773.983621415
shard_start 463 1790811773.984200428
shard_start 44 1790811773.985773935
shard_start 268 1790811773.986687450
shard_start 380 1790811773.988189490
shard_start 492 1790811773.989703719
shard_start 156 1790811773.990542007
shard_start 212 1790811773.992116694
shard_start 436 1790811773.992616876
shard_start 240 1790811773.994217284
shard_start 352 1790811773.995309126
shard_start 493 1790811773.996992475
shard_start 157 1790811773.999139431
shard_start 213 1790811773.999601237
shard_start 325 1790811774.001820038
shard_start 73 1790811774.003808491
shard_start 17 1790811774.003850616
shard_start 241 1790811774.007095952
shard_start 353 1790811774.008128544
shard_start 465 1790811774.010463161
shard_start 74 1790811774.012042334
shard_end 328 1790811774.022357827
shard_end 102 1790811774.022358855
shard_end 440 1790811774.023129621
shard_end 160 1790811774.025790703
shard_end 379 1790811774.026501241
shard_end 491 1790811774.027234038
shard_end 155 1790811774.028572733
shard_end 211 1790811774.030306919
shard_end 15 1790811774.031925403
shard_end 71 1790811774.032544870
shard_end 239 1790811774.034080305
shard_end 351 1790811774.035871715
shard_end 463 1790811774.036431886
shard_end 44 1790811774.037606278
shard_end 268 1790811774.038937546
shard_end 380 1790811774.040044303
shard_start 99 1790811774.041264316
shard_end 492 1790811774.041429174
shard_end 156 1790811774.042263791
shard_start 101 1790811774.043651811
shard_end 436 1790811774.044482015
shard_end 212 1790811774.044653494
shard_end 240 1790811774.046856841
shard_end 352 1790811774.047220642
shard_end 493 1790811774.049469592
shard_end 157 1790811774.051707784
shard_end 213 1790811774.051989007
shard_end 325 1790811774.054206030
shard_end 17 1790811774.056044219
shard_end 73 1790811774.056313852
shard_end 241 1790811774.059090924
shard_end 353 1790811774.060449188
shard_end 465 1790811774.062489614
shard_end 74 1790811774.064418928
shard_start 104 1790811774.065990443
shard_start 70 1790811774.068758024
shard_start 238 1790811774.071575755
shard_start 350 1790811774.072535143
shard_start 462 1790811774.074547695
shard_start 43 1790811774.077292138
shard_start 267 1790811774.078652431
shard_start 354 1790811774.082343737
shard_start 323 1790811774.082828025
shard_start 435 1790811774.084813719
shard_start 464 1790811774.086209460
shard_start 45 1790811774.087665136
shard_start 269 1790811774.088917404
shard_start 381 1790811774.090581543
shard_end 99 1790811774.093077030
shard_end 101 1790811774.096022689
shard_end 104 1790811774.117858377
shard_start 216 1790811774.118893199
shard_start 272 1790811774.120610307
shard_end 70 1790811774.120906735
shard_start 384 1790811774.121717508
shard_end 238 1790811774.124393573
shard_end 350 1790811774.124456568
shard_start 496 1790811774.124584356
shard_end 462 1790811774.126304549
shard_start 42 1790811774.127234940
shard_start 98 1790811774.128409927
shard_end 43 1790811774.129176764
shard_end 267 1790811774.130696367
shard_start 266 1790811774.131573330
shard_end 354 1790811774.134883460
shard_end 323 1790811774.135290346
shard_start 378 1790811774.134887725
shard_start 490 1790811774.135815643
shard_end 435 1790811774.136822126
shard_start 154 1790811774.138107181
shard_end 464 1790811774.138598847
shard_end 45 1790811774.139661998
shard_start 210 1790811774.140550713
shard_end 269 1790811774.140619470
shard_end 381 1790811774.142335640
shard_start 322 1790811774.142677504
shard_start 14 1790811774.144706734
shard_start 434 1790811774.146537935
shard_start 437 1790811774.148371472
shard_start 466 1790811774.149421912
shard_start 158 1790811774.169212257
shard_start 48 1790811774.170016884
shard_end 216 1790811774.171311993
shard_start 21 1790811774.172117162
shard_start 77 1790811774.172437184
shard_end 272 1790811774.172591637
shard_end 384 1790811774.173549602
shard_start 245 1790811774.174524096
shard_start 357 1790811774.176917816
shard_end 496 1790811774.177307142
shard_start 469 1790811774.178755896
shard_end 42 1790811774.179293795
shard_end 98 1790811774.180551596
shard_start 329 1790811774.180948995
shard_start 441 1790811774.182444511
shard_end 266 1790811774.184140068
shard_start 49 1790811774.185490791
shard_start 13 1790811774.186267638
shard_end 378 1790811774.187700007
shard_end 490 1790811774.187875784
shard_start 69 1790811774.189352283
shard_end 154 1790811774.190425535
shard_start 237 1790811774.190858565
shard_start 349 1790811774.192381766
shard_end 210 1790811774.192515637
shard_start 461 1790811774.193700508
shard_end 322 1790811774.194567436
shard_start 18 1790811774.196100720
shard_end 14 1790811774.196944151
shard_end 434 1790811774.198469761
shard_end 437 1790811774.200621097
shard_end 466 1790811774.201313055
shard_start 270 1790811774.214904270
shard_start 161 1790811774.216364675
shard_start 273 1790811774.217952186
shard_start 385 1790811774.219158556
shard_end 158 1790811774.221184531
shard_start 497 1790811774.221452392
shard_start 22 1790811774.222330764
shard_end 48 1790811774.222508409
shard_end 21 1790811774.224173482
shard_start 78 1790811774.224385101
shard_end 77 1790811774.224811268
shard_start 246 1790811774.226093172
shard_end 245 1790811774.226433635
shard_start 358 1790811774.227133512
shard_end 357 1790811774.229029878
shard_start 470 1790811774.229681450
shard_end 469 1790811774.231019530
shard_start 442 1790811774.231370747
shard_end 329 1790811774.233723792
shard_end 441 1790811774.234924689
shard_end 49 1790811774.237853680
shard_end 13 1790811774.238134581
shard_end 69 1790811774.242031063
shard_end 237 1790811774.243239662
shard_end 349 1790811774.245306730
shard_end 461 1790811774.245774928
shard_end 18 1790811774.248372195
shard_start 382 1790811774.249859156
shard_start 274 1790811774.251223123
shard_start 386 1790811774.252394488
shard_start 498 1790811774.254043199
shard_start 23 1790811774.256487116
shard_start 79 1790811774.257490297
shard_start 247 1790811774.258755692
shard_start 359 1790811774.259897349
shard_start 51 1790811774.262166933
shard_end 270 1790811774.267026724
shard_end 161 1790811774.268345549
shard_end 273 1790811774.269817091
shard_end 385 1790811774.271027826
shard_end 497 1790811774.273835433
shard_end 22 1790811774.274565252
shard_end 78 1790811774.276550435
shard_end 246 1790811774.277957039
shard_end 358 1790811774.279544478
shard_end 470 1790811774.281564105
shard_end 442 1790811774.283285361
shard_end 382 1790811774.301897395
shard_end 274 1790811774.303079154
shard_end 386 1790811774.304090866
shard_end 498 1790811774.305755296
shard_end 23 1790811774.308205402
shard_end 79 1790811774.309298964
shard_end 247 1790811774.310668247
shard_end 359 1790811774.311704495
shard_end 51 1790811774.314789840
shard_start 19 1790811775.022551752
shard_start 75 1790811775.023375149
shard_start 356 1790811775.024410598
shard_start 219 1790811775.027145968
shard_start 468 1790811775.027509235
shard_start 107 1790811775.028600111
shard_start 163 1790811775.030986911
shard_start 275 1790811775.031898251
shard_start 387 1790811775.032935490
shard_start 499 1790811775.035065806
shard_start 24 1790811775.035946475
shard_start 80 1790811775.036802731
shard_start 248 1790811775.038989760
shard_start 360 1790811775.040115617
shard_start 472 1790811775.041349642
shard_start 52 1790811775.044571733
shard_start 220 1790811775.045579453
shard_start 332 1790811775.047412534
shard_start 444 1790811775.048455131
shard_start 108 1790811775.049474579
shard_start 164 1790811775.051224063
shard_start 25 1790811775.052328722
shard_start 81 1790811775.054542904
shard_start 249 1790811775.055753286
shard_start 361 1790811775.056516919
shard_start 473 1790811775.059182722
shard_start 53 1790811775.060789546
shard_start 41 1790811775.062552182
shard_start 97 1790811775.063331748
shard_start 265 1790811775.065047786
shard_start 377 1790811775.066843056
shard_start 489 1790811775.068082814
shard_end 19 1790811775.074663956
shard_end 75 1790811775.075365845
shard_end 356 1790811775.076857530
shard_end 468 1790811775.079661904
shard_end 219 1790811775.079716311
shard_end 107 1790811775.080789965
shard_end 163 1790811775.082852543
shard_end 275 1790811775.083806177
shard_end 387 1790811775.084658846
shard_end 499 1790811775.087127474
shard_end 24 1790811775.088171808
shard_end 80 1790811775.088997411
shard_end 248 1790811775.090857929
shard_start 264 1790811775.091038556
shard_end 360 1790811775.092245152
shard_end 472 1790811775.093190248
shard_end 52 1790811775.096604199
shard_end 220 1790811775.097560532
shard_end 332 1790811775.099168792
shard_end 444 1790811775.100250187
shard_end 108 1790811775.101395535
shard_end 164 1790811775.103132928
shard_end 25 1790811775.104055416
shard_end 81 1790811775.106396438
shard_start 355 1790811775.107257279
shard_end 249 1790811775.108182251
shard_start 476 1790811775.108392972
shard_end 361 1790811775.108858079
shard_start 29 1790811775.110890629
shard_end 473 1790811775.111342234
shard_start 85 1790811775.112215079
shard_end 53 1790811775.113166736
shard_end 41 1790811775.114362910
shard_start 365 1790811775.114810905
shard_start 253 1790811775.114812403
shard_end 97 1790811775.115269979
shard_end 265 1790811775.116928855
shard_start 477 1790811775.117098688
shard_end 377 1790811775.118522916
shard_start 1 1790811775.118747859
shard_start 449 1790811775.120035867
shard_end 489 1790811775.120275744
shard_start 467 1790811775.139793672
shard_start 439 1790811775.140880312
shard_start 254 1790811775.141410810
shard_end 264 1790811775.143391395
shard_start 366 1790811775.143503350
shard_start 478 1790811775.144022517
shard_start 226 1790811775.145256772
shard_start 58 1790811775.147442500
shard_start 338 1790811775.148059862
shard_start 2 1790811775.150387358
shard_start 450 1790811775.151251547
shard_start 31 1790811775.152468532
shard_start 87 1790811775.154091237
shard_start 255 1790811775.155643776
shard_start 367 1790811775.157708806
shard_start 479 1790811775.158892622
shard_end 355 1790811775.159434719
shard_start 3 1790811775.160140402
shard_end 476 1790811775.160627258
shard_start 59 1790811775.161150572
shard_end 29 1790811775.162524122
shard_start 227 1790811775.163712846
shard_end 85 1790811775.163975898
shard_start 339 1790811775.164537013
shard_start 451 1790811775.165721885
shard_end 365 1790811775.166591519
shard_end 253 1790811775.167236052
shard_end 477 1790811775.168866238
shard_end 1 1790811775.170422009
shard_end 449 1790811775.171742014
shard_start 33 1790811775.180418891
shard_start 340 1790811775.180807843
shard_start 89 1790811775.182028481
shard_start 257 1790811775.183453591
shard_start 369 1790811775.184976871
shard_start 61 1790811775.186067478
shard_end 467 1790811775.192247399
shard_end 439 1790811775.193160479
shard_end 254 1790811775.193594894
shard_end 366 1790811775.195756224
shard_end 478 1790811775.195884308
shard_end 226 1790811775.196944091
shard_end 58 1790811775.199172983
shard_start 341 1790811775.199342435
shard_end 338 1790811775.199867624
shard_start 229 1790811775.200225124
shard_start 453 1790811775.201922638
shard_end 2 1790811775.203079967
shard_end 450 1790811775.203192478
shard_start 34 1790811775.203796148
shard_end 31 1790811775.204202848
shard_end 87 1790811775.205702189
shard_start 90 1790811775.205852169
shard_end 255 1790811775.207642645
shard_start 342 1790811775.207656833
shard_end 367 1790811775.209505675
shard_end 479 1790811775.210739219
shard_end 3 1790811775.212157354
shard_end 59 1790811775.212696021
shard_end 227 1790811775.215586360
shard_end 339 1790811775.216174060
shard_end 451 1790811775.217747898
shard_start 159 1790811775.223557747
shard_start 10 1790811775.224811581
shard_start 91 1790811775.227457488
shard_start 259 1790811775.227805804
shard_start 371 1790811775.229254160
shard_start 483 1790811775.230606949
shard_end 33 1790811775.232145368
shard_start 5 1790811775.232555585
shard_end 340 1790811775.233104185
shard_end 89 1790811775.234362623
shard_start 63 1790811775.234248362
shard_end 257 1790811775.235583581
shard_start 231 1790811775.236718494
shard_end 369 1790811775.237302854
shard_end 61 1790811775.237987507
shard_start 343 1790811775.239234326
shard_start 455 1790811775.242047429
shard_end 341 1790811775.251532503
shard_end 229 1790811775.252054679
shard_end 453 1790811775.253942855
shard_end 34 1790811775.255786637
shard_end 90 1790811775.258039090
shard_start 103 1790811775.259076154
shard_end 342 1790811775.259679017
shard_start 271 1790811775.261323005
shard_start 36 1790811775.264498392
shard_start 92 1790811775.264621100
shard_start 260 1790811775.267526301
shard_start 372 1790811775.267769933
shard_start 484 1790811775.271144409
shard_start 6 1790811775.272854786
shard_end 159 1790811775.275764245
shard_start 64 1790811775.276514109
shard_end 10 1790811775.277062202
shard_start 232 1790811775.277980965
shard_start 344 1790811775.279022633
shard_end 259 1790811775.279754941
shard_end 91 1790811775.280096205
shard_end 371 1790811775.281763725
shard_start 456 1790811775.282128995
shard_end 483 1790811775.282638850
shard_start 37 1790811775.284890830
shard_end 5 1790811775.285271979
shard_end 63 1790811775.286890768
shard_start 93 1790811775.287480123
shard_end 231 1790811775.288713931
shard_start 261 1790811775.290681884
shard_end 343 1790811775.291467308
shard_end 455 1790811775.294515501
shard_end 103 1790811775.311141400
shard_end 271 1790811775.313046549
shard_end 92 1790811775.316677962
shard_end 36 1790811775.317262879
shard_end 372 1790811775.319702202
shard_end 260 1790811775.320420780
shard_end 484 1790811775.323635911
shard_end 6 1790811775.325187272
shard_end 64 1790811775.328373826
shard_end 232 1790811775.330991751
shard_end 344 1790811775.331869708
shard_end 456 1790811775.334206609
shard_end 37 1790811775.337156189
shard_end 93 1790811775.339664719
shard_end 261 1790811775.343073495
shard_start 383 1790811776.077626133
shard_start 495 1790811776.079799885
shard_start 230 1790811776.079916546
shard_start 454 1790811776.081423362
shard_start 35 1790811776.082330925
shard_start 373 1790811776.083736092
shard_start 485 1790811776.085747585
shard_start 7 1790811776.086807942
shard_start 65 1790811776.088963617
shard_start 233 1790811776.090296719
shard_start 345 1790811776.091233351
shard_start 457 1790811776.093259085
shard_start 38 1790811776.094835561
shard_start 94 1790811776.096010317
shard_start 262 1790811776.097677338
shard_start 374 1790811776.099366945
shard_start 486 1790811776.100278607
shard_start 8 1790811776.101652415
shard_start 66 1790811776.103578717
shard_start 234 1790811776.104299094
shard_start 346 1790811776.105694496
shard_start 458 1790811776.107047712
shard_start 39 1790811776.109503837
shard_start 95 1790811776.111451805
shard_start 263 1790811776.112410645
shard_start 488 1790811776.113852781
shard_start 460 1790811776.115503356
shard_start 153 1790811776.117000172
shard_start 209 1790811776.118094503
shard_start 321 1790811776.120247177
shard_start 433 1790811776.121083068
shard_start 242 1790811776.122282699
shard_end 383 1790811776.129666664
shard_end 495 1790811776.131684783
shard_end 230 1790811776.132107075
shard_end 454 1790811776.133184832
shard_end 35 1790811776.133965402
shard_end 373 1790811776.135464773
shard_end 485 1790811776.137658685
shard_end 7 1790811776.139305867
shard_end 65 1790811776.140823797
shard_start 27 1790811776.141691703
shard_end 233 1790811776.142745108
shard_end 345 1790811776.143838820
shard_end 457 1790811776.144954678
shard_end 38 1790811776.146564315
shard_end 94 1790811776.147851509
shard_end 262 1790811776.149552693
shard_end 374 1790811776.151716511
shard_end 486 1790811776.151931424
shard_end 8 1790811776.153361661
shard_end 66 1790811776.155818688
shard_start 438 1790811776.156390771
shard_end 234 1790811776.156614810
shard_end 346 1790811776.158131362
shard_start 218 1790811776.158524010
shard_start 106 1790811776.158673632
shard_end 458 1790811776.158813083
shard_start 162 1790811776.160629922
shard_end 39 1790811776.161542501
shard_start 30 1790811776.162771450
shard_end 95 1790811776.163257429
shard_start 474 1790811776.164063731
shard_end 263 1790811776.164090978
shard_end 488 1790811776.165886558
shard_start 471 1790811776.165966601
shard_end 460 1790811776.167516251
shard_end 153 1790811776.169330899
shard_end 209 1790811776.169828739
shard_end 321 1790811776.172240947
shard_end 433 1790811776.173505699
shard_end 242 1790811776.174614480
shard_start 46 1790811776.183147174
shard_start 214 1790811776.184517381
shard_start 364 1790811776.187223139
shard_start 88 1790811776.188065477
shard_start 368 1790811776.189567309
shard_start 217 1790811776.191416598
shard_start 105 1790811776.193107985
shard_end 27 1790811776.193950564
shard_start 347 1790811776.195126202
shard_start 40 1790811776.195621467
shard_start 225 1790811776.197194758
shard_start 337 1790811776.200072283
shard_start 50 1790811776.200076478
shard_start 330 1790811776.201736011
shard_start 86 1790811776.204330273
shard_start 443 1790811776.205426726
shard_start 331 1790811776.208029955
shard_end 438 1790811776.208872889
shard_end 106 1790811776.210898469
shard_end 218 1790811776.211412410
shard_end 162 1790811776.212596247
shard_end 30 1790811776.215260626
shard_end 474 1790811776.215973785
shard_end 471 1790811776.217740861
shard_start 333 1790811776.220052359
shard_start 363 1790811776.221320856
shard_start 62 1790811776.223544060
shard_start 475 1790811776.224873897
shard_start 28 1790811776.226099855
shard_start 84 1790811776.228669022
shard_start 252 1790811776.229650407
shard_start 67 1790811776.231662415
shard_start 256 1790811776.232066538
shard_end 46 1790811776.234996584
shard_end 214 1790811776.236175241
shard_end 88 1790811776.239870659
shard_end 364 1790811776.240237517
shard_end 368 1790811776.241681245
shard_end 217 1790811776.243102690
shard_start 60 1790811776.243617712
shard_start 83 1790811776.244282283
shard_end 105 1790811776.245467375
shard_start 251 1790811776.246229898
shard_end 40 1790811776.247465420
shard_end 347 1790811776.247424418
shard_start 20 1790811776.248588560
shard_end 225 1790811776.249318827
shard_start 76 1790811776.249870269
shard_start 244 1790811776.252168394
shard_end 337 1790811776.252298322
shard_end 50 1790811776.252382589
shard_start 375 1790811776.253035941
shard_end 330 1790811776.253819169
shard_end 86 1790811776.256597309
shard_end 443 1790811776.257587568
shard_end 331 1790811776.259856813
shard_start 228 1790811776.266147076
shard_start 494 1790811776.267040087
shard_start 459 1790811776.268479766
shard_start 11 1790811776.270405658
shard_end 333 1790811776.272247736
shard_start 96 1790811776.272533648
shard_start 376 1790811776.272880289
shard_end 363 1790811776.273271366
shard_start 481 1790811776.274104891
shard_end 62 1790811776.275469477
shard_start 47 1790811776.276581355
shard_end 475 1790811776.276691426
shard_start 32 1790811776.277212323
shard_end 28 1790811776.278299624
shard_start 235 1790811776.279686615
shard_end 84 1790811776.280696193
shard_end 252 1790811776.281392228
shard_end 256 1790811776.283802743
shard_end 67 1790811776.283870878
shard_start 9 1790811776.292035148
shard_start 221 1790811776.293404950
shard_start 432 1790811776.293816354
shard_end 60 1790811776.295693286
shard_start 370 1790811776.296089693
shard_end 83 1790811776.296289122
shard_start 26 1790811776.296993071
shard_start 82 1790811776.298075288
shard_end 251 1790811776.298143896
shard_start 243 1790811776.299974619
shard_end 20 1790811776.300639061
shard_start 250 1790811776.301300349
shard_end 76 1790811776.301639725
shard_start 12 1790811776.303103254
shard_end 244 1790811776.304481793
shard_end 375 1790811776.304751524
shard_start 258 1790811776.304883981
shard_end 228 1790811776.318416501
shard_end 494 1790811776.319279956
shard_start 452 1790811776.320482575
shard_end 459 1790811776.320514871
shard_start 362 1790811776.321933647
shard_end 11 1790811776.322348693
shard_start 348 1790811776.324577426
shard_end 376 1790811776.324908761
shard_end 96 1790811776.324841098
shard_start 68 1790811776.325305521
shard_end 481 1790811776.325864873
shard_start 4 1790811776.327154771
shard_end 47 1790811776.328423451
shard_end 32 1790811776.328970654
shard_start 236 1790811776.329398237
shard_end 235 1790811776.331719438
shard_start 487 1790811776.332656894
shard_start 480 1790811776.334007658
shard_end 9 1790811776.344468896
shard_end 221 1790811776.345121613
shard_end 432 1790811776.346076214
shard_end 370 1790811776.347907878
shard_end 26 1790811776.348697925
shard_end 82 1790811776.349928798
shard_end 243 1790811776.351929220
shard_end 250 1790811776.353192157
shard_end 12 1790811776.355816334
shard_end 258 1790811776.356603019
shard_end 452 1790811776.372868988
shard_end 362 1790811776.374310778
shard_end 348 1790811776.376318601
shard_end 68 1790811776.377167019
shard_end 4 1790811776.379141111
shard_end 236 1790811776.381064026
shard_end 487 1790811776.384791444
shard_end 480 1790811776.385873406
agg_start 0 1790811777.100546591
agg_end 0 1790811777.104713916
