shard_start 327 1790811779.227868517
shard_start 391 1790811779.229373178
shard_start 112 1790811779.232084348
shard_start 22 1790811779.232700299
shard_start 78 1790811779.234804227
shard_start 190 1790811779.237088317
shard_start 246 1790811779.239171652
shard_start 470 1790811779.240750412
shard_start 23 1790811779.243494209
shard_start 79 1790811779.244789229
shard_start 191 1790811779.245816272
shard_start 247 1790811779.248431879
shard_start 471 1790811779.249394175
shard_start 24 1790811779.251134430
shard_start 80 1790811779.252926227
shard_start 192 1790811779.256021118
shard_start 248 1790811779.256509744
shard_start 472 1790811779.257713533
shard_end 327 1790811779.279952247
shard_end 391 1790811779.281852142
shard_end 112 1790811779.284134892
shard_end 22 1790811779.284887101
shard_end 78 1790811779.286553639
shard_end 190 1790811779.289312725
shard_end 246 1790811779.291047209
shard_end 470 1790811779.292423133
shard_start 25 1790811779.294350682
shard_start 81 1790811779.295823899
shard_end 23 1790811779.295905990
shard_end 79 1790811779.296462383
shard_start 193 1790811779.296859300
shard_end 191 1790811779.297873360
shard_start 249 1790811779.298520700
shard_start 473 1790811779.300182047
shard_end 247 1790811779.300201762
shard_end 471 1790811779.301270813
shard_start 26 1790811779.301415945
shard_end 24 1790811779.303025783
shard_start 82 1790811779.303397326
shard_start 194 1790811779.304595593
shard_end 80 1790811779.305538588
shard_start 250 1790811779.306665739
shard_start 474 1790811779.307319096
shard_end 192 1790811779.307806799
shard_end 248 1790811779.308183713
shard_start 27 1790811779.308657972
shard_end 472 1790811779.309918511
shard_start 83 1790811779.310873387
shard_start 195 1790811779.312293482
shard_start 251 1790811779.313058454
shard_start 280 1790811779.337668296
shard_start 77 1790811779.338366571
shard_start 189 1790811779.340022990
shard_start 245 1790811779.341130969
shard_start 469 1790811779.342667321
shard_start 475 1790811779.344155335
shard_start 28 1790811779.346441084
shard_start 84 1790811779.347395957
shard_end 25 1790811779.347449833
shard_end 81 1790811779.348086363
shard_end 193 1790811779.348674851
shard_start 196 1790811779.349018555
shard_start 252 1790811779.350060313
shard_end 249 1790811779.350397385
shard_end 473 1790811779.351817657
shard_start 476 1790811779.352196908
shard_end 26 1790811779.353321646
shard_start 29 1790811779.353928206
shard_start 85 1790811779.355009069
shard_end 82 1790811779.355207581
shard_end 194 1790811779.356505907
shard_start 197 1790811779.356985067
shard_start 253 1790811779.358649427
shard_end 474 1790811779.359281295
shard_end 250 1790811779.359437770
shard_start 477 1790811779.360206619
shard_end 27 1790811779.360418431
shard_start 30 1790811779.361637337
shard_end 83 1790811779.363033020
shard_start 86 1790811779.363680229
shard_end 195 1790811779.364358985
shard_end 251 1790811779.365022339
shard_start 335 1790811779.387483752
shard_start 243 1790811779.388537396
shard_end 280 1790811779.389458708
shard_start 244 1790811779.389511266
shard_end 77 1790811779.390588589
shard_start 468 1790811779.391969980
shard_end 189 1790811779.392292536
shard_end 245 1790811779.392666972
shard_start 21 1790811779.393365922
shard_end 469 1790811779.394506034
shard_start 198 1790811779.394554457
shard_end 475 1790811779.396003612
shard_start 254 1790811779.396662549
shard_start 478 1790811779.398312658
shard_end 28 1790811779.398412512
shard_end 84 1790811779.399284427
shard_start 31 1790811779.400366401
shard_end 196 1790811779.400751146
shard_start 87 1790811779.402011452
shard_end 252 1790811779.402066551
shard_start 199 1790811779.403235848
shard_end 476 1790811779.404139316
shard_end 29 1790811779.405752454
shard_end 85 1790811779.406613247
shard_end 197 1790811779.408772693
shard_end 253 1790811779.410556549
shard_end 477 1790811779.412220506
shard_end 30 1790811779.413596459
shard_end 86 1790811779.415496185
shard_start 336 1790811779.428777571
shard_start 74 1790811779.429097933
shard_start 19 1790811779.431139333
shard_start 75 1790811779.433245644
shard_start 187 1790811779.434414685
shard_start 467 1790811779.436274014
shard_start 20 1790811779.437096797
shard_start 76 1790811779.437932955
shard_end 335 1790811779.439356229
shard_start 188 1790811779.439450304
shard_start 255 1790811779.440306844
shard_end 243 1790811779.440390747
shard_end 244 1790811779.441080611
shard_start 479 1790811779.441240503
shard_start 32 1790811779.443104107
shard_end 468 1790811779.444487244
shard_end 21 1790811779.444956015
shard_end 198 1790811779.446261070
shard_end 254 1790811779.448426407
shard_end 478 1790811779.450006157
shard_end 31 1790811779.452536582
shard_end 87 1790811779.453932580
shard_end 199 1790811779.454811964
shard_start 111 1790811779.466858015
shard_start 241 1790811779.468633636
shard_start 279 1790811779.468679057
shard_start 465 1790811779.470380233
shard_start 242 1790811779.471251491
shard_start 18 1790811779.472712260
shard_start 186 1790811779.474142197
shard_start 466 1790811779.475532873
shard_start 88 1790811779.476534654
shard_start 200 1790811779.477503649
shard_start 256 1790811779.480508960
shard_end 74 1790811779.481020186
shard_start 480 1790811779.481387864
shard_end 336 1790811779.481585554
shard_end 19 1790811779.483115221
shard_end 75 1790811779.485955517
shard_end 187 1790811779.486609260
shard_end 467 1790811779.488072990
shard_end 20 1790811779.488765757
shard_end 76 1790811779.489647337
shard_end 188 1790811779.491079707
shard_end 255 1790811779.492030452
shard_end 479 1790811779.493044485
shard_end 32 1790811779.494943164
shard_start 392 1790811779.502676456
shard_start 72 1790811779.502998071
shard_start 185 1790811779.503992536
shard_start 33 1790811779.505828887
shard_start 89 1790811779.506686017
shard_start 201 1790811779.508214831
shard_start 257 1790811779.509221429
shard_start 481 1790811779.511360166
shard_end 111 1790811779.519150308
shard_end 241 1790811779.520938654
shard_end 279 1790811779.521015763
shard_end 465 1790811779.522087546
shard_end 242 1790811779.522778852
shard_end 18 1790811779.524299129
shard_end 186 1790811779.526737102
shard_end 466 1790811779.527481753
shard_end 88 1790811779.528191367
shard_end 200 1790811779.529240248
shard_end 256 1790811779.532367331
shard_start 113 1790811779.533321089
shard_end 480 1790811779.533415015
shard_start 239 1790811779.534301404
shard_start 17 1790811779.536557425
shard_start 73 1790811779.538014691
shard_start 34 1790811779.538844197
shard_start 90 1790811779.540514245
shard_start 202 1790811779.542110959
shard_end 392 1790811779.555148585
shard_end 72 1790811779.555540817
shard_end 185 1790811779.555742559
shard_end 33 1790811779.558129008
shard_end 89 1790811779.558732099
shard_end 201 1790811779.560224520
shard_end 257 1790811779.560917928
shard_end 481 1790811779.563150193
shard_end 113 1790811779.585773299
shard_end 239 1790811779.586479256
shard_end 17 1790811779.588449554
shard_end 73 1790811779.590286114
shard_end 34 1790811779.590970357
shard_end 90 1790811779.592293917
shard_end 202 1790811779.594330539
shard_start 334 1790811780.326387628
shard_start 390 1790811780.327219346
shard_start 460 1790811780.328648258
shard_start 13 1790811780.329533943
shard_start 69 1790811780.330502770
shard_start 181 1790811780.331979189
shard_start 237 1790811780.333394080
shard_start 461 1790811780.334839003
shard_start 14 1790811780.335908068
shard_start 70 1790811780.336994351
shard_start 182 1790811780.338359817
shard_start 238 1790811780.339647228
shard_start 462 1790811780.341036221
shard_start 15 1790811780.342463777
shard_start 71 1790811780.343726482
shard_start 183 1790811780.345502625
shard_start 463 1790811780.346042028
shard_start 16 1790811780.348243425
shard_start 184 1790811780.348851256
shard_start 240 1790811780.350257649
shard_start 464 1790811780.351409330
shard_start 258 1790811780.352406786
shard_start 482 1790811780.354563207
shard_start 35 1790811780.355637217
shard_start 91 1790811780.357138433
shard_start 205 1790811780.358572961
shard_start 262 1790811780.359958778
shard_start 486 1790811780.361795563
shard_start 39 1790811780.364475782
shard_start 95 1790811780.365067537
shard_start 207 1790811780.366465217
shard_start 263 1790811780.368282525
shard_end 334 1790811780.378376926
shard_end 390 1790811780.378806707
shard_end 460 1790811780.380208556
shard_end 13 1790811780.381098892
shard_end 69 1790811780.382128549
shard_end 181 1790811780.384045736
shard_end 237 1790811780.385086911
shard_end 461 1790811780.386395066
shard_end 14 1790811780.387440332
shard_end 70 1790811780.388603281
shard_end 182 1790811780.390277408
shard_end 238 1790811780.391514512
shard_end 462 1790811780.393007467
shard_end 15 1790811780.395021873
shard_end 71 1790811780.395542899
shard_start 379 1790811780.396004475
shard_end 463 1790811780.397572924
shard_end 183 1790811780.397530203
shard_end 16 1790811780.400064997
shard_end 184 1790811780.400498034
shard_end 240 1790811780.402037917
shard_end 464 1790811780.403028714
shard_end 258 1790811780.403918675
shard_end 482 1790811780.406937592
shard_end 35 1790811780.407477674
shard_end 91 1790811780.409056191
shard_end 205 1790811780.410224616
shard_end 262 1790811780.412002361
shard_end 486 1790811780.413421427
shard_end 39 1790811780.416512940
shard_end 95 1790811780.416842626
shard_start 278 1790811780.416860431
shard_start 179 1790811780.417915709
shard_end 207 1790811780.418110779
shard_end 263 1790811780.419839570
shard_start 235 1790811780.420187760
shard_start 459 1790811780.421024952
shard_start 12 1790811780.422026062
shard_start 68 1790811780.423552169
shard_start 180 1790811780.424799081
shard_start 236 1790811780.426694236
shard_start 203 1790811780.427755183
shard_start 259 1790811780.428776717
shard_start 483 1790811780.430250351
shard_start 36 1790811780.431560168
shard_end 379 1790811780.447829358
shard_start 110 1790811780.453908152
shard_start 7 1790811780.454963043
shard_start 65 1790811780.456507522
shard_start 177 1790811780.458055484
shard_start 233 1790811780.459571526
shard_start 457 1790811780.461246356
shard_start 8 1790811780.461722900
shard_start 66 1790811780.463214857
shard_start 178 1790811780.464604756
shard_start 234 1790811780.466160302
shard_start 458 1790811780.467765782
shard_end 278 1790811780.468602312
shard_start 67 1790811780.468772040
shard_end 179 1790811780.469878143
shard_start 11 1790811780.470920662
shard_start 92 1790811780.472008423
shard_end 235 1790811780.472134370
shard_end 459 1790811780.473100317
shard_end 12 1790811780.473967615
shard_start 204 1790811780.474467333
shard_end 68 1790811780.475398513
shard_start 260 1790811780.476775791
shard_end 180 1790811780.476997162
shard_start 484 1790811780.477978932
shard_end 236 1790811780.478654003
shard_start 37 1790811780.479438065
shard_end 203 1790811780.479930019
shard_start 93 1790811780.480619644
shard_end 259 1790811780.480620302
shard_end 483 1790811780.482020030
shard_end 36 1790811780.483182736
shard_start 102 1790811780.502206103
shard_start 389 1790811780.503577288
shard_start 176 1790811780.504899574
shard_end 110 1790811780.506341954
shard_start 261 1790811780.506448526
shard_end 7 1790811780.507028512
shard_start 485 1790811780.507710866
shard_start 38 1790811780.508625357
shard_end 65 1790811780.509327170
shard_end 177 1790811780.510154789
shard_start 94 1790811780.510503158
shard_end 233 1790811780.511839249
shard_start 206 1790811780.512007802
shard_end 457 1790811780.513250170
shard_end 8 1790811780.513407656
shard_start 487 1790811780.514441601
shard_end 66 1790811780.515244114
shard_end 178 1790811780.516210047
shard_end 234 1790811780.518036246
shard_end 458 1790811780.520292761
shard_end 67 1790811780.520751280
shard_end 11 1790811780.523531529
shard_end 92 1790811780.524820830
shard_end 204 1790811780.527120590
shard_end 260 1790811780.529011653
shard_end 484 1790811780.529811408
shard_end 37 1790811780.531730067
shard_end 93 1790811780.532338973
shard_start 271 1790811780.535330897
shard_start 337 1790811780.536691932
shard_start 231 1790811780.537395204
shard_start 64 1790811780.538848296
shard_start 232 1790811780.540764543
shard_start 456 1790811780.542098593
shard_start 488 1790811780.543901656
shard_start 40 1790811780.544558361
shard_start 96 1790811780.545864413
shard_end 102 1790811780.554582709
shard_end 389 1790811780.556081448
shard_end 176 1790811780.557124365
shard_end 261 1790811780.558878591
shard_end 485 1790811780.560041734
shard_end 38 1790811780.560330217
shard_end 94 1790811780.562532987
shard_end 206 1790811780.563656539
shard_end 487 1790811780.566180948
shard_start 393 1790811780.572711849
shard_start 230 1790811780.574191213
shard_start 454 1790811780.577428101
shard_start 5 1790811780.578147767
shard_start 63 1790811780.580839840
shard_start 175 1790811780.583296323
shard_start 455 1790811780.584996042
shard_end 271 1790811780.587043680
shard_start 6 1790811780.587498812
shard_end 337 1790811780.588900524
shard_start 208 1790811780.589085658
shard_end 231 1790811780.589632479
shard_end 64 1790811780.591217794
shard_start 264 1790811780.591217712
shard_end 232 1790811780.592678946
shard_start 489 1790811780.592830478
shard_end 456 1790811780.593873157
shard_start 41 1790811780.594240181
shard_end 488 1790811780.596151608
shard_start 97 1790811780.596237431
shard_end 40 1790811780.596541879
shard_end 96 1790811780.597493802
shard_start 209 1790811780.598198164
shard_end 393 1790811780.625328583
shard_start 156 1790811780.625897725
shard_end 230 1790811780.626338490
shard_start 212 1790811780.627441479
shard_start 268 1790811780.628274747
shard_end 454 1790811780.629420048
shard_start 128 1790811780.630493158
shard_end 5 1790811780.630657705
shard_end 63 1790811780.632573427
shard_end 175 1790811780.635605166
shard_end 455 1790811780.637182759
shard_end 6 1790811780.640258859
shard_end 208 1790811780.640934750
shard_end 264 1790811780.643366456
shard_end 489 1790811780.644993256
shard_end 41 1790811780.646254952
shard_end 97 1790811780.648127728
shard_end 209 1790811780.650696596
shard_end 156 1790811780.678427953
shard_end 212 1790811780.679596722
shard_end 268 1790811780.680328435
shard_end 128 1790811780.682996782
shard_start 46 1790811781.380209448
shard_start 48 1790811781.381445962
shard_start 160 1790811781.382454477
shard_start 440 1790811781.384796342
shard_start 354 1790811781.385003095
shard_start 435 1790811781.386438695
shard_start 43 1790811781.387885057
shard_start 99 1790811781.389338193
shard_start 211 1790811781.390758177
shard_start 267 1790811781.391314386
shard_start 127 1790811781.392580507
shard_start 295 1790811781.394391219
shard_start 351 1790811781.395065685
shard_start 407 1790811781.396527336
shard_start 324 1790811781.397624120
shard_start 380 1790811781.399577711
shard_start 436 1790811781.400974392
shard_start 44 1790811781.401838361
shard_start 100 1790811781.403048861
shard_start 492 1790811781.404880567
shard_start 296 1790811781.406454188
shard_start 352 1790811781.409171810
shard_start 45 1790811781.410127469
shard_start 101 1790811781.412210767
shard_start 213 1790811781.412492164
shard_start 269 1790811781.415039170
shard_start 129 1790811781.416497912
shard_start 353 1790811781.418903851
shard_start 297 1790811781.418902156
shard_start 409 1790811781.420626179
shard_start 491 1790811781.422375802
shard_start 410 1790811781.423869898
shard_end 46 1790811781.432817542
shard_end 48 1790811781.433870087
shard_end 160 1790811781.434685414
shard_end 354 1790811781.436715867
shard_end 440 1790811781.436873889
shard_end 435 1790811781.437999122
shard_end 43 1790811781.439411044
shard_end 99 1790811781.441163352
shard_end 211 1790811781.442542071
shard_end 267 1790811781.442915045
shard_end 127 1790811781.444193540
shard_end 295 1790811781.446651885
shard_end 351 1790811781.446858201
shard_end 407 1790811781.448864188
shard_start 174 1790811781.448975222
shard_end 324 1790811781.449510109
shard_end 380 1790811781.452082512
shard_end 436 1790811781.453255049
shard_end 44 1790811781.453642551
shard_end 100 1790811781.454917115
shard_end 492 1790811781.457133644
shard_end 296 1790811781.458063944
shard_end 352 1790811781.461852862
shard_end 45 1790811781.462982640
shard_end 213 1790811781.464164181
shard_end 101 1790811781.464767381
shard_end 269 1790811781.466826937
shard_end 129 1790811781.468514365
shard_start 216 1790811781.469001345
shard_start 294 1790811781.470019711
shard_end 353 1790811781.470549321
shard_end 297 1790811781.471309381
shard_start 350 1790811781.471790431
shard_end 409 1790811781.472524099
shard_start 406 1790811781.473783921
shard_start 155 1790811781.474347175
shard_end 491 1790811781.474488901
shard_end 410 1790811781.475613165
shard_start 323 1790811781.476147216
shard_start 408 1790811781.477594706
shard_start 157 1790811781.478784662
shard_start 325 1790811781.480162872
shard_start 381 1790811781.481647784
shard_end 174 1790811781.500831790
shard_start 158 1790811781.506323383
shard_start 384 1790811781.506984376
shard_start 496 1790811781.507972569
shard_start 133 1790811781.509611758
shard_start 301 1790811781.510537096
shard_start 357 1790811781.512055033
shard_start 405 1790811781.513667218
shard_start 349 1790811781.515407807
shard_start 154 1790811781.516710317
shard_start 322 1790811781.517841862
shard_start 378 1790811781.520759874
shard_end 216 1790811781.521372101
shard_start 434 1790811781.521524786
shard_end 294 1790811781.521947557
shard_start 42 1790811781.523177379
shard_end 350 1790811781.523737269
shard_start 98 1790811781.525738656
shard_end 406 1790811781.526198932
shard_start 210 1790811781.527045698
shard_end 155 1790811781.527067581
shard_end 323 1790811781.528338242
shard_start 266 1790811781.529295065
shard_start 126 1790811781.529697918
shard_end 408 1790811781.530053401
shard_end 157 1790811781.530643463
shard_start 490 1790811781.531665057
shard_end 325 1790811781.532517501
shard_end 381 1790811781.533750950
shard_start 437 1790811781.533745459
shard_start 493 1790811781.534399906
shard_start 130 1790811781.537522046
shard_start 413 1790811781.556904124
shard_start 329 1790811781.557988658
shard_end 158 1790811781.558725960
shard_start 385 1790811781.559571130
shard_end 496 1790811781.559767920
shard_end 384 1790811781.559926316
shard_end 133 1790811781.561704012
shard_start 105 1790811781.561713007
shard_end 301 1790811781.562401336
shard_start 273 1790811781.562874311
shard_end 357 1790811781.563978011
shard_end 405 1790811781.565370735
shard_start 441 1790811781.566054658
shard_end 349 1790811781.567517308
shard_start 433 1790811781.567491277
shard_end 154 1790811781.568498834
shard_start 265 1790811781.568629799
shard_end 322 1790811781.569556693
shard_start 125 1790811781.570593126
shard_start 293 1790811781.571753632
shard_end 378 1790811781.572654647
shard_start 298 1790811781.573361612
shard_end 434 1790811781.573687968
shard_end 42 1790811781.574879751
shard_end 98 1790811781.578375070
shard_end 210 1790811781.579223692
shard_end 266 1790811781.581326732
shard_end 126 1790811781.582173418
shard_end 490 1790811781.583843804
shard_end 437 1790811781.585587368
shard_end 493 1790811781.586724333
shard_end 130 1790811781.589516751
shard_start 214 1790811781.592740996
shard_start 49 1790811781.595766308
shard_start 328 1790811781.595766302
shard_start 161 1790811781.597358095
shard_start 217 1790811781.598689547
shard_start 497 1790811781.599985074
shard_start 134 1790811781.600873672
shard_start 302 1790811781.602264713
shard_start 358 1790811781.604006133
shard_start 50 1790811781.605103096
shard_end 413 1790811781.609421718
shard_end 329 1790811781.610554634
shard_end 385 1790811781.612197440
shard_end 105 1790811781.613490908
shard_end 273 1790811781.614529196
shard_end 441 1790811781.618397011
shard_end 433 1790811781.619622642
shard_end 265 1790811781.620574378
shard_start 438 1790811781.621852216
shard_end 125 1790811781.622429724
shard_start 162 1790811781.623070253
shard_end 293 1790811781.623585881
shard_start 218 1790811781.624507049
shard_start 442 1790811781.625541175
shard_end 298 1790811781.626088416
shard_start 498 1790811781.627163437
shard_start 135 1790811781.627947634
shard_start 303 1790811781.630710315
shard_start 359 1790811781.631232335
shard_start 415 1790811781.633292812
shard_start 387 1790811781.635633979
shard_start 51 1790811781.635918667
shard_end 214 1790811781.645306533
shard_end 328 1790811781.647711926
shard_end 49 1790811781.647901817
shard_end 161 1790811781.648999879
shard_end 217 1790811781.650755347
shard_end 497 1790811781.651684190
shard_end 134 1790811781.652443830
shard_end 302 1790811781.653967985
shard_start 219 1790811781.655153094
shard_end 358 1790811781.655882231
shard_end 50 1790811781.656762821
shard_start 443 1790811781.656899399
shard_start 499 1790811781.660757555
shard_start 52 1790811781.663959329
shard_end 438 1790811781.674273656
shard_end 162 1790811781.674830455
shard_end 218 1790811781.676363889
shard_end 442 1790811781.677285505
shard_end 498 1790811781.679030120
shard_end 135 1790811781.679892047
shard_end 303 1790811781.682792886
shard_end 359 1790811781.683402089
shard_end 415 1790811781.685091740
shard_end 51 1790811781.687858542
shard_end 387 1790811781.688199916
shard_end 219 1790811781.707728178
shard_end 443 1790811781.709353305
shard_end 499 1790811781.712600219
shard_end 52 1790811781.715983210
shard_start 131 1790811782.434391367
shard_start 299 1790811782.434939587
shard_start 104 1790811782.436129882
shard_start 272 1790811782.436744665
shard_start 304 1790811782.438240161
shard_start 360 1790811782.439250475
shard_start 416 1790811782.440402057
shard_start 108 1790811782.442388188
shard_start 276 1790811782.443715257
shard_start 332 1790811782.444543936
shard_start 388 1790811782.446019259
shard_start 164 1790811782.447052369
shard_start 220 1790811782.448331352
shard_start 444 1790811782.450149116
shard_start 137 1790811782.451249228
shard_start 305 1790811782.452191129
shard_start 361 1790811782.453795848
shard_start 417 1790811782.454794169
shard_start 109 1790811782.455885425
shard_start 277 1790811782.457940965
shard_start 333 1790811782.458790353
shard_start 53 1790811782.461047344
shard_start 165 1790811782.462733088
shard_start 221 1790811782.463843585
shard_start 445 1790811782.464432981
shard_start 138 1790811782.465958870
shard_start 306 1790811782.467364766
shard_start 320 1790811782.468877124
shard_start 376 1790811782.469800517
shard_start 432 1790811782.472177555
shard_start 124 1790811782.472893099
shard_start 292 1790811782.475030316
shard_end 131 1790811782.486693108
shard_end 299 1790811782.487480378
shard_end 104 1790811782.487747223
shard_end 272 1790811782.488391756
shard_end 304 1790811782.489978334
shard_end 360 1790811782.490997694
shard_end 416 1790811782.492807411
shard_end 108 1790811782.494185944
shard_end 276 1790811782.495651451
shard_end 332 1790811782.496278860
shard_end 388 1790811782.497829358
shard_end 164 1790811782.498779375
shard_end 220 1790811782.499855795
shard_start 151 1790811782.500493243
shard_end 444 1790811782.501968922
shard_end 137 1790811782.503002921
shard_end 305 1790811782.503832255
shard_end 361 1790811782.505461727
shard_end 417 1790811782.506712407
shard_end 109 1790811782.508356042
shard_end 277 1790811782.509841869
shard_end 333 1790811782.510796499
shard_end 53 1790811782.512677090
shard_end 165 1790811782.514499134
shard_end 221 1790811782.515662526
shard_end 445 1790811782.516067586
shard_start 411 1790811782.516901793
shard_end 138 1790811782.517708121
shard_start 364 1790811782.518221889
shard_end 306 1790811782.518938714
shard_start 420 1790811782.520259506
shard_end 320 1790811782.520553772
shard_start 0 1790811782.521123872
shard_end 376 1790811782.522028376
shard_start 56 1790811782.522448104
shard_end 432 1790811782.524278548
shard_start 168 1790811782.524789729
shard_end 124 1790811782.525090884
shard_start 224 1790811782.526198925
shard_end 292 1790811782.526777759
shard_start 448 1790811782.527770710
shard_start 421 1790811782.529378736
shard_start 309 1790811782.531336519
shard_start 383 1790811782.550601100
shard_start 103 1790811782.551822338
shard_end 151 1790811782.552611744
shard_start 167 1790811782.553048273
shard_start 57 1790811782.554530678
shard_start 169 1790811782.557408139
shard_start 225 1790811782.558086920
shard_start 449 1790811782.559533466
shard_start 142 1790811782.561055362
shard_start 310 1790811782.562074789
shard_start 366 1790811782.563149902
shard_start 422 1790811782.565356979
shard_start 338 1790811782.565989025
shard_start 394 1790811782.567141050
shard_start 282 1790811782.568475934
shard_end 411 1790811782.568792363
shard_start 114 1790811782.569874098
shard_end 364 1790811782.570577892
shard_start 2 1790811782.571127488
shard_start 58 1790811782.572361385
shard_end 420 1790811782.572667203
shard_end 0 1790811782.572883991
shard_start 170 1790811782.575079707
shard_end 56 1790811782.575046669
shard_end 168 1790811782.576573797
shard_start 226 1790811782.576663077
shard_end 224 1790811782.577823389
shard_start 450 1790811782.577900062
shard_end 448 1790811782.579852292
shard_start 143 1790811782.580146445
shard_end 421 1790811782.580975195
shard_end 309 1790811782.583080343
shard_start 451 1790811782.592664861
shard_start 368 1790811782.594009748
shard_start 424 1790811782.594893486
shard_start 312 1790811782.596606599
shard_start 144 1790811782.597631832
shard_start 116 1790811782.598447915
shard_start 340 1790811782.599980651
shard_end 383 1790811782.602425012
shard_end 103 1790811782.603610764
shard_end 167 1790811782.604755537
shard_end 57 1790811782.606594175
shard_end 169 1790811782.609054871
shard_end 225 1790811782.610281891
shard_start 9 1790811782.611335263
shard_end 449 1790811782.611336297
shard_start 60 1790811782.612776078
shard_end 142 1790811782.613007790
shard_end 310 1790811782.613690105
shard_start 172 1790811782.614282597
shard_end 366 1790811782.615217293
shard_start 369 1790811782.615445180
shard_end 422 1790811782.617274643
shard_end 338 1790811782.617572899
shard_end 394 1790811782.619032416
shard_end 282 1790811782.620286453
shard_end 114 1790811782.622369454
shard_end 2 1790811782.622967930
shard_end 58 1790811782.624278292
shard_end 170 1790811782.627198957
shard_end 226 1790811782.628453902
shard_end 450 1790811782.629813665
shard_start 215 1790811782.630351914
shard_end 143 1790811782.631877755
shard_start 452 1790811782.632016921
shard_start 397 1790811782.633427272
shard_start 4 1790811782.635782261
shard_start 61 1790811782.635971677
shard_start 173 1790811782.638086005
shard_start 229 1790811782.639120613
shard_start 453 1790811782.640123551
shard_start 146 1790811782.641516003
shard_end 451 1790811782.644462166
shard_end 368 1790811782.645919094
shard_end 424 1790811782.647211171
shard_end 312 1790811782.648307398
shard_end 144 1790811782.649537925
shard_end 116 1790811782.650649282
shard_end 340 1790811782.651965659
shard_start 159 1790811782.657719675
shard_start 439 1790811782.657734224
shard_start 370 1790811782.659399336
shard_start 426 1790811782.660639329
shard_start 342 1790811782.661592712
shard_start 398 1790811782.662787004
shard_end 9 1790811782.663415399
shard_start 118 1790811782.664709545
shard_end 60 1790811782.665080148
shard_start 286 1790811782.666215470
shard_end 172 1790811782.666287517
shard_end 369 1790811782.667166741
shard_start 10 1790811782.667802508
shard_start 62 1790811782.669159035
shard_start 147 1790811782.671435833
shard_start 315 1790811782.673691085
shard_end 215 1790811782.682097744
shard_end 452 1790811782.683932125
shard_end 397 1790811782.685173040
shard_end 4 1790811782.688088447
shard_end 61 1790811782.688262702
shard_start 287 1790811782.689013164
shard_end 173 1790811782.690467019
shard_start 288 1790811782.690989165
shard_end 229 1790811782.691306110
shard_end 453 1790811782.691857679
shard_end 146 1790811782.693261712
shard_start 400 1790811782.693775161
shard_start 149 1790811782.695049784
shard_end 159 1790811782.710194606
shard_end 439 1790811782.710350702
shard_end 370 1790811782.711126116
shard_end 426 1790811782.712399800
shard_end 342 1790811782.713369917
shard_end 398 1790811782.715010993
shard_end 118 1790811782.716402620
shard_end 286 1790811782.718122638
shard_end 10 1790811782.719967974
shard_end 62 1790811782.721353323
shard_end 147 1790811782.723428036
shard_end 315 1790811782.725719417
shard_end 287 1790811782.740968590
shard_end 288 1790811782.742851990
shard_end 400 1790811782.745523532
shard_end 149 1790811782.746747558
shard_start 495 1790811786.164882138
shard_start 132 1790811786.166533490
shard_start 313 1790811786.166817634
shard_start 425 1790811786.167768728
shard_start 117 1790811786.169291127
shard_start 285 1790811786.171459309
shard_start 341 1790811786.172055552
shard_start 314 1790811786.173128561
shard_start 371 1790811786.174558379
shard_start 427 1790811786.175368938
shard_start 119 1790811786.177170546
shard_start 343 1790811786.177682223
shard_start 399 1790811786.180325274
shard_start 428 1790811786.181187374
shard_start 148 1790811786.182135319
shard_start 316 1790811786.183889923
shard_start 372 1790811786.185153954
shard_start 344 1790811786.186826762
shard_start 120 1790811786.187594432
shard_start 317 1790811786.189315752
shard_start 373 1790811786.191292035
shard_start 429 1790811786.191700491
shard_start 121 1790811786.193604861
shard_start 289 1790811786.194319133
shard_start 345 1790811786.196030353
shard_start 375 1790811786.197296332
shard_start 152 1790811786.199213632
shard_start 348 1790811786.200539717
shard_start 404 1790811786.200964157
shard_start 153 1790811786.202683707
shard_start 321 1790811786.203923307
shard_start 377 1790811786.204970812
shard_end 495 1790811786.216859459
shard_end 132 1790811786.218919911
shard_end 313 1790811786.219371852
shard_end 425 1790811786.219628532
shard_end 117 1790811786.221063115
shard_end 285 1790811786.223235302
shard_end 341 1790811786.223870539
shard_end 314 1790811786.224838899
shard_end 371 1790811786.226869754
shard_end 427 1790811786.227639698
shard_start 223 1790811786.227888667
shard_end 119 1790811786.229169457
shard_end 343 1790811786.229956582
shard_end 399 1790811786.232232552
shard_end 428 1790811786.232847556
shard_end 148 1790811786.233721372
shard_end 316 1790811786.236277693
shard_end 372 1790811786.237122220
shard_end 344 1790811786.238670974
shard_end 120 1790811786.239361793
shard_end 317 1790811786.241320458
shard_start 326 1790811786.241317438
shard_start 150 1790811786.241815707
shard_end 373 1790811786.243307512
shard_end 429 1790811786.244048942
shard_start 367 1790811786.244258765
shard_end 121 1790811786.245285215
shard_start 136 1790811786.245582645
shard_end 289 1790811786.246068064
shard_start 423 1790811786.247077068
shard_end 345 1790811786.247852163
shard_start 374 1790811786.248044691
shard_end 375 1790811786.249547479
shard_start 430 1790811786.250369915
shard_end 152 1790811786.250833258
shard_end 404 1790811786.252727875
shard_end 348 1790811786.252693939
shard_end 153 1790811786.255046687
shard_end 321 1790811786.256020769
shard_end 377 1790811786.256641051
shard_start 270 1790811786.266197711
shard_start 291 1790811786.266998101
shard_start 106 1790811786.268835875
shard_start 274 1790811786.270002500
shard_start 386 1790811786.271351902
shard_start 227 1790811786.272815155
shard_start 401 1790811786.273909480
shard_start 331 1790811786.275369647
shard_start 275 1790811786.276923400
shard_start 107 1790811786.278669901
shard_start 163 1790811786.279261164
shard_end 223 1790811786.280333798
shard_start 318 1790811786.280644241
shard_start 311 1790811786.282034190
shard_start 290 1790811786.283761416
shard_start 122 1790811786.285388265
shard_start 115 1790811786.285966261
shard_start 283 1790811786.287735625
shard_end 326 1790811786.293238613
shard_end 150 1790811786.294063433
shard_end 367 1790811786.296466216
shard_end 136 1790811786.297873389
shard_start 382 1790811786.298964496
shard_end 423 1790811786.299032370
shard_start 414 1790811786.299892355
shard_end 374 1790811786.300364179
shard_start 281 1790811786.302393277
shard_end 430 1790811786.302558629
shard_start 403 1790811786.302601372
shard_start 1 1790811786.304170473
shard_start 330 1790811786.305814254
shard_start 346 1790811786.307185177
shard_start 3 1790811786.308641399
shard_start 494 1790811786.318399371
shard_end 270 1790811786.318398744
shard_end 291 1790811786.319076182
shard_start 308 1790811786.319424609
shard_end 106 1790811786.320755875
shard_start 141 1790811786.321055840
shard_end 274 1790811786.321709974
shard_start 365 1790811786.322827190
shard_end 386 1790811786.323503144
shard_end 227 1790811786.324567994
shard_start 402 1790811786.324580518
shard_end 401 1790811786.325520715
shard_start 395 1790811786.325540935
shard_start 171 1790811786.326783563
shard_end 331 1790811786.327124839
shard_end 275 1790811786.328599100
shard_end 107 1790811786.330616622
shard_end 163 1790811786.330912077
shard_end 318 1790811786.332990284
shard_end 311 1790811786.333615589
shard_end 290 1790811786.336062076
shard_end 122 1790811786.337207228
shard_end 115 1790811786.337531464
shard_start 362 1790811786.338998060
shard_end 283 1790811786.339369779
shard_start 418 1790811786.340793664
shard_start 355 1790811786.341197418
shard_start 166 1790811786.343944148
shard_start 54 1790811786.344262051
shard_start 447 1790811786.345121837
shard_end 382 1790811786.351257499
shard_end 414 1790811786.351956639
shard_end 281 1790811786.354085395
shard_end 403 1790811786.354270476
shard_end 1 1790811786.355962299
shard_start 228 1790811786.356795715
shard_end 330 1790811786.357545888
shard_start 123 1790811786.358084711
shard_end 346 1790811786.358954220
shard_start 145 1790811786.359583119
shard_end 3 1790811786.360291505
shard_start 222 1790811786.361088565
shard_start 446 1790811786.362422981
shard_start 139 1790811786.364618284
shard_start 47 1790811786.365199792
shard_start 307 1790811786.366017131
shard_start 59 1790811786.368290074
shard_start 431 1790811786.369029600
shard_start 347 1790811786.369877507
shard_end 308 1790811786.371183154
shard_end 494 1790811786.371041598
shard_end 141 1790811786.373140841
shard_end 365 1790811786.374468180
shard_end 402 1790811786.376783480
shard_end 395 1790811786.377337369
shard_end 171 1790811786.378543138
shard_start 284 1790811786.380428077
shard_start 356 1790811786.382198406
shard_start 300 1790811786.383277425
shard_start 396 1790811786.384873726
shard_start 412 1790811786.386454209
shard_start 55 1790811786.387676238
shard_start 339 1790811786.389603275
shard_start 363 1790811786.390801851
shard_end 362 1790811786.390872393
shard_end 355 1790811786.392982079
shard_end 418 1790811786.392981781
shard_end 166 1790811786.395670308
shard_end 54 1790811786.395876004
shard_end 447 1790811786.396985596
shard_start 140 1790811786.401888112
shard_start 319 1790811786.402699365
shard_start 419 1790811786.404151306
shard_end 228 1790811786.408759411
shard_end 123 1790811786.409712014
shard_end 145 1790811786.411454094
shard_end 222 1790811786.413230393
shard_end 446 1790811786.413964852
shard_end 139 1790811786.416912918
shard_end 47 1790811786.417111101
shard_end 307 1790811786.417824949
shard_end 59 1790811786.420177138
shard_end 431 1790811786.421321367
shard_end 347 1790811786.421490671
shard_end 284 1790811786.432621007
shard_end 356 1790811786.435089980
shard_end 300 1790811786.435579041
shard_end 396 1790811786.437641553
shard_end 412 1790811786.438105679
shard_end 55 1790811786.439448932
shard_end 339 1790811786.441326544
shard_end 363 1790811786.442406033
shard_end 319 1790811786.454578456
shard_end 140 1790811786.454521296
shard_end 419 1790811786.456339030
agg_start 0 1790811787.236002256
agg_end 0 1790811787.240455341
