shard_start 48 1790811761.349017555
shard_start 21 1790811761.350298552
shard_start 62 1790811761.351907910
shard_start 35 1790811761.353915249
shard_start 91 1790811761.355183242
shard_start 5 1790811761.356555701
shard_start 63 1790811761.358097286
shard_start 36 1790811761.359497095
shard_start 92 1790811761.360795404
shard_start 6 1790811761.362534256
shard_start 64 1790811761.363420961
shard_start 93 1790811761.365893804
shard_start 37 1790811761.366119913
shard_start 7 1790811761.368353559
shard_start 65 1790811761.369617693
shard_start 38 1790811761.370861666
shard_start 94 1790811761.372012563
shard_start 8 1790811761.397240513
shard_start 66 1790811761.397455641
shard_start 39 1790811761.399298189
shard_start 95 1790811761.400917364
shard_end 21 1790811761.402175789
shard_end 48 1790811761.402225554
shard_start 67 1790811761.402721564
shard_end 62 1790811761.403974307
shard_start 11 1790811761.404539446
shard_start 18 1790811761.405165445
shard_end 35 1790811761.405831022
shard_end 91 1790811761.406613445
shard_start 40 1790811761.407292157
shard_end 5 1790811761.408163896
shard_start 70 1790811761.408848239
shard_end 63 1790811761.409715866
shard_start 16 1790811761.410139888
shard_start 72 1790811761.410932968
shard_end 36 1790811761.411581878
shard_end 92 1790811761.412431685
shard_start 45 1790811761.412779340
shard_start 17 1790811761.413713125
shard_end 6 1790811761.414227218
shard_end 64 1790811761.415115920
shard_start 73 1790811761.415533745
shard_start 74 1790811761.417009304
shard_end 37 1790811761.417935266
shard_end 93 1790811761.418080599
shard_end 7 1790811761.419912397
shard_end 65 1790811761.421138893
shard_end 38 1790811761.422556904
shard_end 94 1790811761.423776020
shard_start 33 1790811761.430805202
shard_start 1 1790811761.431934428
shard_start 57 1790811761.435172727
shard_start 50 1790811761.435755630
shard_start 44 1790811761.438323339
shard_start 30 1790811761.439522402
shard_start 86 1790811761.441036845
shard_start 23 1790811761.442706482
shard_start 79 1790811761.444028737
shard_start 2 1790811761.448684917
shard_end 8 1790811761.449157700
shard_end 66 1790811761.450007225
shard_end 39 1790811761.451033592
shard_end 95 1790811761.452424893
shard_end 67 1790811761.454378269
shard_end 11 1790811761.456671784
shard_end 18 1790811761.456849561
shard_start 96 1790811761.458471637
shard_end 40 1790811761.458869737
shard_start 56 1790811761.460518209
shard_end 70 1790811761.460933877
shard_end 16 1790811761.461964859
shard_start 49 1790811761.462025713
shard_end 72 1790811761.462935379
shard_start 43 1790811761.463565525
shard_end 45 1790811761.464499956
shard_start 99 1790811761.464632823
shard_end 17 1790811761.465762919
shard_start 29 1790811761.466523618
shard_end 73 1790811761.467402542
shard_start 87 1790811761.468068333
shard_end 74 1790811761.468805367
shard_end 33 1790811761.483514883
shard_start 89 1790811761.483618796
shard_end 1 1790811761.483825157
shard_start 77 1790811761.484292076
shard_start 14 1790811761.485927985
shard_end 57 1790811761.486973643
shard_end 50 1790811761.488156327
shard_start 0 1790811761.488275969
shard_end 44 1790811761.490568185
shard_start 85 1790811761.490737926
shard_start 22 1790811761.491985908
shard_end 30 1790811761.491994708
shard_start 78 1790811761.492751363
shard_end 86 1790811761.493243392
shard_end 23 1790811761.494518891
shard_start 15 1790811761.495160150
shard_end 79 1790811761.496163094
shard_start 71 1790811761.496419300
shard_start 58 1790811761.498249485
shard_start 51 1790811761.500019113
shard_end 2 1790811761.500388552
shard_start 31 1790811761.501173872
shard_start 24 1790811761.502760794
shard_end 96 1790811761.511150526
shard_end 56 1790811761.512479640
shard_end 49 1790811761.513592969
shard_start 46 1790811761.513697188
shard_start 55 1790811761.514911662
shard_end 43 1790811761.515731906
shard_start 42 1790811761.516249496
shard_end 99 1790811761.516680256
shard_start 98 1790811761.517819358
shard_end 29 1790811761.518365156
shard_start 28 1790811761.519168032
shard_end 87 1790811761.519844012
shard_start 84 1790811761.520422243
shard_start 80 1790811761.521834525
shard_start 3 1790811761.523111782
shard_start 59 1790811761.524496190
shard_start 52 1790811761.525730869
shard_start 32 1790811761.527090123
shard_start 88 1790811761.528571617
shard_end 89 1790811761.535488998
shard_end 77 1790811761.536086785
shard_start 82 1790811761.537520992
shard_end 14 1790811761.538701769
shard_start 19 1790811761.539990972
shard_start 75 1790811761.540373714
shard_end 0 1790811761.540414998
shard_start 68 1790811761.543015322
shard_end 85 1790811761.543208013
shard_start 12 1790811761.543399224
shard_end 22 1790811761.543891084
shard_end 78 1790811761.544840152
shard_start 4 1790811761.544856912
shard_start 76 1790811761.546800101
shard_end 15 1790811761.547364328
shard_end 71 1790811761.548186374
shard_end 58 1790811761.550131784
shard_end 51 1790811761.551760951
shard_end 31 1790811761.552735838
shard_end 24 1790811761.554644347
shard_start 61 1790811761.556673793
shard_start 54 1790811761.557765526
shard_start 47 1790811761.558847037
shard_start 41 1790811761.561197137
shard_start 97 1790811761.561614289
shard_start 90 1790811761.563004772
shard_start 10 1790811761.564479746
shard_end 46 1790811761.565424104
shard_end 55 1790811761.566655331
shard_end 42 1790811761.568119549
shard_end 98 1790811761.569524574
shard_end 28 1790811761.571396115
shard_end 84 1790811761.572010277
shard_start 20 1790811761.573087006
shard_end 80 1790811761.573547522
shard_end 3 1790811761.574731502
shard_start 9 1790811761.575342520
shard_end 59 1790811761.576322178
shard_start 53 1790811761.576437069
shard_start 25 1790811761.577323804
shard_end 52 1790811761.577999563
shard_start 34 1790811761.578903019
shard_end 32 1790811761.579007212
shard_end 88 1790811761.580489494
shard_start 27 1790811761.580950028
shard_end 82 1790811761.589567559
shard_end 19 1790811761.592175300
shard_end 75 1790811761.592217463
shard_start 60 1790811761.593079078
shard_start 13 1790811761.594167205
shard_end 12 1790811761.595342808
shard_end 68 1790811761.595532058
shard_start 69 1790811761.596490504
shard_end 4 1790811761.596973893
shard_start 26 1790811761.598375757
shard_end 76 1790811761.598433281
shard_start 81 1790811761.599991759
shard_start 83 1790811761.600839252
shard_end 61 1790811761.609083637
shard_end 54 1790811761.610322264
shard_end 47 1790811761.610765527
shard_end 41 1790811761.613126630
shard_end 97 1790811761.613349272
shard_end 90 1790811761.614544410
shard_end 10 1790811761.616585487
shard_end 20 1790811761.625797030
shard_end 9 1790811761.627251592
shard_end 53 1790811761.628346968
shard_end 25 1790811761.628953116
shard_end 34 1790811761.630703073
shard_end 27 1790811761.632773805
shard_end 60 1790811761.645311104
shard_end 13 1790811761.646037811
shard_end 69 1790811761.648184008
shard_end 26 1790811761.650565187
shard_end 81 1790811761.651652913
shard_end 83 1790811761.652351192
agg_start 0 1790811762.424862997
agg_end 0 1790811762.426949958
