shard_start 2 1790811214.398405966
shard_start 4 1790811214.414149570
shard_start 0 1790811214.421405390
shard_start 1 1790811214.442119532
shard_end 2 1790811214.451018605
shard_start 5 1790811214.452676055
shard_start 6 1790811214.466008038
shard_end 4 1790811214.466006516
shard_end 0 1790811214.473289369
shard_start 7 1790811214.474753247
shard_start 3 1790811214.486890912
shard_end 1 1790811214.493949089
shard_end 5 1790811214.504486735
shard_end 6 1790811214.518066293
shard_end 7 1790811214.526623015
shard_end 3 1790811214.538825581
shard_start 13 1790811214.547711142
shard_start 8 1790811214.594765274
shard_end 13 1790811214.599572422
shard_start 12 1790811214.602500430
shard_start 9 1790811214.624673119
shard_start 11 1790811214.634228836
shard_end 8 1790811214.646992489
shard_end 12 1790811214.654311221
shard_start 10 1790811214.660194220
shard_start 15 1790811214.671977368
shard_end 9 1790811214.676514438
shard_end 11 1790811214.686256355
shard_start 14 1790811214.688501177
shard_end 10 1790811214.712441355
shard_start 16 1790811214.719832408
shard_end 15 1790811214.723840118
shard_end 14 1790811214.740866029
shard_start 21 1790811214.754512679
shard_start 18 1790811214.760051085
shard_end 16 1790811214.771552040
shard_start 17 1790811214.772579255
shard_start 20 1790811214.782930619
shard_start 19 1790811214.796506157
shard_start 23 1790811214.804788087
shard_end 21 1790811214.806176911
shard_end 18 1790811214.811826683
shard_start 22 1790811214.816228024
shard_end 17 1790811214.825373320
shard_start 25 1790811214.831570592
shard_end 20 1790811214.834826244
shard_end 19 1790811214.848470576
shard_end 23 1790811214.857409459
shard_end 22 1790811214.868352194
shard_start 26 1790811214.878222174
shard_end 25 1790811214.883555916
shard_start 24 1790811214.884867780
shard_start 28 1790811214.904992873
shard_start 29 1790811214.912214294
shard_end 26 1790811214.929898027
shard_start 31 1790811214.930018563
shard_end 24 1790811214.936670732
shard_start 27 1790811214.937299958
shard_start 30 1790811214.949840022
shard_end 28 1790811214.957024446
shard_end 29 1790811214.964210830
shard_end 31 1790811214.981806818
shard_end 27 1790811214.989223332
shard_end 30 1790811215.001995596
shard_start 34 1790811217.676451976
shard_start 33 1790811217.685644371
shard_start 37 1790811217.694273360
shard_start 35 1790811217.702847895
shard_start 39 1790811217.712892253
shard_start 32 1790811217.720822804
shard_start 38 1790811217.728110958
shard_end 34 1790811217.728160963
shard_start 36 1790811217.736510859
shard_end 33 1790811217.737702311
shard_end 37 1790811217.746222065
shard_end 35 1790811217.755162927
shard_end 39 1790811217.764954695
shard_end 32 1790811217.772652210
shard_end 38 1790811217.780038286
shard_end 36 1790811217.788975699
shard_start 42 1790811217.789358970
shard_start 41 1790811217.804155948
shard_start 45 1790811217.817308141
shard_start 40 1790811217.827457996
shard_end 42 1790811217.841186337
shard_start 43 1790811217.842403096
shard_start 46 1790811217.855510209
shard_end 41 1790811217.856038271
shard_start 44 1790811217.861252787
shard_end 45 1790811217.869339372
shard_start 47 1790811217.869724049
shard_end 40 1790811217.879426630
shard_end 43 1790811217.894330546
shard_start 50 1790811217.902399679
shard_end 46 1790811217.907508595
shard_end 44 1790811217.912992173
shard_start 53 1790811217.914975169
shard_end 47 1790811217.921609673
shard_start 48 1790811217.929365240
shard_start 54 1790811217.940115745
shard_end 50 1790811217.954279167
shard_start 55 1790811217.955120445
shard_start 49 1790811217.966850581
shard_end 53 1790811217.966850626
shard_end 48 1790811217.981454695
shard_start 51 1790811217.982878656
shard_start 52 1790811217.991200414
shard_end 54 1790811217.991884800
shard_end 55 1790811218.007615740
shard_start 61 1790811218.016206352
shard_end 49 1790811218.019104736
shard_start 58 1790811218.027145271
shard_end 51 1790811218.035108069
shard_start 56 1790811218.040015488
shard_end 52 1790811218.043116441
shard_start 63 1790811218.050850381
shard_start 62 1790811218.066302788
shard_end 61 1790811218.068410574
shard_start 57 1790811218.078783050
shard_end 58 1790811218.079055650
shard_end 56 1790811218.092113277
shard_start 59 1790811218.093814462
shard_end 63 1790811218.102838911
shard_start 60 1790811218.106390788
shard_end 62 1790811218.118363420
shard_end 57 1790811218.130925845
shard_end 59 1790811218.145795787
shard_end 60 1790811218.158336153
shard_start 69 1790811223.696841768
shard_start 66 1790811223.707000803
shard_start 65 1790811223.717711304
shard_start 70 1790811223.725243970
shard_start 64 1790811223.734316764
shard_start 71 1790811223.742696604
shard_end 69 1790811223.748892921
shard_start 67 1790811223.750031288
shard_start 68 1790811223.757449839
shard_end 66 1790811223.758651341
shard_end 65 1790811223.769823964
shard_end 70 1790811223.777162585
shard_end 64 1790811223.786860506
shard_end 71 1790811223.794674415
shard_end 67 1790811223.802713458
shard_end 68 1790811223.809708465
shard_start 77 1790811223.810523319
shard_start 74 1790811223.823356601
shard_start 73 1790811223.837313768
shard_start 78 1790811223.847531570
shard_start 72 1790811223.861671636
shard_end 77 1790811223.862309759
shard_start 79 1790811223.871911324
shard_end 74 1790811223.875920401
shard_start 75 1790811223.880560641
shard_start 76 1790811223.888710239
shard_end 73 1790811223.889157362
shard_end 78 1790811223.900996752
shard_end 72 1790811223.914829660
shard_end 79 1790811223.924195553
shard_end 75 1790811223.932681379
shard_start 85 1790811223.938958087
shard_end 76 1790811223.940396640
shard_start 87 1790811223.946410318
shard_start 82 1790811223.961536425
shard_start 86 1790811223.968999175
shard_start 80 1790811223.982619620
shard_end 85 1790811223.991016728
shard_start 81 1790811223.995663174
shard_end 87 1790811223.998768447
shard_start 83 1790811224.008201622
shard_end 82 1790811224.013307686
shard_start 84 1790811224.014447352
shard_end 86 1790811224.021006307
shard_end 80 1790811224.034542713
shard_end 81 1790811224.047687679
shard_end 83 1790811224.060177582
shard_start 95 1790811224.061704315
shard_end 84 1790811224.066413159
shard_start 93 1790811224.067890602
shard_start 90 1790811224.083213812
shard_start 88 1790811224.093447363
shard_start 94 1790811224.106037004
shard_end 95 1790811224.114325214
shard_start 89 1790811224.115531151
shard_end 93 1790811224.120531899
shard_start 91 1790811224.130148510
shard_end 90 1790811224.135798259
shard_start 92 1790811224.138380001
shard_end 88 1790811224.146213071
shard_end 94 1790811224.159077395
shard_end 89 1790811224.168252004
shard_end 91 1790811224.182442403
shard_end 92 1790811224.191289233
shard_start 98 1790811226.783156388
shard_start 96 1790811226.795114783
shard_start 97 1790811226.800033784
shard_start 99 1790811226.807621262
shard_end 98 1790811226.835104768
shard_end 96 1790811226.847215512
shard_end 97 1790811226.851712527
shard_end 99 1790811226.860421322
agg_start 0 1790811229.464987000
agg_end 0 1790811229.468150023
