shard_start 9 1790811751.762961406
shard_start 6 1790811751.763674071
shard_start 1 1790811751.765457762
shard_start 8 1790811751.768260743
shard_start 3 1790811751.769043944
shard_start 4 1790811751.770608876
shard_start 5 1790811751.772561427
shard_start 0 1790811751.774771305
shard_start 7 1790811751.775755185
shard_start 2 1790811751.778269027
shard_end 9 1790811751.814857960
shard_end 6 1790811751.815338532
shard_end 1 1790811751.817116544
shard_end 8 1790811751.820111271
shard_end 3 1790811751.820652344
shard_end 4 1790811751.823089230
shard_end 5 1790811751.824326902
shard_end 0 1790811751.827042435
shard_end 7 1790811751.828063679
shard_end 2 1790811751.830152791
agg_start 0 1790811751.837976103
agg_end 0 1790811751.839667743
