shard_start 9 1790811753.685037102
shard_start 6 1790811753.686786976
shard_start 1 1790811753.687498666
shard_start 8 1790811753.689539036
shard_start 3 1790811753.690672680
shard_start 4 1790811753.692455599
shard_start 5 1790811753.693314580
shard_start 0 1790811753.694611454
shard_start 7 1790811753.696115403
shard_start 2 1790811753.697202801
shard_end 9 1790811753.737450712
shard_end 6 1790811753.738717224
shard_end 1 1790811753.739290868
shard_end 8 1790811753.741507857
shard_end 3 1790811753.742158012
shard_end 4 1790811753.744423819
shard_end 5 1790811753.744780233
shard_end 0 1790811753.746501285
shard_end 7 1790811753.748129403
shard_end 2 1790811753.749038304
agg_start 0 1790811753.758238406
agg_end 0 1790811753.759817622
