shard_start 48 1790811758.488202818
shard_start 21 1790811758.490587522
shard_start 62 1790811758.490963326
shard_start 35 1790811758.492108228
shard_start 91 1790811758.493777016
shard_start 5 1790811758.495623496
shard_start 63 1790811758.497216199
shard_start 36 1790811758.498204371
shard_start 92 1790811758.499974191
shard_start 6 1790811758.501606613
shard_start 64 1790811758.503081735
shard_start 37 1790811758.504576602
shard_start 93 1790811758.506440306
shard_start 7 1790811758.508381626
shard_start 65 1790811758.509012201
shard_start 38 1790811758.510749142
shard_start 94 1790811758.512406810
shard_start 8 1790811758.513983740
shard_end 48 1790811758.540827066
shard_end 21 1790811758.542505078
shard_end 62 1790811758.542672138
shard_end 35 1790811758.543638342
shard_end 91 1790811758.545354409
shard_end 5 1790811758.547567530
shard_end 63 1790811758.549150648
shard_end 36 1790811758.549914143
shard_start 66 1790811758.550276810
shard_start 39 1790811758.551494010
shard_end 92 1790811758.552010983
shard_start 95 1790811758.553050297
shard_end 6 1790811758.553453630
shard_start 67 1790811758.554290997
shard_end 64 1790811758.554618335
shard_start 11 1790811758.555826838
shard_end 37 1790811758.556143102
shard_start 40 1790811758.558204764
shard_start 96 1790811758.558280874
shard_end 93 1790811758.558438061
shard_start 43 1790811758.559701808
shard_end 7 1790811758.560078300
shard_end 65 1790811758.560756936
shard_start 72 1790811758.561297353
shard_start 18 1790811758.562785821
shard_end 38 1790811758.562731098
shard_end 94 1790811758.564515456
shard_start 45 1790811758.565362400
shard_end 8 1790811758.566051748
shard_start 17 1790811758.566646494
shard_start 73 1790811758.568167474
shard_start 74 1790811758.569937837
shard_start 89 1790811758.584295173
shard_start 85 1790811758.585884725
shard_start 22 1790811758.587119410
shard_start 78 1790811758.587579383
shard_start 15 1790811758.588760508
shard_start 71 1790811758.591785129
shard_start 1 1790811758.592259001
shard_start 57 1790811758.593186065
shard_start 50 1790811758.596241486
shard_start 44 1790811758.597964415
shard_start 30 1790811758.598764572
shard_start 86 1790811758.600778623
shard_end 66 1790811758.601927025
shard_start 23 1790811758.602404142
shard_end 39 1790811758.603821197
shard_start 79 1790811758.603976321
shard_end 95 1790811758.605234543
shard_start 32 1790811758.605382134
shard_end 67 1790811758.606441628
shard_start 16 1790811758.607850818
shard_end 11 1790811758.607981517
shard_start 25 1790811758.609437046
shard_end 40 1790811758.610141030
shard_end 96 1790811758.610237088
shard_start 80 1790811758.610725445
shard_end 43 1790811758.611683361
shard_end 72 1790811758.613571600
shard_end 18 1790811758.614723229
shard_end 45 1790811758.617406282
shard_end 17 1790811758.618486185
shard_end 73 1790811758.619798563
shard_start 14 1790811758.620325105
shard_start 70 1790811758.621740503
shard_end 74 1790811758.622031843
shard_start 0 1790811758.623244572
shard_start 56 1790811758.624609901
shard_start 87 1790811758.625747934
shard_end 89 1790811758.636057143
shard_start 46 1790811758.636133423
shard_start 33 1790811758.636896729
shard_end 85 1790811758.637725385
shard_start 84 1790811758.637909942
shard_end 22 1790811758.638792922
shard_end 78 1790811758.639260148
shard_start 77 1790811758.640133250
shard_end 15 1790811758.640305170
shard_start 49 1790811758.641611561
shard_end 71 1790811758.643740382
shard_start 99 1790811758.644010852
shard_end 1 1790811758.644509700
shard_end 57 1790811758.645418932
shard_start 29 1790811758.645558908
shard_start 2 1790811758.647068801
shard_start 58 1790811758.648280578
shard_end 50 1790811758.648424282
shard_end 44 1790811758.650182023
shard_end 30 1790811758.650926700
shard_end 86 1790811758.652472746
shard_end 23 1790811758.654208528
shard_end 79 1790811758.656084582
shard_end 32 1790811758.657631774
shard_start 26 1790811758.658398691
shard_end 16 1790811758.659817358
shard_start 98 1790811758.660152572
shard_end 25 1790811758.661638453
shard_end 80 1790811758.662880673
shard_start 28 1790811758.663082222
shard_start 51 1790811758.663475762
shard_start 31 1790811758.665154691
shard_start 24 1790811758.666805701
shard_start 3 1790811758.667594605
shard_start 52 1790811758.668817778
shard_end 14 1790811758.672252134
shard_end 70 1790811758.673467365
shard_end 0 1790811758.674853399
shard_end 56 1790811758.676297091
shard_end 87 1790811758.677981299
shard_start 82 1790811758.680274655
shard_start 19 1790811758.682019693
shard_start 75 1790811758.683221663
shard_start 12 1790811758.683713860
shard_start 68 1790811758.685297485
shard_start 4 1790811758.685808674
shard_start 61 1790811758.687263048
shard_end 46 1790811758.688015928
shard_start 69 1790811758.688587614
shard_end 33 1790811758.688863130
shard_start 88 1790811758.689617691
shard_end 84 1790811758.689679758
shard_start 81 1790811758.691093445
shard_end 77 1790811758.692581229
shard_end 49 1790811758.694014566
shard_end 99 1790811758.695886901
shard_end 29 1790811758.697748844
shard_end 2 1790811758.698744153
shard_end 58 1790811758.699871530
shard_start 60 1790811758.702757898
shard_start 10 1790811758.703446290
shard_start 55 1790811758.704791952
shard_start 97 1790811758.705934165
shard_start 13 1790811758.708004077
shard_start 90 1790811758.708671799
shard_start 27 1790811758.710201493
shard_end 26 1790811758.710835831
shard_end 98 1790811758.712361316
shard_end 28 1790811758.714715387
shard_end 51 1790811758.715315799
shard_end 31 1790811758.716732582
shard_end 24 1790811758.718829201
shard_end 3 1790811758.719231050
shard_start 20 1790811758.719845685
shard_end 52 1790811758.720494966
shard_start 76 1790811758.721588645
shard_start 53 1790811758.721912899
shard_start 9 1790811758.723660912
shard_start 42 1790811758.724535385
shard_start 59 1790811758.726338088
shard_start 83 1790811758.727417912
shard_end 82 1790811758.731971093
shard_end 19 1790811758.733592465
shard_end 12 1790811758.735351890
shard_end 75 1790811758.735510504
shard_start 34 1790811758.735989059
shard_start 41 1790811758.737314168
shard_end 68 1790811758.737512321
shard_end 4 1790811758.737986121
shard_end 61 1790811758.739112148
shard_end 69 1790811758.740309312
shard_start 54 1790811758.740400294
shard_start 47 1790811758.740398714
shard_end 88 1790811758.741996182
shard_end 81 1790811758.742832095
shard_end 60 1790811758.754744926
shard_end 10 1790811758.755371096
shard_end 55 1790811758.756924004
shard_end 97 1790811758.757744404
shard_end 13 1790811758.759785185
shard_end 90 1790811758.760337971
shard_end 27 1790811758.761846775
shard_end 20 1790811758.771862378
shard_end 53 1790811758.774119128
shard_end 76 1790811758.774120175
shard_end 9 1790811758.775347212
shard_end 42 1790811758.776066891
shard_end 59 1790811758.778028951
shard_end 83 1790811758.779092711
shard_end 34 1790811758.788233209
shard_end 41 1790811758.789274275
shard_end 54 1790811758.792252729
shard_end 47 1790811758.792303095
agg_start 0 1790811759.577330660
agg_end 0 1790811759.579267690
