shard_start 5 1790811557.696192105
shard_start 6 1790811557.705317835
shard_start 4 1790811557.717066605
shard_start 3 1790811557.725295507
shard_start 0 1790811557.735579588
shard_start 2 1790811557.740473562
shard_end 5 1790811557.748006850
shard_start 1 1790811557.749206034
shard_start 7 1790811557.755658479
shard_end 6 1790811557.757192012
shard_end 4 1790811557.769029035
shard_end 3 1790811557.777202960
shard_end 0 1790811557.787604272
shard_end 2 1790811557.792139149
shard_end 1 1790811557.801545300
shard_end 7 1790811557.807359482
shard_start 13 1790811557.808372380
shard_start 14 1790811557.819947846
shard_start 12 1790811557.830341413
shard_start 10 1790811557.840480653
shard_start 8 1790811557.858259005
shard_end 13 1790811557.859890962
shard_start 11 1790811557.863826396
shard_end 14 1790811557.872119689
shard_start 9 1790811557.877209408
shard_end 12 1790811557.882552184
shard_start 15 1790811557.884286897
shard_end 10 1790811557.892411739
shard_end 8 1790811557.910199135
shard_end 11 1790811557.915728451
shard_start 19 1790811557.919588918
shard_end 9 1790811557.928974060
shard_start 18 1790811557.929153036
shard_end 15 1790811557.936374916
shard_start 16 1790811557.940688339
shard_start 17 1790811557.952563388
shard_end 19 1790811557.971507695
shard_end 18 1790811557.981411380
shard_end 16 1790811557.992831264
shard_end 17 1790811558.004608502
agg_start 0 1790811560.975542519
agg_end 0 1790811560.979066477
