shard_start 5 1790811794.431642911
shard_start 0 1790811794.432763308
shard_start 15 1790811794.433902162
shard_start 18 1790811794.434940466
shard_end 5 1790811794.483566042
shard_end 0 1790811794.484385484
shard_end 15 1790811794.485414939
shard_end 18 1790811794.486385637
shard_start 13 1790811794.492454117
shard_start 9 1790811794.499149741
shard_start 10 1790811794.500282881
shard_start 14 1790811794.500272310
shard_end 13 1790811794.544346352
shard_end 9 1790811794.551191543
shard_end 10 1790811794.551857750
shard_end 14 1790811794.552136163
shard_start 7 1790811794.553114570
shard_start 2 1790811794.559304719
shard_start 6 1790811794.565178543
shard_start 1 1790811794.566039070
shard_end 7 1790811794.605621711
shard_end 2 1790811794.611297297
shard_start 11 1790811794.614617282
shard_end 6 1790811794.616857711
shard_end 1 1790811794.617716966
shard_start 16 1790811794.619644269
shard_start 17 1790811794.628635206
shard_start 8 1790811794.629639963
shard_end 11 1790811794.666709660
shard_end 16 1790811794.671861035
shard_start 19 1790811794.675768554
shard_end 17 1790811794.680529857
shard_start 3 1790811794.680884998
shard_end 8 1790811794.681261099
shard_start 12 1790811794.689078405
shard_start 4 1790811794.694357067
shard_end 19 1790811794.728336800
shard_end 3 1790811794.732795626
shard_end 12 1790811794.740996382
shard_end 4 1790811794.746250335
agg_start 0 1790811794.754582443
agg_end 0 1790811794.756178728
