### base interpreter : python3 (Python 3.12.2)
### pipen venv       : /home/pwwang/ws_bench/.venv
### snakemake venv   : /home/pwwang/ws_bench/smk-venv
### pipen install    : pipen==1.2.3 + pandas + pipen-runinfo
### snakemake install: snakemake==9.27.0
### creating /home/pwwang/ws_bench/.venv
### installing the pipen side (this downloads from PyPI)
Collecting pipen==1.2.3
  Using cached pipen-1.2.3-py3-none-any.whl.metadata (12 kB)
Collecting pandas
  Using cached pandas-3.0.6-cp312-cp312-manylinux_2_24_x86_64.manylinux_2_28_x86_64.whl.metadata (79 kB)
Collecting pipen-runinfo
  Using cached pipen_runinfo-1.1.5-py3-none-any.whl.metadata (3.2 kB)
Collecting argx<0.5,>=0.4 (from pipen==1.2.3)
  Using cached argx-0.4.4-py3-none-any.whl.metadata (15 kB)
Collecting enlighten<2,>=1 (from pipen==1.2.3)
  Using cached enlighten-1.14.1-py2.py3-none-any.whl.metadata (18 kB)
Collecting liquidpy<1,>=0.8 (from pipen==1.2.3)
  Using cached liquidpy-0.10.0-py3-none-any.whl.metadata (4.1 kB)
Collecting pipda<1,>=0.13 (from pipen==1.2.3)
  Using cached pipda-0.14.1-py3-none-any.whl.metadata (5.7 kB)
Collecting python-simpleconf<1,>=0.9 (from python-simpleconf[toml]<1,>=0.9->pipen==1.2.3)
  Using cached python_simpleconf-0.9.6-py3-none-any.whl.metadata (12 kB)
Collecting varname>=1.0 (from pipen==1.2.3)
  Using cached varname-1.0.0-py3-none-any.whl.metadata (12 kB)
Collecting xqute<3,>=2.0 (from pipen==1.2.3)
  Using cached xqute-2.2.0-py3-none-any.whl.metadata (7.3 kB)
Collecting numpy>=1.26.0 (from pandas)
  Using cached numpy-2.5.3-cp312-cp312-manylinux_2_27_x86_64.manylinux_2_28_x86_64.whl.metadata (6.6 kB)
Collecting python-dateutil>=2.8.2 (from pandas)
  Using cached python_dateutil-2.9.0.post0-py2.py3-none-any.whl.metadata (8.4 kB)
Collecting blessed>=1.17.7 (from enlighten<2,>=1->pipen==1.2.3)
  Using cached blessed-1.50.0-py3-none-any.whl.metadata (13 kB)
Collecting prefixed>=0.3.2 (from enlighten<2,>=1->pipen==1.2.3)
  Using cached prefixed-0.9.0-py2.py3-none-any.whl.metadata (11 kB)
Collecting jinja2<4,>=3 (from liquidpy<1,>=0.8->pipen==1.2.3)
  Using cached jinja2-3.1.6-py3-none-any.whl.metadata (2.9 kB)
Collecting executing>=2.0 (from pipda<1,>=0.13->pipen==1.2.3)
  Using cached executing-2.2.1-py2.py3-none-any.whl.metadata (8.9 kB)
Collecting six>=1.5 (from python-dateutil>=2.8.2->pandas)
  Using cached six-1.17.0-py2.py3-none-any.whl.metadata (1.7 kB)
Collecting diot<0.4,>=0.3.3 (from python-simpleconf<1,>=0.9->python-simpleconf[toml]<1,>=0.9->pipen==1.2.3)
  Using cached diot-0.3.4-py3-none-any.whl.metadata (6.1 kB)
Collecting panpath<0.5,>=0.4.8 (from python-simpleconf<1,>=0.9->python-simpleconf[toml]<1,>=0.9->pipen==1.2.3)
  Using cached panpath-0.4.12-py3-none-any.whl.metadata (8.0 kB)
Collecting rtoml<1,>=0.12 (from python-simpleconf[toml]<1,>=0.9->pipen==1.2.3)
  Using cached rtoml-0.13.0-cp312-cp312-manylinux_2_17_x86_64.manylinux2014_x86_64.whl.metadata (6.1 kB)
Collecting aiofiles>=23.0.0 (from xqute<3,>=2.0->pipen==1.2.3)
  Using cached aiofiles-25.1.0-py3-none-any.whl.metadata (6.3 kB)
Collecting rich>=14 (from xqute<3,>=2.0->pipen==1.2.3)
  Using cached rich-15.0.0-py3-none-any.whl.metadata (18 kB)
Collecting simplug>=0.5 (from xqute<3,>=2.0->pipen==1.2.3)
  Using cached simplug-0.5.7-py3-none-any.whl.metadata (2.4 kB)
Collecting uvloop>=0 (from xqute<3,>=2.0->pipen==1.2.3)
  Using cached uvloop-0.23.0-cp312-cp312-manylinux2014_x86_64.manylinux_2_17_x86_64.manylinux_2_28_x86_64.whl.metadata (5.1 kB)
Collecting wcwidth>=0.8.3 (from blessed>=1.17.7->enlighten<2,>=1->pipen==1.2.3)
  Using cached wcwidth-0.9.1-cp310-abi3-manylinux2014_x86_64.manylinux_2_17_x86_64.whl.metadata (23 kB)
Collecting jinxed<3,>=2.1 (from blessed>=1.17.7->enlighten<2,>=1->pipen==1.2.3)
  Using cached jinxed-2.1.0-py2.py3-none-any.whl.metadata (7.2 kB)
Collecting inflection>=0.5 (from diot<0.4,>=0.3.3->python-simpleconf<1,>=0.9->python-simpleconf[toml]<1,>=0.9->pipen==1.2.3)
  Using cached inflection-0.5.1-py2.py3-none-any.whl.metadata (1.7 kB)
Collecting MarkupSafe>=2.0 (from jinja2<4,>=3->liquidpy<1,>=0.8->pipen==1.2.3)
  Using cached markupsafe-3.0.3-cp312-cp312-manylinux2014_x86_64.manylinux_2_17_x86_64.manylinux_2_28_x86_64.whl.metadata (2.7 kB)
Collecting typing-extensions>=4.0.0 (from panpath<0.5,>=0.4.8->python-simpleconf<1,>=0.9->python-simpleconf[toml]<1,>=0.9->pipen==1.2.3)
  Using cached typing_extensions-4.16.0-py3-none-any.whl.metadata (3.3 kB)
Collecting markdown-it-py>=2.2.0 (from rich>=14->xqute<3,>=2.0->pipen==1.2.3)
  Using cached markdown_it_py-4.2.0-py3-none-any.whl.metadata (7.4 kB)
Collecting pygments<3.0.0,>=2.13.0 (from rich>=14->xqute<3,>=2.0->pipen==1.2.3)
  Using cached pygments-2.21.0-py3-none-any.whl.metadata (2.5 kB)
Collecting mdurl~=0.1 (from markdown-it-py>=2.2.0->rich>=14->xqute<3,>=2.0->pipen==1.2.3)
  Using cached mdurl-0.1.2-py3-none-any.whl.metadata (1.6 kB)
Using cached pipen-1.2.3-py3-none-any.whl (59 kB)
Using cached pandas-3.0.6-cp312-cp312-manylinux_2_24_x86_64.manylinux_2_28_x86_64.whl (10.8 MB)
Using cached pipen_runinfo-1.1.5-py3-none-any.whl (7.0 kB)
Using cached argx-0.4.4-py3-none-any.whl (17 kB)
Using cached enlighten-1.14.1-py2.py3-none-any.whl (42 kB)
Using cached liquidpy-0.10.0-py3-none-any.whl (33 kB)
Using cached numpy-2.5.3-cp312-cp312-manylinux_2_27_x86_64.manylinux_2_28_x86_64.whl (16.7 MB)
Using cached pipda-0.14.1-py3-none-any.whl (21 kB)
Using cached python_dateutil-2.9.0.post0-py2.py3-none-any.whl (229 kB)
Using cached python_simpleconf-0.9.6-py3-none-any.whl (20 kB)
Using cached varname-1.0.0-py3-none-any.whl (25 kB)
Using cached xqute-2.2.0-py3-none-any.whl (47 kB)
Using cached aiofiles-25.1.0-py3-none-any.whl (14 kB)
Using cached blessed-1.50.0-py3-none-any.whl (140 kB)
Using cached diot-0.3.4-py3-none-any.whl (12 kB)
Using cached executing-2.2.1-py2.py3-none-any.whl (28 kB)
Using cached jinja2-3.1.6-py3-none-any.whl (134 kB)
Using cached panpath-0.4.12-py3-none-any.whl (64 kB)
Using cached prefixed-0.9.0-py2.py3-none-any.whl (13 kB)
Using cached rich-15.0.0-py3-none-any.whl (310 kB)
Using cached rtoml-0.13.0-cp312-cp312-manylinux_2_17_x86_64.manylinux2014_x86_64.whl (346 kB)
Using cached simplug-0.5.7-py3-none-any.whl (12 kB)
Using cached six-1.17.0-py2.py3-none-any.whl (11 kB)
Using cached uvloop-0.23.0-cp312-cp312-manylinux2014_x86_64.manylinux_2_17_x86_64.manylinux_2_28_x86_64.whl (4.5 MB)
Using cached inflection-0.5.1-py2.py3-none-any.whl (9.5 kB)
Using cached jinxed-2.1.0-py2.py3-none-any.whl (104 kB)
Using cached markdown_it_py-4.2.0-py3-none-any.whl (91 kB)
Using cached markupsafe-3.0.3-cp312-cp312-manylinux2014_x86_64.manylinux_2_17_x86_64.manylinux_2_28_x86_64.whl (22 kB)
Using cached pygments-2.21.0-py3-none-any.whl (1.3 MB)
Using cached typing_extensions-4.16.0-py3-none-any.whl (45 kB)
Using cached wcwidth-0.9.1-cp310-abi3-manylinux2014_x86_64.manylinux_2_17_x86_64.whl (768 kB)
Using cached mdurl-0.1.2-py3-none-any.whl (10.0 kB)
Installing collected packages: prefixed, jinxed, wcwidth, uvloop, typing-extensions, six, rtoml, pygments, numpy, mdurl, MarkupSafe, inflection, executing, aiofiles, varname, python-dateutil, pipda, panpath, markdown-it-py, jinja2, diot, blessed, simplug, rich, python-simpleconf, pandas, liquidpy, enlighten, argx, xqute, pipen, pipen-runinfo
Successfully installed MarkupSafe-3.0.3 aiofiles-25.1.0 argx-0.4.4 blessed-1.50.0 diot-0.3.4 enlighten-1.14.1 executing-2.2.1 inflection-0.5.1 jinja2-3.1.6 jinxed-2.1.0 liquidpy-0.10.0 markdown-it-py-4.2.0 mdurl-0.1.2 numpy-2.5.3 pandas-3.0.6 panpath-0.4.12 pipda-0.14.1 pipen-1.2.3 pipen-runinfo-1.1.5 prefixed-0.9.0 pygments-2.21.0 python-dateutil-2.9.0.post0 python-simpleconf-0.9.6 rich-15.0.0 rtoml-0.13.0 simplug-0.5.7 six-1.17.0 typing-extensions-4.16.0 uvloop-0.23.0 varname-1.0.0 wcwidth-0.9.1 xqute-2.2.0

[notice] A new release of pip is available: 24.0 -> 26.2.1
[notice] To update, run: python -m pip install --upgrade pip
### creating /home/pwwang/ws_bench/smk-venv
### installing the snakemake side (this downloads from PyPI)
Collecting snakemake==9.27.0
  Using cached snakemake-9.27.0-py3-none-any.whl.metadata (2.8 kB)
Collecting platformdirs (from snakemake==9.27.0)
  Using cached platformdirs-4.12.2-py3-none-any.whl.metadata (5.5 kB)
Collecting immutables (from snakemake==9.27.0)
  Using cached immutables-0.21-cp312-cp312-manylinux_2_5_x86_64.manylinux1_x86_64.manylinux_2_17_x86_64.manylinux2014_x86_64.whl.metadata (4.5 kB)
Collecting configargparse (from snakemake==9.27.0)
  Using cached configargparse-1.8.0-py3-none-any.whl.metadata (23 kB)
Collecting connection_pool>=0.0.3 (from snakemake==9.27.0)
  Using cached connection_pool-0.0.3-py3-none-any.whl
Collecting docutils<0.23,>=0.20 (from snakemake==9.27.0)
  Using cached docutils-0.22.4-py3-none-any.whl.metadata (15 kB)
Collecting gitpython (from snakemake==9.27.0)
  Using cached gitpython-3.2.0-py3-none-any.whl.metadata (13 kB)
Collecting humanfriendly (from snakemake==9.27.0)
  Using cached humanfriendly-10.0-py2.py3-none-any.whl.metadata (9.2 kB)
Collecting jinja2<4.0,>=3.0 (from snakemake==9.27.0)
  Using cached jinja2-3.1.6-py3-none-any.whl.metadata (2.9 kB)
Collecting jsonschema (from snakemake==9.27.0)
  Using cached jsonschema-4.26.0-py3-none-any.whl.metadata (7.6 kB)
Collecting nbformat (from snakemake==9.27.0)
  Using cached nbformat-5.11.1-py3-none-any.whl.metadata (3.7 kB)
Collecting packaging<26,>=24.0 (from snakemake==9.27.0)
  Using cached packaging-25.0-py3-none-any.whl.metadata (3.3 kB)
Collecting psutil (from snakemake==9.27.0)
  Using cached psutil-7.2.2-cp36-abi3-manylinux2010_x86_64.manylinux_2_12_x86_64.manylinux_2_28_x86_64.whl.metadata (22 kB)
Collecting pulp<3.4,>=2.3.1 (from snakemake==9.27.0)
  Using cached pulp-3.3.2-py3-none-any.whl.metadata (8.6 kB)
Collecting pyyaml (from snakemake==9.27.0)
  Using cached pyyaml-6.0.3-cp312-cp312-manylinux2014_x86_64.manylinux_2_17_x86_64.manylinux_2_28_x86_64.whl.metadata (2.4 kB)
Collecting referencing (from snakemake==9.27.0)
  Using cached referencing-0.37.0-py3-none-any.whl.metadata (2.8 kB)
Collecting requests<3.0,>=2.8.1 (from snakemake==9.27.0)
  Using cached requests-2.34.2-py3-none-any.whl.metadata (4.8 kB)
Collecting tenacity<10.0,>=9.1.4 (from snakemake==9.27.0)
  Using cached tenacity-9.1.4-py3-none-any.whl.metadata (1.2 kB)
Collecting smart-open<8.0,>=4.0 (from snakemake==9.27.0)
  Using cached smart_open-7.7.1-py3-none-any.whl.metadata (25 kB)
Collecting snakemake-interface-executor-plugins<10.0,>=9.3.2 (from snakemake==9.27.0)
  Using cached snakemake_interface_executor_plugins-9.4.0-py3-none-any.whl.metadata (7.9 kB)
Collecting snakemake-interface-common<2.0,>=1.20.1 (from snakemake==9.27.0)
  Using cached snakemake_interface_common-1.23.1-py3-none-any.whl.metadata (505 bytes)
Collecting snakemake-interface-storage-plugins<5.0,>=4.4.1 (from snakemake==9.27.0)
  Using cached snakemake_interface_storage_plugins-4.4.1-py3-none-any.whl.metadata (12 kB)
Collecting snakemake-interface-report-plugins<2.0.0,>=1.2.0 (from snakemake==9.27.0)
  Using cached snakemake_interface_report_plugins-1.3.0-py3-none-any.whl.metadata (3.6 kB)
Collecting snakemake-interface-logger-plugins<3.0.0,>=1.1.0 (from snakemake==9.27.0)
  Using cached snakemake_interface_logger_plugins-2.1.0-py3-none-any.whl.metadata (15 kB)
Collecting snakemake-interface-scheduler-plugins<3.0.0,>=2.0.0 (from snakemake==9.27.0)
  Using cached snakemake_interface_scheduler_plugins-2.0.2-py3-none-any.whl.metadata (5.6 kB)
Collecting tabulate (from snakemake==9.27.0)
  Using cached tabulate-0.10.0-py3-none-any.whl.metadata (40 kB)
Collecting throttler (from snakemake==9.27.0)
  Using cached throttler-1.2.3-py3-none-any.whl.metadata (10 kB)
Collecting wrapt (from snakemake==9.27.0)
  Using cached wrapt-2.5.0-cp312-cp312-manylinux1_x86_64.manylinux_2_28_x86_64.manylinux_2_5_x86_64.whl.metadata (7.6 kB)
Collecting yte<2.0,>=1.5.5 (from snakemake==9.27.0)
  Using cached yte-1.9.4-py3-none-any.whl.metadata (3.1 kB)
Collecting dpath<3.0.0,>=2.1.6 (from snakemake==9.27.0)
  Using cached dpath-2.2.0-py3-none-any.whl.metadata (15 kB)
Collecting conda-inject<2.0,>=1.3.1 (from snakemake==9.27.0)
  Using cached conda_inject-1.3.2-py3-none-any.whl.metadata (855 bytes)
Collecting sqlmodel<0.0.38,>=0.0.37 (from snakemake==9.27.0)
  Using cached sqlmodel-0.0.37-py3-none-any.whl.metadata (10 kB)
Collecting MarkupSafe>=2.0 (from jinja2<4.0,>=3.0->snakemake==9.27.0)
  Using cached markupsafe-3.0.3-cp312-cp312-manylinux2014_x86_64.manylinux_2_17_x86_64.manylinux_2_28_x86_64.whl.metadata (2.7 kB)
Collecting charset_normalizer<4,>=2 (from requests<3.0,>=2.8.1->snakemake==9.27.0)
  Using cached charset_normalizer-3.5.2-cp312-cp312-manylinux2014_x86_64.manylinux_2_17_x86_64.manylinux_2_28_x86_64.whl.metadata (46 kB)
Collecting idna<4,>=2.5 (from requests<3.0,>=2.8.1->snakemake==9.27.0)
  Using cached idna-3.20-py3-none-any.whl.metadata (7.2 kB)
Collecting urllib3<3,>=1.26 (from requests<3.0,>=2.8.1->snakemake==9.27.0)
  Using cached urllib3-2.8.0-py3-none-any.whl.metadata (7.4 kB)
Collecting certifi>=2023.5.7 (from requests<3.0,>=2.8.1->snakemake==9.27.0)
  Using cached certifi-2026.7.22-py3-none-any.whl.metadata (2.5 kB)
Collecting argparse-dataclass>=2.0.0 (from snakemake-interface-common<2.0,>=1.20.1->snakemake==9.27.0)
  Using cached argparse_dataclass-2.0.0-py3-none-any.whl.metadata (7.2 kB)
INFO: pip is looking at multiple versions of snakemake-interface-common to determine which version is compatible with other requirements. This could take a while.
Collecting snakemake-interface-common<2.0,>=1.20.1 (from snakemake==9.27.0)
  Using cached snakemake_interface_common-1.23.0-py3-none-any.whl.metadata (511 bytes)
Collecting SQLAlchemy<2.1.0,>=2.0.14 (from sqlmodel<0.0.38,>=0.0.37->snakemake==9.27.0)
  Using cached sqlalchemy-2.0.54-cp312-cp312-manylinux2014_x86_64.manylinux_2_17_x86_64.manylinux_2_28_x86_64.whl.metadata (9.7 kB)
Collecting pydantic>=2.11.0 (from sqlmodel<0.0.38,>=0.0.37->snakemake==9.27.0)
  Using cached pydantic-2.13.5-py3-none-any.whl.metadata (110 kB)
Collecting gitdb<5,>=4.0.1 (from gitpython->snakemake==9.27.0)
  Using cached gitdb-4.0.12-py3-none-any.whl.metadata (1.2 kB)
Collecting attrs>=22.2.0 (from jsonschema->snakemake==9.27.0)
  Using cached attrs-26.1.0-py3-none-any.whl.metadata (8.8 kB)
Collecting jsonschema-specifications>=2023.03.6 (from jsonschema->snakemake==9.27.0)
  Using cached jsonschema_specifications-2025.9.1-py3-none-any.whl.metadata (2.9 kB)
Collecting rpds-py>=0.25.0 (from jsonschema->snakemake==9.27.0)
  Using cached rpds_py-2026.6.3-cp312-cp312-manylinux_2_17_x86_64.manylinux2014_x86_64.whl.metadata (4.1 kB)
Collecting typing-extensions>=4.4.0 (from referencing->snakemake==9.27.0)
  Using cached typing_extensions-4.16.0-py3-none-any.whl.metadata (3.3 kB)
Collecting fastjsonschema>=2.15 (from nbformat->snakemake==9.27.0)
  Using cached fastjsonschema-2.22.2-py3-none-any.whl.metadata (2.1 kB)
Collecting jupyter-core!=5.0.*,>=4.12 (from nbformat->snakemake==9.27.0)
  Using cached jupyter_core-5.9.1-py3-none-any.whl.metadata (1.5 kB)
Collecting traitlets>=5.1 (from nbformat->snakemake==9.27.0)
  Using cached traitlets-5.16.1-py3-none-any.whl.metadata (10 kB)
Collecting smmap<6,>=3.0.1 (from gitdb<5,>=4.0.1->gitpython->snakemake==9.27.0)
  Using cached smmap-5.0.3-py3-none-any.whl.metadata (4.6 kB)
Collecting annotated-types>=0.6.0 (from pydantic>=2.11.0->sqlmodel<0.0.38,>=0.0.37->snakemake==9.27.0)
  Using cached annotated_types-0.8.0-py3-none-any.whl.metadata (15 kB)
Collecting pydantic-core==2.46.5 (from pydantic>=2.11.0->sqlmodel<0.0.38,>=0.0.37->snakemake==9.27.0)
  Using cached pydantic_core-2.46.5-cp312-cp312-manylinux_2_17_x86_64.manylinux2014_x86_64.whl.metadata (6.6 kB)
Collecting typing-inspection>=0.4.2 (from pydantic>=2.11.0->sqlmodel<0.0.38,>=0.0.37->snakemake==9.27.0)
  Using cached typing_inspection-0.4.4-py3-none-any.whl.metadata (2.6 kB)
Collecting greenlet>=1 (from SQLAlchemy<2.1.0,>=2.0.14->sqlmodel<0.0.38,>=0.0.37->snakemake==9.27.0)
  Using cached greenlet-3.5.6-cp312-cp312-manylinux_2_24_x86_64.manylinux_2_28_x86_64.whl.metadata (3.8 kB)
Using cached snakemake-9.27.0-py3-none-any.whl (1.2 MB)
Using cached conda_inject-1.3.2-py3-none-any.whl (4.1 kB)
Using cached docutils-0.22.4-py3-none-any.whl (633 kB)
Using cached dpath-2.2.0-py3-none-any.whl (17 kB)
Using cached jinja2-3.1.6-py3-none-any.whl (134 kB)
Using cached packaging-25.0-py3-none-any.whl (66 kB)
Using cached pulp-3.3.2-py3-none-any.whl (16.4 MB)
Using cached pyyaml-6.0.3-cp312-cp312-manylinux2014_x86_64.manylinux_2_17_x86_64.manylinux_2_28_x86_64.whl (807 kB)
Using cached requests-2.34.2-py3-none-any.whl (73 kB)
Using cached smart_open-7.7.1-py3-none-any.whl (65 kB)
Using cached snakemake_interface_common-1.23.0-py3-none-any.whl (17 kB)
Using cached configargparse-1.8.0-py3-none-any.whl (34 kB)
Using cached snakemake_interface_executor_plugins-9.4.0-py3-none-any.whl (22 kB)
Using cached snakemake_interface_logger_plugins-2.1.0-py3-none-any.whl (14 kB)
Using cached snakemake_interface_report_plugins-1.3.0-py3-none-any.whl (7.3 kB)
Using cached snakemake_interface_scheduler_plugins-2.0.2-py3-none-any.whl (10 kB)
Using cached snakemake_interface_storage_plugins-4.4.1-py3-none-any.whl (18 kB)
Using cached humanfriendly-10.0-py2.py3-none-any.whl (86 kB)
Using cached sqlmodel-0.0.37-py3-none-any.whl (27 kB)
Using cached tenacity-9.1.4-py3-none-any.whl (28 kB)
Using cached throttler-1.2.3-py3-none-any.whl (9.7 kB)
Using cached wrapt-2.5.0-cp312-cp312-manylinux1_x86_64.manylinux_2_28_x86_64.manylinux_2_5_x86_64.whl (250 kB)
Using cached yte-1.9.4-py3-none-any.whl (10 kB)
Using cached gitpython-3.2.0-py3-none-any.whl (228 kB)
Using cached immutables-0.21-cp312-cp312-manylinux_2_5_x86_64.manylinux1_x86_64.manylinux_2_17_x86_64.manylinux2014_x86_64.whl (104 kB)
Using cached jsonschema-4.26.0-py3-none-any.whl (90 kB)
Using cached referencing-0.37.0-py3-none-any.whl (26 kB)
Using cached nbformat-5.11.1-py3-none-any.whl (79 kB)
Using cached platformdirs-4.12.2-py3-none-any.whl (32 kB)
Using cached psutil-7.2.2-cp36-abi3-manylinux2010_x86_64.manylinux_2_12_x86_64.manylinux_2_28_x86_64.whl (155 kB)
Using cached tabulate-0.10.0-py3-none-any.whl (39 kB)
Using cached argparse_dataclass-2.0.0-py3-none-any.whl (8.8 kB)
Using cached attrs-26.1.0-py3-none-any.whl (67 kB)
Using cached certifi-2026.7.22-py3-none-any.whl (136 kB)
Using cached charset_normalizer-3.5.2-cp312-cp312-manylinux2014_x86_64.manylinux_2_17_x86_64.manylinux_2_28_x86_64.whl (257 kB)
Using cached fastjsonschema-2.22.2-py3-none-any.whl (27 kB)
Using cached gitdb-4.0.12-py3-none-any.whl (62 kB)
Using cached idna-3.20-py3-none-any.whl (69 kB)
Using cached jsonschema_specifications-2025.9.1-py3-none-any.whl (18 kB)
Using cached jupyter_core-5.9.1-py3-none-any.whl (29 kB)
Using cached markupsafe-3.0.3-cp312-cp312-manylinux2014_x86_64.manylinux_2_17_x86_64.manylinux_2_28_x86_64.whl (22 kB)
Using cached pydantic-2.13.5-py3-none-any.whl (472 kB)
Using cached pydantic_core-2.46.5-cp312-cp312-manylinux_2_17_x86_64.manylinux2014_x86_64.whl (2.1 MB)
Using cached rpds_py-2026.6.3-cp312-cp312-manylinux_2_17_x86_64.manylinux2014_x86_64.whl (366 kB)
Using cached sqlalchemy-2.0.54-cp312-cp312-manylinux2014_x86_64.manylinux_2_17_x86_64.manylinux_2_28_x86_64.whl (3.5 MB)
Using cached traitlets-5.16.1-py3-none-any.whl (86 kB)
Using cached typing_extensions-4.16.0-py3-none-any.whl (45 kB)
Using cached urllib3-2.8.0-py3-none-any.whl (135 kB)
Using cached annotated_types-0.8.0-py3-none-any.whl (13 kB)
Using cached greenlet-3.5.6-cp312-cp312-manylinux_2_24_x86_64.manylinux_2_28_x86_64.whl (621 kB)
Using cached smmap-5.0.3-py3-none-any.whl (24 kB)
Using cached typing_inspection-0.4.4-py3-none-any.whl (14 kB)
Installing collected packages: connection_pool, wrapt, urllib3, typing-extensions, traitlets, throttler, tenacity, tabulate, smmap, rpds-py, pyyaml, pulp, psutil, platformdirs, packaging, MarkupSafe, immutables, idna, humanfriendly, greenlet, fastjsonschema, dpath, docutils, configargparse, charset_normalizer, certifi, attrs, argparse-dataclass, annotated-types, yte, typing-inspection, SQLAlchemy, snakemake-interface-common, smart-open, requests, referencing, pydantic-core, jupyter-core, jinja2, gitdb, conda-inject, snakemake-interface-storage-plugins, snakemake-interface-scheduler-plugins, snakemake-interface-report-plugins, snakemake-interface-logger-plugins, snakemake-interface-executor-plugins, pydantic, jsonschema-specifications, gitpython, sqlmodel, jsonschema, nbformat, snakemake
Successfully installed MarkupSafe-3.0.3 SQLAlchemy-2.0.54 annotated-types-0.8.0 argparse-dataclass-2.0.0 attrs-26.1.0 certifi-2026.7.22 charset_normalizer-3.5.2 conda-inject-1.3.2 configargparse-1.8.0 connection_pool-0.0.3 docutils-0.22.4 dpath-2.2.0 fastjsonschema-2.22.2 gitdb-4.0.12 gitpython-3.2.0 greenlet-3.5.6 humanfriendly-10.0 idna-3.20 immutables-0.21 jinja2-3.1.6 jsonschema-4.26.0 jsonschema-specifications-2025.9.1 jupyter-core-5.9.1 nbformat-5.11.1 packaging-25.0 platformdirs-4.12.2 psutil-7.2.2 pulp-3.3.2 pydantic-2.13.5 pydantic-core-2.46.5 pyyaml-6.0.3 referencing-0.37.0 requests-2.34.2 rpds-py-2026.6.3 smart-open-7.7.1 smmap-5.0.3 snakemake-9.27.0 snakemake-interface-common-1.23.0 snakemake-interface-executor-plugins-9.4.0 snakemake-interface-logger-plugins-2.1.0 snakemake-interface-report-plugins-1.3.0 snakemake-interface-scheduler-plugins-2.0.2 snakemake-interface-storage-plugins-4.4.1 sqlmodel-0.0.37 tabulate-0.10.0 tenacity-9.1.4 throttler-1.2.3 traitlets-5.16.1 typing-extensions-4.16.0 typing-inspection-0.4.4 urllib3-2.8.0 wrapt-2.5.0 yte-1.9.4

[notice] A new release of pip is available: 24.0 -> 26.2.1
[notice] To update, run: python -m pip install --upgrade pip

### versions
pipen 1.2.3 | pandas 3.0.6
pipen-runinfo 1.1.5
snakemake 9.27.0

### wrote /mnt/f/E/hermes-workspace/pipen/bench/bench.local.env (PY/SMK).  Next:
###   bash /mnt/f/E/hermes-workspace/pipen/bench/run_all.sh /tmp/bench-out
### reduced-size example:
###   BENCH_NPROC=4 BENCH_REPS=1 BENCH_SCALING_NS=20 BENCH_CONC_FORKS=1,2 \
###     BENCH_CACHE_TIMING_N=20 BENCH_WORK_ROOT=/tmp/bench-work \
###     bash /mnt/f/E/hermes-workspace/pipen/bench/run_all.sh /tmp/bench-out-reduced
