### run_all.sh: harness=/mnt/f/E/hermes-workspace/pipen/bench
### run_all.sh: config=/mnt/f/E/hermes-workspace/pipen/bench/bench.local.env
### run_all.sh: OUT_ROOT=/mnt/f/E/hermes-workspace/pipen/bench_portability/out_clean_run
### run_all.sh: WORK_ROOT=/home/pwwang/ws_bench/work
### run_all.sh: PY=/home/pwwang/ws_bench/.venv/bin/python
### run_all.sh: SMK=/home/pwwang/ws_bench/smk-venv/bin/snakemake

############################################################################
### STEP: 0/10 preflight (config + interpreter + harness files)
### cmd : python3 /mnt/f/E/hermes-workspace/pipen/bench/preflight.py
### when: 2026-10-01T09:20:10-07:00
############################################################################
# bench config <- /mnt/f/E/hermes-workspace/pipen/bench/bench.local.env
#   override file: BENCH_ENV=<path>   override keys: BENCH_<KEY>=<value>
ROOT              = /mnt/f/E/hermes-workspace/pipen/bench
PY                = /home/pwwang/ws_bench/.venv/bin/python
SMK               = /home/pwwang/ws_bench/smk-venv/bin/snakemake
OUT_ROOT          = /mnt/f/E/hermes-workspace/pipen/bench_portability/out_clean_run
WORK_ROOT         = /home/pwwang/ws_bench/work
NPROC             = 8
REPS              = 1
SCALING_NS        = 20
CONC_N            = 20
CONC_FORKS        = 1,2
CACHE_SCOPE_N     = 8
CACHE_TIMING_N    = 20
CACHE_TIMING_REPS = 1
SLEEP             = 0.05
RUNINFO           = 1
RUNINFO_INSTALL   = 1
BASE_PYTHON       = python3
PIPEN_INSTALL     = pipen==1.2.3
PIPEN_RUNINFO_PKG = pipen-runinfo
SMK_INSTALL       = snakemake==9.27.0
PIPEN_REPO        = 
ARCHIVE           = 
LOGLEVEL          = info
SOURCE            = /mnt/f/E/hermes-workspace/pipen/bench/bench.local.env

PASS  pipeline interpreter exists: /home/pwwang/ws_bench/.venv/bin/python
PASS  pipen importable by the pipeline interpreter
PASS  pandas importable by the pipeline interpreter
PASS  snakemake executable: /home/pwwang/ws_bench/smk-venv/bin/snakemake
PASS  harness file present: bench_pipen_dag.py
PASS  harness file present: bench_cache_dag.py
PASS  harness file present: smk_dag/Snakefile
PASS  harness file present: smk_cache/Snakefile
PASS  harness file present: analyse_marker.py
PASS  harness file present: driver_pipen.py
PASS  harness file present: driver_smk.py
PASS  OUT_ROOT exists: /mnt/f/E/hermes-workspace/pipen/bench_portability/out_clean_run
PASS  WORK_ROOT exists: /home/pwwang/ws_bench/work
PASS  out_root writable: /mnt/f/E/hermes-workspace/pipen/bench_portability/out_clean_run
PASS  work_root writable: /home/pwwang/ws_bench/work

INFO  NPROC=8  REPS=1  SCALING_NS=[20]
INFO  CONC_N=20  CONC_FORKS=[1, 2]  CACHE_SCOPE_N=8  CACHE_TIMING_N=20  CACHE_TIMING_REPS=1  SLEEP=0.05
INFO  RUNINFO=1 (job.runinfo.session/device/time per job via pipen-runinfo)
INFO  expect ~61 jobs in the cold caching run, 25 in the scope run
INFO  work_root filesystem: ext4 (/home/pwwang/ws_bench/work)
INFO  out_root is on a 9p mount (/mnt/f/E/hermes-workspace/pipen/bench_portability/out_clean_run): fine for archived artefacts, but keep WORK_ROOT local (timings and markers are written there).

############################################################################
### STEP: 1/10 pipen-runinfo availability
### cmd : python3 /mnt/f/E/hermes-workspace/pipen/bench/ensure_runinfo.py
### when: 2026-10-01T09:20:10-07:00
############################################################################
pipen-runinfo 1.1.5 is importable by /home/pwwang/ws_bench/.venv/bin/python -> job.runinfo.* will be written.

############################################################################
### STEP: 2/10 environment provenance
### cmd : python3 /mnt/f/E/hermes-workspace/pipen/bench/env_json.py
### when: 2026-10-01T09:20:11-07:00
############################################################################

# written to /mnt/f/E/hermes-workspace/pipen/bench_portability/out_clean_run/environment.json
{
  "wsl_distro": "Ubuntu 24.04 LTS",
  "kernel": "Linux R5440549 6.18.33.2-microsoft-standard-WSL2 #1 SMP PREEMPT_DYNAMIC Thu Jun 18 21:54:43 UTC 2026 x86_64 x86_64 x86_64 GNU/Linux",
  "kernel_release": "6.18.33.2-microsoft-standard-WSL2",
  "nproc": 32,
  "cpu_model_name": "13th Gen Intel(R) Core(TM) i9-13900",
  "cpu_mhz": null,
  "cpu_max_mhz": null,
  "cpu_min_mhz": null,
  "lscpu_onlines": "0-31",
  "lscpu_caches": {
    "L1d cache": "768 KiB (16 instances)",
    "L1i cache": "512 KiB (16 instances)",
    "L2 cache": "32 MiB (16 instances)",
    "L3 cache": "36 MiB (1 instance)"
  },
  "mem_total": "49325728 kB",
  "mem_total_bytes": 50509545472,
  "swap_total": "16777216 kB",
  "lsblk_devices": "NAME ROTA   SIZE TYPE MOUNTPOINT\nsda     1 356.9M disk \nsdb     1 159.4M disk \nsdc     1    16G disk [SWAP]\nsdd     1     1T disk /mnt/wslg/distro",
  "df": "Filesystem     Type  Size  Used Avail Use% Mounted on\n/dev/sdd       ext4 1007G  421G  535G  45% /\nF:\\            9p    1.9T  1.4T  512G  73% /mnt/f\n/dev/sdd       ext4 1007G  421G  535G  45% /\nF:\\            9p    1.9T  1.4T  512G  73% /mnt/f",
  "df_paths": [
    "/home/pwwang/ws_bench/work",
    "/mnt/f/E/hermes-workspace/pipen/bench",
    "/",
    "/mnt/f/E/hermes-workspace/pipen/bench_portability/out_clean_run"
  ],
  "python_version": "3.12.2 | packaged by conda-forge | (main, Feb 16 2024, 20:50:58) [GCC 12.3.0]",
  "python_executable": "/home/pwwang/ws_bench/.venv/bin/python",
  "pipen_version": "1.2.3",
  "pipen_import_path": "/home/pwwang/ws_bench/.venv/lib/python3.12/site-packages/pipen/__init__.py",
  "pipen_runinfo_version": "1.1.5",
  "snakemake_executable": "/home/pwwang/ws_bench/smk-venv/bin/snakemake",
  "pipen_git_commit": "<not configured: PIPEN_REPO empty>",
  "pipen_git_describe": "<not configured: PIPEN_REPO empty>",
  "pipen_git_branch": "<not configured: PIPEN_REPO empty>",
  "pipen_git_commit_date": "<not configured: PIPEN_REPO empty>",
  "dependency_versions": {
    "liquidpy": "0.10.0",
    "pandas": "3.0.6",
    "enlighten": "1.14.1",
    "argx": "0.4.4",
    "xqute": "2.2.0",
    "python-simpleconf": "0.9.6",
    "pipda": "0.14.1",
    "varname": "1.0.0",
    "diot": "0.3.4",
    "simplug": "0.5.7",
    "rich": "15.0.0",
    "snakemake": "9.27.0",
    "pipen-runinfo": "1.1.5"
  },
  "java": "openjdk version \"21.0.12.1\" 2026-08-18\nOpenJDK Runtime Environment (build 21.0.12.1+1-1-24.04.4-Ubuntu)\nOpenJDK 64-Bit Server VM (build 21.0.12.1+1-1-24.04.4-Ubuntu, mixed mode, sharing)"
}

############################################################################
### STEP: 3/10 pipen caching arm
### cmd : python3 /mnt/f/E/hermes-workspace/pipen/bench/driver_pipen.py 5
### when: 2026-10-01T09:20:14-07:00
############################################################################
# bench config <- /mnt/f/E/hermes-workspace/pipen/bench/bench.local.env
#   override file: BENCH_ENV=<path>   override keys: BENCH_<KEY>=<value>
ROOT              = /mnt/f/E/hermes-workspace/pipen/bench
PY                = /home/pwwang/ws_bench/.venv/bin/python
SMK               = /home/pwwang/ws_bench/smk-venv/bin/snakemake
OUT_ROOT          = /mnt/f/E/hermes-workspace/pipen/bench_portability/out_clean_run
WORK_ROOT         = /home/pwwang/ws_bench/work
NPROC             = 8
REPS              = 1
SCALING_NS        = 20
CONC_N            = 20
CONC_FORKS        = 1,2
CACHE_SCOPE_N     = 8
CACHE_TIMING_N    = 20
CACHE_TIMING_REPS = 1
SLEEP             = 0.05
RUNINFO           = 1
RUNINFO_INSTALL   = 1
BASE_PYTHON       = python3
PIPEN_INSTALL     = pipen==1.2.3
PIPEN_RUNINFO_PKG = pipen-runinfo
SMK_INSTALL       = snakemake==9.27.0
PIPEN_REPO        = 
ARCHIVE           = 
LOGLEVEL          = info
SOURCE            = /mnt/f/E/hermes-workspace/pipen/bench/bench.local.env
[s5] r1_cold wall=9.066 jobs=25 {'Read': 8, 'Mid': 8, 'Side': 8, 'Agg': 1}
[s5] r2_rerun wall=0.963 jobs=0 {}
[s5] r3_input3_changed wall=8.947 jobs=4 {'Read': 1, 'Mid': 1, 'Side': 1, 'Agg': 1}
[s5] r4_mid_script_changed wall=5.092 jobs=9 {'Mid': 8, 'Agg': 1}
[s5] r5_rerun wall=1.063 jobs=0 {}
[s5t] cold wall=27.392 run=None jobs=61
[s5t] warm1 wall=0.917 run=None jobs=0
[s5t] warm2 wall=0.969 run=None jobs=0
TOTAL_DRIVER_SEC=54.6

############################################################################
### STEP: 4/10 pipen scaling arm
### cmd : python3 /mnt/f/E/hermes-workspace/pipen/bench/driver_pipen.py 34
### when: 2026-10-01T09:21:15-07:00
############################################################################
# bench config <- /mnt/f/E/hermes-workspace/pipen/bench/bench.local.env
#   override file: BENCH_ENV=<path>   override keys: BENCH_<KEY>=<value>
ROOT              = /mnt/f/E/hermes-workspace/pipen/bench
PY                = /home/pwwang/ws_bench/.venv/bin/python
SMK               = /home/pwwang/ws_bench/smk-venv/bin/snakemake
OUT_ROOT          = /mnt/f/E/hermes-workspace/pipen/bench_portability/out_clean_run
WORK_ROOT         = /home/pwwang/ws_bench/work
NPROC             = 8
REPS              = 1
SCALING_NS        = 20
CONC_N            = 20
CONC_FORKS        = 1,2
CACHE_SCOPE_N     = 8
CACHE_TIMING_N    = 20
CACHE_TIMING_REPS = 1
SLEEP             = 0.05
RUNINFO           = 1
RUNINFO_INSTALL   = 1
BASE_PYTHON       = python3
PIPEN_INSTALL     = pipen==1.2.3
PIPEN_RUNINFO_PKG = pipen-runinfo
SMK_INSTALL       = snakemake==9.27.0
PIPEN_REPO        = 
ARCHIVE           = 
LOGLEVEL          = info
SOURCE            = /mnt/f/E/hermes-workspace/pipen/bench/bench.local.env
[s3] s3_n20_r1 wall=12.868 run=12.418 jobs=42 rss=266.7MB
[s4] s4_n20_f1_r1 wall=61.926 run=61.472 jobs=42
[s4] s4_n20_f2_r1 wall=31.806 run=31.415 jobs=42
TOTAL_DRIVER_SEC=106.8

############################################################################
### STEP: 5/10 snakemake arms
### cmd : python3 /mnt/f/E/hermes-workspace/pipen/bench/driver_smk.py 345
### when: 2026-10-01T09:23:14-07:00
############################################################################
# bench config <- /mnt/f/E/hermes-workspace/pipen/bench/bench.local.env
#   override file: BENCH_ENV=<path>   override keys: BENCH_<KEY>=<value>
ROOT              = /mnt/f/E/hermes-workspace/pipen/bench
PY                = /home/pwwang/ws_bench/.venv/bin/python
SMK               = /home/pwwang/ws_bench/smk-venv/bin/snakemake
OUT_ROOT          = /mnt/f/E/hermes-workspace/pipen/bench_portability/out_clean_run
WORK_ROOT         = /home/pwwang/ws_bench/work
NPROC             = 8
REPS              = 1
SCALING_NS        = 20
CONC_N            = 20
CONC_FORKS        = 1,2
CACHE_SCOPE_N     = 8
CACHE_TIMING_N    = 20
CACHE_TIMING_REPS = 1
SLEEP             = 0.05
RUNINFO           = 1
RUNINFO_INSTALL   = 1
BASE_PYTHON       = python3
PIPEN_INSTALL     = pipen==1.2.3
PIPEN_RUNINFO_PKG = pipen-runinfo
SMK_INSTALL       = snakemake==9.27.0
PIPEN_REPO        = 
ARCHIVE           = 
LOGLEVEL          = info
SOURCE            = /mnt/f/E/hermes-workspace/pipen/bench/bench.local.env
# snakemake = /home/pwwang/ws_bench/smk-venv/bin/snakemake
[smk s3] smk_s3_n20_r1 wall=1.78 jobs=42 rss=115.3MB
[smk s4] smk_s4_n20_c1 wall=2.744 jobs=42
[smk s4] smk_s4_n20_c2 wall=2.15 jobs=42
[smk s5] r1_cold wall=1.618 jobs=25 {'Read': 8, 'Side': 8, 'Mid': 8, 'Agg': 1}
[smk s5] r2_rerun wall=0.509 jobs=0 {}
[smk s5] r3_input4_changed wall=1.524 jobs=4 {'Read': 1, 'Side': 1, 'Mid': 1, 'Agg': 1}
[smk s5] r4_mid_script_changed wall=1.524 jobs=9 {'Mid': 8, 'Agg': 1}
[smk s5] r4b_mid_script_changed_mtime_trigger wall=0.511 jobs=0 {}
[smk s5] r5_rerun wall=0.51 jobs=0 {}
TOTAL_SMK_DRIVER_SEC=13.0

############################################################################
### STEP: 6/10 job.runinfo audit (self-describing job dirs)
### cmd : python3 /mnt/f/E/hermes-workspace/pipen/bench/check_runinfo.py
### when: 2026-10-01T09:23:27-07:00
############################################################################
# job.runinfo check (bench_config: RUNINFO=1)
# roots scanned : /home/pwwang/ws_bench/work
# job dirs found: 25
# with session+device+time: 25
# with at least one runinfo file: 25

+session +device +time  /home/pwwang/ws_bench/work/wd_s5_scope/CachePipeline/Agg/0
+session +device +time  /home/pwwang/ws_bench/work/wd_s5_scope/CachePipeline/Mid/0
+session +device +time  /home/pwwang/ws_bench/work/wd_s5_scope/CachePipeline/Mid/1
+session +device +time  /home/pwwang/ws_bench/work/wd_s5_scope/CachePipeline/Mid/2
+session +device +time  /home/pwwang/ws_bench/work/wd_s5_scope/CachePipeline/Mid/3
+session +device +time  /home/pwwang/ws_bench/work/wd_s5_scope/CachePipeline/Mid/4
+session +device +time  /home/pwwang/ws_bench/work/wd_s5_scope/CachePipeline/Mid/5
+session +device +time  /home/pwwang/ws_bench/work/wd_s5_scope/CachePipeline/Mid/6
+session +device +time  /home/pwwang/ws_bench/work/wd_s5_scope/CachePipeline/Mid/7
+session +device +time  /home/pwwang/ws_bench/work/wd_s5_scope/CachePipeline/Read/0
+session +device +time  /home/pwwang/ws_bench/work/wd_s5_scope/CachePipeline/Read/1
+session +device +time  /home/pwwang/ws_bench/work/wd_s5_scope/CachePipeline/Read/2
+session +device +time  /home/pwwang/ws_bench/work/wd_s5_scope/CachePipeline/Read/3
+session +device +time  /home/pwwang/ws_bench/work/wd_s5_scope/CachePipeline/Read/4
+session +device +time  /home/pwwang/ws_bench/work/wd_s5_scope/CachePipeline/Read/5
+session +device +time  /home/pwwang/ws_bench/work/wd_s5_scope/CachePipeline/Read/6
+session +device +time  /home/pwwang/ws_bench/work/wd_s5_scope/CachePipeline/Read/7
+session +device +time  /home/pwwang/ws_bench/work/wd_s5_scope/CachePipeline/Side/0
+session +device +time  /home/pwwang/ws_bench/work/wd_s5_scope/CachePipeline/Side/1
+session +device +time  /home/pwwang/ws_bench/work/wd_s5_scope/CachePipeline/Side/2
+session +device +time  /home/pwwang/ws_bench/work/wd_s5_scope/CachePipeline/Side/3
+session +device +time  /home/pwwang/ws_bench/work/wd_s5_scope/CachePipeline/Side/4
+session +device +time  /home/pwwang/ws_bench/work/wd_s5_scope/CachePipeline/Side/5
+session +device +time  /home/pwwang/ws_bench/work/wd_s5_scope/CachePipeline/Side/6
+session +device +time  /home/pwwang/ws_bench/work/wd_s5_scope/CachePipeline/Side/7

=== job.runinfo.session (first job that has one) ===
--- /home/pwwang/ws_bench/work/wd_s5_scope/CachePipeline/Agg/0/job.runinfo.session ---
# Generated by pipen_runinfo v1.1.5
# Lang: bash
SHELL	/usr/bin/fish
BASH_VERSION	5.2.21(1)-release
BASH_ARGV0	/home/pwwang/ws_bench/work/wd_s5_scope/CachePipeline/Agg/0/job.script
BASH_SOURCE	/home/pwwang/ws_bench/work/wd_s5_scope/CachePipeline/Agg/0/job.script
proc-exe	/usr/bin/bash
proc-exe-version	GNU bash, version 5.2.21(1)-release (x86_64-pc-linux-gnu)

=== job.runinfo.time (first job that has one) ===
--- /home/pwwang/ws_bench/work/wd_s5_scope/CachePipeline/Agg/0/job.runinfo.time ---
# Generated by pipen-runinfo v1.1.5

Command: bash /home/pwwang/ws_bench/work/wd_s5_scope/CachePipeline/Agg/0/job.script
Voluntary context switches: 21
Involuntary context switches: 0
Percentage of CPU this job got: 100%
Major page faults: 0
Minor page faults: 1377
Maximum resident set size (kB): 3508
Elapsed real time (s): 0.00
System (kernel) time (s): 0.00
User time (s): 0.00
Exit status: 0

=== job.runinfo.device (first job that has one) ===
--- /home/pwwang/ws_bench/work/wd_s5_scope/CachePipeline/Agg/0/job.runinfo.device ---
# Generated by pipen-runinfo v1.1.5

Scheduler
---------
local

Hostname
--------
R5440549

CPU
----
... (91 more lines; 5265 bytes total)

# report: /mnt/f/E/hermes-workspace/pipen/bench_portability/out_clean_run/runinfo_check.json

############################################################################
### STEP: 7/10 summary
### cmd : python3 /mnt/f/E/hermes-workspace/pipen/bench/analyse_all.py
### when: 2026-10-01T09:23:27-07:00
############################################################################
{
  "config": {
    "root": "/mnt/f/E/hermes-workspace/pipen/bench",
    "py": "/home/pwwang/ws_bench/.venv/bin/python",
    "smk": "/home/pwwang/ws_bench/smk-venv/bin/snakemake",
    "out_root": "/mnt/f/E/hermes-workspace/pipen/bench_portability/out_clean_run",
    "work_root": "/home/pwwang/ws_bench/work",
    "nproc": "8",
    "reps": "1",
    "scaling_ns": "20",
    "conc_n": "20",
    "conc_forks": "1,2",
    "cache_scope_n": "8",
    "cache_timing_n": "20",
    "cache_timing_reps": "1",
    "sleep": "0.05",
    "runinfo": "1",
    "runinfo_install": "1",
    "base_python": "python3",
    "pipen_install": "pipen==1.2.3",
    "pipen_runinfo_pkg": "pipen-runinfo",
    "smk_install": "snakemake==9.27.0",
    "pipen_repo": "",
    "archive": "",
    "loglevel": "info",
    "source": "/mnt/f/E/hermes-workspace/pipen/bench/bench.local.env"
  },
  "pipen_scaling": {
    "wall_sec_by_n": {
      "20": {
        "median": 12.868,
        "min": 12.868,
        "max": 12.868,
        "n_reps": 1,
        "all": [
          12.868
        ]
      }
    },
    "pipeline_run_sec_by_n": {
      "20": {
        "median": 12.418,
        "min": 12.418,
        "max": 12.418,
        "n_reps": 1,
        "all": [
          12.418
        ]
      }
    },
    "sleep_floor_by_n": {
      "20": 0.125
    },
    "overhead_by_n": {
      "20": {
        "median": 12.293,
        "min": 12.293,
        "max": 12.293,
        "n_reps": 1,
        "all": [
          12.293
        ]
      }
    },
    "overhead_per_job_by_n": {
      "20": {
        "median": 0.615,
        "min": 0.615,
        "max": 0.615,
        "n_reps": 1,
        "all": [
          0.615
        ]
      }
    },
    "peak_tree_rss_mb_by_n": {
      "20": {
        "median": 266.7,
        "min": 266.7,
        "max": 266.7,
        "n_reps": 1,
        "all": [
          266.7
        ]
      }
    },
    "records": [
      {
        "step": "3_scaling",
        "tag": "s3_n20_r1",
        "n": 20,
        "forks": 8,
        "sleep_per_job": "0.05",
        "cache": false,
        "rep": 1,
        "_script": "bench_pipen_dag.py",
        "wall_sec": 12.868,
        "pipeline_run_sec": 12.418,
        "rc": 0,
        "rc_ok": true,
        "pipeline_ok": true,
        "cached_jobs_log_lines": [],
        "jobs_executed": 42,
        "jobs_by_proc": {
          "shard_start": 20,
          "shard_end": 20,
          "agg_start": 1,
          "agg_end": 1
        },
        "peak_tree_rss_mb": 266.7,
        "rss_samples": 252,
        "loadavg_before": [
          "0.64",
          "0.82",
          "1.99"
        ],
        "loadavg_after": [
          "1.13",
          "0.92",
          "2.00"
        ],
        "runinfo_version": "1.1.5",
        "runinfo_enabled": true,
        "marker_log": "/mnt/f/E/hermes-workspace/pipen/bench_portability/out_clean_run/markers/marker_s3_n20_r1.log",
        "marker_log_local": "/home/pwwang/ws_bench/work/markers/marker_s3_n20_r1.log",
        "log": "/mnt/f/E/hermes-workspace/pipen/bench_portability/out_clean_run/logs/s3_n20_r1.log",
        "sleep_floor_sec": 0.125,
        "overhead_vs_sleep_floor_sec": 12.293,
        "overhead_per_job_sec": 0.6146,
        "agg_file": "/mnt/f/E/hermes-workspace/pipen/bench_portability/out_clean_run/artefacts/agg_pipen_s3_n20_r1.txt",
        "agg_sha256": "9cfbaaab688df1c3f9fc1198dcc26b0de5a321a57c60e6ba87c3fc80afbf03bd",
        "agg_bytes": 50,
        "agg_note": null,
        "jobs": 21
      }
    ]
  },
  "pipen_concurrency": {
    "records": [
      {
        "step": "4_concurrency",
        "tag": "s4_n20_f1_r1",
        "n": 20,
        "forks": 1,
        "sleep_per_job": "0.05",
        "cache": false,
        "rep": 1,
        "_script": "bench_pipen_dag.py",
        "wall_sec": 61.926,
        "pipeline_run_sec": 61.472,
        "rc": 0,
        "rc_ok": true,
        "pipeline_ok": true,
        "cached_jobs_log_lines": [],
        "jobs_executed": 42,
        "jobs_by_proc": {
          "shard_start": 20,
          "shard_end": 20,
          "agg_start": 1,
          "agg_end": 1
        },
        "peak_tree_rss_mb": 118.0,
        "rss_samples": 1218,
        "loadavg_before": [
          "1.13",
          "0.92",
          "2.00"
        ],
        "loadavg_after": [
          "0.41",
          "0.75",
          "1.87"
        ],
        "runinfo_version": "1.1.5",
        "runinfo_enabled": true,
        "marker_log": "/mnt/f/E/hermes-workspace/pipen/bench_portability/out_clean_run/markers/marker_s4_n20_f1_r1.log",
        "marker_log_local": "/home/pwwang/ws_bench/work/markers/marker_s4_n20_f1_r1.log",
        "log": "/mnt/f/E/hermes-workspace/pipen/bench_portability/out_clean_run/logs/s4_n20_f1_r1.log",
        "sleep_floor_sec": 1.0,
        "overhead_vs_sleep_floor_sec": 60.472,
        "agg_file": "/mnt/f/E/hermes-workspace/pipen/bench_portability/out_clean_run/artefacts/agg_pipen_s4_n20_f1_r1.txt",
        "agg_sha256": "9cfbaaab688df1c3f9fc1198dcc26b0de5a321a57c60e6ba87c3fc80afbf03bd",
        "agg_bytes": 50,
        "agg_note": null,
        "jobs": 21,
        "speedup_vs_forks1": 1.0
      },
      {
        "step": "4_concurrency",
        "tag": "s4_n20_f2_r1",
        "n": 20,
        "forks": 2,
        "sleep_per_job": "0.05",
        "cache": false,
        "rep": 1,
        "_script": "bench_pipen_dag.py",
        "wall_sec": 31.806,
        "pipeline_run_sec": 31.415,
        "rc": 0,
        "rc_ok": true,
        "pipeline_ok": true,
        "cached_jobs_log_lines": [],
        "jobs_executed": 42,
        "jobs_by_proc": {
          "shard_start": 20,
          "shard_end": 20,
          "agg_start": 1,
          "agg_end": 1
        },
        "peak_tree_rss_mb": 141.3,
        "rss_samples": 626,
        "loadavg_before": [
          "0.41",
          "0.75",
          "1.87"
        ],
        "loadavg_after": [
          "0.42",
          "0.73",
          "1.83"
        ],
        "runinfo_version": "1.1.5",


=== CACHING ===
{
  "pipen_scope_phases": [
    {
      "step": "5_caching_scope",
      "tag": "s5_r1_cold",
      "n": 8,
      "forks": 8,
      "cache": true,
      "rep": 1,
      "_script": "bench_cache_dag.py",
      "note": "fresh workdir, cache on: everything must execute",
      "wall_sec": 9.066,
      "pipeline_run_sec": null,
      "rc": 0,
      "rc_ok": true,
      "pipeline_ok": false,
      "cached_jobs_log_lines": [],
      "jobs_executed": 25,
      "jobs_by_proc": {
        "Read": 8,
        "Mid": 8,
        "Side": 8,
        "Agg": 1
      },
      "peak_tree_rss_mb": 329.9,
      "rss_samples": 178,
      "loadavg_before": [
        "0.15",
        "0.73",
        "2.03"
      ],
      "loadavg_after": [
        "1.01",
        "0.90",
        "2.07"
      ],
      "runinfo_version": "1.1.5",
      "runinfo_enabled": true,
      "marker_log": "/mnt/f/E/hermes-workspace/pipen/bench_portability/out_clean_run/markers/marker_s5_r1_cold.log",
      "marker_log_local": "/home/pwwang/ws_bench/work/markers/marker_s5_r1_cold.log",
      "log": "/mnt/f/E/hermes-workspace/pipen/bench_portability/out_clean_run/logs/s5_r1_cold.log",
      "executed_detail": [
        "Read in3.txt",
        "Read in1.txt",
        "Read in4.txt",
        "Read in0.txt",
        "Read in2.txt",
        "Read in6.txt",
        "Read in5.txt",
        "Read in7.txt",
        "Mid r-in2.txt",
        "Mid r-in4.txt",
        "Mid r-in0.txt",
        "Mid r-in7.txt",
        "Mid r-in1.txt",
        "Mid r-in5.txt",
        "Mid r-in3.txt",
        "Mid r-in6.txt",
        "Side r-in5.txt",
        "Side r-in4.txt",
        "Side r-in7.txt",
        "Side r-in6.txt",
        "Side r-in3.txt",
        "Side r-in1.txt",
        "Side r-in0.txt",
        "Side r-in2.txt",
        "Agg agg"
      ]
    },
    {
      "step": "5_caching_scope",
      "tag": "s5_r2_rerun",
      "n": 8,
      "forks": 8,
      "cache": true,
      "rep": 2,
      "_script": "bench_cache_dag.py",
      "note": "immediate re-run, nothing changed",
      "wall_sec": 0.963,
      "pipeline_run_sec": null,
      "rc": 0,
      "rc_ok": true,
      "pipeline_ok": false,
      "cached_jobs_log_lines": [
        "10-01 09:20:27 I core    Read: Cached jobs: 0-7",
        "10-01 09:20:27 I core    Mid: Cached jobs: 0-7",
        "10-01 09:20:27 I core    Side: Cached jobs: 0-7",
        "10-01 09:20:27 I core    Agg: Cached jobs: 0"
      ],
      "jobs_executed": 0,
      "jobs_by_proc": {},
      "peak_tree_rss_mb": 89.6,
      "rss_samples": 18,
      "loadavg_before": [
        "1.01",
        "0.90",
        "2.07"
      ],
      "loadavg_after": [
        "1.01",
        "0.90",
        "2.07"
      ],
      "runinfo_version": "1.1.5",
      "runinfo_enabled": true,
      "marker_log": "/mnt/f/E/hermes-workspace/pipen/bench_portability/out_clean_run/markers/marker_s5_r2_rerun.log",
      "marker_log_local": "/home/pwwang/ws_bench/work/markers/marker_s5_r2_rerun.log",
      "log": "/mnt/f/E/hermes-workspace/pipen/bench_portability/out_clean_run/logs/s5_r2_rerun.log",
      "executed_detail": []
    },
    {
      "step": "5_caching_scope",
      "tag": "s5_r3_input3_changed",
      "n": 8,
      "forks": 8,
      "cache": true,
      "rep": 3,
      "_script": "bench_cache_dag.py",
      "note": "content of in4.txt rewritten",
      "wall_sec": 8.947,
      "pipeline_run_sec": null,
      "rc": 0,
      "rc_ok": true,
      "pipeline_ok": false,
      "cached_jobs_log_lines": [
        "10-01 09:20:28 I core    Read: Cached jobs: 0-3, 5-7",
        "10-01 09:20:30 I core    Mid: Cached jobs: 0-3, 5-7",
        "10-01 09:20:32 I core    Side: Cached jobs: 0-3, 5-7"
      ],
      "jobs_executed": 4,
      "jobs_by_proc": {
        "Read": 1,
        "Mid": 1,
        "Side": 1,
        "Agg": 1
      },
      "peak_tree_rss_mb": 120.4,
      "rss_samples": 176,
      "loadavg_before": [
        "1.01",
        "0.90",
        "2.07"
      ],
      "loadavg_after": [
        "1.00"

############################################################################
### STEP: 8/10 per-job evidence
### cmd : python3 /mnt/f/E/hermes-workspace/pipen/bench/evidence.py
### when: 2026-10-01T09:23:27-07:00
############################################################################
=== freshness proof ===
{
  "modified_input_file": "/home/pwwang/ws_bench/work/cache_inputs_small/in4.txt",
  "modified_input_content": "line3-v2\n",
  "untouched_input_example": {
    "file": "/home/pwwang/ws_bench/work/cache_inputs_small/in0.txt",
    "content": "line0-v1\n"
  },
  "note_on_modified_content": "the driver overwrites the modified input with the literal string 'line3-v2' (the same literal the archived run used); the original file held 'line<N>-v1'.  Only the fact that the content changed matters for the invalidation test.",
  "mid_branch_output_after_all_phases": {
    "in0.txt": {
      "produced_by": "Mid job 0",
      "output_file": "/home/pwwang/ws_bench/work/wd_s5_scope/CachePipeline/Mid/0/output/m-r-in0.txt",
      "content": "B:line0-v1",
      "branch_was_invalidated": false
    },
    "in1.txt": {
      "produced_by": "Mid job 1",
      "output_file": "/home/pwwang/ws_bench/work/wd_s5_scope/CachePipeline/Mid/1/output/m-r-in1.txt",
      "content": "B:line1-v1",
      "branch_was_invalidated": false
    },
    "in2.txt": {
      "produced_by": "Mid job 2",
      "output_file": "/home/pwwang/ws_bench/work/wd_s5_scope/CachePipeline/Mid/2/output/m-r-in2.txt",
      "content": "B:line2-v1",
      "branch_was_invalidated": false
    },
    "in3.txt": {
      "produced_by": "Mid job 3",
      "output_file": "/home/pwwang/ws_bench/work/wd_s5_scope/CachePipeline/Mid/3/output/m-r-in3.txt",
      "content": "B:line3-v1",
      "branch_was_invalidated": false
    },
    "in4.txt": {
      "produced_by": "Mid job 4",
      "output_file": "/home/pwwang/ws_bench/work/wd_s5_scope/CachePipeline/Mid/4/output/m-r-in4.txt",
      "content": "B:line3-v2",
      "branch_was_invalidated": true
    },
    "in5.txt": {
      "produced_by": "Mid job 5",
      "output_file": "/home/pwwang/ws_bench/work/wd_s5_scope/CachePipeline/Mid/5/output/m-r-in5.txt",
      "content": "B:line5-v1",
      "branch_was_invalidated": false
    },
    "in6.txt": {
      "produced_by": "Mid job 6",
      "output_file": "/home/pwwang/ws_bench/work/wd_s5_scope/CachePipeline/Mid/6/output/m-r-in6.txt",
      "content": "B:line6-v1",
      "branch_was_invalidated": false
    },
    "in7.txt": {
      "produced_by": "Mid job 7",
      "output_file": "/home/pwwang/ws_bench/work/wd_s5_scope/CachePipeline/Mid/7/output/m-r-in7.txt",
      "content": "B:line7-v1",
      "branch_was_invalidated": false
    }
  },
  "agg_exported_output": {
    "/home/pwwang/ws_bench/work/CachePipeline-output/Agg/agg.txt": {
      "resolved": "/home/pwwang/ws_bench/work/CachePipeline-output/Agg/agg.txt",
      "mtime": "2026-10-01T09:21:13.073193",
      "n_lines": 42
    },
    "/home/pwwang/ws_bench/work/DagPipeline-output/Agg/agg.txt": {
      "resolved": "/home/pwwang/ws_bench/work/DagPipeline-output/Agg/agg.txt",
      "mtime": "2026-10-01T09:23:10.788972",
      "n_lines": 20
    },
    "/home/pwwang/ws_bench/work/smkw_s5_scope/agg.txt": {
      "resolved": "/home/pwwang/ws_bench/work/smkw_s5_scope/agg.txt",
      "mtime": "2026-10-01T09:23:24.927999",
      "n_lines": 18
    }
  },
  "shared_export_caveat": "the Agg job's output dir is a symlink to <cwd>/CachePipeline-output/Agg, i.e. a single path shared by every run of a same-named pipeline in the same cwd; a later run overwrites this file, so the per-branch per-job outputs in the workdir are used as the freshness proof instead.",
  "modified_value_propagated_to_mid_branch": true
}
=== per-job table (pipen, first 4 rows) ===
[
  {
    "job_dir": "Read/0",
    "output_files": [
      "r-in0.txt"
    ],
    "output_content": [
      "r-in0.txt=line0-v1"
    ],
    "output_mtime": "2026-10-01T09:20:20.285745",
    "reran_in_phase": {
      "r1_cold": true,
      "r2_rerun": false,
      "r3_input3_changed": false,
      "r4_mid_script_changed": false,
      "r5_rerun": false
    }
  },
  {
    "job_dir": "Read/1",
    "output_files": [
      "r-in1.txt"
    ],
    "output_content": [
      "r-in1.txt=line1-v1"
    ],
    "output_mtime": "2026-10-01T09:20:20.285208",
    "reran_in_phase": {
      "r1_cold": true,
      "r2_rerun": false,
      "r3_input3_changed": false,
      "r4_mid_script_changed": false,
      "r5_rerun": false
    }
  },
  {
    "job_dir": "Read/2",
    "output_files": [
      "r-in2.txt"
    ],
    "output_content": [
      "r-in2.txt=line2-v1"
    ],
    "output_mtime": "2026-10-01T09:20:20.285992",
    "reran_in_phase": {
      "r1_cold": true,
      "r2_rerun": false,
      "r3_input3_changed": false,
      "r4_mid_script_changed": false,
      "r5_rerun": false
    }
  },
  {
    "job_dir": "Read/3",
    "output_files": [
      "r-in3.txt"
    ],
    "output_content": [
      "r-in3.txt=line3-v1"
    ],
    "output_mtime": "2026-10-01T09:20:20.285208",
    "reran_in_phase": {
      "r1_cold": true,
      "r2_rerun": false,
      "r3_input3_changed": false,
      "r4_mid_script_changed": false,
      "r5_rerun": false
    }
  }
]
=== phase executed jobs (pipen) ===
{
 "r1_cold": [
  "Read in3.txt",
  "Read in1.txt",
  "Read in4.txt",
  "Read in0.txt",
  "Read in2.txt",
  "Read in6.txt",
  "Read in5.txt",
  "Read in7.txt",
  "Mid r-in2.txt",
  "Mid r-in4.txt",
  "Mid r-in0.txt",
  "Mid r-in7.txt",
  "Mid r-in1.txt",
  "Mid r-in5.txt",
  "Mid r-in3.txt",
  "Mid r-in6.txt",
  "Side r-in5.txt",
  "Side r-in4.txt",
  "Side r-in7.txt",
  "Side r-in6.txt",
  "Side r-in3.txt",
  "Side r-in1.txt",
  "Side r-in0.txt",
  "Side r-in2.txt",
  "Agg agg"
 ],
 "r2_rerun": [],
 "r3_input3_changed": [
  "Read in4.txt",
  "Mid r-in4.txt",
  "Side r-in4.txt",
  "Agg agg"
 ],
 "r4_mid_script_changed": [
  "Mid r-in3.txt",
  "Mid r-in4.txt",
  "Mid r-in0.txt",
  "Mid r-in1.txt",
  "Mid r-in7.txt",
  "Mid r-in6.txt",
  "Mid r-in2.txt",
  "Mid r-in5.txt",
  "Agg agg"
 ],
 "r5_rerun": []
}

############################################################################
### STEP: 9/10 derived numbers
### cmd : python3 /mnt/f/E/hermes-workspace/pipen/bench/make_report.py
### when: 2026-10-01T09:23:27-07:00
############################################################################
{
  "env": {
    "wsl_distro": "Ubuntu 24.04 LTS",
    "kernel": "6.18.33.2-microsoft-standard-WSL2",
    "nproc": 32,
    "cpu": "13th Gen Intel(R) Core(TM) i9-13900",
    "mem_total": "49325728 kB",
    "python": "3.12.2",
    "pipen_version": "1.2.3",
    "pipen_git_commit": "<not configured: PIPEN_REPO empty>",
    "pipen_git_describe": "<not configured: PIPEN_REPO empty>",
    "deps": {
      "liquidpy": "0.10.0",
      "pandas": "3.0.6",
      "enlighten": "1.14.1",
      "argx": "0.4.4",
      "xqute": "2.2.0",
      "python-simpleconf": "0.9.6",
      "pipda": "0.14.1",
      "varname": "1.0.0",
      "diot": "0.3.4",
      "simplug": "0.5.7",
      "rich": "15.0.0",
      "snakemake": "9.27.0",
      "pipen-runinfo": "1.1.5"
    },
    "java": "openjdk version \"21.0.12.1\" 2026-08-18",
    "disk": "Filesystem     Type  Size  Used Avail Use% Mounted on\n/dev/sdd       ext4 1007G  421G  535G  45% /\nF:\\            9p    1.9T  1.4T  512G  73% /mnt/f\n/dev/sdd       ext4 1007G  421G  535G  45% /\nF:\\            9p    1.9T  1.4T  512G  73% /mnt/f",
    "pipen_runinfo_version": "1.1.5"
  },
  "pipen_scaling": [
    {
      "n": 20,
      "reps": 1,
      "wall_median": 12.868,
      "wall_min": 12.868,
      "wall_max": 12.868,
      "wall_all": [
        12.868
      ],
      "sleep_floor": 0.125,
      "overhead_median": 12.743,
      "overhead_per_job_median": 0.6371,
      "overhead_per_job_min": 0.6371,
      "overhead_per_job_max": 0.6371,
      "rss_median_mb": 266.7,
      "jobs": 21
    }
  ],
  "smk_scaling": [
    {
      "n": 20,
      "reps": 1,
      "wall_median": 1.78,
      "wall_min": 1.78,
      "wall_max": 1.78,
      "wall_all": [
        1.78
      ],
      "sleep_floor": 0.125,
      "overhead_median": 1.655,
      "overhead_per_job_median": 0.0828,
      "overhead_per_job_min": 0.0828,
      "overhead_per_job_max": 0.0828,
      "rss_median_mb": 115.3,
      "jobs": 21
    }
  ],
  "head_to_head": [
    {
      "n": 20,
      "pipen_wall_median": 12.868,
      "smk_wall_median": 1.78,
      "ratio_pipen_over_smk": 7.23,
      "pipen_overhead_per_job": 0.6371,
      "smk_overhead_per_job": 0.0828,
      "smk_jobs_from_log": 21
    }
  ],
  "pipen_concurrency": [
    {
      "forks": 1,
      "wall_sec": 61.926,
      "pipeline_run_sec": 61.472,
      "sleep_floor": 1.0,
      "speedup_vs_forks1": 1.0,
      "rss_mb": 118.0,
      "jobs": 21
    },
    {
      "forks": 2,
      "wall_sec": 31.806,
      "pipeline_run_sec": 31.415,
      "sleep_floor": 0.5,
      "speedup_vs_forks1": 1.95,
      "rss_mb": 141.3,
      "jobs": 21
    }
  ],
  "smk_concurrency": [
    {
      "cores": 1,
      "wall_sec": 2.744,
      "sleep_floor": 1.0,
      "speedup_vs_cores1": 1.0,
      "rss_mb": 81.9,
      "jobs": 21
    },
    {
      "cores": 2,
      "wall_sec": 2.15,
      "sleep_floor": 0.5,
      "speedup_vs_cores1": 1.28,
      "rss_mb": 86.7,
      "jobs": 21
    }
  ],
  "n100_diagnostic": [
    {
      "n": 100,
      "forks": 32,
      "wall_sec": 16.437,
      "pipeline_run_sec": 15.923,
      "source": "archived run: bench/raw/logs_pipen/diag_sleep05.log + marker_diag_sleep05.log",
      "measured_in": "archived full-size run (RESULTS.md section 4)",
      "reps": 1
    },
    {
      "n": 100,
      "forks": 1,
      "wall_sec": 330.685,
      "pipeline_run_sec": 303.73,
      "source": "archived run: bench/raw/logs_pipen/diag_forks1.log + marker_diag_forks1.log",
      "measured_in": "archived full-size run (RESULTS.md section 4)",
      "reps": 1
    }
  ],
  "observed_parallelism": {
    "pipen_s4_n20_f1_r1": {
      "jobs": 20,
      "span_sec": 60.032,
      "peak_concurrent_jobs": 1,
      "mean_concurrent_jobs": 0.02,
      "sum_job_durations_sec": 1.031,
      "median_job_duration_sec": 0.0515,
      "job_start_rate_per_sec": 0.3,
      "mean_job_start_gap_ms": 3001.6
    },
    "pipen_s4_n20_f2_r1": {
      "jobs": 20,
      "span_sec": 27.081,
      "peak_concurrent_jobs": 2,
      "mean_concurrent_jobs": 0.04,
      "sum_job_durations_sec": 1.029,
      "median_job_duration_sec": 0.0515,
      "job_start_rate_per_sec": 0.7,
      "mean_job_start_gap_ms": 1354.05
    },
    "pipen_s3_n20_r1": {
      "jobs": 20,
      "span_sec": 11.046,
      "peak_concurrent_jobs": 8,
      "mean_concurrent_jobs": 0.09,
      "sum_job_durations_sec": 1.029,
      "median_job_duration_sec": 0.0514,
      "job_start_rate_per_sec": 1.8,
      "mean_job_start_gap_ms": 552.3
    },
    "smk_s4_n20_c1": {
      "jobs": 20,
      "span_sec": 1.196,
      "peak_concurrent_jobs": 1,
      "mean_concurrent_jobs": 0.86,
      "sum_job_durations_sec": 1.029,
      "median_job_duration_sec": 0.0514,
      "job_start_rate_per_sec": 16.7,
      "mean_job_start_gap_ms": 59.8
    },
    "smk_s4_n20_c2": {
      "jobs": 20,
      "span_sec": 0.599,
      "peak_concurrent_jobs": 2,
      "mean_concurrent_jobs": 1.72,
      "sum_job_durations_sec": 1.028,
      "median_job_duration_sec": 0.0514,
      "job_start_rate_per_sec": 33.4,
      "mean_job_start_gap_ms": 29.95
    },
    "smk_s3_n20_r1": {
      "jobs": 20,
      "span_sec": 0.195,
      "peak_concurrent_jobs": 8,
      "mean_concurrent_jobs": 5.26,
      "sum_job_durations_sec": 1.025,
      "median_job_duration_sec": 0.0513,
      "job_start_rate_per_sec": 102.6,
      "mean_job_start_gap_ms": 9.75
    }
  },
  "pipen_caching_timing": {
    "n": 20,
    "total_jobs": 61,
    "cold_run_jobs": 61,
    "cold_wall_sec": 27.392,
    "warm1_jobs": 0,
    "warm1_wall_sec": 0.917,
    "warm2_jobs": 0,
    "warm2_wall_sec": 0.969,
    "speedup_cold_over_warm1": 29.87,
    "speedup_cold_over_warm2": 28.27,
    "cold_run_pipeline_sec": null,
    "warm1_run_pipeline_sec": null,
    "runinfo_version": "1.1.5",
    "job_executions_saved": 61
  },
  "pipen_scope_agg_output": "# MID\nB:line0-v1\nB:line1-v1\nB:line2-v1\nB:line3-v1\nB:line3-v2\nB:line5-v1\nB:line6-v1\nB:line7-v1\n# SIDE\nA:line0-v1\nA:line1-v1\nA:line2-v1\nA:line3-v1\nA:line3-v2\nA:line5-v1\nA:line6-v1\nA:line7-v1\n",
  "pipen_scope_agg_file": "/home/pwwang/ws_bench/work/CachePipeline-output/Agg/agg.txt",
  "evidence_unavailable": {},
  "missing": []
}

############################################################################
### STEP: 10/10 closing summary
### cmd : python3 /mnt/f/E/hermes-workspace/pipen/bench/summarise_run.py
### when: 2026-10-01T09:23:27-07:00
############################################################################
# artefacts in /mnt/f/E/hermes-workspace/pipen/bench_portability/out_clean_run
  artefacts/   (14 files)
  derived_numbers.json   (24952 bytes)
  environment.json   (7215 bytes)
  evidence_caching.json   (15475 bytes)
  logs/   (11 files)
  logs_smk/   (9 files)
  markers/   (15 files)
  pipen_cache_scope.json   (8259 bytes)
  pipen_records.json   (4114 bytes)
  pipen_records_step5.json   (10587 bytes)
  pipen_records_steps34.json   (4114 bytes)
  pipen_run_meta.json   (1121 bytes)
  run_all.log   (38658 bytes)
  runinfo_check.json   (17645 bytes)
  smk_cache_scope.json   (9282 bytes)
  smk_records.json   (15510 bytes)
  smk_records_step5.json   (8593 bytes)
  smk_records_steps34.json   (6919 bytes)
  summary.json   (40983 bytes)

# scaling arms (median wall seconds per N, cache off)
  N=  20  pipen=   12.868s  snakemake=    1.780s  ratio= 7.23x  jobs=21  reps=1

# pipen cold vs warm (caching arm)
  N=20  cold: jobs=61 wall=27.392s  ->  warm1: jobs=0 wall=0.917s (29.87x)
  pipen-runinfo present in these job dirs: version 1.1.5

# invalidation scope phases (jobs executed per phase)
  pipen r1_cold                  jobs=25   wall=9.066s
  pipen r2_rerun                 jobs=0    wall=0.963s
  pipen r3_input3_changed        jobs=4    wall=8.947s
  pipen r4_mid_script_changed    jobs=9    wall=5.092s
  pipen r5_rerun                 jobs=0    wall=1.063s
  smk   r1_cold                  jobs=25   wall=1.618s
  smk   r2_rerun                 jobs=0    wall=0.509s
  smk   r3_input4_changed        jobs=4    wall=1.524s
  smk   r4_mid_script_changed    jobs=9    wall=1.524s
  smk   r4b_mid_script_changed_mtime_trigger jobs=0    wall=0.511s
  smk   r5_rerun                 jobs=0    wall=0.51s

# measurement-integrity cross-check (marker lines vs expected per arm)
#   the full-set expectation only applies to cold/full runs; re-runs and
#   post-invalidation phases legitimately execute a subset, so they are
#   reported for information and never flagged.
  OK   s3_n20_r1                  marker-observed jobs=42   expected=42   wall=12.868s
  OK   s4_n20_f1_r1               marker-observed jobs=42   expected=42   wall=61.926s
  OK   s4_n20_f2_r1               marker-observed jobs=42   expected=42   wall=31.806s
  OK   s5_r1_cold                 marker-observed jobs=25   expected=25   wall=9.066s
  --   s5_r2_rerun                marker-observed jobs=0    (subset by design; a full run of this DAG would be 25)
  --   s5_r3_input3_changed       marker-observed jobs=4    (subset by design; a full run of this DAG would be 25)
  --   s5_r4_mid_script_changed   marker-observed jobs=9    (subset by design; a full run of this DAG would be 25)
  --   s5_r5_rerun                marker-observed jobs=0    (subset by design; a full run of this DAG would be 25)
  OK   s5_time_n20_cold_r1        marker-observed jobs=61   expected=61   wall=27.392s
  --   s5_time_n20_warm1_r1       marker-observed jobs=0    (subset by design; a full run of this DAG would be 61)
  --   s5_time_n20_warm2_r1       marker-observed jobs=0    (subset by design; a full run of this DAG would be 61)
  OK   smk_s3_n20_r1              marker-observed jobs=42   expected=42   wall=1.78s
  OK   smk_s4_n20_c1              marker-observed jobs=42   expected=42   wall=2.744s
  OK   smk_s4_n20_c2              marker-observed jobs=42   expected=42   wall=2.15s
  OK   smk_s5_r1_cold             marker-observed jobs=25   expected=25   wall=1.618s
  --   smk_s5_r2_rerun            marker-observed jobs=0    (subset by design; a full run of this DAG would be 25)
  --   smk_s5_r3_input4_changed   marker-observed jobs=4    (subset by design; a full run of this DAG would be 25)
  --   smk_s5_r4_mid_script_changed marker-observed jobs=9    (subset by design; a full run of this DAG would be 25)
  --   smk_s5_r4b_mid_script_changed_mtime_trigger marker-observed jobs=0    (subset by design; a full run of this DAG would be 25)
  --   smk_s5_r5_rerun            marker-observed jobs=0    (subset by design; a full run of this DAG would be 25)
  OK   ground truth: 25 job directories on disk vs 25 marker lines for the cold phase
# integrity: 10/10 arms match their expected marker-line count; report in /mnt/f/E/hermes-workspace/pipen/bench_portability/out_clean_run/integrity_check.json

# agg.txt cross-arm comparison (sha256, one file per arm in artefacts/)
  N=20    pipen=9cfbaaab688df1c3...  snakemake=9cfbaaab688df1c3...  IDENTICAL
# agg.txt: 1 of 1 matched N produced byte-identical output across the two frameworks
# caching-DAG agg.txt (pipen, archived): /mnt/f/E/hermes-workspace/pipen/bench_portability/out_clean_run/artefacts/agg_pipen_cache_n8.txt sha256=5f07a7f66aa28f4c47fe682c8d20e47c3a42528fbf3c64985f2b18df53aba475

# verbatim console transcript: /mnt/f/E/hermes-workspace/pipen/bench_portability/out_clean_run/run_all.log

### run_all.sh finished OK (2026-10-01T09:23:27-07:00)
### artefacts: /mnt/f/E/hermes-workspace/pipen/bench_portability/out_clean_run   transcript: /mnt/f/E/hermes-workspace/pipen/bench_portability/out_clean_run/run_all.log
RUN_ALL_RC=0
