09-30 16:52:45 I core                      _____________________________________   __
09-30 16:52:45 I core                      ___  __ \___  _/__  __ \__  ____/__  | / /
09-30 16:52:45 I core                      __  /_/ /__  / __  /_/ /_  __/  __   |/ /
09-30 16:52:45 I core                      _  ____/__/ /  _  ____/_  /___  _  /|  /
09-30 16:52:45 I core                      /_/     /___/  /_/     /_____/  /_/ |_/
09-30 16:52:45 I core
09-30 16:52:45 I core                                  version: 1.2.3
09-30 16:52:45 D core
09-30 16:52:45 D core    Building process relationships:
09-30 16:52:45 D core    - Start processes: [<Proc:Read>]
09-30 16:52:45 D core    - Next processes: {<Proc:Side>, <Proc:Mid>}
09-30 16:52:45 D core    - Next processes: {<Proc:Agg>, <Proc:Side>}
09-30 16:52:45 D core    - Next processes: {<Proc:Agg>}
09-30 16:52:45 I core
09-30 16:52:45 I core    ╔═════════════════════════════════════════════════════════════════════════╗
09-30 16:52:45 I core    ║                              CACHEPIPELINE                              ║
09-30 16:52:45 I core    ╚═════════════════════════════════════════════════════════════════════════╝
09-30 16:52:45 I core    # procs         : 4
09-30 16:52:45 I core    profile         : default
09-30 16:52:45 I core    outdir          : CachePipeline-output
09-30 16:52:45 I core    cache           : True
09-30 16:52:45 I core    dirsig          : 1
09-30 16:52:45 I core    error_strategy  : ignore
09-30 16:52:45 I core    forks           : 32
09-30 16:52:45 I core    lang            : bash
09-30 16:52:45 I core    loglevel        : debug
09-30 16:52:45 I core    num_retries     : 3
09-30 16:52:45 I core    scheduler       : local
09-30 16:52:45 I core    submission_batch: None
09-30 16:52:45 I core    template        : liquid
09-30 16:52:45 I core    workdir         : /home/pwwang/bench/wd_s5_scope/CachePipeline
09-30 16:52:45 I core    Initializing plugins ...
09-30 16:52:45 I core
09-30 16:52:45 I core    ╭───────────────────────────────── Read ──────────────────────────────────╮
09-30 16:52:45 I core    │ read each input file                                                    │
09-30 16:52:45 I core    ╰─────────────────────────────────────────────────────────────────────────╯
09-30 16:52:45 I core    Read: workdir: '/home/pwwang/bench/wd_s5_scope/CachePipeline/Read'
09-30 16:52:45 I core    Read: <<< [START]
09-30 16:52:45 I core    Read: >>> ['Mid', 'Side']
09-30 16:52:45 D core    Read: [3/7] Job script updated. (not showing similar logs)
09-30 16:52:45 D core    Read: [0/7] Job script updated.
09-30 16:52:45 D core    Read: [1/7] Job script updated.
09-30 16:52:45 D core    Read: [2/7] Job script updated.
09-30 16:52:45 D core    Read: [3/7] Not cached (script file is newer: 2026-09-30T16:52:45.848473 > 2026-09-30T16:51:58.910567) (not showing similar logs)
09-30 16:52:45 D core    Read: [3/7] Clearing previous output files. (not showing similar logs)
09-30 16:52:45 D core    Read: [0/7] Not cached (script file is newer: 2026-09-30T16:52:45.849876 > 2026-09-30T16:51:58.892101)
09-30 16:52:45 D core    Read: [0/7] Clearing previous output files.
09-30 16:52:45 D core    Read: [1/7] Not cached (script file is newer: 2026-09-30T16:52:45.848473 > 2026-09-30T16:51:58.899757)
09-30 16:52:45 D core    Read: [1/7] Clearing previous output files.
09-30 16:52:45 D core    Read: [2/7] Not cached (script file is newer: 2026-09-30T16:52:45.848473 > 2026-09-30T16:51:58.886344)
09-30 16:52:45 D core    Read: [2/7] Clearing previous output files.
09-30 16:52:48 I core
09-30 16:52:48 I core    ╭────────────────────────────────── Mid ──────────────────────────────────╮
09-30 16:52:48 I core    │ mid branch                                                              │
09-30 16:52:48 I core    ╰─────────────────────────────────────────────────────────────────────────╯
09-30 16:52:48 I core    Mid: workdir: '/home/pwwang/bench/wd_s5_scope/CachePipeline/Mid'
09-30 16:52:48 I core    Mid: <<< ['Read']
09-30 16:52:48 I core    Mid: >>> ['Agg']
09-30 16:52:48 D core    Mid: [1/7] Job script updated.
09-30 16:52:48 D core    Mid: [3/7] Job script updated. (not showing similar logs)
09-30 16:52:48 D core    Mid: [0/7] Job script updated.
09-30 16:52:48 D core    Mid: [2/7] Job script updated.
09-30 16:52:49 D core    Mid: [0/7] Not cached (script file is newer: 2026-09-30T16:52:49.009671 > 2026-09-30T16:52:02.004343)
09-30 16:52:49 D core    Mid: [0/7] Clearing previous output files.
09-30 16:52:49 D core    Mid: [3/7] Not cached (script file is newer: 2026-09-30T16:52:49.009671 > 2026-09-30T16:52:01.980767) (not showing similar logs)
09-30 16:52:49 D core    Mid: [3/7] Clearing previous output files. (not showing similar logs)
09-30 16:52:49 D core    Mid: [1/7] Not cached (script file is newer: 2026-09-30T16:52:49.009671 > 2026-09-30T16:52:01.986994)
09-30 16:52:49 D core    Mid: [1/7] Clearing previous output files.
09-30 16:52:49 D core    Mid: [2/7] Not cached (script file is newer: 2026-09-30T16:52:49.011790 > 2026-09-30T16:52:02.017063)
09-30 16:52:49 D core    Mid: [2/7] Clearing previous output files.
09-30 16:52:52 I core
09-30 16:52:52 I core    ╭───────────────────────────────── Side ──────────────────────────────────╮
09-30 16:52:52 I core    │ sibling branch (unrelated to Mid)                                       │
09-30 16:52:52 I core    ╰─────────────────────────────────────────────────────────────────────────╯
09-30 16:52:52 I core    Side: workdir: '/home/pwwang/bench/wd_s5_scope/CachePipeline/Side'
09-30 16:52:52 I core    Side: <<< ['Read']
09-30 16:52:52 I core    Side: >>> ['Agg']
09-30 16:52:52 D core    Side: [3/7] Job script updated. (not showing similar logs)
09-30 16:52:52 D core    Side: [0/7] Job script updated.
09-30 16:52:52 D core    Side: [1/7] Job script updated.
09-30 16:52:52 D core    Side: [2/7] Job script updated.
09-30 16:52:52 D core    Side: [3/7] Not cached (script file is newer: 2026-09-30T16:52:52.168411 > 2026-09-30T16:52:04.292987) (not showing similar logs)
09-30 16:52:52 D core    Side: [3/7] Clearing previous output files. (not showing similar logs)
09-30 16:52:52 D core    Side: [1/7] Not cached (script file is newer: 2026-09-30T16:52:52.168411 > 2026-09-30T16:52:04.212614)
09-30 16:52:52 D core    Side: [1/7] Clearing previous output files.
09-30 16:52:52 D core    Side: [2/7] Not cached (script file is newer: 2026-09-30T16:52:52.170321 > 2026-09-30T16:52:04.199895)
09-30 16:52:52 D core    Side: [2/7] Clearing previous output files.
09-30 16:52:52 D core    Side: [0/7] Not cached (script file is newer: 2026-09-30T16:52:52.168411 > 2026-09-30T16:52:04.189094)
09-30 16:52:52 D core    Side: [0/7] Clearing previous output files.
09-30 16:52:55 I core
09-30 16:52:55 I core    ╭══════════════════════════════════ Agg ══════════════════════════════════╮
09-30 16:52:55 I core    ║ aggregate both branches                                                 ║
09-30 16:52:55 I core    ╰═════════════════════════════════════════════════════════════════════════╯
09-30 16:52:55 I core    Agg: workdir: '/home/pwwang/bench/wd_s5_scope/CachePipeline/Agg'
09-30 16:52:55 I core    Agg: <<< ['Mid', 'Side']
09-30 16:52:55 I core    Agg: >>> [END]
09-30 16:52:55 D core    Agg: Job script updated.
09-30 16:52:55 D core    Agg: Not cached (script file is newer: 2026-09-30T16:52:55.302943 > 2026-09-30T16:52:07.320319)
09-30 16:52:55 D core    Agg: Clearing previous output files.
09-30 16:52:58 I core
