09-30 16:13:41 I core                      _____________________________________   __
09-30 16:13:41 I core                      ___  __ \___  _/__  __ \__  ____/__  | / /
09-30 16:13:41 I core                      __  /_/ /__  / __  /_/ /_  __/  __   |/ /
09-30 16:13:41 I core                      _  ____/__/ /  _  ____/_  /___  _  /|  /
09-30 16:13:41 I core                      /_/     /___/  /_/     /_____/  /_/ |_/
09-30 16:13:41 I core
09-30 16:13:41 I core                                  version: 1.2.3
09-30 16:13:41 I core
09-30 16:13:41 I core    ╔═════════════════════════════════════════════════════════════════════════╗
09-30 16:13:41 I core    ║                              HELLOPIPELINE                              ║
09-30 16:13:41 I core    ╚═════════════════════════════════════════════════════════════════════════╝
09-30 16:13:41 I core    # procs         : 2
09-30 16:13:41 I core    profile         : default
09-30 16:13:41 I core    outdir          : /home/pwwang/bench/out_hello
09-30 16:13:41 I core    cache           : True
09-30 16:13:41 I core    dirsig          : 1
09-30 16:13:41 I core    error_strategy  : ignore
09-30 16:13:41 I core    forks           : 1
09-30 16:13:41 I core    lang            : bash
09-30 16:13:41 I core    loglevel        : info
09-30 16:13:41 I core    num_retries     : 3
09-30 16:13:41 I core    scheduler       : local
09-30 16:13:41 I core    submission_batch: None
09-30 16:13:41 I core    template        : liquid
09-30 16:13:41 I core    workdir         : /home/pwwang/bench/wd_hello/HelloPipeline
09-30 16:13:41 I core    Initializing plugins ...
09-30 16:13:41 I core
09-30 16:13:41 I core    ╭─────────────────────────────── SortFile ────────────────────────────────╮
09-30 16:13:41 I core    │ Sort input file                                                         │
09-30 16:13:41 I core    ╰─────────────────────────────────────────────────────────────────────────╯
09-30 16:13:41 I core    SortFile: workdir: '/home/pwwang/bench/wd_hello/HelloPipeline/SortFile'
09-30 16:13:41 I core    SortFile: <<< [START]
09-30 16:13:41 I core    SortFile: >>> ['NumberLines']
09-30 16:13:48 I core
09-30 16:13:48 I core    ╭══════════════════════════════ NumberLines ══════════════════════════════╮
09-30 16:13:48 I core    ║ Paste line number                                                       ║
09-30 16:13:48 I core    ╰═════════════════════════════════════════════════════════════════════════╯
09-30 16:13:48 I core    NumberLines: workdir: '/home/pwwang/bench/wd_hello/HelloPipeline/NumberLines'
09-30 16:13:48 I core    NumberLines: <<< ['SortFile']
09-30 16:13:48 I core    NumberLines: >>> [END]
09-30 16:13:51 I core
