Obtaining file:///home/pwwang/github/pipen
  Installing build dependencies: started
  Installing build dependencies: finished with status 'done'
  Checking if build backend supports build_editable: started
  Checking if build backend supports build_editable: finished with status 'done'
  Getting requirements to build editable: started
  Getting requirements to build editable: finished with status 'done'
  Installing backend dependencies: started
  Installing backend dependencies: finished with status 'done'
  Preparing editable metadata (pyproject.toml): started
  Preparing editable metadata (pyproject.toml): finished with status 'done'
Collecting argx<0.5,>=0.4 (from pipen==1.2.3)
  Using cached argx-0.4.4-py3-none-any.whl.metadata (15 kB)
Collecting enlighten<2,>=1 (from pipen==1.2.3)
  Using cached enlighten-1.14.1-py2.py3-none-any.whl.metadata (18 kB)
Collecting liquidpy<1,>=0.8 (from pipen==1.2.3)
  Using cached liquidpy-0.10.0-py3-none-any.whl.metadata (4.1 kB)
Collecting pandas<4,>=2.0 (from pipen==1.2.3)
  Using cached pandas-3.0.6-cp312-cp312-manylinux_2_24_x86_64.manylinux_2_28_x86_64.whl.metadata (79 kB)
Collecting pipda<1,>=0.13 (from pipen==1.2.3)
  Using cached pipda-0.14.1-py3-none-any.whl.metadata (5.7 kB)
Collecting python-simpleconf<1,>=0.9 (from python-simpleconf[toml]<1,>=0.9->pipen==1.2.3)
  Using cached python_simpleconf-0.9.6-py3-none-any.whl.metadata (12 kB)
Collecting varname>=1.0 (from pipen==1.2.3)
  Using cached varname-1.0.0-py3-none-any.whl.metadata (12 kB)
Collecting xqute<3,>=2.0 (from pipen==1.2.3)
  Using cached xqute-2.2.0-py3-none-any.whl.metadata (7.3 kB)
Collecting blessed>=1.17.7 (from enlighten<2,>=1->pipen==1.2.3)
  Using cached blessed-1.50.0-py3-none-any.whl.metadata (13 kB)
Collecting prefixed>=0.3.2 (from enlighten<2,>=1->pipen==1.2.3)
  Using cached prefixed-0.9.0-py2.py3-none-any.whl.metadata (11 kB)
Collecting jinja2<4,>=3 (from liquidpy<1,>=0.8->pipen==1.2.3)
  Using cached jinja2-3.1.6-py3-none-any.whl.metadata (2.9 kB)
Collecting MarkupSafe>=2.0 (from jinja2<4,>=3->liquidpy<1,>=0.8->pipen==1.2.3)
  Using cached markupsafe-3.0.3-cp312-cp312-manylinux2014_x86_64.manylinux_2_17_x86_64.manylinux_2_28_x86_64.whl.metadata (2.7 kB)
Collecting numpy>=1.26.0 (from pandas<4,>=2.0->pipen==1.2.3)
  Using cached numpy-2.5.3-cp312-cp312-manylinux_2_27_x86_64.manylinux_2_28_x86_64.whl.metadata (6.6 kB)
Collecting python-dateutil>=2.8.2 (from pandas<4,>=2.0->pipen==1.2.3)
  Using cached python_dateutil-2.9.0.post0-py2.py3-none-any.whl.metadata (8.4 kB)
Collecting executing>=2.0 (from pipda<1,>=0.13->pipen==1.2.3)
  Using cached executing-2.2.1-py2.py3-none-any.whl.metadata (8.9 kB)
Collecting diot<0.4,>=0.3.3 (from python-simpleconf<1,>=0.9->python-simpleconf[toml]<1,>=0.9->pipen==1.2.3)
  Using cached diot-0.3.4-py3-none-any.whl.metadata (6.1 kB)
Collecting panpath<0.5,>=0.4.8 (from python-simpleconf<1,>=0.9->python-simpleconf[toml]<1,>=0.9->pipen==1.2.3)
  Using cached panpath-0.4.12-py3-none-any.whl.metadata (8.0 kB)
Collecting inflection>=0.5 (from diot<0.4,>=0.3.3->python-simpleconf<1,>=0.9->python-simpleconf[toml]<1,>=0.9->pipen==1.2.3)
  Using cached inflection-0.5.1-py2.py3-none-any.whl.metadata (1.7 kB)
Collecting typing-extensions>=4.0.0 (from panpath<0.5,>=0.4.8->python-simpleconf<1,>=0.9->python-simpleconf[toml]<1,>=0.9->pipen==1.2.3)
  Using cached typing_extensions-4.16.0-py3-none-any.whl.metadata (3.3 kB)
Collecting rtoml<1,>=0.12 (from python-simpleconf[toml]<1,>=0.9->pipen==1.2.3)
  Using cached rtoml-0.13.0-cp312-cp312-manylinux_2_17_x86_64.manylinux2014_x86_64.whl.metadata (6.1 kB)
Collecting aiofiles>=23.0.0 (from xqute<3,>=2.0->pipen==1.2.3)
  Using cached aiofiles-25.1.0-py3-none-any.whl.metadata (6.3 kB)
Collecting rich>=14 (from xqute<3,>=2.0->pipen==1.2.3)
  Using cached rich-15.0.0-py3-none-any.whl.metadata (18 kB)
Collecting simplug>=0.5 (from xqute<3,>=2.0->pipen==1.2.3)
  Using cached simplug-0.5.7-py3-none-any.whl.metadata (2.4 kB)
Collecting uvloop>=0 (from xqute<3,>=2.0->pipen==1.2.3)
  Using cached uvloop-0.22.1-cp312-cp312-manylinux2014_x86_64.manylinux_2_17_x86_64.manylinux_2_28_x86_64.whl.metadata (4.9 kB)
Collecting wcwidth>=0.8.3 (from blessed>=1.17.7->enlighten<2,>=1->pipen==1.2.3)
  Using cached wcwidth-0.9.1-cp310-abi3-manylinux2014_x86_64.manylinux_2_17_x86_64.whl.metadata (23 kB)
Collecting jinxed<3,>=2.1 (from blessed>=1.17.7->enlighten<2,>=1->pipen==1.2.3)
  Using cached jinxed-2.1.0-py2.py3-none-any.whl.metadata (7.2 kB)
Collecting six>=1.5 (from python-dateutil>=2.8.2->pandas<4,>=2.0->pipen==1.2.3)
  Using cached six-1.17.0-py2.py3-none-any.whl.metadata (1.7 kB)
Collecting markdown-it-py>=2.2.0 (from rich>=14->xqute<3,>=2.0->pipen==1.2.3)
  Using cached markdown_it_py-4.2.0-py3-none-any.whl.metadata (7.4 kB)
Collecting pygments<3.0.0,>=2.13.0 (from rich>=14->xqute<3,>=2.0->pipen==1.2.3)
  Using cached pygments-2.21.0-py3-none-any.whl.metadata (2.5 kB)
Collecting mdurl~=0.1 (from markdown-it-py>=2.2.0->rich>=14->xqute<3,>=2.0->pipen==1.2.3)
  Using cached mdurl-0.1.2-py3-none-any.whl.metadata (1.6 kB)
Using cached argx-0.4.4-py3-none-any.whl (17 kB)
Using cached enlighten-1.14.1-py2.py3-none-any.whl (42 kB)
Using cached liquidpy-0.10.0-py3-none-any.whl (33 kB)
Using cached jinja2-3.1.6-py3-none-any.whl (134 kB)
Using cached pandas-3.0.6-cp312-cp312-manylinux_2_24_x86_64.manylinux_2_28_x86_64.whl (10.8 MB)
Using cached pipda-0.14.1-py3-none-any.whl (21 kB)
Using cached python_simpleconf-0.9.6-py3-none-any.whl (20 kB)
Using cached diot-0.3.4-py3-none-any.whl (12 kB)
Using cached panpath-0.4.12-py3-none-any.whl (64 kB)
Using cached rtoml-0.13.0-cp312-cp312-manylinux_2_17_x86_64.manylinux2014_x86_64.whl (346 kB)
Using cached xqute-2.2.0-py3-none-any.whl (47 kB)
Using cached aiofiles-25.1.0-py3-none-any.whl (14 kB)
Using cached blessed-1.50.0-py3-none-any.whl (140 kB)
Using cached jinxed-2.1.0-py2.py3-none-any.whl (104 kB)
Using cached executing-2.2.1-py2.py3-none-any.whl (28 kB)
Using cached inflection-0.5.1-py2.py3-none-any.whl (9.5 kB)
Using cached markupsafe-3.0.3-cp312-cp312-manylinux2014_x86_64.manylinux_2_17_x86_64.manylinux_2_28_x86_64.whl (22 kB)
Using cached numpy-2.5.3-cp312-cp312-manylinux_2_27_x86_64.manylinux_2_28_x86_64.whl (16.7 MB)
Using cached prefixed-0.9.0-py2.py3-none-any.whl (13 kB)
Using cached python_dateutil-2.9.0.post0-py2.py3-none-any.whl (229 kB)
Using cached rich-15.0.0-py3-none-any.whl (310 kB)
Using cached pygments-2.21.0-py3-none-any.whl (1.3 MB)
Using cached markdown_it_py-4.2.0-py3-none-any.whl (91 kB)
Using cached mdurl-0.1.2-py3-none-any.whl (10.0 kB)
Using cached simplug-0.5.7-py3-none-any.whl (12 kB)
Using cached six-1.17.0-py2.py3-none-any.whl (11 kB)
Using cached typing_extensions-4.16.0-py3-none-any.whl (45 kB)
Using cached uvloop-0.22.1-cp312-cp312-manylinux2014_x86_64.manylinux_2_17_x86_64.manylinux_2_28_x86_64.whl (4.4 MB)
Using cached varname-1.0.0-py3-none-any.whl (25 kB)
Using cached wcwidth-0.9.1-cp310-abi3-manylinux2014_x86_64.manylinux_2_17_x86_64.whl (768 kB)
Building wheels for collected packages: pipen
  Building editable for pipen (pyproject.toml): started
  Building editable for pipen (pyproject.toml): finished with status 'done'
  Created wheel for pipen: filename=pipen-1.2.3-py3-none-any.whl size=9385 sha256=9bf8ac05c5e2552ab0fd69962902b14e9e58ce12c4bef167788548cf2c4f4920
  Stored in directory: /tmp/pip-ephem-wheel-cache-sxro6bqe/wheels/de/37/29/6c858b40193661d07ea9ac6b3c543ce3ad2fa59273787f7db7
Successfully built pipen
Installing collected packages: prefixed, jinxed, wcwidth, uvloop, typing-extensions, six, rtoml, pygments, numpy, mdurl, MarkupSafe, inflection, executing, aiofiles, varname, python-dateutil, pipda, panpath, markdown-it-py, jinja2, diot, blessed, simplug, rich, python-simpleconf, pandas, liquidpy, enlighten, argx, xqute, pipen

Successfully installed MarkupSafe-3.0.3 aiofiles-25.1.0 argx-0.4.4 blessed-1.50.0 diot-0.3.4 enlighten-1.14.1 executing-2.2.1 inflection-0.5.1 jinja2-3.1.6 jinxed-2.1.0 liquidpy-0.10.0 markdown-it-py-4.2.0 mdurl-0.1.2 numpy-2.5.3 pandas-3.0.6 panpath-0.4.12 pipda-0.14.1 pipen-1.2.3 prefixed-0.9.0 pygments-2.21.0 python-dateutil-2.9.0.post0 python-simpleconf-0.9.6 rich-15.0.0 rtoml-0.13.0 simplug-0.5.7 six-1.17.0 typing-extensions-4.16.0 uvloop-0.22.1 varname-1.0.0 wcwidth-0.9.1 xqute-2.2.0
