Collecting snakemake
  Downloading snakemake-9.27.0-py3-none-any.whl.metadata (2.8 kB)
Collecting platformdirs (from snakemake)
  Downloading platformdirs-4.12.2-py3-none-any.whl.metadata (5.5 kB)
Collecting immutables (from snakemake)
  Downloading immutables-0.21-cp312-cp312-manylinux_2_5_x86_64.manylinux1_x86_64.manylinux_2_17_x86_64.manylinux2014_x86_64.whl.metadata (4.5 kB)
Collecting configargparse (from snakemake)
  Downloading configargparse-1.8.0-py3-none-any.whl.metadata (23 kB)
Collecting connection_pool>=0.0.3 (from snakemake)
  Downloading connection_pool-0.0.3.tar.gz (3.8 kB)
  Installing build dependencies: started
  Installing build dependencies: finished with status 'done'
  Getting requirements to build wheel: started
  Getting requirements to build wheel: finished with status 'done'
  Preparing metadata (pyproject.toml): started
  Preparing metadata (pyproject.toml): finished with status 'done'
Collecting docutils<0.23,>=0.20 (from snakemake)
  Downloading docutils-0.22.4-py3-none-any.whl.metadata (15 kB)
Collecting gitpython (from snakemake)
  Downloading gitpython-3.2.0-py3-none-any.whl.metadata (13 kB)
Collecting humanfriendly (from snakemake)
  Using cached humanfriendly-10.0-py2.py3-none-any.whl.metadata (9.2 kB)
Collecting jinja2<4.0,>=3.0 (from snakemake)
  Using cached jinja2-3.1.6-py3-none-any.whl.metadata (2.9 kB)
Collecting jsonschema (from snakemake)
  Downloading jsonschema-4.26.0-py3-none-any.whl.metadata (7.6 kB)
Collecting nbformat (from snakemake)
  Downloading nbformat-5.11.1-py3-none-any.whl.metadata (3.7 kB)
Collecting packaging<26,>=24.0 (from snakemake)
  Downloading packaging-25.0-py3-none-any.whl.metadata (3.3 kB)
Collecting psutil (from snakemake)
  Using cached psutil-7.2.2-cp36-abi3-manylinux2010_x86_64.manylinux_2_12_x86_64.manylinux_2_28_x86_64.whl.metadata (22 kB)
Collecting pulp<3.4,>=2.3.1 (from snakemake)
  Downloading pulp-3.3.2-py3-none-any.whl.metadata (8.6 kB)
Collecting pyyaml (from snakemake)
  Using cached pyyaml-6.0.3-cp312-cp312-manylinux2014_x86_64.manylinux_2_17_x86_64.manylinux_2_28_x86_64.whl.metadata (2.4 kB)
Collecting referencing (from snakemake)
  Downloading referencing-0.37.0-py3-none-any.whl.metadata (2.8 kB)
Collecting requests<3.0,>=2.8.1 (from snakemake)
  Using cached requests-2.34.2-py3-none-any.whl.metadata (4.8 kB)
Collecting tenacity<10.0,>=9.1.4 (from snakemake)
  Downloading tenacity-9.1.4-py3-none-any.whl.metadata (1.2 kB)
Collecting smart-open<8.0,>=4.0 (from snakemake)
  Downloading smart_open-7.7.1-py3-none-any.whl.metadata (25 kB)
Collecting snakemake-interface-executor-plugins<10.0,>=9.3.2 (from snakemake)
  Downloading snakemake_interface_executor_plugins-9.4.0-py3-none-any.whl.metadata (7.9 kB)
Collecting snakemake-interface-common<2.0,>=1.20.1 (from snakemake)
  Downloading snakemake_interface_common-1.23.1-py3-none-any.whl.metadata (505 bytes)
Collecting snakemake-interface-storage-plugins<5.0,>=4.4.1 (from snakemake)
  Downloading snakemake_interface_storage_plugins-4.4.1-py3-none-any.whl.metadata (12 kB)
Collecting snakemake-interface-report-plugins<2.0.0,>=1.2.0 (from snakemake)
  Downloading snakemake_interface_report_plugins-1.3.0-py3-none-any.whl.metadata (3.6 kB)
Collecting snakemake-interface-logger-plugins<3.0.0,>=1.1.0 (from snakemake)
  Downloading snakemake_interface_logger_plugins-2.1.0-py3-none-any.whl.metadata (15 kB)
Collecting snakemake-interface-scheduler-plugins<3.0.0,>=2.0.0 (from snakemake)
  Downloading snakemake_interface_scheduler_plugins-2.0.2-py3-none-any.whl.metadata (5.6 kB)
Collecting tabulate (from snakemake)
  Downloading tabulate-0.10.0-py3-none-any.whl.metadata (40 kB)
Collecting throttler (from snakemake)
  Downloading throttler-1.2.3-py3-none-any.whl.metadata (10 kB)
Collecting wrapt (from snakemake)
  Downloading wrapt-2.5.0-cp312-cp312-manylinux1_x86_64.manylinux_2_28_x86_64.manylinux_2_5_x86_64.whl.metadata (7.6 kB)
Collecting yte<2.0,>=1.5.5 (from snakemake)
  Downloading yte-1.9.4-py3-none-any.whl.metadata (3.1 kB)
Collecting dpath<3.0.0,>=2.1.6 (from snakemake)
  Downloading dpath-2.2.0-py3-none-any.whl.metadata (15 kB)
Collecting conda-inject<2.0,>=1.3.1 (from snakemake)
  Downloading conda_inject-1.3.2-py3-none-any.whl.metadata (855 bytes)
Collecting sqlmodel<0.0.38,>=0.0.37 (from snakemake)
  Downloading sqlmodel-0.0.37-py3-none-any.whl.metadata (10 kB)
Collecting MarkupSafe>=2.0 (from jinja2<4.0,>=3.0->snakemake)
  Using cached markupsafe-3.0.3-cp312-cp312-manylinux2014_x86_64.manylinux_2_17_x86_64.manylinux_2_28_x86_64.whl.metadata (2.7 kB)
Collecting charset_normalizer<4,>=2 (from requests<3.0,>=2.8.1->snakemake)
  Downloading charset_normalizer-3.5.2-cp312-cp312-manylinux2014_x86_64.manylinux_2_17_x86_64.manylinux_2_28_x86_64.whl.metadata (46 kB)
Collecting idna<4,>=2.5 (from requests<3.0,>=2.8.1->snakemake)
  Using cached idna-3.20-py3-none-any.whl.metadata (7.2 kB)
Collecting urllib3<3,>=1.26 (from requests<3.0,>=2.8.1->snakemake)
  Using cached urllib3-2.8.0-py3-none-any.whl.metadata (7.4 kB)
Collecting certifi>=2023.5.7 (from requests<3.0,>=2.8.1->snakemake)
  Using cached certifi-2026.7.22-py3-none-any.whl.metadata (2.5 kB)
Collecting argparse-dataclass>=2.0.0 (from snakemake-interface-common<2.0,>=1.20.1->snakemake)
  Downloading argparse_dataclass-2.0.0-py3-none-any.whl.metadata (7.2 kB)
INFO: pip is looking at multiple versions of snakemake-interface-common to determine which version is compatible with other requirements. This could take a while.
Collecting snakemake-interface-common<2.0,>=1.20.1 (from snakemake)
  Downloading snakemake_interface_common-1.23.0-py3-none-any.whl.metadata (511 bytes)
Collecting SQLAlchemy<2.1.0,>=2.0.14 (from sqlmodel<0.0.38,>=0.0.37->snakemake)
  Downloading sqlalchemy-2.0.54-cp312-cp312-manylinux2014_x86_64.manylinux_2_17_x86_64.manylinux_2_28_x86_64.whl.metadata (9.7 kB)
Collecting pydantic>=2.11.0 (from sqlmodel<0.0.38,>=0.0.37->snakemake)
  Using cached pydantic-2.13.5-py3-none-any.whl.metadata (110 kB)
Collecting greenlet>=1 (from SQLAlchemy<2.1.0,>=2.0.14->sqlmodel<0.0.38,>=0.0.37->snakemake)
  Downloading greenlet-3.5.6-cp312-cp312-manylinux_2_24_x86_64.manylinux_2_28_x86_64.whl.metadata (3.8 kB)
Collecting typing-extensions>=4.6.0 (from SQLAlchemy<2.1.0,>=2.0.14->sqlmodel<0.0.38,>=0.0.37->snakemake)
  Using cached typing_extensions-4.16.0-py3-none-any.whl.metadata (3.3 kB)
Collecting annotated-types>=0.6.0 (from pydantic>=2.11.0->sqlmodel<0.0.38,>=0.0.37->snakemake)
  Using cached annotated_types-0.8.0-py3-none-any.whl.metadata (15 kB)
Collecting pydantic-core==2.46.5 (from pydantic>=2.11.0->sqlmodel<0.0.38,>=0.0.37->snakemake)
  Using cached pydantic_core-2.46.5-cp312-cp312-manylinux_2_17_x86_64.manylinux2014_x86_64.whl.metadata (6.6 kB)
Collecting typing-inspection>=0.4.2 (from pydantic>=2.11.0->sqlmodel<0.0.38,>=0.0.37->snakemake)
  Using cached typing_inspection-0.4.4-py3-none-any.whl.metadata (2.6 kB)
Collecting gitdb<5,>=4.0.1 (from gitpython->snakemake)
  Downloading gitdb-4.0.12-py3-none-any.whl.metadata (1.2 kB)
Collecting smmap<6,>=3.0.1 (from gitdb<5,>=4.0.1->gitpython->snakemake)
  Downloading smmap-5.0.3-py3-none-any.whl.metadata (4.6 kB)
Collecting attrs>=22.2.0 (from jsonschema->snakemake)
  Using cached attrs-26.1.0-py3-none-any.whl.metadata (8.8 kB)
Collecting jsonschema-specifications>=2023.03.6 (from jsonschema->snakemake)
  Downloading jsonschema_specifications-2025.9.1-py3-none-any.whl.metadata (2.9 kB)
Collecting rpds-py>=0.25.0 (from jsonschema->snakemake)
  Downloading rpds_py-2026.6.3-cp312-cp312-manylinux_2_17_x86_64.manylinux2014_x86_64.whl.metadata (4.1 kB)
Collecting fastjsonschema>=2.15 (from nbformat->snakemake)
  Downloading fastjsonschema-2.22.2-py3-none-any.whl.metadata (2.1 kB)
Collecting jupyter-core!=5.0.*,>=4.12 (from nbformat->snakemake)
  Downloading jupyter_core-5.9.1-py3-none-any.whl.metadata (1.5 kB)
Collecting traitlets>=5.1 (from nbformat->snakemake)
  Downloading traitlets-5.16.1-py3-none-any.whl.metadata (10 kB)
Downloading snakemake-9.27.0-py3-none-any.whl (1.2 MB)
   ━━━━━━━━━━━━━━━━━━━━━━━━━━━━━━━━━━━━━━━━ 1.2/1.2 MB 720.3 kB/s  0:00:01
Downloading conda_inject-1.3.2-py3-none-any.whl (4.1 kB)
Downloading docutils-0.22.4-py3-none-any.whl (633 kB)
   ━━━━━━━━━━━━━━━━━━━━━━━━━━━━━━━━━━━━━━━━ 633.2/633.2 kB 759.4 kB/s  0:00:00
Downloading dpath-2.2.0-py3-none-any.whl (17 kB)
Using cached jinja2-3.1.6-py3-none-any.whl (134 kB)
Downloading packaging-25.0-py3-none-any.whl (66 kB)
Downloading pulp-3.3.2-py3-none-any.whl (16.4 MB)
   ━━━━━━━━━━━━━━━━━━━━━━━━━━━━━━━━━━━━━━━━ 16.4/16.4 MB 3.9 MB/s  0:00:04
Using cached pyyaml-6.0.3-cp312-cp312-manylinux2014_x86_64.manylinux_2_17_x86_64.manylinux_2_28_x86_64.whl (807 kB)
Using cached requests-2.34.2-py3-none-any.whl (73 kB)
Downloading charset_normalizer-3.5.2-cp312-cp312-manylinux2014_x86_64.manylinux_2_17_x86_64.manylinux_2_28_x86_64.whl (257 kB)
Using cached idna-3.20-py3-none-any.whl (69 kB)
Downloading smart_open-7.7.1-py3-none-any.whl (65 kB)
Downloading snakemake_interface_common-1.23.0-py3-none-any.whl (17 kB)
Downloading snakemake_interface_executor_plugins-9.4.0-py3-none-any.whl (22 kB)
Downloading snakemake_interface_logger_plugins-2.1.0-py3-none-any.whl (14 kB)
Downloading snakemake_interface_report_plugins-1.3.0-py3-none-any.whl (7.3 kB)
Downloading snakemake_interface_scheduler_plugins-2.0.2-py3-none-any.whl (10 kB)
Downloading snakemake_interface_storage_plugins-4.4.1-py3-none-any.whl (18 kB)
Using cached humanfriendly-10.0-py2.py3-none-any.whl (86 kB)
Downloading sqlmodel-0.0.37-py3-none-any.whl (27 kB)
Downloading sqlalchemy-2.0.54-cp312-cp312-manylinux2014_x86_64.manylinux_2_17_x86_64.manylinux_2_28_x86_64.whl (3.5 MB)
   ━━━━━━━━━━━━━━━━━━━━━━━━━━━━━━━━━━━━━━━━ 3.5/3.5 MB 7.2 MB/s  0:00:00
Downloading tenacity-9.1.4-py3-none-any.whl (28 kB)
Using cached urllib3-2.8.0-py3-none-any.whl (135 kB)
Downloading yte-1.9.4-py3-none-any.whl (10 kB)
Downloading argparse_dataclass-2.0.0-py3-none-any.whl (8.8 kB)
Using cached certifi-2026.7.22-py3-none-any.whl (136 kB)
Downloading configargparse-1.8.0-py3-none-any.whl (34 kB)
Downloading greenlet-3.5.6-cp312-cp312-manylinux_2_24_x86_64.manylinux_2_28_x86_64.whl (621 kB)
   ━━━━━━━━━━━━━━━━━━━━━━━━━━━━━━━━━━━━━━━━ 621.4/621.4 kB 5.8 MB/s  0:00:00
Using cached markupsafe-3.0.3-cp312-cp312-manylinux2014_x86_64.manylinux_2_17_x86_64.manylinux_2_28_x86_64.whl (22 kB)
Using cached pydantic-2.13.5-py3-none-any.whl (472 kB)
Using cached pydantic_core-2.46.5-cp312-cp312-manylinux_2_17_x86_64.manylinux2014_x86_64.whl (2.1 MB)
Using cached annotated_types-0.8.0-py3-none-any.whl (13 kB)
Downloading throttler-1.2.3-py3-none-any.whl (9.7 kB)
Using cached typing_extensions-4.16.0-py3-none-any.whl (45 kB)
Using cached typing_inspection-0.4.4-py3-none-any.whl (14 kB)
Downloading wrapt-2.5.0-cp312-cp312-manylinux1_x86_64.manylinux_2_28_x86_64.manylinux_2_5_x86_64.whl (250 kB)
Downloading gitpython-3.2.0-py3-none-any.whl (228 kB)
Downloading gitdb-4.0.12-py3-none-any.whl (62 kB)
Downloading smmap-5.0.3-py3-none-any.whl (24 kB)
Downloading immutables-0.21-cp312-cp312-manylinux_2_5_x86_64.manylinux1_x86_64.manylinux_2_17_x86_64.manylinux2014_x86_64.whl (104 kB)
Downloading jsonschema-4.26.0-py3-none-any.whl (90 kB)
Using cached attrs-26.1.0-py3-none-any.whl (67 kB)
Downloading jsonschema_specifications-2025.9.1-py3-none-any.whl (18 kB)
Downloading referencing-0.37.0-py3-none-any.whl (26 kB)
Downloading rpds_py-2026.6.3-cp312-cp312-manylinux_2_17_x86_64.manylinux2014_x86_64.whl (366 kB)
Downloading nbformat-5.11.1-py3-none-any.whl (79 kB)
Downloading fastjsonschema-2.22.2-py3-none-any.whl (27 kB)
Downloading jupyter_core-5.9.1-py3-none-any.whl (29 kB)
Downloading platformdirs-4.12.2-py3-none-any.whl (32 kB)
Downloading traitlets-5.16.1-py3-none-any.whl (86 kB)
Using cached psutil-7.2.2-cp36-abi3-manylinux2010_x86_64.manylinux_2_12_x86_64.manylinux_2_28_x86_64.whl (155 kB)
Downloading tabulate-0.10.0-py3-none-any.whl (39 kB)
Building wheels for collected packages: connection_pool
  Building wheel for connection_pool (pyproject.toml): started
  Building wheel for connection_pool (pyproject.toml): finished with status 'done'
  Created wheel for connection_pool: filename=connection_pool-0.0.3-py3-none-any.whl size=4106 sha256=c108b65bb2b43f44897d3017b72e3f0f9c4ebf3edae15819da329e4c4e5ace95
  Stored in directory: /home/pwwang/.cache/pip/wheels/c6/4e/3d/7d5324ada36b1473e54d32916a8f70b90b62c9f2fedc9fd8c9
Successfully built connection_pool
Installing collected packages: connection_pool, wrapt, urllib3, typing-extensions, traitlets, throttler, tenacity, tabulate, smmap, rpds-py, pyyaml, pulp, psutil, platformdirs, packaging, MarkupSafe, immutables, idna, humanfriendly, greenlet, fastjsonschema, dpath, docutils, configargparse, charset_normalizer, certifi, attrs, argparse-dataclass, annotated-types, yte, typing-inspection, SQLAlchemy, snakemake-interface-common, smart-open, requests, referencing, pydantic-core, jupyter-core, jinja2, gitdb, conda-inject, snakemake-interface-storage-plugins, snakemake-interface-scheduler-plugins, snakemake-interface-report-plugins, snakemake-interface-logger-plugins, snakemake-interface-executor-plugins, pydantic, jsonschema-specifications, gitpython, sqlmodel, jsonschema, nbformat, snakemake

Successfully installed MarkupSafe-3.0.3 SQLAlchemy-2.0.54 annotated-types-0.8.0 argparse-dataclass-2.0.0 attrs-26.1.0 certifi-2026.7.22 charset_normalizer-3.5.2 conda-inject-1.3.2 configargparse-1.8.0 connection_pool-0.0.3 docutils-0.22.4 dpath-2.2.0 fastjsonschema-2.22.2 gitdb-4.0.12 gitpython-3.2.0 greenlet-3.5.6 humanfriendly-10.0 idna-3.20 immutables-0.21 jinja2-3.1.6 jsonschema-4.26.0 jsonschema-specifications-2025.9.1 jupyter-core-5.9.1 nbformat-5.11.1 packaging-25.0 platformdirs-4.12.2 psutil-7.2.2 pulp-3.3.2 pydantic-2.13.5 pydantic-core-2.46.5 pyyaml-6.0.3 referencing-0.37.0 requests-2.34.2 rpds-py-2026.6.3 smart-open-7.7.1 smmap-5.0.3 snakemake-9.27.0 snakemake-interface-common-1.23.0 snakemake-interface-executor-plugins-9.4.0 snakemake-interface-logger-plugins-2.1.0 snakemake-interface-report-plugins-1.3.0 snakemake-interface-scheduler-plugins-2.0.2 snakemake-interface-storage-plugins-4.4.1 sqlmodel-0.0.37 tabulate-0.10.0 tenacity-9.1.4 throttler-1.2.3 traitlets-5.16.1 typing-extensions-4.16.0 typing-inspection-0.4.4 urllib3-2.8.0 wrapt-2.5.0 yte-1.9.4
