09-30 16:33:11 I core                      _____________________________________   __
09-30 16:33:11 I core                      ___  __ \___  _/__  __ \__  ____/__  | / /
09-30 16:33:11 I core                      __  /_/ /__  / __  /_/ /_  __/  __   |/ /
09-30 16:33:11 I core                      _  ____/__/ /  _  ____/_  /___  _  /|  /
09-30 16:33:11 I core                      /_/     /___/  /_/     /_____/  /_/ |_/
09-30 16:33:11 I core
09-30 16:33:11 I core                                  version: 1.2.3
09-30 16:33:11 I core
09-30 16:33:11 I core    ╔═════════════════════════════════════════════════════════════════════════╗
09-30 16:33:11 I core    ║                               DAGPIPELINE                               ║
09-30 16:33:11 I core    ╚═════════════════════════════════════════════════════════════════════════╝
09-30 16:33:11 I core    # procs         : 2
09-30 16:33:11 I core    profile         : default
09-30 16:33:11 I core    outdir          : DagPipeline-output
09-30 16:33:11 I core    cache           : False
09-30 16:33:11 I core    dirsig          : 1
09-30 16:33:11 I core    error_strategy  : ignore
09-30 16:33:11 I core    forks           : 32
09-30 16:33:11 I core    lang            : bash
09-30 16:33:11 I core    loglevel        : info
09-30 16:33:11 I core    num_retries     : 3
09-30 16:33:11 I core    scheduler       : local
09-30 16:33:11 I core    submission_batch: None
09-30 16:33:11 I core    template        : liquid
09-30 16:33:11 I core    workdir         : /home/pwwang/bench/wd_s3_n10_r3/DagPipeline
09-30 16:33:11 I core    Initializing plugins ...
09-30 16:33:11 I core
09-30 16:33:11 I core    ╭───────────────────────────────── Shard ─────────────────────────────────╮
09-30 16:33:11 I core    │ fan-out shard                                                           │
09-30 16:33:11 I core    ╰─────────────────────────────────────────────────────────────────────────╯
09-30 16:33:11 I core    Shard: workdir: '/home/pwwang/bench/wd_s3_n10_r3/DagPipeline/Shard'
09-30 16:33:11 I core    Shard: <<< [START]
09-30 16:33:11 I core    Shard: >>> ['Agg']
09-30 16:33:14 I core
09-30 16:33:14 I core    ╭══════════════════════════════════ Agg ══════════════════════════════════╮
09-30 16:33:14 I core    ║ aggregate all shard outputs into one file                               ║
09-30 16:33:14 I core    ╰═════════════════════════════════════════════════════════════════════════╯
09-30 16:33:14 I core    Agg: workdir: '/home/pwwang/bench/wd_s3_n10_r3/DagPipeline/Agg'
09-30 16:33:14 I core    Agg: <<< ['Shard']
09-30 16:33:14 I core    Agg: >>> [END]
09-30 16:33:16 I core
PIPELINE_RUN_SEC=5.403565
