shard_start 1 1790811535.791505399
shard_start 4 1790811535.791735881
shard_start 5 1790811535.791699189
shard_start 2 1790811535.792208371
shard_end 1 1790811535.843588552
shard_end 2 1790811535.844016315
shard_end 4 1790811535.844040301
shard_end 5 1790811535.844226506
shard_start 3 1790811542.591382330
shard_start 0 1790811542.598800725
shard_start 6 1790811542.604314738
shard_start 7 1790811542.612094410
shard_end 3 1790811542.643375101
shard_end 0 1790811542.650627109
shard_end 6 1790811542.656221463
shard_end 7 1790811542.663990884
shard_start 12 1790811545.634927667
shard_end 12 1790811545.687557697
shard_start 9 1790811545.700382082
shard_end 9 1790811545.753353224
shard_start 11 1790811546.598480988
shard_start 8 1790811546.605392130
shard_end 11 1790811546.650683225
shard_end 8 1790811546.657979381
shard_start 13 1790811549.606451347
shard_start 15 1790811549.611806773
shard_start 14 1790811549.619883864
shard_start 10 1790811549.626453905
shard_end 13 1790811549.659726692
shard_end 15 1790811549.663554388
shard_end 14 1790811549.671805829
shard_end 10 1790811549.678459806
shard_start 17 1790811552.614296785
shard_start 19 1790811552.624098514
shard_start 16 1790811552.630135593
shard_start 18 1790811552.634167879
shard_end 17 1790811552.666363506
shard_end 19 1790811552.676143396
shard_end 16 1790811552.682600006
shard_end 18 1790811552.685860355
agg_start 0 1790811554.782893005
agg_end 0 1790811554.785141346
