shard_start 2 1790811427.514586435
shard_end 2 1790811427.566541976
shard_start 0 1790811434.562813297
shard_end 0 1790811434.614746162
shard_start 1 1790811438.480237883
shard_end 1 1790811438.532940529
shard_start 4 1790811442.527673530
shard_end 4 1790811442.580336066
shard_start 6 1790811446.452822846
shard_end 6 1790811446.504981682
shard_start 3 1790811449.462609315
shard_end 3 1790811449.514627014
shard_start 7 1790811452.462337468
shard_end 7 1790811452.514233482
shard_start 5 1790811455.470003874
shard_end 5 1790811455.521907705
shard_start 10 1790811458.474883667
shard_end 10 1790811458.527134386
shard_start 8 1790811461.475210471
shard_end 8 1790811461.527261456
shard_start 12 1790811464.477107255
shard_end 12 1790811464.529476145
shard_start 11 1790811470.407182281
shard_end 11 1790811470.459171615
shard_start 9 1790811473.410156418
shard_end 9 1790811473.462739111
shard_start 14 1790811476.413922326
shard_end 14 1790811476.465905793
shard_start 15 1790811479.418278610
shard_end 15 1790811479.470263533
shard_start 13 1790811482.419886802
shard_end 13 1790811482.472627675
shard_start 16 1790811485.424910812
shard_end 16 1790811485.477013501
shard_start 17 1790811488.425306964
shard_end 17 1790811488.478332317
shard_start 19 1790811491.431670879
shard_end 19 1790811491.484500901
shard_start 18 1790811494.432307404
shard_end 18 1790811494.484353392
agg_start 0 1790811496.664051806
agg_end 0 1790811496.667075498
