shard_start 15 1790811792.039504247
shard_start 18 1790811792.041750968
shard_end 15 1790811792.091479566
shard_end 18 1790811792.093919689
shard_start 13 1790811792.100198926
shard_start 10 1790811792.105277730
shard_end 13 1790811792.152274497
shard_end 10 1790811792.157540263
shard_start 6 1790811792.161609921
shard_start 14 1790811792.166912623
shard_end 6 1790811792.213711524
shard_end 14 1790811792.218757893
shard_start 5 1790811792.228115067
shard_start 0 1790811792.233003952
shard_end 5 1790811792.280276672
shard_end 0 1790811792.284783089
shard_start 7 1790811792.288608662
shard_start 2 1790811792.294143210
shard_end 7 1790811792.340697187
shard_end 2 1790811792.345877308
shard_start 11 1790811792.349103920
shard_start 16 1790811792.355140871
shard_end 11 1790811792.401079055
shard_end 16 1790811792.406983812
shard_start 4 1790811792.408571855
shard_start 12 1790811792.414337462
shard_end 4 1790811792.461212237
shard_end 12 1790811792.466458589
shard_start 3 1790811792.469874256
shard_start 19 1790811792.475974577
shard_end 3 1790811792.521873790
shard_end 19 1790811792.527835241
shard_start 17 1790811792.529336980
shard_start 8 1790811792.535692674
shard_end 17 1790811792.581375223
shard_end 8 1790811792.587567249
shard_start 9 1790811792.588789024
shard_start 1 1790811792.595173702
shard_end 9 1790811792.640969653
shard_end 1 1790811792.647139102
agg_start 0 1790811792.654994045
agg_end 0 1790811792.656590239
