shard_start 3 1790811247.589804184
shard_start 5 1790811247.606471263
shard_start 1 1790811247.622545357
shard_start 4 1790811247.641288019
shard_end 3 1790811247.641450700
shard_start 0 1790811247.654978242
shard_end 5 1790811247.658271273
shard_start 6 1790811247.669058785
shard_end 1 1790811247.674430599
shard_start 2 1790811247.678629184
shard_end 4 1790811247.693389251
shard_start 7 1790811247.696951796
shard_end 0 1790811247.706927282
shard_end 6 1790811247.721428729
shard_end 2 1790811247.730932425
shard_end 7 1790811247.749322889
shard_start 12 1790811247.759851855
shard_start 15 1790811247.798238799
shard_end 12 1790811247.811851888
shard_start 14 1790811247.826740036
shard_end 15 1790811247.850163953
shard_start 11 1790811247.857391529
shard_start 8 1790811247.872375350
shard_end 14 1790811247.878677975
shard_start 13 1790811247.884273634
shard_start 9 1790811247.903028770
shard_end 11 1790811247.909368761
shard_start 10 1790811247.918500097
shard_end 8 1790811247.924614298
shard_end 13 1790811247.936716160
shard_start 20 1790811247.953914899
shard_end 9 1790811247.955362877
shard_end 10 1790811247.970620524
shard_start 19 1790811247.982872741
shard_start 23 1790811248.003591924
shard_end 20 1790811248.005589013
shard_end 19 1790811248.034720788
shard_start 22 1790811248.036688326
shard_start 16 1790811248.054889581
shard_end 23 1790811248.055374608
shard_start 21 1790811248.062930982
shard_start 18 1790811248.086577456
shard_end 22 1790811248.088575063
shard_end 16 1790811248.107193856
shard_start 17 1790811248.110965607
shard_end 21 1790811248.114806756
shard_end 18 1790811248.138519633
shard_start 28 1790811248.140181268
shard_start 29 1790811248.160156485
shard_end 17 1790811248.162790060
shard_start 30 1790811248.188162945
shard_end 28 1790811248.192461668
shard_end 29 1790811248.212496010
shard_start 27 1790811248.217133172
shard_end 30 1790811248.240220916
shard_start 24 1790811248.248364785
shard_start 31 1790811248.261126136
shard_end 27 1790811248.269324600
shard_start 26 1790811248.279919211
shard_end 24 1790811248.300379193
shard_start 25 1790811248.306994073
shard_end 31 1790811248.313599316
shard_end 26 1790811248.332147504
shard_end 25 1790811248.359808367
shard_start 36 1790811251.112155440
shard_start 38 1790811251.123377013
shard_start 39 1790811251.133542701
shard_start 37 1790811251.143168020
shard_start 33 1790811251.152334414
shard_end 36 1790811251.164107353
shard_start 32 1790811251.164303097
shard_end 38 1790811251.175815494
shard_start 35 1790811251.176269070
shard_start 34 1790811251.183953299
shard_end 39 1790811251.185293856
shard_end 37 1790811251.195912093
shard_end 33 1790811251.204428993
shard_end 32 1790811251.216328960
shard_start 44 1790811251.227136463
shard_end 35 1790811251.228592067
shard_end 34 1790811251.236823676
shard_start 40 1790811251.242659690
shard_start 46 1790811251.260638943
shard_start 43 1790811251.272222034
shard_end 44 1790811251.279701383
shard_start 45 1790811251.283785896
shard_end 40 1790811251.295039688
shard_start 47 1790811251.295543301
shard_start 41 1790811251.305922427
shard_end 46 1790811251.312617836
shard_start 42 1790811251.313688467
shard_end 43 1790811251.324319364
shard_end 45 1790811251.335837932
shard_start 52 1790811251.338500393
shard_end 47 1790811251.348248657
shard_start 48 1790811251.355991962
shard_end 41 1790811251.357892452
shard_end 42 1790811251.365639397
shard_start 54 1790811251.373408341
shard_start 53 1790811251.386315004
shard_end 52 1790811251.390465730
shard_start 51 1790811251.398701292
shard_end 48 1790811251.408756218
shard_start 55 1790811251.410370577
shard_start 50 1790811251.425067905
shard_end 54 1790811251.425390857
shard_start 49 1790811251.434842714
shard_end 53 1790811251.438771248
shard_start 61 1790811251.450187844
shard_end 51 1790811251.450912614
shard_end 55 1790811251.462546909
shard_start 56 1790811251.467322196
shard_end 50 1790811251.477162786
shard_end 49 1790811251.487021622
shard_start 63 1790811251.489402361
shard_end 61 1790811251.502155246
shard_start 60 1790811251.505290067
shard_end 56 1790811251.519387676
shard_start 62 1790811251.524711454
shard_end 63 1790811251.541533684
shard_start 59 1790811251.542730021
shard_start 58 1790811251.555962236
shard_end 60 1790811251.556990120
shard_start 57 1790811251.572135365
shard_end 62 1790811251.576670097
shard_end 59 1790811251.594630606
shard_end 58 1790811251.607876000
shard_end 57 1790811251.624053556
shard_start 71 1790811254.213665299
shard_start 64 1790811254.221253960
shard_start 69 1790811254.230389762
shard_start 70 1790811254.241870866
shard_start 67 1790811254.248307130
shard_start 66 1790811254.256386549
shard_start 68 1790811254.264524506
shard_end 71 1790811254.269054073
shard_start 65 1790811254.271249712
shard_end 64 1790811254.273209937
shard_end 69 1790811254.282352001
shard_end 70 1790811254.293712232
shard_end 67 1790811254.300177130
shard_end 66 1790811254.308525188
shard_end 68 1790811254.317456065
shard_end 65 1790811254.323599187
shard_start 79 1790811254.327343888
shard_start 72 1790811254.343954468
shard_start 78 1790811254.354842101
shard_start 77 1790811254.369462327
shard_end 79 1790811254.379385075
shard_start 75 1790811254.387555959
shard_start 74 1790811254.395158079
shard_end 72 1790811254.396416267
shard_end 78 1790811254.406736820
shard_start 76 1790811254.407146602
shard_start 73 1790811254.414422068
shard_end 77 1790811254.421500313
shard_end 75 1790811254.439740543
shard_start 87 1790811254.441602972
shard_end 74 1790811254.447320001
shard_start 80 1790811254.458552105
shard_end 76 1790811254.460158435
shard_end 73 1790811254.466822875
shard_start 86 1790811254.470716479
shard_start 85 1790811254.485620825
shard_end 87 1790811254.494451921
shard_start 83 1790811254.501387664
shard_end 80 1790811254.511404850
shard_start 84 1790811254.514384783
shard_end 86 1790811254.523919893
shard_start 82 1790811254.530865259
shard_start 81 1790811254.537065321
shard_end 85 1790811254.537731595
shard_start 95 1790811254.553875094
shard_end 83 1790811254.553894456
shard_end 84 1790811254.567156161
shard_start 93 1790811254.572945891
shard_end 82 1790811254.582923858
shard_start 88 1790811254.583060838
shard_end 81 1790811254.589798538
shard_start 91 1790811254.603044506
shard_end 95 1790811254.606641068
shard_start 94 1790811254.619311945
shard_end 93 1790811254.625046913
shard_start 92 1790811254.634767850
shard_end 88 1790811254.635693272
shard_end 91 1790811254.655787909
shard_start 90 1790811254.666088756
shard_end 94 1790811254.672674182
shard_start 89 1790811254.673755847
shard_end 92 1790811254.688423971
shard_end 90 1790811254.719008274
shard_end 89 1790811254.726065539
shard_start 101 1790811260.230704724
shard_start 103 1790811260.238484787
shard_start 100 1790811260.248312649
shard_start 99 1790811260.258914406
shard_start 96 1790811260.267100054
shard_start 102 1790811260.275008400
shard_end 101 1790811260.282569689
shard_start 98 1790811260.283447262
shard_end 103 1790811260.290826569
shard_start 97 1790811260.291705043
shard_end 100 1790811260.300503223
shard_end 99 1790811260.311631903
shard_end 96 1790811260.319555407
shard_end 102 1790811260.327015176
shard_end 98 1790811260.335770441
shard_end 97 1790811260.343686063
shard_start 111 1790811260.345011806
shard_start 109 1790811260.356373408
shard_start 108 1790811260.367937967
shard_start 107 1790811260.385381034
shard_end 111 1790811260.396961376
shard_start 104 1790811260.399818398
shard_end 109 1790811260.408397848
shard_start 110 1790811260.419823138
shard_end 108 1790811260.419814271
shard_start 106 1790811260.426709717
shard_end 107 1790811260.437442418
shard_start 105 1790811260.438731225
shard_end 104 1790811260.452056624
shard_start 119 1790811260.462230941
shard_end 110 1790811260.471876352
shard_end 106 1790811260.478553700
shard_start 115 1790811260.481308619
shard_end 105 1790811260.490591637
shard_start 117 1790811260.494681941
shard_start 112 1790811260.508683351
shard_end 119 1790811260.514311117
shard_start 118 1790811260.524688414
shard_end 115 1790811260.533529243
shard_start 116 1790811260.546496400
shard_end 117 1790811260.546867285
shard_start 114 1790811260.556136692
shard_end 112 1790811260.560717464
shard_start 113 1790811260.568133209
shard_end 118 1790811260.577345068
shard_start 123 1790811260.584174440
shard_start 125 1790811260.597541813
shard_end 116 1790811260.598773436
shard_end 114 1790811260.608303234
shard_start 127 1790811260.610425525
shard_end 113 1790811260.620251937
shard_start 124 1790811260.625491917
shard_end 123 1790811260.636534186
shard_start 126 1790811260.642768055
shard_end 125 1790811260.649723747
shard_end 127 1790811260.662535334
shard_start 120 1790811260.663917764
shard_end 124 1790811260.677845290
shard_start 121 1790811260.678543637
shard_start 122 1790811260.690661627
shard_end 126 1790811260.694717684
shard_end 120 1790811260.715929451
shard_end 121 1790811260.730777674
shard_end 122 1790811260.742869799
shard_start 128 1790811264.057027114
shard_start 147 1790811264.057116124
shard_start 153 1790811264.057174553
shard_start 133 1790811264.058584919
shard_start 135 1790811264.058637809
shard_start 145 1790811264.058596432
shard_start 156 1790811264.058770319
shard_start 129 1790811264.058600477
shard_start 137 1790811264.059280444
shard_start 158 1790811264.059463435
shard_start 159 1790811264.059568829
shard_start 141 1790811264.059690219
shard_start 154 1790811264.059782235
shard_start 139 1790811264.059682434
shard_start 136 1790811264.059350640
shard_start 149 1790811264.059778259
shard_start 132 1790811264.059931914
shard_start 157 1790811264.059854481
shard_start 148 1790811264.060290902
shard_start 131 1790811264.060493389
shard_start 151 1790811264.060541995
shard_start 144 1790811264.060692782
shard_start 146 1790811264.060582082
shard_start 143 1790811264.060677410
shard_start 134 1790811264.059695205
shard_start 138 1790811264.060809654
shard_start 130 1790811264.061033027
shard_start 142 1790811264.061147326
shard_start 140 1790811264.061232401
shard_start 155 1790811264.061799124
shard_start 152 1790811264.061776369
shard_start 150 1790811264.062047052
shard_end 153 1790811264.109802139
shard_end 147 1790811264.109802201
shard_end 128 1790811264.110014186
shard_end 133 1790811264.111731677
shard_end 158 1790811264.111739851
shard_end 145 1790811264.111877812
shard_end 129 1790811264.111880638
shard_end 135 1790811264.111994880
shard_end 149 1790811264.112265529
shard_end 154 1790811264.112305013
shard_end 136 1790811264.112451761
shard_end 156 1790811264.112406868
shard_end 132 1790811264.112437751
shard_end 141 1790811264.112543701
shard_end 139 1790811264.112463575
shard_end 131 1790811264.112880767
shard_end 137 1790811264.113313269
shard_end 143 1790811264.113332682
shard_end 146 1790811264.113385972
shard_end 157 1790811264.113462214
shard_end 159 1790811264.112846114
shard_end 134 1790811264.113672645
shard_end 151 1790811264.113719515
shard_end 148 1790811264.112820896
shard_end 142 1790811264.113602270
shard_end 130 1790811264.113980350
shard_end 140 1790811264.114285389
shard_end 144 1790811264.113747349
shard_end 138 1790811264.114546909
shard_end 155 1790811264.114081733
shard_end 152 1790811264.115217246
shard_end 150 1790811264.115682829
shard_start 163 1790811266.411625596
shard_start 165 1790811266.424565891
shard_start 164 1790811266.435114873
shard_start 167 1790811266.445363358
shard_start 160 1790811266.456623125
shard_end 163 1790811266.463596376
shard_start 166 1790811266.465412669
shard_start 161 1790811266.471424615
shard_end 165 1790811266.477200397
shard_start 162 1790811266.478742020
shard_end 164 1790811266.487629129
shard_end 167 1790811266.497111990
shard_end 160 1790811266.508859523
shard_end 166 1790811266.517367437
shard_end 161 1790811266.523312488
shard_start 171 1790811266.528196198
shard_end 162 1790811266.530942458
shard_start 173 1790811266.541329852
shard_start 172 1790811266.555922620
shard_start 168 1790811266.571305559
shard_end 171 1790811266.580556623
shard_start 175 1790811266.586195300
shard_end 173 1790811266.593182328
shard_start 174 1790811266.605602650
shard_end 172 1790811266.607681921
shard_start 169 1790811266.614493831
shard_end 168 1790811266.623095830
shard_start 170 1790811266.624093413
shard_end 175 1790811266.637934183
shard_start 179 1790811266.642199666
shard_end 174 1790811266.657303514
shard_start 181 1790811266.657302874
shard_end 169 1790811266.667001406
shard_start 176 1790811266.670860143
shard_end 170 1790811266.676110531
shard_end 179 1790811266.694326104
shard_end 181 1790811266.709411439
shard_end 176 1790811266.722853423
shard_start 182 1790811267.502610027
shard_start 180 1790811267.515644051
shard_start 183 1790811267.524549793
shard_start 177 1790811267.534804694
shard_start 178 1790811267.545238385
shard_end 182 1790811267.554570258
shard_start 189 1790811267.556764343
shard_end 180 1790811267.567641325
shard_start 187 1790811267.568194327
shard_start 184 1790811267.575450030
shard_end 183 1790811267.576348267
shard_end 177 1790811267.586585276
shard_end 178 1790811267.597012911
shard_end 189 1790811267.609564850
shard_start 188 1790811267.616022841
shard_end 187 1790811267.620374892
shard_end 184 1790811267.627394022
shard_start 190 1790811267.642457730
shard_start 185 1790811267.647194553
shard_start 191 1790811267.663681477
shard_end 188 1790811267.668367960
shard_start 186 1790811267.670011296
shard_end 190 1790811267.695020134
shard_end 185 1790811267.699031469
shard_end 191 1790811267.716226167
shard_end 186 1790811267.722042993
shard_start 197 1790811269.594551415
shard_start 195 1790811269.607763012
shard_start 192 1790811269.613078574
shard_start 193 1790811269.623147137
shard_start 198 1790811269.633273640
shard_start 196 1790811269.644198766
shard_end 197 1790811269.646266830
shard_start 199 1790811269.650042516
shard_start 205 1790811269.660073548
shard_end 195 1790811269.660321151
shard_end 192 1790811269.664891950
shard_end 193 1790811269.675830686
shard_end 198 1790811269.684862807
shard_end 196 1790811269.695991107
shard_end 199 1790811269.701873363
shard_start 194 1790811269.707027160
shard_end 205 1790811269.711925101
shard_start 203 1790811269.722457168
shard_start 200 1790811269.736778925
shard_start 201 1790811269.746742667
shard_end 194 1790811269.759305393
shard_start 207 1790811269.761230865
shard_end 203 1790811269.774849918
shard_start 204 1790811269.775735701
shard_start 206 1790811269.786420921
shard_end 200 1790811269.789022045
shard_start 213 1790811269.795258940
shard_end 201 1790811269.798523612
shard_end 207 1790811269.813079421
shard_start 202 1790811269.821702576
shard_end 204 1790811269.827775456
shard_start 211 1790811269.835069992
shard_end 206 1790811269.838960469
shard_end 213 1790811269.846954587
shard_start 208 1790811269.850987061
shard_end 202 1790811269.873696322
shard_end 211 1790811269.887236545
shard_end 208 1790811269.903010911
shard_start 212 1790811270.681088056
shard_start 209 1790811270.687688997
shard_start 215 1790811270.701400685
shard_start 214 1790811270.710319697
shard_start 221 1790811270.719483581
shard_start 210 1790811270.732290490
shard_end 212 1790811270.732937193
shard_end 209 1790811270.739462269
shard_start 216 1790811270.740268075
shard_start 219 1790811270.748848005
shard_end 215 1790811270.753174500
shard_end 214 1790811270.762792764
shard_end 221 1790811270.771566171
shard_end 210 1790811270.784226268
shard_end 216 1790811270.792248953
shard_start 217 1790811270.793714514
shard_end 219 1790811270.801303050
shard_start 220 1790811270.805702556
shard_start 223 1790811270.817117519
shard_start 222 1790811270.834276799
shard_end 217 1790811270.845739393
shard_start 229 1790811270.850242546
shard_end 220 1790811270.857631822
shard_end 223 1790811270.869099094
shard_end 222 1790811270.886051423
shard_end 229 1790811270.902065345
shard_start 225 1790811272.814718577
shard_start 227 1790811272.814708916
shard_start 224 1790811272.814726957
shard_start 228 1790811272.814866777
shard_start 218 1790811272.815185485
shard_start 231 1790811272.823995126
shard_start 237 1790811272.833581286
shard_start 230 1790811272.841242208
shard_end 225 1790811272.866607186
shard_end 227 1790811272.866818624
shard_end 228 1790811272.867237662
shard_end 218 1790811272.867300845
shard_end 224 1790811272.867504859
shard_end 231 1790811272.876147752
shard_start 232 1790811272.880974996
shard_end 237 1790811272.885360340
shard_end 230 1790811272.893534207
shard_start 226 1790811272.894779366
shard_start 235 1790811272.908892892
shard_start 233 1790811272.921514908
shard_end 232 1790811272.933191094
shard_start 236 1790811272.933937689
shard_end 226 1790811272.947123316
shard_start 238 1790811272.949690060
shard_end 235 1790811272.961910077
shard_start 239 1790811272.962156690
shard_start 245 1790811272.971785617
shard_end 233 1790811272.973206274
shard_end 236 1790811272.985667243
shard_start 234 1790811272.992775527
shard_end 238 1790811273.001645547
shard_start 240 1790811273.006375403
shard_end 239 1790811273.015102801
shard_start 243 1790811273.021322767
shard_end 245 1790811273.023598102
shard_end 234 1790811273.044821658
shard_end 240 1790811273.058415980
shard_end 243 1790811273.073434286
shard_start 241 1790811273.862411476
shard_start 244 1790811273.870216798
shard_start 247 1790811273.881225090
shard_start 253 1790811273.886938763
shard_start 246 1790811273.898825700
shard_start 242 1790811273.909362167
shard_end 241 1790811273.914286759
shard_start 248 1790811273.916640069
shard_end 244 1790811273.922246939
shard_start 251 1790811273.923864971
shard_end 247 1790811273.933093383
shard_end 253 1790811273.938941734
shard_end 246 1790811273.950677201
shard_end 242 1790811273.961379843
shard_end 248 1790811273.968436854
shard_end 251 1790811273.975684416
shard_start 249 1790811273.990511835
shard_start 255 1790811273.997215562
shard_start 252 1790811274.021395623
shard_start 261 1790811274.026642236
shard_start 254 1790811274.037684373
shard_end 249 1790811274.042525874
shard_end 255 1790811274.048864706
shard_end 252 1790811274.073595584
shard_end 261 1790811274.078690405
shard_end 254 1790811274.089719381
shard_start 250 1790811275.942559593
shard_start 256 1790811275.954961497
shard_start 259 1790811275.965646699
shard_start 257 1790811275.972112531
shard_start 263 1790811275.984902295
shard_end 250 1790811275.994522688
shard_start 269 1790811275.995220600
shard_start 260 1790811276.001972746
shard_end 256 1790811276.007056804
shard_start 262 1790811276.009046707
shard_end 259 1790811276.019188613
shard_end 257 1790811276.024772148
shard_end 263 1790811276.036857763
shard_end 269 1790811276.047912335
shard_end 260 1790811276.054735988
shard_start 258 1790811276.057066870
shard_end 262 1790811276.060937446
shard_start 264 1790811276.071876745
shard_start 265 1790811276.094982647
shard_start 267 1790811276.101453822
shard_end 258 1790811276.109217897
shard_start 271 1790811276.122550821
shard_end 264 1790811276.123785600
shard_start 277 1790811276.136427459
shard_start 270 1790811276.141716715
shard_end 265 1790811276.147719581
shard_start 268 1790811276.150603319
shard_end 267 1790811276.153601045
shard_start 266 1790811276.172954975
shard_end 271 1790811276.174503803
shard_start 272 1790811276.184575171
shard_end 277 1790811276.189226415
shard_end 270 1790811276.193574924
shard_end 268 1790811276.203120210
shard_start 275 1790811276.203805989
shard_end 266 1790811276.225536000
shard_end 272 1790811276.236981676
shard_end 275 1790811276.256141818
shard_start 273 1790811277.032859171
shard_start 279 1790811277.039890937
shard_start 285 1790811277.055197979
shard_start 278 1790811277.062278398
shard_start 276 1790811277.075066852
shard_end 273 1790811277.084809537
shard_end 279 1790811277.092579431
shard_start 280 1790811277.100413589
shard_start 274 1790811277.100751397
shard_start 283 1790811277.101737844
shard_end 285 1790811277.107169832
shard_end 278 1790811277.114924211
shard_end 276 1790811277.127898490
shard_start 281 1790811277.147638269
shard_end 280 1790811277.152267114
shard_end 274 1790811277.153012300
shard_end 283 1790811277.154032731
shard_start 287 1790811277.158649158
shard_start 286 1790811277.176917672
shard_start 293 1790811277.189644189
shard_end 281 1790811277.199798163
shard_start 284 1790811277.201794593
shard_end 287 1790811277.210528485
shard_end 286 1790811277.228912033
shard_end 293 1790811277.241515249
shard_end 284 1790811277.253780645
shard_start 282 1790811279.246453213
shard_start 290 1790811279.246737419
shard_start 301 1790811279.246781058
shard_start 291 1790811279.246820271
shard_start 295 1790811279.247335336
shard_start 288 1790811279.247635739
shard_start 296 1790811279.247873176
shard_start 294 1790811279.248084606
shard_start 289 1790811279.248239543
shard_start 292 1790811279.248286775
shard_start 299 1790811279.253808502
shard_start 303 1790811279.269121477
shard_start 302 1790811279.287023924
shard_start 300 1790811279.296148032
shard_end 290 1790811279.298569129
shard_end 291 1790811279.298814490
shard_end 301 1790811279.298983666
shard_end 295 1790811279.299550731
shard_end 288 1790811279.299576006
shard_end 282 1790811279.299638274
shard_end 296 1790811279.300095728
shard_end 294 1790811279.300492639
shard_end 292 1790811279.300805135
shard_end 289 1790811279.300828299
shard_end 299 1790811279.306688811
shard_start 309 1790811279.310936762
shard_start 297 1790811279.317497517
shard_end 303 1790811279.321164544
shard_end 302 1790811279.339384802
shard_start 298 1790811279.341626178
shard_end 300 1790811279.348079591
shard_start 304 1790811279.354591312
shard_end 309 1790811279.363572926
shard_start 307 1790811279.367558009
shard_end 297 1790811279.369314949
shard_end 298 1790811279.393536018
shard_end 304 1790811279.406610127
shard_end 307 1790811279.420450947
shard_start 311 1790811280.262687248
shard_end 311 1790811280.314885347
shard_start 310 1790811281.268911251
shard_start 305 1790811281.282448679
shard_start 308 1790811281.293004687
shard_start 317 1790811281.302634596
shard_start 306 1790811281.313011567
shard_end 310 1790811281.320887242
shard_start 312 1790811281.325794302
shard_end 305 1790811281.334292587
shard_start 315 1790811281.337404810
shard_end 308 1790811281.345309706
shard_start 319 1790811281.347526669
shard_end 317 1790811281.354621072
shard_end 306 1790811281.364721800
shard_end 312 1790811281.377654824
shard_start 318 1790811281.387892353
shard_end 315 1790811281.389394022
shard_end 319 1790811281.399946968
shard_start 316 1790811281.405099374
shard_start 313 1790811281.424835429
shard_start 325 1790811281.431438621
shard_end 318 1790811281.440038039
shard_start 320 1790811281.451619929
shard_end 316 1790811281.457510320
shard_end 313 1790811281.477119315
shard_end 325 1790811281.483620162
shard_end 320 1790811281.504969719
shard_start 314 1790811282.366238774
shard_start 323 1790811282.375078921
shard_start 326 1790811282.384694773
shard_start 327 1790811282.395903569
shard_start 324 1790811282.404269145
shard_start 321 1790811282.413872458
shard_end 314 1790811282.418952283
shard_start 333 1790811282.424584494
shard_end 323 1790811282.427081895
shard_start 328 1790811282.430073302
shard_end 326 1790811282.436747301
shard_end 327 1790811282.447764169
shard_end 324 1790811282.456248904
shard_end 321 1790811282.465807661
shard_end 333 1790811282.476523848
shard_end 328 1790811282.482610729
shard_start 331 1790811282.495474145
shard_start 322 1790811282.501755369
shard_start 335 1790811282.529161663
shard_end 331 1790811282.547359921
shard_start 334 1790811282.548277191
shard_end 322 1790811282.553511598
shard_start 332 1790811282.553826116
shard_start 341 1790811282.573525304
shard_end 335 1790811282.581697942
shard_start 329 1790811282.585043555
shard_start 336 1790811282.594840643
shard_end 334 1790811282.600245924
shard_end 332 1790811282.605973132
shard_start 339 1790811282.624625431
shard_end 341 1790811282.625401428
shard_start 330 1790811282.629094185
shard_end 329 1790811282.637192736
shard_end 336 1790811282.648405654
shard_end 339 1790811282.677268070
shard_end 330 1790811282.681425539
shard_start 343 1790811283.448064100
shard_end 343 1790811283.500305183
shard_start 340 1790811284.459493259
shard_start 342 1790811284.466508541
shard_start 349 1790811284.478543286
shard_start 337 1790811284.486418307
shard_start 344 1790811284.497435073
shard_start 347 1790811284.506499727
shard_end 340 1790811284.511581905
shard_start 338 1790811284.514586694
shard_end 342 1790811284.519184428
shard_start 351 1790811284.524470341
shard_end 349 1790811284.531134549
shard_end 337 1790811284.538273887
shard_end 344 1790811284.550561831
shard_end 347 1790811284.558248704
shard_end 338 1790811284.566568467
shard_end 351 1790811284.576418070
shard_start 348 1790811284.586326124
shard_start 350 1790811284.593997427
shard_start 345 1790811284.615208544
shard_start 357 1790811284.621589904
shard_start 355 1790811284.634402799
shard_end 348 1790811284.638169772
shard_end 350 1790811284.645867067
shard_end 345 1790811284.667342859
shard_end 357 1790811284.673173695
shard_end 355 1790811284.686260248
shard_start 346 1790811285.542282402
shard_start 352 1790811285.553308857
shard_start 356 1790811285.559640778
shard_start 358 1790811285.572434926
shard_start 353 1790811285.585103283
shard_end 346 1790811285.594149742
shard_start 359 1790811285.594276972
shard_start 365 1790811285.601232966
shard_end 352 1790811285.605465735
shard_start 363 1790811285.609909246
shard_end 356 1790811285.612257253
shard_end 358 1790811285.624613841
shard_end 353 1790811285.636997255
shard_end 359 1790811285.646097942
shard_end 365 1790811285.653612162
shard_start 360 1790811285.654448597
shard_end 363 1790811285.662020666
shard_start 364 1790811285.676178389
shard_start 354 1790811285.683904451
shard_start 366 1790811285.696501714
shard_start 361 1790811285.705192405
shard_end 360 1790811285.706183587
shard_start 367 1790811285.723990002
shard_end 364 1790811285.728265717
shard_start 373 1790811285.730212641
shard_end 354 1790811285.736505398
shard_start 371 1790811285.738368719
shard_end 361 1790811285.757220256
shard_end 366 1790811285.762854989
shard_end 367 1790811285.776177749
shard_end 373 1790811285.782092662
shard_end 371 1790811285.790448874
shard_start 362 1790811285.814479619
shard_start 368 1790811285.818722315
shard_end 362 1790811285.866550089
shard_end 368 1790811285.871013617
shard_start 372 1790811286.628163561
shard_end 372 1790811286.680187871
shard_start 374 1790811287.632961749
shard_start 369 1790811287.644283754
shard_start 375 1790811287.656021142
shard_start 381 1790811287.664992186
shard_start 379 1790811287.675303787
shard_end 374 1790811287.685167821
shard_start 376 1790811287.686144206
shard_end 369 1790811287.696015794
shard_start 370 1790811287.697123702
shard_start 382 1790811287.705586217
shard_end 375 1790811287.707748107
shard_end 381 1790811287.716694704
shard_end 379 1790811287.727280955
shard_end 376 1790811287.738060965
shard_end 370 1790811287.749329012
shard_end 382 1790811287.757376856
shard_start 380 1790811287.770742614
shard_start 377 1790811287.790615518
shard_start 383 1790811287.803107769
shard_start 389 1790811287.810875780
shard_end 380 1790811287.822617652
shard_start 387 1790811287.826149040
shard_end 377 1790811287.842794936
shard_end 383 1790811287.854745141
shard_end 389 1790811287.862858023
shard_end 387 1790811287.878044325
shard_start 384 1790811288.833660151
shard_start 385 1790811288.834776392
shard_start 388 1790811288.834875965
shard_start 391 1790811288.835063270
shard_start 397 1790811288.835173762
shard_start 390 1790811288.835380206
shard_start 392 1790811288.835438154
shard_start 378 1790811288.835394754
shard_start 395 1790811288.850651770
shard_start 396 1790811288.857231647
shard_end 384 1790811288.885835139
shard_end 390 1790811288.887215462
shard_end 388 1790811288.887161923
shard_end 385 1790811288.887285160
shard_end 397 1790811288.887349494
shard_end 392 1790811288.887785725
shard_end 391 1790811288.888138808
shard_end 378 1790811288.888173209
shard_end 395 1790811288.902850636
shard_end 396 1790811288.909793410
shard_start 398 1790811288.922063851
shard_start 393 1790811288.931173044
shard_start 386 1790811288.936964314
shard_start 399 1790811288.953364135
shard_end 398 1790811288.992814577
shard_end 386 1790811288.993065917
shard_end 393 1790811288.993208089
shard_start 400 1790811288.993869682
shard_start 403 1790811288.994876376
shard_start 401 1790811288.995413476
shard_end 399 1790811289.005677715
shard_start 405 1790811289.006620126
shard_end 400 1790811289.046643798
shard_end 403 1790811289.046908559
shard_end 401 1790811289.047259187
shard_end 405 1790811289.058636639
shard_start 404 1790811289.852393370
shard_end 404 1790811289.904330693
shard_start 394 1790811293.795852327
shard_end 394 1790811293.924691702
shard_start 413 1790811293.926245121
shard_start 406 1790811293.926243655
shard_start 408 1790811293.926501486
shard_start 411 1790811293.926537979
shard_start 407 1790811293.926797913
shard_start 409 1790811293.926828160
shard_start 414 1790811293.927489331
shard_start 412 1790811293.960386781
shard_start 415 1790811293.971651011
shard_start 402 1790811293.977632907
shard_end 406 1790811293.978223690
shard_end 413 1790811293.978748740
shard_end 408 1790811293.978810335
shard_end 407 1790811293.978809907
shard_end 411 1790811293.979050314
shard_end 409 1790811293.979194759
shard_end 414 1790811293.980367858
shard_start 421 1790811293.991487610
shard_start 416 1790811294.001117291
shard_end 412 1790811294.012981545
shard_end 415 1790811294.023811905
shard_end 402 1790811294.030243401
shard_end 421 1790811294.043481396
shard_end 416 1790811294.053293083
shard_start 420 1790811294.932416431
shard_start 410 1790811294.932560548
shard_start 419 1790811294.932629667
shard_start 423 1790811294.933026252
shard_start 417 1790811294.933111253
shard_start 422 1790811294.933287247
shard_start 429 1790811294.936837243
shard_start 427 1790811294.945602896
shard_end 419 1790811294.984738262
shard_end 410 1790811294.984742740
shard_end 420 1790811294.984909545
shard_end 423 1790811294.985119420
shard_end 417 1790811294.985630066
shard_end 422 1790811294.985775688
shard_end 429 1790811294.988817086
shard_start 424 1790811294.991746131
shard_end 427 1790811294.997429335
shard_start 430 1790811295.006342955
shard_end 430 1790811295.067787252
shard_end 424 1790811295.068319069
shard_start 431 1790811295.069071278
shard_start 425 1790811295.069404227
shard_start 428 1790811295.069405543
shard_end 431 1790811295.121026043
shard_end 425 1790811295.121730784
shard_end 428 1790811295.122168867
shard_start 418 1790811295.166628209
shard_start 437 1790811295.167138523
shard_start 432 1790811295.167337193
shard_start 435 1790811295.167542455
shard_start 438 1790811295.167511849
shard_end 418 1790811295.218560573
shard_end 437 1790811295.218933117
shard_end 432 1790811295.219386744
shard_end 438 1790811295.219808532
shard_end 435 1790811295.219944640
shard_start 436 1790811295.961983905
shard_end 436 1790811296.013967973
shard_start 439 1790811296.965114978
shard_start 433 1790811296.981469690
shard_start 426 1790811296.991991160
shard_start 445 1790811297.005050100
shard_end 439 1790811297.036626789
shard_end 433 1790811297.036726291
shard_start 443 1790811297.037841906
shard_start 440 1790811297.038143106
shard_end 426 1790811297.044334491
shard_end 445 1790811297.057677331
shard_start 446 1790811297.083698516
shard_end 443 1790811297.089808231
shard_end 440 1790811297.090388776
shard_start 441 1790811297.091486090
shard_start 447 1790811297.110524532
shard_start 434 1790811297.121025225
shard_start 444 1790811297.129298716
shard_end 446 1790811297.136080039
shard_end 441 1790811297.143233109
shard_end 447 1790811297.162255612
shard_start 453 1790811297.166915260
shard_start 448 1790811297.167393818
shard_end 434 1790811297.205222604
shard_end 444 1790811297.205402431
shard_end 453 1790811297.234720441
shard_end 448 1790811297.234771898
shard_start 451 1790811298.117606405
shard_start 454 1790811298.130629715
shard_start 449 1790811298.144967388
shard_start 455 1790811298.153626223
shard_start 442 1790811298.164712954
shard_end 451 1790811298.169423828
shard_end 454 1790811298.182558629
shard_end 449 1790811298.196894782
shard_end 455 1790811298.205784231
shard_start 461 1790811298.211462207
shard_start 456 1790811298.211494382
shard_start 452 1790811298.211781246
shard_end 442 1790811298.216831004
shard_end 452 1790811298.317412570
shard_end 456 1790811298.317821948
shard_end 461 1790811298.317858715
shard_start 459 1790811298.318667944
shard_start 462 1790811298.318941075
shard_start 457 1790811298.318877742
shard_start 463 1790811298.318952124
shard_start 450 1790811298.319258879
shard_start 460 1790811298.319369937
shard_start 469 1790811298.319532983
shard_start 464 1790811298.326988089
shard_start 470 1790811298.350417882
shard_start 467 1790811298.370319055
shard_end 463 1790811298.370912260
shard_end 457 1790811298.370929460
shard_end 462 1790811298.371686055
shard_end 459 1790811298.371681370
shard_end 450 1790811298.372011537
shard_end 469 1790811298.372017763
shard_end 460 1790811298.372425884
shard_end 464 1790811298.378951608
shard_end 470 1790811298.402681217
shard_end 467 1790811298.423496035
shard_start 471 1790811299.325007765
shard_end 471 1790811299.376879284
shard_start 465 1790811300.317625376
shard_start 477 1790811300.340064469
shard_start 468 1790811300.345798610
shard_start 458 1790811300.360779890
shard_end 465 1790811300.369640791
shard_start 472 1790811300.370880930
shard_start 478 1790811300.383567210
shard_end 477 1790811300.392580950
shard_start 479 1790811300.395824316
shard_end 468 1790811300.397774799
shard_end 472 1790811300.485607416
shard_end 458 1790811300.485594563
shard_end 479 1790811300.486083315
shard_end 478 1790811300.486146170
shard_start 475 1790811300.486700369
shard_start 476 1790811300.486777444
shard_start 473 1790811300.487112129
shard_start 466 1790811300.487670337
shard_end 475 1790811300.538675589
shard_end 476 1790811300.538864023
shard_end 473 1790811300.539141617
shard_end 466 1790811300.540372821
shard_start 485 1790811300.611562421
shard_start 480 1790811300.646854749
shard_end 485 1790811300.664008012
shard_end 480 1790811300.699018612
shard_start 487 1790811301.492889583
shard_start 481 1790811301.492955216
shard_start 484 1790811301.493104171
shard_start 474 1790811301.493164713
shard_start 483 1790811301.493101894
shard_start 493 1790811301.493229164
shard_start 486 1790811301.493417064
shard_start 488 1790811301.499454431
shard_start 494 1790811301.539577410
shard_end 484 1790811301.545077186
shard_end 493 1790811301.545214423
shard_end 487 1790811301.545385442
shard_end 486 1790811301.890013608
shard_end 488 1790811301.901426810
shard_end 483 1790811301.901489552
shard_end 494 1790811301.901726923
shard_end 481 1790811301.901861089
shard_end 474 1790811301.902006766
shard_start 489 1790811301.902875660
shard_start 497 1790811301.902892538
shard_start 482 1790811301.903266306
shard_start 491 1790811301.903365587
shard_start 495 1790811301.903437675
shard_start 499 1790811301.903701530
shard_start 492 1790811301.903862419
shard_start 496 1790811301.903934739
shard_start 490 1790811301.904060458
shard_end 482 1790811301.955579609
shard_end 489 1790811301.955939657
shard_end 496 1790811301.956115775
shard_end 495 1790811301.956143647
shard_end 497 1790811301.956029653
shard_end 499 1790811301.956067600
shard_end 491 1790811301.956069862
shard_end 490 1790811301.956527566
shard_end 492 1790811301.956612272
shard_start 498 1790811302.514749673
shard_end 498 1790811302.567170976
agg_start 0 1790811305.029438066
agg_end 0 1790811305.036799570
