shard_start 4 1790810382.719725935
shard_end 4 1790810382.772603190
shard_start 3 1790810386.178214457
shard_end 3 1790810386.231209674
shard_start 0 1790810389.177008782
shard_end 0 1790810389.230149541
shard_start 1 1790810392.178195337
shard_end 1 1790810392.231167413
shard_start 5 1790810395.181724061
shard_end 5 1790810395.234213353
shard_start 2 1790810398.187332314
shard_end 2 1790810398.240036904
shard_start 6 1790810401.189294344
shard_end 6 1790810401.242885700
shard_start 7 1790810404.194927416
shard_end 7 1790810404.247782999
shard_start 11 1790810407.198311673
shard_end 11 1790810407.250833680
shard_start 12 1790810410.194120308
shard_end 12 1790810410.247069917
shard_start 8 1790810416.132230430
shard_end 8 1790810416.185022202
shard_start 10 1790810419.135749882
shard_end 10 1790810419.188579349
shard_start 9 1790810422.338681547
shard_end 9 1790810422.391581799
shard_start 14 1790810425.342048305
shard_end 14 1790810425.395199973
shard_start 13 1790810428.349112639
shard_end 13 1790810428.402376310
shard_start 15 1790810431.376306973
shard_end 15 1790810431.429078465
shard_start 19 1790810434.357569577
shard_end 19 1790810434.410316655
shard_start 20 1790810437.357452433
shard_end 20 1790810437.410171821
shard_start 16 1790810440.358056928
shard_end 16 1790810440.411314399
shard_start 17 1790810443.370822666
shard_end 17 1790810443.424418916
shard_start 22 1790810449.298069835
shard_end 22 1790810449.351638814
shard_start 21 1790810452.313377104
shard_end 21 1790810452.366663579
shard_start 18 1790810455.301461394
shard_end 18 1790810455.354112997
shard_start 23 1790810458.300538784
shard_end 23 1790810458.353163047
shard_start 28 1790810461.306651172
shard_end 28 1790810461.359616404
shard_start 27 1790810464.307676981
shard_end 27 1790810464.360763127
shard_start 24 1790810467.315561771
shard_end 24 1790810467.368770542
shard_start 29 1790810470.315229383
shard_end 29 1790810470.368414504
shard_start 26 1790810473.314972388
shard_end 26 1790810473.368558122
shard_start 25 1790810476.319245019
shard_end 25 1790810476.372945654
shard_start 31 1790810479.319031496
shard_end 31 1790810479.371931638
shard_start 30 1790810485.259784444
shard_end 30 1790810485.312626611
shard_start 36 1790810488.261059583
shard_end 36 1790810488.314159537
shard_start 35 1790810491.261526069
shard_end 35 1790810491.314612719
shard_start 37 1790810494.264809296
shard_end 37 1790810494.318007421
shard_start 32 1790810497.271871240
shard_end 32 1790810497.324691916
shard_start 34 1790810500.270948651
shard_end 34 1790810500.323532911
shard_start 39 1790810503.270025358
shard_end 39 1790810503.323134247
shard_start 38 1790810506.272495855
shard_end 38 1790810506.325527258
shard_start 44 1790810509.274818259
shard_end 44 1790810509.327431122
shard_start 33 1790810512.277320576
shard_end 33 1790810512.330069243
shard_start 45 1790810515.279340651
shard_end 45 1790810515.331888708
shard_start 43 1790810521.214582907
shard_end 43 1790810521.267301685
shard_start 40 1790810524.215107253
shard_end 40 1790810524.267826050
shard_start 42 1790810527.221390323
shard_end 42 1790810527.274125246
shard_start 47 1790810530.226668594
shard_end 47 1790810530.279352522
shard_start 52 1790810533.222908083
shard_end 52 1790810533.276186123
shard_start 41 1790810536.228152762
shard_end 41 1790810536.281306981
shard_start 46 1790810539.230331553
shard_end 46 1790810539.283101763
shard_start 53 1790810542.229528362
shard_end 53 1790810542.281995894
shard_start 51 1790810545.234639046
shard_end 51 1790810545.287426947
shard_start 48 1790810548.238486356
shard_end 48 1790810548.290971204
shard_start 55 1790810551.237298920
shard_end 55 1790810551.289638654
shard_start 49 1790810557.167327115
shard_end 49 1790810557.221374995
shard_start 50 1790810560.168990980
shard_end 50 1790810560.222267408
shard_start 60 1790810563.171056755
shard_end 60 1790810563.224320610
shard_start 54 1790810566.172672595
shard_end 54 1790810566.225320746
shard_start 61 1790810569.177427962
shard_end 61 1790810569.230286631
shard_start 59 1790810572.180548665
shard_end 59 1790810572.233636801
shard_start 56 1790810575.180452556
shard_end 56 1790810575.232889425
shard_start 63 1790810578.180943162
shard_end 63 1790810578.233911013
shard_start 57 1790810581.181957924
shard_end 57 1790810581.234831949
shard_start 68 1790810584.186291821
shard_end 68 1790810584.239051064
shard_start 58 1790810590.124976365
shard_end 58 1790810590.177969704
shard_start 62 1790810593.129489819
shard_end 62 1790810593.182615495
shard_start 69 1790810596.129086209
shard_end 69 1790810596.181452896
shard_start 67 1790810599.129666654
shard_end 67 1790810599.183252477
shard_start 64 1790810602.132750577
shard_end 64 1790810602.185606159
shard_start 71 1790810605.136994406
shard_end 71 1790810605.189592940
shard_start 65 1790810608.135045675
shard_end 65 1790810608.187992646
shard_start 66 1790810611.136470771
shard_end 66 1790810611.189553871
shard_start 70 1790810614.140541859
shard_end 70 1790810614.193380375
shard_start 76 1790810617.139038615
shard_end 76 1790810617.191460961
shard_start 77 1790810620.144917924
shard_end 77 1790810620.197448916
shard_start 75 1790810626.076025951
shard_end 75 1790810626.128843216
shard_start 72 1790810629.175288943
shard_end 72 1790810629.228528788
shard_start 79 1790810632.079982872
shard_end 79 1790810632.132992988
shard_start 73 1790810635.077690123
shard_end 73 1790810635.130792570
shard_start 74 1790810638.078118071
shard_end 74 1790810638.130668435
shard_start 78 1790810641.080930474
shard_end 78 1790810641.133393553
shard_start 84 1790810644.085402460
shard_end 84 1790810644.138100832
shard_start 83 1790810647.087984203
shard_end 83 1790810647.140503365
shard_start 85 1790810650.089597178
shard_end 85 1790810650.142588034
shard_start 80 1790810653.090768996
shard_end 80 1790810653.143808076
shard_start 87 1790810656.091082248
shard_end 87 1790810656.143778366
shard_start 81 1790810662.025139254
shard_end 81 1790810662.077800909
shard_start 82 1790810665.027212242
shard_end 82 1790810665.080075985
shard_start 86 1790810668.031373767
shard_end 86 1790810668.084078095
shard_start 92 1790810671.035240070
shard_end 92 1790810671.088325722
shard_start 93 1790810674.038245350
shard_end 93 1790810674.091262930
shard_start 88 1790810677.043276734
shard_end 88 1790810677.096436766
shard_start 91 1790810680.039332971
shard_end 91 1790810680.093449520
shard_start 95 1790810683.045500638
shard_end 95 1790810683.098308209
shard_start 89 1790810686.042904151
shard_end 89 1790810686.095877617
shard_start 94 1790810689.042822767
shard_end 94 1790810689.095841176
shard_start 90 1790810692.050059092
shard_end 90 1790810692.102720657
shard_start 99 1790810697.980181540
shard_end 99 1790810698.033478424
shard_start 96 1790810700.978414001
shard_end 96 1790810701.030927104
shard_start 97 1790810703.982251642
shard_end 97 1790810704.034972643
shard_start 98 1790810706.979960467
shard_end 98 1790810707.032569328
agg_start 0 1790810709.912359439
agg_end 0 1790810709.965893004
