shard_start 3 1790811499.650937145
shard_start 2 1790811499.663710485
shard_end 3 1790811499.702829774
shard_end 2 1790811499.715766941
shard_start 1 1790811506.577970767
shard_start 7 1790811506.581289232
shard_end 1 1790811506.630036248
shard_end 7 1790811506.632911510
shard_start 5 1790811509.580695201
shard_start 0 1790811509.586786154
shard_end 5 1790811509.633103017
shard_end 0 1790811509.638516181
shard_start 4 1790811512.585072046
shard_start 6 1790811512.591918973
shard_end 4 1790811512.637838000
shard_end 6 1790811512.644065300
shard_start 11 1790811515.592804678
shard_start 10 1790811515.595890273
shard_end 11 1790811515.644910835
shard_end 10 1790811515.648276579
shard_start 15 1790811518.595580788
shard_start 9 1790811518.599964584
shard_end 15 1790811518.647412818
shard_end 9 1790811518.651812105
shard_start 8 1790811521.603688200
shard_start 13 1790811521.608588910
shard_end 8 1790811521.656382370
shard_end 13 1790811521.660430903
shard_start 12 1790811524.606198661
shard_start 14 1790811524.613504927
shard_end 12 1790811524.658226541
shard_end 14 1790811524.665460846
shard_start 19 1790811527.608007064
shard_start 18 1790811527.611144643
shard_end 19 1790811527.660003908
shard_end 18 1790811527.662804255
shard_start 17 1790811530.613722220
shard_start 16 1790811530.617799267
shard_end 17 1790811530.665787846
shard_end 16 1790811530.669513299
agg_start 0 1790811532.757874736
agg_end 0 1790811532.760497338
