shard_start 3 1790811232.560701392
shard_start 0 1790811232.560800449
shard_start 2 1790811232.560940732
shard_start 5 1790811232.561010130
shard_start 6 1790811232.561116748
shard_start 7 1790811232.561174558
shard_start 1 1790811232.561448478
shard_start 4 1790811232.561380554
shard_end 3 1790811232.612962566
shard_end 0 1790811232.612962794
shard_end 6 1790811232.613217545
shard_end 7 1790811232.613244454
shard_end 2 1790811232.613229740
shard_end 4 1790811232.613518271
shard_end 5 1790811232.613506846
shard_end 1 1790811232.613648308
shard_start 9 1790811232.618989161
shard_start 8 1790811232.628788843
shard_start 12 1790811232.647074603
shard_start 13 1790811232.670922444
shard_end 9 1790811232.670971795
shard_end 8 1790811232.680824484
shard_start 11 1790811232.694233947
shard_end 12 1790811232.699024383
shard_start 15 1790811232.708531491
shard_start 10 1790811232.721810181
shard_end 13 1790811232.722707334
shard_start 14 1790811232.743387097
shard_end 11 1790811232.745867410
shard_end 15 1790811232.760613795
shard_end 10 1790811232.773841610
shard_end 14 1790811232.795294723
shard_start 20 1790811232.796388446
shard_start 16 1790811232.817806630
shard_start 17 1790811232.825584442
shard_end 20 1790811232.848560431
shard_start 19 1790811232.848569697
shard_start 21 1790811232.858317456
shard_start 18 1790811232.870161106
shard_end 16 1790811232.870470357
shard_start 23 1790811232.876321393
shard_end 17 1790811232.877580197
shard_start 22 1790811232.885176643
shard_end 19 1790811232.900851939
shard_end 21 1790811232.910349718
shard_start 24 1790811232.913968393
shard_end 18 1790811232.922099048
shard_end 23 1790811232.928404256
shard_end 22 1790811232.937467387
shard_start 25 1790811232.942303842
shard_start 28 1790811232.950111323
shard_start 29 1790811232.964797431
shard_end 24 1790811232.966184302
shard_start 27 1790811232.974333278
shard_start 31 1790811232.988521572
shard_end 25 1790811232.994245811
shard_start 26 1790811233.001036625
shard_end 28 1790811233.002362850
shard_start 30 1790811233.009306433
shard_end 29 1790811233.017929404
shard_end 27 1790811233.026258883
shard_end 31 1790811233.040464480
shard_end 26 1790811233.053041034
shard_end 30 1790811233.062234276
shard_start 32 1790811235.731887409
shard_start 33 1790811235.739463055
shard_start 39 1790811235.750053134
shard_start 35 1790811235.757091984
shard_start 36 1790811235.765453010
shard_start 37 1790811235.778703214
shard_end 32 1790811235.783800751
shard_start 34 1790811235.789243990
shard_end 33 1790811235.791144771
shard_start 38 1790811235.793585844
shard_end 39 1790811235.802568060
shard_end 35 1790811235.808948613
shard_end 36 1790811235.817085390
shard_end 37 1790811235.830729626
shard_end 34 1790811235.841186517
shard_end 38 1790811235.845424222
shard_start 40 1790811235.846518857
shard_start 44 1790811235.859952588
shard_start 41 1790811235.880932612
shard_start 43 1790811235.887705735
shard_end 40 1790811235.898330173
shard_start 47 1790811235.898990694
shard_start 42 1790811235.911077776
shard_end 44 1790811235.912104618
shard_start 45 1790811235.922761461
shard_start 46 1790811235.926236360
shard_end 41 1790811235.932886158
shard_end 43 1790811235.939671310
shard_end 47 1790811235.950892950
shard_start 48 1790811235.958192099
shard_end 42 1790811235.963065268
shard_start 52 1790811235.973421344
shard_end 45 1790811235.974719335
shard_end 46 1790811235.977948078
shard_start 51 1790811235.993050945
shard_start 55 1790811236.006550994
shard_end 48 1790811236.010485310
shard_start 49 1790811236.019130409
shard_end 52 1790811236.026122073
shard_start 50 1790811236.027755973
shard_start 53 1790811236.042300674
shard_end 51 1790811236.045001747
shard_start 54 1790811236.047578299
shard_end 55 1790811236.058692889
shard_end 49 1790811236.071301803
shard_start 56 1790811236.073150597
shard_end 50 1790811236.079718008
shard_start 59 1790811236.088652835
shard_end 53 1790811236.094112219
shard_end 54 1790811236.099402877
shard_start 63 1790811236.107986674
shard_start 61 1790811236.124628446
shard_end 56 1790811236.124763960
shard_end 59 1790811236.140311850
shard_start 60 1790811236.140533521
shard_end 63 1790811236.159855049
shard_end 61 1790811236.176465248
shard_end 60 1790811236.192706541
shard_start 58 1790811236.820157637
shard_start 57 1790811236.826168108
shard_start 62 1790811236.831927708
shard_end 58 1790811236.872181353
shard_end 57 1790811236.878002387
shard_end 62 1790811236.884004167
shard_start 69 1790811238.913298233
shard_start 68 1790811238.913393435
shard_start 71 1790811238.913479535
shard_start 66 1790811238.913495113
shard_start 65 1790811238.913578365
shard_start 64 1790811238.914146609
shard_start 67 1790811238.914111640
shard_start 70 1790811238.914377341
shard_start 72 1790811238.936369581
shard_start 75 1790811238.949631346
shard_start 76 1790811238.962925416
shard_end 66 1790811238.965450294
shard_end 65 1790811238.965424278
shard_end 71 1790811238.965652159
shard_end 69 1790811238.965699514
shard_end 68 1790811238.965775453
shard_end 64 1790811238.966173171
shard_end 67 1790811238.966426574
shard_end 70 1790811238.966557146
shard_start 79 1790811238.974826571
shard_end 72 1790811238.988758469
shard_start 77 1790811238.989135761
shard_end 75 1790811239.001326599
shard_start 73 1790811239.002201918
shard_start 74 1790811239.008155475
shard_end 76 1790811239.014845335
shard_start 78 1790811239.017681904
shard_end 79 1790811239.026968084
shard_end 77 1790811239.041600710
shard_start 80 1790811239.049815572
shard_end 73 1790811239.054748981
shard_end 74 1790811239.060221012
shard_start 83 1790811239.062745088
shard_end 78 1790811239.069581815
shard_start 84 1790811239.077483601
shard_start 87 1790811239.089851682
shard_end 80 1790811239.101765582
shard_start 85 1790811239.104137623
shard_end 83 1790811239.115358539
shard_start 82 1790811239.128205720
shard_end 84 1790811239.129606421
shard_start 81 1790811239.135889343
shard_end 87 1790811239.141874145
shard_start 88 1790811239.148229253
shard_end 85 1790811239.156271286
shard_start 86 1790811239.165221378
shard_start 91 1790811239.175992493
shard_end 82 1790811239.180196646
shard_end 81 1790811239.188072592
shard_start 92 1790811239.190814036
shard_end 88 1790811239.200543377
shard_start 95 1790811239.203559324
shard_end 86 1790811239.217211904
shard_start 89 1790811239.217449601
shard_end 91 1790811239.227982432
shard_end 92 1790811239.242737401
shard_end 95 1790811239.255713828
shard_end 89 1790811239.269459126
shard_start 93 1790811239.932100136
shard_start 90 1790811239.937211236
shard_start 96 1790811239.946439509
shard_end 93 1790811239.984223250
shard_end 90 1790811239.989310880
shard_end 96 1790811239.999782565
shard_start 94 1790811241.937831478
shard_start 99 1790811241.944412827
shard_start 97 1790811241.952027222
shard_start 98 1790811241.958143822
shard_end 94 1790811241.989739596
shard_end 99 1790811241.996808318
shard_end 97 1790811242.003987212
shard_end 98 1790811242.010543442
agg_start 0 1790811244.563409590
agg_end 0 1790811244.566659407
