shard_start 48 1790811755.571031252
shard_start 21 1790811755.572371867
shard_start 62 1790811755.573383625
shard_start 35 1790811755.574900956
shard_start 91 1790811755.576307506
shard_start 5 1790811755.577968263
shard_start 63 1790811755.579341456
shard_start 36 1790811755.580676492
shard_start 92 1790811755.582317502
shard_start 6 1790811755.584901319
shard_start 64 1790811755.585840624
shard_start 37 1790811755.587027562
shard_start 93 1790811755.589097004
shard_start 7 1790811755.590364811
shard_start 65 1790811755.592607895
shard_start 38 1790811755.593223511
shard_start 94 1790811755.594579504
shard_start 8 1790811755.596778235
shard_end 48 1790811755.623191602
shard_end 21 1790811755.624374097
shard_end 62 1790811755.625802133
shard_end 35 1790811755.626870189
shard_start 66 1790811755.627539104
shard_end 91 1790811755.628325512
shard_start 39 1790811755.629154516
shard_end 5 1790811755.629771328
shard_end 63 1790811755.631008146
shard_start 95 1790811755.631224687
shard_end 36 1790811755.633250429
shard_start 67 1790811755.633599560
shard_end 92 1790811755.634082584
shard_start 11 1790811755.634196967
shard_start 40 1790811755.637111350
shard_end 6 1790811755.637285990
shard_end 64 1790811755.637477270
shard_end 37 1790811755.638629815
shard_start 96 1790811755.639643549
shard_end 93 1790811755.640726368
shard_start 70 1790811755.641390919
shard_end 7 1790811755.642882320
shard_start 16 1790811755.643452273
shard_end 65 1790811755.644616652
shard_start 72 1790811755.645166006
shard_end 38 1790811755.645430072
shard_end 94 1790811755.646892508
shard_start 45 1790811755.647717549
shard_end 8 1790811755.648432618
shard_start 17 1790811755.650786519
shard_start 73 1790811755.650922310
shard_start 74 1790811755.653548618
shard_start 89 1790811755.670198762
shard_start 99 1790811755.671145524
shard_start 29 1790811755.672990866
shard_start 85 1790811755.673525089
shard_start 22 1790811755.675803426
shard_start 78 1790811755.676323001
shard_start 15 1790811755.678501827
shard_end 66 1790811755.679834057
shard_start 71 1790811755.680188201
shard_end 39 1790811755.680853637
shard_start 1 1790811755.681969862
shard_end 95 1790811755.683333566
shard_start 57 1790811755.684298581
shard_start 50 1790811755.685015571
shard_end 11 1790811755.686048360
shard_end 67 1790811755.686182737
shard_start 44 1790811755.687050304
shard_end 40 1790811755.688833644
shard_start 30 1790811755.688779747
shard_start 86 1790811755.690040029
shard_end 96 1790811755.691600206
shard_start 23 1790811755.692093519
shard_start 79 1790811755.693042267
shard_end 70 1790811755.693886440
shard_start 2 1790811755.694702034
shard_end 16 1790811755.695428921
shard_start 3 1790811755.696304630
shard_end 72 1790811755.697441660
shard_end 45 1790811755.699556583
shard_end 73 1790811755.702703787
shard_end 17 1790811755.702711505
shard_end 74 1790811755.705702452
shard_start 84 1790811755.707174475
shard_start 77 1790811755.708855143
shard_start 14 1790811755.710366943
shard_start 0 1790811755.711861614
shard_start 56 1790811755.713809648
shard_start 49 1790811755.714338409
shard_start 43 1790811755.715616853
shard_start 24 1790811755.717416071
shard_end 89 1790811755.721993115
shard_end 99 1790811755.722824045
shard_end 85 1790811755.725737482
shard_end 29 1790811755.725806257
shard_start 46 1790811755.727256867
shard_end 22 1790811755.727856813
shard_start 98 1790811755.728031420
shard_end 78 1790811755.728223781
shard_start 28 1790811755.729840618
shard_end 15 1790811755.730445045
shard_start 81 1790811755.732020437
shard_end 71 1790811755.732240991
shard_start 58 1790811755.733282334
shard_end 1 1790811755.733659453
shard_start 52 1790811755.734391058
shard_end 57 1790811755.735864450
shard_end 50 1790811755.736887212
shard_end 44 1790811755.738907344
shard_end 30 1790811755.741028743
shard_end 86 1790811755.742286870
shard_end 23 1790811755.744227159
shard_start 33 1790811755.745425243
shard_end 79 1790811755.745421741
shard_end 2 1790811755.746322577
shard_start 55 1790811755.746550725
shard_end 3 1790811755.747997897
shard_start 42 1790811755.748439163
shard_start 51 1790811755.749541549
shard_start 31 1790811755.751018030
shard_start 87 1790811755.751907995
shard_start 80 1790811755.752910445
shard_start 88 1790811755.755068673
shard_end 84 1790811755.759031873
shard_end 77 1790811755.761086137
shard_end 14 1790811755.762229766
shard_end 0 1790811755.763687194
shard_start 26 1790811755.764718749
shard_end 56 1790811755.765501019
shard_start 82 1790811755.766128149
shard_end 49 1790811755.766383208
shard_end 43 1790811755.767433008
shard_start 19 1790811755.767873447
shard_end 24 1790811755.769083769
shard_start 75 1790811755.769378502
shard_start 12 1790811755.771664771
shard_start 68 1790811755.771820380
shard_start 4 1790811755.774009088
shard_start 13 1790811755.774528264
shard_start 25 1790811755.776465642
shard_start 18 1790811755.778038207
shard_end 46 1790811755.779122312
shard_end 98 1790811755.779978716
shard_end 28 1790811755.781713730
shard_end 81 1790811755.784223262
shard_end 58 1790811755.784930381
shard_end 52 1790811755.785984964
shard_start 9 1790811755.788708795
shard_start 60 1790811755.790052793
shard_start 10 1790811755.791112178
shard_start 97 1790811755.792855481
shard_start 69 1790811755.794302585
shard_start 90 1790811755.795827575
shard_end 33 1790811755.797065774
shard_start 59 1790811755.797419138
shard_start 27 1790811755.798605206
shard_end 55 1790811755.798831887
shard_end 42 1790811755.800073526
shard_end 51 1790811755.801019561
shard_end 31 1790811755.802731599
shard_end 87 1790811755.803668862
shard_end 80 1790811755.804689477
shard_end 88 1790811755.807346054
shard_start 20 1790811755.809424102
shard_start 76 1790811755.811395697
shard_start 53 1790811755.812750207
shard_start 61 1790811755.813673114
shard_start 54 1790811755.815405727
shard_end 26 1790811755.816975173
shard_start 47 1790811755.817750689
shard_end 82 1790811755.818368104
shard_end 19 1790811755.820018315
shard_end 75 1790811755.821561100
shard_end 12 1790811755.823750062
shard_end 68 1790811755.823781380
shard_end 4 1790811755.826172264
shard_end 13 1790811755.826788167
shard_start 32 1790811755.827875032
shard_end 25 1790811755.828198468
shard_start 41 1790811755.829591078
shard_end 18 1790811755.829899365
shard_start 34 1790811755.831570500
shard_start 83 1790811755.832299986
shard_end 9 1790811755.841238466
shard_end 60 1790811755.842218014
shard_end 10 1790811755.843044782
shard_end 97 1790811755.844993222
shard_end 69 1790811755.845968816
shard_end 90 1790811755.847494220
shard_end 59 1790811755.849156172
shard_end 27 1790811755.850375609
shard_end 20 1790811755.861358716
shard_end 76 1790811755.863844829
shard_end 53 1790811755.864511238
shard_end 61 1790811755.866047352
shard_end 54 1790811755.867818080
shard_end 47 1790811755.869324971
shard_end 32 1790811755.880024411
shard_end 41 1790811755.881463217
shard_end 34 1790811755.883197938
shard_end 83 1790811755.883886690
agg_start 0 1790811756.660868626
agg_end 0 1790811756.662938977
