shard_start 19 1790811789.079678610
shard_end 19 1790811789.131599942
shard_start 12 1790811789.140261254
shard_end 12 1790811789.192102668
shard_start 18 1790811789.199689298
shard_end 18 1790811789.251758107
shard_start 13 1790811789.259866039
shard_end 13 1790811789.311873027
shard_start 10 1790811789.320566935
shard_end 10 1790811789.372520520
shard_start 14 1790811789.380295116
shard_end 14 1790811789.432259807
shard_start 5 1790811789.439734191
shard_end 5 1790811789.491771295
shard_start 0 1790811789.500001716
shard_end 0 1790811789.552039496
shard_start 7 1790811789.560066276
shard_end 7 1790811789.611984142
shard_start 2 1790811789.619632808
shard_end 2 1790811789.671893694
shard_start 11 1790811789.679916739
shard_end 11 1790811789.731938475
shard_start 16 1790811789.739717850
shard_end 16 1790811789.792427594
shard_start 4 1790811789.800314119
shard_end 4 1790811789.852642299
shard_start 3 1790811789.861404042
shard_end 3 1790811789.913877866
shard_start 8 1790811789.922531048
shard_end 8 1790811789.974584931
shard_start 17 1790811789.982759818
shard_end 17 1790811790.034810694
shard_start 15 1790811790.042905430
shard_end 15 1790811790.094890146
shard_start 1 1790811790.102418172
shard_end 1 1790811790.154309253
shard_start 6 1790811790.161983566
shard_end 6 1790811790.213812679
shard_start 9 1790811790.221610206
shard_end 9 1790811790.273605852
agg_start 0 1790811790.281860618
agg_end 0 1790811790.284226122
