shard_start 3 1790811199.337235531
shard_start 0 1790811199.353267154
shard_start 2 1790811199.370231935
shard_start 4 1790811199.385327376
shard_end 3 1790811199.389048934
shard_start 7 1790811199.398030483
shard_end 0 1790811199.405156353
shard_start 1 1790811199.409101277
shard_end 2 1790811199.422364394
shard_start 5 1790811199.428296913
shard_end 4 1790811199.437121580
shard_start 6 1790811199.438397278
shard_end 7 1790811199.449977585
shard_end 1 1790811199.461050652
shard_end 5 1790811199.480598741
shard_end 6 1790811199.490240308
shard_start 8 1790811199.492940951
shard_start 15 1790811199.518194518
shard_end 8 1790811199.544561368
shard_start 10 1790811199.545658061
shard_end 15 1790811199.570102795
shard_start 11 1790811199.572546539
shard_start 12 1790811199.584361890
shard_end 10 1790811199.597710472
shard_start 9 1790811199.601489669
shard_start 14 1790811199.617217210
shard_end 11 1790811199.624518221
shard_start 13 1790811199.635882426
shard_end 12 1790811199.636162044
shard_end 9 1790811199.653389875
shard_end 14 1790811199.668907554
shard_start 16 1790811199.669640703
shard_start 23 1790811199.687917892
shard_end 13 1790811199.688280948
shard_start 18 1790811199.716559993
shard_end 16 1790811199.721377379
shard_start 17 1790811199.734525399
shard_end 23 1790811199.740216716
shard_start 19 1790811199.744041208
shard_start 20 1790811199.758387311
shard_end 18 1790811199.768239439
shard_start 21 1790811199.768554453
shard_start 22 1790811199.778420736
shard_end 17 1790811199.786402349
shard_start 31 1790811199.792956645
shard_end 19 1790811199.795724962
shard_end 20 1790811199.810398681
shard_start 26 1790811199.811485842
shard_end 21 1790811199.820438295
shard_end 22 1790811199.830272424
shard_start 24 1790811199.833694981
shard_end 31 1790811199.844745584
shard_start 28 1790811199.845680284
shard_start 25 1790811199.859020993
shard_end 26 1790811199.863582599
shard_start 27 1790811199.872432834
shard_start 29 1790811199.883363914
shard_end 24 1790811199.885929820
shard_start 30 1790811199.894778474
shard_end 28 1790811199.897476158
shard_end 25 1790811199.910999295
shard_end 27 1790811199.924825761
shard_end 29 1790811199.935328183
shard_end 30 1790811199.946750171
shard_start 39 1790811202.641865937
shard_start 34 1790811202.650748934
shard_start 33 1790811202.658376398
shard_start 36 1790811202.667804709
shard_start 37 1790811202.676998509
shard_start 32 1790811202.684618311
shard_start 35 1790811202.693512965
shard_end 39 1790811202.693570249
shard_start 38 1790811202.701184000
shard_end 34 1790811202.702964272
shard_end 33 1790811202.710300310
shard_end 36 1790811202.719993585
shard_end 37 1790811202.728861348
shard_end 32 1790811202.737311889
shard_end 35 1790811202.745367653
shard_end 38 1790811202.753072302
shard_start 47 1790811202.755425051
shard_start 45 1790811202.775986645
shard_start 41 1790811202.789457640
shard_end 47 1790811202.807533771
shard_start 42 1790811202.813264477
shard_start 44 1790811202.826586074
shard_end 45 1790811202.827951694
shard_start 43 1790811202.837949832
shard_end 41 1790811202.841168451
shard_start 40 1790811202.848090748
shard_start 46 1790811202.861349972
shard_end 42 1790811202.866112601
shard_start 53 1790811202.874201145
shard_end 44 1790811202.878675463
shard_start 49 1790811202.888037679
shard_end 43 1790811202.889628148
shard_end 40 1790811202.900102865
shard_start 52 1790811202.903495009
shard_end 46 1790811202.913385341
shard_end 53 1790811202.925986296
shard_start 55 1790811202.927207340
shard_end 49 1790811202.940328895
shard_start 50 1790811202.941347078
shard_end 52 1790811202.955164069
shard_start 48 1790811202.955774884
shard_start 51 1790811202.968324592
shard_end 55 1790811202.979306952
shard_start 54 1790811202.986558066
shard_end 50 1790811202.993125985
shard_end 48 1790811203.007748353
shard_start 61 1790811203.009474593
shard_start 57 1790811203.019178786
shard_end 51 1790811203.020169263
shard_start 60 1790811203.036614246
shard_end 54 1790811203.038231379
shard_start 58 1790811203.056587885
shard_end 61 1790811203.061432920
shard_start 63 1790811203.065856074
shard_end 57 1790811203.071098451
shard_start 59 1790811203.079556134
shard_start 56 1790811203.087909488
shard_end 60 1790811203.088243904
shard_start 62 1790811203.100556322
shard_end 58 1790811203.108501763
shard_end 63 1790811203.117650186
shard_end 59 1790811203.131461952
shard_end 56 1790811203.140356698
shard_end 62 1790811203.152568676
shard_start 68 1790811205.883102219
shard_start 69 1790811205.891773050
shard_start 65 1790811205.901848331
shard_start 66 1790811205.909227888
shard_start 67 1790811205.917255056
shard_start 71 1790811205.928254841
shard_end 68 1790811205.935410513
shard_start 70 1790811205.936744743
shard_start 64 1790811205.941184329
shard_end 69 1790811205.943524093
shard_end 65 1790811205.954411068
shard_end 66 1790811205.961668710
shard_end 67 1790811205.969867643
shard_end 71 1790811205.980457307
shard_end 70 1790811205.988943695
shard_start 76 1790811205.992107778
shard_end 64 1790811205.993178749
shard_start 77 1790811206.005667476
shard_start 73 1790811206.025447237
shard_start 79 1790811206.031469570
shard_end 76 1790811206.043854818
shard_start 75 1790811206.043854857
shard_start 74 1790811206.053892128
shard_end 77 1790811206.057497191
shard_start 78 1790811206.066103129
shard_start 72 1790811206.072615644
shard_end 73 1790811206.077243612
shard_end 79 1790811206.083896663
shard_end 75 1790811206.095797710
shard_start 84 1790811206.104221153
shard_end 74 1790811206.105744888
shard_start 81 1790811206.116752078
shard_end 78 1790811206.118343799
shard_end 72 1790811206.125193445
shard_start 87 1790811206.144880448
shard_start 85 1790811206.150117939
shard_end 84 1790811206.156426549
shard_start 83 1790811206.163559380
shard_end 81 1790811206.169081976
shard_start 82 1790811206.174022765
shard_start 86 1790811206.188061897
shard_start 80 1790811206.195484358
shard_end 87 1790811206.196673708
shard_end 85 1790811206.202186361
shard_end 83 1790811206.215757196
shard_start 92 1790811206.217257647
shard_end 82 1790811206.226357717
shard_start 89 1790811206.227715091
shard_end 86 1790811206.240526678
shard_end 80 1790811206.248585900
shard_start 95 1790811206.259881968
shard_start 93 1790811206.268808158
shard_end 92 1790811206.268964372
shard_end 89 1790811206.280453344
shard_start 91 1790811206.280666726
shard_start 90 1790811206.292338201
shard_start 94 1790811206.303790891
shard_end 95 1790811206.311761651
shard_start 88 1790811206.313150788
shard_end 93 1790811206.321215317
shard_end 91 1790811206.332559763
shard_end 90 1790811206.344372945
shard_end 94 1790811206.356002007
shard_end 88 1790811206.365284319
shard_start 97 1790811209.009794080
shard_start 99 1790811209.009868817
shard_start 98 1790811209.009915960
shard_start 96 1790811209.009985215
shard_end 98 1790811209.062148449
shard_end 96 1790811209.062467119
shard_end 99 1790811209.062525649
shard_end 97 1790811209.062532508
agg_start 0 1790811211.404046474
agg_end 0 1790811211.407004205
