shard_start 46 1790811764.334848405
shard_start 166 1790811764.336328964
shard_start 222 1790811764.338019904
shard_start 22 1790811764.338939589
shard_start 134 1790811764.340663522
shard_start 302 1790811764.341522343
shard_start 358 1790811764.343656273
shard_start 414 1790811764.344211732
shard_start 23 1790811764.346011121
shard_start 135 1790811764.346869019
shard_start 303 1790811764.348316089
shard_start 359 1790811764.349924079
shard_start 415 1790811764.352580408
shard_start 24 1790811764.352721429
shard_start 136 1790811764.354759428
shard_start 304 1790811764.355930468
shard_start 360 1790811764.357518474
shard_start 416 1790811764.359197064
shard_end 46 1790811764.387560719
shard_end 166 1790811764.388444308
shard_end 222 1790811764.389773073
shard_start 25 1790811764.390408791
shard_start 137 1790811764.390748823
shard_end 22 1790811764.391170681
shard_end 134 1790811764.392516416
shard_start 305 1790811764.393345640
shard_end 302 1790811764.393675831
shard_start 361 1790811764.394983502
shard_end 414 1790811764.395980440
shard_end 358 1790811764.396012905
shard_start 417 1790811764.396236536
shard_end 23 1790811764.398119892
shard_start 26 1790811764.398323313
shard_end 135 1790811764.398939250
shard_start 138 1790811764.400110487
shard_end 303 1790811764.400475034
shard_end 359 1790811764.402385915
shard_start 306 1790811764.402786627
shard_end 24 1790811764.404341634
shard_end 415 1790811764.404540810
shard_start 362 1790811764.404794083
shard_start 418 1790811764.405471495
shard_end 136 1790811764.406756033
shard_end 304 1790811764.408227225
shard_start 27 1790811764.408577602
shard_end 360 1790811764.409482213
shard_start 139 1790811764.410660245
shard_end 416 1790811764.411105635
shard_start 307 1790811764.411557712
shard_start 363 1790811764.413930902
shard_start 446 1790811764.442402527
shard_end 25 1790811764.443085936
shard_end 137 1790811764.443487277
shard_start 133 1790811764.444776254
shard_end 305 1790811764.445114207
shard_start 301 1790811764.445934135
shard_end 361 1790811764.447325773
shard_start 357 1790811764.448685519
shard_end 417 1790811764.448760030
shard_start 413 1790811764.449596677
shard_end 26 1790811764.450199817
shard_start 419 1790811764.451023627
shard_start 28 1790811764.451988833
shard_end 138 1790811764.452230884
shard_start 140 1790811764.453513054
shard_end 306 1790811764.454576661
shard_start 308 1790811764.455011712
shard_start 364 1790811764.457294081
shard_end 362 1790811764.457464430
shard_start 420 1790811764.457669095
shard_end 418 1790811764.457735612
shard_start 29 1790811764.459172443
shard_end 27 1790811764.460919141
shard_start 141 1790811764.461614316
shard_start 365 1790811764.462637420
shard_start 309 1790811764.462648752
shard_end 139 1790811764.463290762
shard_end 307 1790811764.464074184
shard_start 421 1790811764.464412268
shard_end 363 1790811764.465851269
shard_start 30 1790811764.466727891
shard_start 142 1790811764.467169757
shard_start 54 1790811764.489400060
shard_start 355 1790811764.490350560
shard_start 132 1790811764.492400047
shard_start 300 1790811764.493687444
shard_start 356 1790811764.494704332
shard_end 446 1790811764.495171708
shard_end 133 1790811764.496420801
shard_start 412 1790811764.496475138
shard_start 21 1790811764.497301188
shard_end 301 1790811764.498252812
shard_start 310 1790811764.499650309
shard_start 366 1790811764.500280909
shard_end 357 1790811764.500518068
shard_start 422 1790811764.501216676
shard_end 413 1790811764.501710311
shard_start 31 1790811764.503071175
shard_end 419 1790811764.503178310
shard_end 28 1790811764.503629273
shard_start 143 1790811764.504851120
shard_end 140 1790811764.505238737
shard_start 311 1790811764.506633174
shard_end 308 1790811764.506714774
shard_end 420 1790811764.509581550
shard_end 364 1790811764.509693268
shard_end 29 1790811764.511626260
shard_end 141 1790811764.513623776
shard_end 365 1790811764.514844952
shard_end 309 1790811764.515103776
shard_end 421 1790811764.516153259
shard_end 30 1790811764.518529419
shard_end 142 1790811764.519432880
shard_start 18 1790811764.530262649
shard_start 411 1790811764.531749714
shard_start 20 1790811764.533831883
shard_start 367 1790811764.535432453
shard_start 423 1790811764.535692293
shard_start 144 1790811764.538759069
shard_start 32 1790811764.538667613
shard_start 312 1790811764.540310346
shard_end 54 1790811764.541010332
shard_end 355 1790811764.542038327
shard_end 132 1790811764.544092369
shard_end 300 1790811764.545538588
shard_end 356 1790811764.546417196
shard_end 412 1790811764.548211256
shard_end 21 1790811764.548906407
shard_end 310 1790811764.551503920
shard_end 366 1790811764.552111987
shard_end 422 1790811764.553420431
shard_end 31 1790811764.554915280
shard_end 143 1790811764.556580447
shard_end 311 1790811764.558404749
shard_start 445 1790811764.564468183
shard_start 129 1790811764.565905761
shard_start 298 1790811764.566976460
shard_start 130 1790811764.568743146
shard_start 354 1790811764.569610773
shard_start 410 1790811764.571401729
shard_start 19 1790811764.572425634
shard_start 131 1790811764.574265880
shard_start 368 1790811764.576228193
shard_start 299 1790811764.576413988
shard_start 424 1790811764.578574269
shard_end 18 1790811764.583022335
shard_end 411 1790811764.583987338
shard_end 20 1790811764.585596595
shard_end 367 1790811764.587535292
shard_end 423 1790811764.587922613
shard_end 32 1790811764.590672039
shard_end 144 1790811764.590776403
shard_end 312 1790811764.592117223
shard_start 221 1790811764.601324976
shard_start 128 1790811764.602218734
shard_start 352 1790811764.603461716
shard_start 408 1790811764.605698380
shard_start 17 1790811764.606146393
shard_start 297 1790811764.607529880
shard_start 353 1790811764.609512168
shard_start 409 1790811764.611345279
shard_start 33 1790811764.612203433
shard_start 145 1790811764.613396924
shard_start 313 1790811764.614671025
shard_end 445 1790811764.616173237
shard_start 369 1790811764.616258805
shard_start 425 1790811764.617770907
shard_end 129 1790811764.618170792
shard_end 298 1790811764.618706117
shard_end 130 1790811764.620430083
shard_end 354 1790811764.621357213
shard_end 410 1790811764.623611243
shard_end 19 1790811764.624183064
shard_end 131 1790811764.626350404
shard_end 299 1790811764.628537996
shard_end 368 1790811764.628555224
shard_end 424 1790811764.630484669
shard_start 15 1790811764.637818803
shard_start 146 1790811764.638516603
shard_start 314 1790811764.640537547
shard_start 370 1790811764.642514681
shard_start 426 1790811764.643211838
shard_end 221 1790811764.653116310
shard_end 128 1790811764.654066726
shard_end 352 1790811764.655773507
shard_end 17 1790811764.658034606
shard_end 408 1790811764.658079348
shard_end 297 1790811764.659610273
shard_end 353 1790811764.661288682
shard_end 409 1790811764.663246361
shard_end 33 1790811764.663887451
shard_end 145 1790811764.665169435
shard_end 313 1790811764.666369679
shard_end 369 1790811764.667892035
shard_end 425 1790811764.669438114
shard_end 15 1790811764.690002722
shard_end 146 1790811764.690491824
shard_end 314 1790811764.692232400
shard_end 370 1790811764.694460009
shard_end 426 1790811764.694834575
shard_start 53 1790811765.429843376
shard_start 165 1790811765.431031033
shard_start 124 1790811765.432829281
shard_start 292 1790811765.434332165
shard_start 348 1790811765.435290454
shard_start 404 1790811765.436990587
shard_start 13 1790811765.437605934
shard_start 125 1790811765.439732195
shard_start 293 1790811765.440899004
shard_start 349 1790811765.442420315
shard_start 405 1790811765.443503766
shard_start 14 1790811765.444898009
shard_start 126 1790811765.445970996
shard_start 294 1790811765.447338156
shard_start 350 1790811765.448510705
shard_start 406 1790811765.449746254
shard_start 127 1790811765.451440014
shard_start 295 1790811765.452469965
shard_start 351 1790811765.454410733
shard_start 407 1790811765.456008395
shard_start 16 1790811765.457121975
shard_start 296 1790811765.458264362
shard_start 34 1790811765.460448662
shard_start 35 1790811765.461358900
shard_start 147 1790811765.462639397
shard_start 317 1790811765.464299197
shard_start 374 1790811765.465749503
shard_start 430 1790811765.467582659
shard_start 39 1790811765.470475915
shard_start 151 1790811765.471415299
shard_start 319 1790811765.473747211
shard_start 375 1790811765.474367051
shard_end 53 1790811765.481710900
shard_end 165 1790811765.482727752
shard_end 124 1790811765.484601591
shard_end 292 1790811765.487191777
shard_end 348 1790811765.488223790
shard_end 404 1790811765.488720955
shard_end 13 1790811765.489292271
shard_end 125 1790811765.491488716
shard_end 293 1790811765.492601860
shard_end 349 1790811765.494190716
shard_end 405 1790811765.495113704
shard_end 14 1790811765.496681893
shard_end 126 1790811765.497750709
shard_end 294 1790811765.499148508
shard_start 209 1790811765.499857016
shard_end 350 1790811765.500250615
shard_end 406 1790811765.501542157
shard_end 127 1790811765.503377130
shard_end 295 1790811765.504552152
shard_end 351 1790811765.506229154
shard_end 407 1790811765.507708810
shard_end 16 1790811765.508798435
shard_end 296 1790811765.509910481
shard_end 35 1790811765.512971915
shard_end 34 1790811765.513078870
shard_end 147 1790811765.514301257
shard_end 317 1790811765.515956343
shard_end 374 1790811765.517406754
shard_end 430 1790811765.519808967
shard_end 39 1790811765.522723850
shard_end 151 1790811765.523257966
shard_start 444 1790811765.523546880
shard_start 402 1790811765.524050434
shard_end 319 1790811765.525366351
shard_start 11 1790811765.525493544
shard_end 375 1790811765.526663028
shard_start 123 1790811765.527089552
shard_start 291 1790811765.528462643
shard_start 347 1790811765.529862558
shard_start 403 1790811765.531007650
shard_start 12 1790811765.532433864
shard_start 315 1790811765.533459550
shard_start 371 1790811765.536501796
shard_start 427 1790811765.536717314
shard_start 36 1790811765.538167519
shard_end 209 1790811765.552755423
shard_start 220 1790811765.562693655
shard_start 288 1790811765.562785529
shard_start 344 1790811765.565340473
shard_start 400 1790811765.565782333
shard_start 7 1790811765.567866794
shard_start 121 1790811765.569426671
shard_start 289 1790811765.570383030
shard_start 345 1790811765.572316821
shard_start 401 1790811765.573572931
shard_end 444 1790811765.575464229
shard_start 8 1790811765.575601877
shard_end 402 1790811765.576106472
shard_start 122 1790811765.576112731
shard_end 11 1790811765.577435454
shard_start 290 1790811765.577773997
shard_end 123 1790811765.579088053
shard_start 346 1790811765.579661806
shard_end 291 1790811765.580205507
shard_start 148 1790811765.580821054
shard_end 347 1790811765.581462583
shard_end 403 1790811765.582747484
shard_start 316 1790811765.583080809
shard_end 12 1790811765.584875082
shard_end 315 1790811765.585108262
shard_start 372 1790811765.586771655
shard_start 428 1790811765.586871084
shard_end 371 1790811765.588283675
shard_end 427 1790811765.588462179
shard_start 37 1790811765.588818164
shard_end 36 1790811765.590234333
shard_start 149 1790811765.591226853
shard_start 214 1790811765.609904483
shard_start 164 1790811765.611029446
shard_start 399 1790811765.612191607
shard_start 120 1790811765.613717421
shard_end 220 1790811765.614548734
shard_start 373 1790811765.614718391
shard_end 288 1790811765.614878026
shard_end 344 1790811765.617185713
shard_start 429 1790811765.617875413
shard_end 400 1790811765.618138234
shard_start 38 1790811765.618369192
shard_end 7 1790811765.619623379
shard_start 150 1790811765.619912067
shard_end 121 1790811765.621186711
shard_start 318 1790811765.621494274
shard_end 289 1790811765.622599932
shard_start 431 1790811765.623050550
shard_end 345 1790811765.624005611
shard_end 401 1790811765.625178303
shard_end 8 1790811765.627645777
shard_end 122 1790811765.628055603
shard_end 290 1790811765.629536863
shard_end 346 1790811765.632016307
shard_end 148 1790811765.633075392
shard_end 316 1790811765.634825873
shard_end 428 1790811765.638884000
shard_end 372 1790811765.639244938
shard_end 37 1790811765.640335952
shard_end 149 1790811765.642843900
shard_start 159 1790811765.643400458
shard_start 167 1790811765.644667020
shard_start 5 1790811765.646357086
shard_start 6 1790811765.647752699
shard_start 40 1790811765.649439223
shard_start 152 1790811765.651566212
shard_start 320 1790811765.653674409
shard_start 376 1790811765.655998418
shard_end 214 1790811765.661858689
shard_end 164 1790811765.663011223
shard_end 399 1790811765.664118567
shard_end 120 1790811765.665525052
shard_end 373 1790811765.666612901
shard_end 429 1790811765.670051560
shard_end 38 1790811765.670737974
shard_end 150 1790811765.672551542
shard_end 318 1790811765.673330135
shard_end 431 1790811765.674922437
shard_start 223 1790811765.684361281
shard_start 10 1790811765.685911134
shard_start 118 1790811765.688084104
shard_start 286 1790811765.690541107
shard_start 342 1790811765.691549313
shard_start 398 1790811765.694366200
shard_start 119 1790811765.695362948
shard_end 159 1790811765.696095600
shard_end 167 1790811765.696966290
shard_start 287 1790811765.697912547
shard_end 5 1790811765.698522326
shard_end 6 1790811765.699569191
shard_start 343 1790811765.700557564
shard_end 40 1790811765.701847332
shard_start 432 1790811765.703350258
shard_end 152 1790811765.703768273
shard_start 41 1790811765.705938808
shard_end 320 1790811765.706166811
shard_start 153 1790811765.707230085
shard_end 376 1790811765.708415486
shard_start 321 1790811765.709016952
shard_start 377 1790811765.710912133
shard_start 463 1790811765.734586074
shard_start 156 1790811765.736174692
shard_end 223 1790811765.736232871
shard_start 324 1790811765.737223046
shard_end 10 1790811765.737651911
shard_end 118 1790811765.740070564
shard_start 380 1790811765.740068559
shard_end 286 1790811765.742555114
shard_end 342 1790811765.743680604
shard_end 398 1790811765.747216859
shard_end 119 1790811765.747676923
shard_end 287 1790811765.750313901
shard_end 343 1790811765.753300574
shard_end 432 1790811765.755070929
shard_end 41 1790811765.757843388
shard_end 153 1790811765.759406950
shard_end 321 1790811765.760696734
shard_end 377 1790811765.763155343
shard_end 463 1790811765.786585820
shard_end 156 1790811765.787976636
shard_end 324 1790811765.789010196
shard_end 380 1790811765.792356537
shard_start 102 1790811766.486090927
shard_start 496 1790811766.487618520
shard_start 104 1790811766.488584960
shard_start 328 1790811766.489064190
shard_start 211 1790811766.490341660
shard_start 267 1790811766.492413462
shard_start 491 1790811766.492929889
shard_start 43 1790811766.494647507
shard_start 155 1790811766.496138256
shard_start 323 1790811766.497365847
shard_start 379 1790811766.498531818
shard_start 71 1790811766.499899020
shard_start 183 1790811766.501544276
shard_start 239 1790811766.502465803
shard_start 100 1790811766.503986000
shard_end 102 1790811766.538059657
shard_start 212 1790811766.538641843
shard_end 496 1790811766.539425234
shard_start 268 1790811766.539937635
shard_end 104 1790811766.541172828
shard_end 328 1790811766.541368681
shard_start 492 1790811766.541728956
shard_end 211 1790811766.542041661
shard_start 44 1790811766.544093308
shard_end 267 1790811766.544569248
shard_end 491 1790811766.544848842
shard_start 436 1790811766.545706493
shard_end 43 1790811766.546351409
shard_start 72 1790811766.547494900
shard_end 155 1790811766.547829796
shard_start 184 1790811766.548502061
shard_end 323 1790811766.548981858
shard_start 493 1790811766.550326711
shard_end 379 1790811766.550614739
shard_start 45 1790811766.551621333
shard_end 71 1790811766.551881312
shard_start 157 1790811766.552708260
shard_end 183 1790811766.553114234
shard_start 325 1790811766.553984611
shard_end 239 1790811766.554108897
shard_start 381 1790811766.555768626
shard_end 100 1790811766.555830367
shard_start 73 1790811766.557638314
shard_start 185 1790811766.559383093
shard_start 241 1790811766.561343708
shard_start 465 1790811766.562549705
shard_start 74 1790811766.564196388
shard_start 42 1790811766.583477931
shard_start 272 1790811766.583675825
shard_start 154 1790811766.584943283
shard_start 322 1790811766.586608801
shard_start 378 1790811766.587983412
shard_start 70 1790811766.590214909
shard_end 212 1790811766.591608029
shard_end 268 1790811766.591948491
shard_start 182 1790811766.592144007
shard_end 492 1790811766.594022405
shard_start 238 1790811766.594124941
shard_end 44 1790811766.596018793
shard_start 462 1790811766.596300943
shard_start 99 1790811766.597864156
shard_end 436 1790811766.597812501
shard_end 72 1790811766.599568569
shard_end 184 1790811766.600259497
shard_start 435 1790811766.600539612
shard_end 493 1790811766.602507157
shard_start 240 1790811766.602600209
shard_end 45 1790811766.603556563
shard_start 464 1790811766.604231241
shard_end 157 1790811766.605129791
shard_start 101 1790811766.605849164
shard_end 325 1790811766.605847143
shard_start 213 1790811766.607863268
shard_end 381 1790811766.608267856
shard_end 73 1790811766.609592074
shard_end 185 1790811766.611180529
shard_end 241 1790811766.613532054
shard_end 465 1790811766.614734406
shard_end 74 1790811766.616224497
shard_start 189 1790811766.628202465
shard_start 69 1790811766.630118164
shard_start 181 1790811766.630710754
shard_start 237 1790811766.632332098
shard_start 461 1790811766.634139146
shard_end 42 1790811766.635721159
shard_start 98 1790811766.635747932
shard_end 272 1790811766.636334830
shard_end 154 1790811766.636747242
shard_start 210 1790811766.637949924
shard_end 322 1790811766.638620587
shard_start 266 1790811766.639384694
shard_end 378 1790811766.639673983
shard_start 490 1790811766.641638691
shard_end 70 1790811766.643143842
shard_start 434 1790811766.643439281
shard_end 182 1790811766.644175427
shard_end 238 1790811766.646554187
shard_end 462 1790811766.648429747
shard_end 99 1790811766.649899216
shard_end 435 1790811766.653092437
shard_end 240 1790811766.655199306
shard_end 464 1790811766.656838155
shard_end 101 1790811766.657971382
shard_end 213 1790811766.659632042
shard_start 216 1790811766.663560413
shard_start 440 1790811766.663902333
shard_start 384 1790811766.665502110
shard_start 217 1790811766.667950392
shard_start 460 1790811766.668620562
shard_start 97 1790811766.670529133
shard_start 265 1790811766.672297918
shard_start 489 1790811766.673887868
shard_start 433 1790811766.675676902
shard_start 269 1790811766.677561466
shard_start 437 1790811766.678550848
shard_start 466 1790811766.680077364
shard_end 189 1790811766.680551737
shard_end 69 1790811766.682224026
shard_end 181 1790811766.683463800
shard_end 237 1790811766.684626839
shard_end 461 1790811766.685889601
shard_end 98 1790811766.688139816
shard_end 210 1790811766.689760048
shard_end 266 1790811766.691197488
shard_end 490 1790811766.693598925
shard_end 434 1790811766.695399772
shard_start 160 1790811766.697830421
shard_start 77 1790811766.700022875
shard_start 245 1790811766.700206170
shard_start 441 1790811766.703191721
shard_start 469 1790811766.703204512
shard_start 49 1790811766.704658593
shard_start 497 1790811766.707079654
shard_start 329 1790811766.708002990
shard_start 180 1790811766.709857603
shard_start 186 1790811766.710758665
shard_end 216 1790811766.715615042
shard_end 440 1790811766.715954409
shard_end 384 1790811766.717257601
shard_end 217 1790811766.719951843
shard_end 460 1790811766.720799574
shard_end 97 1790811766.722411237
shard_end 265 1790811766.724392012
shard_end 489 1790811766.725704763
shard_end 433 1790811766.727493934
shard_end 269 1790811766.729386281
shard_start 270 1790811766.729665216
shard_start 273 1790811766.730244339
shard_end 437 1790811766.731511492
shard_start 385 1790811766.731879316
shard_end 466 1790811766.731843205
shard_start 78 1790811766.733779063
shard_start 190 1790811766.736282332
shard_start 246 1790811766.738294043
shard_start 470 1790811766.739398925
shard_start 50 1790811766.742108083
shard_start 162 1790811766.743253452
shard_start 274 1790811766.746499793
shard_end 160 1790811766.750091475
shard_end 245 1790811766.751992910
shard_end 77 1790811766.752619783
shard_end 441 1790811766.755637573
shard_end 469 1790811766.755637558
shard_end 49 1790811766.756857394
shard_end 497 1790811766.759045090
shard_end 329 1790811766.759839775
shard_end 180 1790811766.761643451
shard_end 186 1790811766.762603891
shard_start 326 1790811766.768370553
shard_start 382 1790811766.768770625
shard_start 330 1790811766.772166921
shard_start 386 1790811766.775380912
shard_start 79 1790811766.776768251
shard_start 191 1790811766.778044501
shard_start 247 1790811766.780212337
shard_end 270 1790811766.781570929
shard_end 273 1790811766.782179134
shard_start 471 1790811766.782979415
shard_start 219 1790811766.784138751
shard_end 385 1790811766.784198716
shard_end 78 1790811766.785922253
shard_start 499 1790811766.788316059
shard_end 190 1790811766.788980560
shard_end 246 1790811766.790140861
shard_start 443 1790811766.790138940
shard_end 470 1790811766.791511544
shard_end 50 1790811766.794418580
shard_end 162 1790811766.795020446
shard_end 274 1790811766.798325087
shard_end 326 1790811766.820353096
shard_end 382 1790811766.820484800
shard_end 330 1790811766.824284703
shard_end 386 1790811766.827375838
shard_end 79 1790811766.828720168
shard_end 191 1790811766.829821846
shard_end 247 1790811766.832165151
shard_end 471 1790811766.834991348
shard_end 219 1790811766.836733269
shard_end 499 1790811766.840231512
shard_end 443 1790811766.842904338
shard_start 187 1790811767.575161619
shard_start 243 1790811767.576456924
shard_start 48 1790811767.578370605
shard_start 161 1790811767.579450300
shard_start 387 1790811767.580163988
shard_start 80 1790811767.582476145
shard_start 192 1790811767.582715701
shard_start 248 1790811767.585049433
shard_start 472 1790811767.586167409
shard_start 52 1790811767.587358670
shard_start 108 1790811767.589339757
shard_start 276 1790811767.591087544
shard_start 332 1790811767.591498588
shard_start 388 1790811767.592650953
shard_start 81 1790811767.595108807
shard_start 193 1790811767.595876531
shard_start 249 1790811767.598277594
shard_start 473 1790811767.599135403
shard_start 109 1790811767.600628155
shard_start 277 1790811767.602830110
shard_start 333 1790811767.603798891
shard_start 389 1790811767.604430570
shard_start 82 1790811767.605375486
shard_start 194 1790811767.607203368
shard_start 250 1790811767.608265524
shard_start 474 1790811767.609427053
shard_start 110 1790811767.610826730
shard_start 235 1790811767.612431561
shard_start 459 1790811767.614539857
shard_start 67 1790811767.615765419
shard_start 96 1790811767.618162476
shard_start 208 1790811767.620592065
shard_end 187 1790811767.627302319
shard_end 243 1790811767.628242029
shard_end 48 1790811767.630921820
shard_end 161 1790811767.631850816
shard_end 387 1790811767.632031435
shard_end 80 1790811767.634248303
shard_end 192 1790811767.634527621
shard_end 248 1790811767.636823836
shard_end 472 1790811767.637898132
shard_end 52 1790811767.639048096
shard_end 108 1790811767.641203976
shard_start 66 1790811767.641444945
shard_end 276 1790811767.642854881
shard_end 332 1790811767.643698628
shard_end 388 1790811767.644778387
shard_end 81 1790811767.647680968
shard_end 193 1790811767.647788529
shard_end 249 1790811767.650017124
shard_end 473 1790811767.650771371
shard_end 109 1790811767.652189010
shard_end 277 1790811767.654720660
shard_end 333 1790811767.655801196
shard_end 389 1790811767.656115351
shard_start 215 1790811767.656661308
shard_end 82 1790811767.657093840
shard_start 476 1790811767.657646112
shard_end 194 1790811767.658915595
shard_start 168 1790811767.659728974
shard_end 250 1790811767.660236842
shard_end 474 1790811767.661378983
shard_start 224 1790811767.662633105
shard_end 110 1790811767.663238953
shard_start 448 1790811767.663797919
shard_end 235 1790811767.664933101
shard_start 56 1790811767.665776019
shard_end 459 1790811767.666559129
shard_start 0 1790811767.667134609
shard_end 67 1790811767.667906311
shard_start 112 1790811767.669250911
shard_end 96 1790811767.670313747
shard_start 392 1790811767.671401148
shard_end 208 1790811767.672373198
shard_start 439 1790811767.691764126
shard_start 495 1790811767.693938304
shard_end 66 1790811767.693903787
shard_start 253 1790811767.694543084
shard_start 477 1790811767.696143113
shard_start 57 1790811767.697677324
shard_start 169 1790811767.698678536
shard_start 225 1790811767.699945475
shard_start 449 1790811767.702058167
shard_start 1 1790811767.703949208
shard_start 113 1790811767.704575626
shard_start 281 1790811767.705992855
shard_start 337 1790811767.707613017
shard_end 215 1790811767.708371409
shard_start 393 1790811767.709034967
shard_end 476 1790811767.709508412
shard_start 86 1790811767.709965067
shard_end 168 1790811767.711803177
shard_start 198 1790811767.711828348
shard_start 254 1790811767.713688049
shard_end 224 1790811767.714797849
shard_start 478 1790811767.715038684
shard_end 448 1790811767.715465574
shard_start 170 1790811767.716563101
shard_start 58 1790811767.718157748
shard_end 56 1790811767.719026477
shard_start 226 1790811767.719662269
shard_end 0 1790811767.719859748
shard_end 112 1790811767.721142730
shard_end 392 1790811767.723195093
shard_start 479 1790811767.734907554
shard_start 59 1790811767.736669371
shard_start 171 1790811767.736789129
shard_start 227 1790811767.738572359
shard_start 451 1790811767.740547498
shard_start 3 1790811767.741206132
shard_start 115 1790811767.742868699
shard_end 439 1790811767.744298641
shard_start 283 1790811767.744513509
shard_end 495 1790811767.746393466
shard_end 253 1790811767.746996150
shard_end 477 1790811767.747904864
shard_end 57 1790811767.749329642
shard_end 169 1790811767.750357755
shard_end 225 1790811767.752130875
shard_end 449 1790811767.753895170
shard_end 1 1790811767.756315806
shard_end 113 1790811767.756338649
shard_start 480 1790811767.757193996
shard_end 281 1790811767.757650564
shard_start 200 1790811767.757763797
shard_end 337 1790811767.759849822
shard_start 88 1790811767.760596796
shard_start 9 1790811767.761712874
shard_end 393 1790811767.761791838
shard_end 86 1790811767.762890020
shard_end 198 1790811767.763828970
shard_end 254 1790811767.765530056
shard_end 478 1790811767.766679072
shard_end 170 1790811767.768260942
shard_end 58 1790811767.769930122
shard_end 226 1790811767.771469183
shard_start 271 1790811767.778803171
shard_start 172 1790811767.779788287
shard_start 340 1790811767.780929128
shard_start 396 1790811767.782708590
shard_start 89 1790811767.782946936
shard_start 201 1790811767.785108018
shard_start 257 1790811767.786183850
shard_end 479 1790811767.787349792
shard_end 59 1790811767.788901106
shard_end 171 1790811767.789029810
shard_start 481 1790811767.789452074
shard_end 227 1790811767.790485805
shard_start 61 1790811767.790595512
shard_end 451 1790811767.792527835
shard_start 173 1790811767.792531777
shard_end 3 1790811767.793394071
shard_end 115 1790811767.795088715
shard_start 229 1790811767.795553896
shard_end 283 1790811767.796554510
shard_end 480 1790811767.809480275
shard_end 200 1790811767.809537102
shard_end 88 1790811767.813064203
shard_end 9 1790811767.813974048
shard_start 103 1790811767.814561713
shard_start 327 1790811767.816515728
shard_start 117 1790811767.819987096
shard_start 285 1790811767.822295460
shard_start 341 1790811767.823277228
shard_start 397 1790811767.825887271
shard_start 90 1790811767.828495833
shard_start 202 1790811767.830340767
shard_end 271 1790811767.831507546
shard_start 258 1790811767.832062600
shard_end 340 1790811767.832848395
shard_end 172 1790811767.832899579
shard_end 396 1790811767.835058238
shard_start 482 1790811767.835076980
shard_end 89 1790811767.835297910
shard_end 201 1790811767.836888608
shard_start 230 1790811767.837128244
shard_end 257 1790811767.838383783
shard_start 62 1790811767.839018243
shard_start 174 1790811767.840517013
shard_end 481 1790811767.841661088
shard_end 61 1790811767.843154068
shard_end 173 1790811767.844907521
shard_end 229 1790811767.847992136
shard_end 103 1790811767.867440091
shard_start 63 1790811767.868326104
shard_end 327 1790811767.868306672
shard_start 456 1790811767.869921035
shard_end 117 1790811767.872171439
shard_end 285 1790811767.874709839
shard_end 341 1790811767.875865026
shard_end 397 1790811767.877811168
shard_end 90 1790811767.880516323
shard_end 202 1790811767.882867518
shard_end 258 1790811767.884447328
shard_end 482 1790811767.888000993
shard_end 230 1790811767.889476325
shard_end 62 1790811767.890913824
shard_end 174 1790811767.892392722
shard_end 63 1790811767.920698560
shard_end 456 1790811767.921621067
shard_start 383 1790811768.631321397
shard_start 76 1790811768.632232291
shard_start 452 1790811768.634007665
shard_start 116 1790811768.634858119
shard_start 284 1790811768.635535537
shard_start 453 1790811768.636728181
shard_start 4 1790811768.638316042
shard_start 454 1790811768.639484697
shard_start 91 1790811768.640973086
shard_start 203 1790811768.642590193
shard_start 259 1790811768.643462406
shard_start 483 1790811768.644701650
shard_start 231 1790811768.646097773
shard_start 175 1790811768.647193509
shard_start 455 1790811768.648083778
shard_start 92 1790811768.650127676
shard_start 204 1790811768.650528597
shard_start 260 1790811768.651525742
shard_start 484 1790811768.652596225
shard_start 64 1790811768.654000336
shard_start 176 1790811768.655247425
shard_start 232 1790811768.656594201
shard_start 93 1790811768.658151019
shard_start 205 1790811768.659200055
shard_start 261 1790811768.660092939
shard_start 234 1790811768.661663662
shard_start 179 1790811768.663094527
shard_start 264 1790811768.664108842
shard_start 488 1790811768.665514472
shard_start 68 1790811768.666779575
shard_start 236 1790811768.668204204
shard_start 242 1790811768.669323901
shard_end 383 1790811768.683179682
shard_end 76 1790811768.683847372
shard_end 452 1790811768.685645230
shard_end 116 1790811768.686836839
shard_end 284 1790811768.687106945
shard_end 453 1790811768.688360211
shard_end 454 1790811768.691055608
shard_end 4 1790811768.691130367
shard_end 91 1790811768.692736745
shard_start 487 1790811768.693069820
shard_end 203 1790811768.694315636
shard_end 259 1790811768.695202484
shard_end 483 1790811768.696523881
shard_end 231 1790811768.697818664
shard_end 175 1790811768.698734981
shard_end 455 1790811768.699744726
shard_end 92 1790811768.702518902
shard_end 204 1790811768.702960291
shard_start 75 1790811768.703647754
shard_end 260 1790811768.703633300
shard_end 484 1790811768.704886147
shard_start 163 1790811768.705531734
shard_end 64 1790811768.705877708
shard_end 176 1790811768.706991536
shard_start 331 1790811768.706999463
shard_end 232 1790811768.708484175
shard_end 93 1790811768.709877084
shard_start 94 1790811768.710529590
shard_end 205 1790811768.710846757
shard_end 261 1790811768.711725930
shard_start 206 1790811768.711792424
shard_end 234 1790811768.713191846
shard_start 87 1790811768.713610098
shard_end 179 1790811768.715203161
shard_end 264 1790811768.715966717
shard_end 488 1790811768.717160949
shard_end 68 1790811768.719103754
shard_end 236 1790811768.720014115
shard_end 242 1790811768.720979592
shard_start 438 1790811768.729953848
shard_start 467 1790811768.731712718
shard_start 498 1790811768.732312970
shard_start 106 1790811768.733660418
shard_start 485 1790811768.734913630
shard_start 177 1790811768.736335073
shard_start 233 1790811768.737164389
shard_start 457 1790811768.739416994
shard_start 65 1790811768.740534360
shard_start 450 1790811768.743354618
shard_start 51 1790811768.744419562
shard_end 487 1790811768.744965888
shard_start 107 1790811768.746896293
shard_start 275 1790811768.748437947
shard_start 2 1790811768.749857143
shard_start 114 1790811768.750524076
shard_start 262 1790811768.752357116
shard_start 486 1790811768.753341723
shard_end 75 1790811768.756346489
shard_end 163 1790811768.757517914
shard_end 331 1790811768.759072577
shard_end 94 1790811768.762889021
shard_end 206 1790811768.763781739
shard_end 87 1790811768.765250388
shard_start 158 1790811768.766189715
shard_start 442 1790811768.767707938
shard_start 218 1790811768.769124016
shard_start 282 1790811768.771131218
shard_start 338 1790811768.772342836
shard_start 394 1790811768.774330721
shard_start 199 1790811768.775389710
shard_start 255 1790811768.776540814
shard_start 207 1790811768.778353034
shard_end 438 1790811768.782064352
shard_end 467 1790811768.783540182
shard_end 498 1790811768.784288961
shard_end 106 1790811768.785325981
shard_end 485 1790811768.786753130
shard_end 177 1790811768.788079747
shard_end 233 1790811768.788976403
shard_start 336 1790811768.789361471
shard_start 105 1790811768.791341185
shard_end 457 1790811768.791333144
shard_end 65 1790811768.792631120
shard_start 85 1790811768.793339410
shard_start 197 1790811768.794018560
shard_end 450 1790811768.795534314
shard_end 51 1790811768.796237371
shard_start 178 1790811768.797141802
shard_start 395 1790811768.797927168
shard_end 107 1790811768.798820441
shard_end 275 1790811768.800301087
shard_end 2 1790811768.802241147
shard_end 114 1790811768.802533144
shard_end 262 1790811768.804100689
shard_end 486 1790811768.805559247
shard_start 278 1790811768.810727886
shard_start 334 1790811768.813105451
shard_start 47 1790811768.813355799
shard_start 390 1790811768.815235415
shard_start 195 1790811768.818456970
shard_end 158 1790811768.819098388
shard_start 251 1790811768.819604931
shard_start 188 1790811768.820390102
shard_end 442 1790811768.820388969
shard_start 84 1790811768.821326756
shard_end 218 1790811768.821623446
shard_end 282 1790811768.822869002
shard_start 95 1790811768.824184757
shard_end 338 1790811768.824456334
shard_start 256 1790811768.826853450
shard_end 199 1790811768.826981297
shard_end 394 1790811768.826873073
shard_end 255 1790811768.828318031
shard_end 207 1790811768.830342861
shard_start 228 1790811768.838342342
shard_start 494 1790811768.839868836
shard_end 336 1790811768.841136449
shard_start 475 1790811768.841266604
shard_start 83 1790811768.842272938
shard_end 105 1790811768.843171380
shard_start 244 1790811768.844321117
shard_end 85 1790811768.845025388
shard_start 468 1790811768.845191972
shard_end 197 1790811768.845868454
shard_start 447 1790811768.847054727
shard_start 55 1790811768.848831294
shard_end 178 1790811768.848835770
shard_end 395 1790811768.850094126
shard_start 111 1790811768.850792242
shard_start 339 1790811768.852226806
shard_start 263 1790811768.853900396
shard_end 278 1790811768.862860221
shard_start 60 1790811768.864707025
shard_end 334 1790811768.865041265
shard_end 47 1790811768.865876575
shard_start 279 1790811768.866704343
shard_end 390 1790811768.867180782
shard_start 335 1790811768.868826160
shard_end 195 1790811768.870564231
shard_start 391 1790811768.870458519
shard_end 251 1790811768.871754753
shard_end 188 1790811768.872799260
shard_end 84 1790811768.872949505
shard_start 458 1790811768.873015957
shard_start 252 1790811768.874825377
shard_end 95 1790811768.876342268
shard_end 256 1790811768.878829242
shard_start 196 1790811768.883857202
shard_start 280 1790811768.886368017
shard_end 228 1790811768.890691614
shard_end 494 1790811768.892496379
shard_end 475 1790811768.893129080
shard_end 83 1790811768.894067132
shard_end 244 1790811768.896043256
shard_end 468 1790811768.897152249
shard_end 447 1790811768.898728392
shard_end 55 1790811768.900787918
shard_end 111 1790811768.902656590
shard_end 339 1790811768.904255326
shard_end 263 1790811768.905563617
shard_end 60 1790811768.916643368
shard_end 279 1790811768.918850581
shard_end 335 1790811768.920552680
shard_end 391 1790811768.923023584
shard_end 458 1790811768.925449869
shard_end 252 1790811768.927108574
shard_end 196 1790811768.936559137
shard_end 280 1790811768.939221556
agg_start 0 1790811769.652860095
agg_end 0 1790811769.657027090
