shard_start 3 1790811178.292618580
shard_start 0 1790811178.300943831
shard_start 4 1790811178.309926855
shard_start 6 1790811178.318471989
shard_start 2 1790811178.326933926
shard_start 5 1790811178.336536834
shard_start 7 1790811178.342591869
shard_end 3 1790811178.344171153
shard_start 1 1790811178.348254872
shard_end 0 1790811178.352879808
shard_end 4 1790811178.361721922
shard_end 6 1790811178.370382846
shard_end 2 1790811178.378780811
shard_end 5 1790811178.388599723
shard_end 7 1790811178.394399447
shard_end 1 1790811178.400089186
shard_start 8 1790811178.405125587
shard_start 9 1790811178.417348075
shard_end 8 1790811178.456982889
shard_end 9 1790811178.469379966
agg_start 0 1790811181.420558062
agg_end 0 1790811181.422957280
