shard 5 1790810232.989279712
shard 2 1790810232.989501558
shard 3 1790810232.989871500
shard 4 1790810232.989979537
shard 1 1790810232.990395564
shard 7 1790810232.990603473
shard 6 1790810232.991001305
shard 0 1790810232.991064237
shard 15 1790810233.024705274
shard 14 1790810233.057353954
shard 12 1790810233.827300559
shard 22 1790810233.834712637
shard 10 1790810233.834769021
shard 17 1790810233.834759197
shard 21 1790810233.834788771
shard 13 1790810233.834816465
shard 30 1790810233.835138297
shard 11 1790810233.835188719
shard 23 1790810233.835343565
shard 19 1790810233.835561120
shard 16 1790810233.836061918
shard 18 1790810233.836378665
shard 20 1790810233.836502620
shard 24 1790810233.838218418
shard 25 1790810233.838949550
shard 31 1790810233.839003029
shard 26 1790810233.839116517
shard 28 1790810233.839139973
shard 27 1790810233.839103939
shard 29 1790810233.839313432
shard 8 1790810233.839359137
shard 9 1790810233.839446935
shard 36 1790810239.132795361
shard 37 1790810239.144167622
shard 38 1790810239.157170980
shard 39 1790810239.169336622
shard 33 1790810239.180296500
shard 32 1790810239.188184952
shard 35 1790810239.199948133
shard 34 1790810239.211590210
shard 44 1790810239.255710992
shard 46 1790810239.280421628
shard 45 1790810239.301140090
shard 40 1790810239.330085130
shard 47 1790810239.383324082
shard 43 1790810239.385617657
shard 41 1790810239.386081906
shard 42 1790810239.386499308
shard 52 1790810239.393812301
shard 54 1790810239.409676635
shard 53 1790810239.427889959
shard 48 1790810239.471799110
shard 55 1790810239.481106912
shard 49 1790810239.505096580
shard 50 1790810239.521763157
shard 60 1790810239.529978174
shard 51 1790810239.546710092
shard 62 1790810239.557278346
shard 61 1790810239.568701626
shard 57 1790810239.604048222
shard 63 1790810239.609117960
shard 56 1790810239.624021842
shard 68 1790810239.635091925
shard 59 1790810239.646050692
shard 58 1790810242.246640674
shard 70 1790810242.258118282
shard 69 1790810242.267623988
shard 71 1790810242.276580481
shard 64 1790810242.286686281
shard 65 1790810242.295344635
shard 76 1790810242.303089126
shard 67 1790810242.311075240
shard 66 1790810242.358761059
shard 77 1790810242.372835580
shard 78 1790810242.384665604
shard 79 1790810242.398206756
shard 72 1790810242.408130689
shard 73 1790810242.421236866
shard 84 1790810242.432248713
shard 75 1790810242.439550702
shard 74 1790810242.473120865
shard 86 1790810242.484565791
shard 85 1790810242.500320919
shard 87 1790810242.514147591
shard 92 1790810242.524998855
shard 80 1790810242.535570276
shard 82 1790810242.550977744
shard 81 1790810242.559806648
shard 94 1790810242.588045158
shard 83 1790810242.597650541
shard 95 1790810242.610404962
shard 93 1790810242.626600778
shard 88 1790810242.637568272
shard 89 1790810242.650397991
shard 100 1790810242.661767540
shard 90 1790810242.673231757
shard 102 1790810245.339654734
shard 91 1790810245.349364010
shard 103 1790810245.359267571
shard 101 1790810245.369009858
shard 108 1790810245.381624396
shard 96 1790810245.388402547
shard 98 1790810245.422031126
shard 110 1790810245.427214916
shard 97 1790810245.453830422
shard 99 1790810245.466098372
shard 111 1790810245.479671759
shard 109 1790810245.497261033
shard 116 1790810245.509516517
shard 104 1790810245.518721009
shard 106 1790810245.548431990
shard 105 1790810245.553375347
shard 107 1790810245.568435141
shard 118 1790810245.580711304
shard 117 1790810245.597587567
shard 119 1790810245.609490399
shard 124 1790810245.622386469
shard 112 1790810245.633156306
shard 114 1790810245.667765963
shard 113 1790810245.674293916
shard 115 1790810245.686009443
shard 125 1790810245.698343908
shard 126 1790810245.711188521
shard 127 1790810245.721961075
shard 132 1790810245.732993222
shard 120 1790810245.745452101
shard 122 1790810245.790158396
shard 121 1790810245.797105661
shard 123 1790810248.461142384
shard 133 1790810248.469510995
shard 135 1790810248.481776583
shard 140 1790810248.500296433
shard 128 1790810248.508344394
shard 129 1790810248.517416490
shard 130 1790810248.526160906
shard 134 1790810248.571172687
shard 131 1790810248.583447579
shard 148 1790810248.599774205
shard 143 1790810248.615131682
shard 142 1790810248.714751430
shard 141 1790810248.721922558
shard 137 1790810248.745912939
shard 136 1790810248.749826855
shard 139 1790810248.756775938
shard 138 1790810248.763603756
shard 156 1790810249.554678511
shard 151 1790810249.564988365
shard 149 1790810249.579604036
shard 150 1790810249.589917980
shard 144 1790810249.600484533
shard 146 1790810249.612808783
shard 145 1790810249.622764005
shard 147 1790810249.633384654
shard 157 1790810249.666725840
shard 159 1790810249.683028165
shard 164 1790810249.697519734
shard 158 1790810249.713792021
shard 152 1790810249.722852085
shard 154 1790810249.741580965
shard 153 1790810249.749665588
shard 155 1790810251.733824599
shard 166 1790810251.737057079
shard 167 1790810251.737290958
shard 162 1790810251.737398531
shard 172 1790810251.737665878
shard 160 1790810251.737898147
shard 165 1790810251.738108717
shard 163 1790810251.738354551
shard 175 1790810251.770516639
shard 173 1790810251.784598767
shard 180 1790810251.802642781
shard 161 1790810251.807826208
shard 174 1790810251.826646315
shard 168 1790810251.832231237
shard 170 1790810251.852544479
shard 171 1790810251.857019524
shard 169 1790810251.880449089
shard 183 1790810252.743488850
shard 181 1790810252.757862088
shard 188 1790810252.766699755
shard 182 1790810252.776113159
shard 176 1790810252.789015077
shard 178 1790810252.801121251
shard 179 1790810252.810449490
shard 177 1790810252.818623389
shard 191 1790810252.858839229
shard 196 1790810252.869542309
shard 189 1790810252.882664003
shard 190 1790810252.897436451
shard 184 1790810252.911861256
shard 186 1790810252.923908391
shard 187 1790810253.161853628
shard 185 1790810254.839450391
shard 199 1790810254.853042034
shard 204 1790810254.855327488
shard 197 1790810254.866503882
shard 198 1790810254.877662921
shard 192 1790810254.886602085
shard 194 1790810254.894279698
shard 195 1790810254.903741370
shard 193 1790810254.952181689
shard 212 1790810254.976185325
shard 207 1790810254.979609941
shard 206 1790810255.002197954
shard 205 1790810255.008632974
shard 200 1790810255.023431899
shard 202 1790810255.037415216
shard 203 1790810255.044652169
shard 215 1790810255.065757501
shard 208 1790810255.951882459
shard 210 1790810255.957601650
shard 201 1790810255.967682539
shard 213 1790810255.974450976
shard 220 1790810255.980667124
shard 214 1790810256.000336028
shard 211 1790810256.008649126
shard 223 1790810256.015851276
shard 209 1790810256.064047664
shard 221 1790810256.077917323
shard 228 1790810256.107897680
shard 218 1790810256.112265657
shard 222 1790810256.122080100
shard 216 1790810256.137638320
shard 219 1790810257.030454486
shard 231 1790810258.039593759
shard 217 1790810258.049375171
shard 236 1790810258.063877400
shard 229 1790810258.074597540
shard 226 1790810258.082068111
shard 224 1790810258.095901538
shard 230 1790810258.101062140
shard 239 1790810258.128640157
shard 227 1790810258.152356579
shard 225 1790810258.164263555
shard 244 1790810258.175527920
shard 237 1790810258.187962562
shard 238 1790810258.202007697
shard 232 1790810258.219650544
shard 234 1790810258.226160775
shard 247 1790810258.236653043
shard 235 1790810258.265190951
shard 233 1790810259.134118270
shard 252 1790810259.136738759
shard 245 1790810259.145756753
shard 246 1790810259.155701980
shard 242 1790810259.167957791
shard 240 1790810259.174508840
shard 241 1790810259.183204826
shard 255 1790810259.193434197
shard 243 1790810259.242971634
shard 253 1790810259.256278189
shard 260 1790810259.269937437
shard 250 1790810259.283376763
shard 248 1790810259.296296706
shard 254 1790810259.310280825
shard 263 1790810260.205205802
shard 249 1790810261.211770883
shard 261 1790810261.220743473
shard 251 1790810261.234387881
shard 268 1790810261.241418367
shard 258 1790810261.253669955
shard 262 1790810261.262299732
shard 256 1790810261.271464672
shard 271 1790810261.277211404
shard 257 1790810261.324209463
shard 269 1790810261.336747600
shard 276 1790810261.361046047
shard 259 1790810261.368702291
shard 266 1790810261.384580294
shard 264 1790810261.395930931
shard 270 1790810261.404188760
shard 279 1790810261.414416749
shard 265 1790810261.438752719
shard 286 1790810264.735572226
shard 284 1790810264.735895747
shard 272 1790810264.735874915
shard 285 1790810264.735850558
shard 287 1790810264.736375474
shard 275 1790810264.736559766
shard 278 1790810264.736581463
shard 281 1790810264.736542659
shard 274 1790810264.736578928
shard 277 1790810264.736546962
shard 267 1790810264.736735112
shard 282 1790810264.736556935
shard 273 1790810264.736650095
shard 292 1790810264.736762362
shard 295 1790810265.739511925
shard 280 1790810266.761330826
shard 293 1790810266.770205863
shard 300 1790810266.779768582
shard 290 1790810266.787909328
shard 289 1790810266.799005482
shard 294 1790810266.806770079
shard 303 1790810266.817719631
shard 283 1790810266.824828539
shard 288 1790810267.908636318
shard 308 1790810267.909098575
shard 298 1790810267.909467174
shard 301 1790810267.909564718
shard 296 1790810267.914977494
shard 316 1790810267.915352000
shard 302 1790810267.915514283
shard 311 1790810267.915552781
shard 291 1790810267.915555187
shard 297 1790810267.915788366
shard 306 1790810268.210109390
shard 309 1790810268.211407713
shard 319 1790810269.217341204
shard 310 1790810269.217667742
shard 299 1790810269.217689093
shard 324 1790810269.218397224
shard 305 1790810269.218571112
shard 314 1790810269.218668731
shard 318 1790810269.218612997
shard 307 1790810269.218802951
shard 304 1790810269.218958101
shard 313 1790810269.219139901
shard 317 1790810269.219324870
shard 327 1790810273.167930297
shard 312 1790810273.181013145
shard 322 1790810273.188517504
shard 325 1790810274.176568427
shard 332 1790810274.184625544
shard 326 1790810274.193818915
shard 315 1790810274.205947427
shard 321 1790810274.219112225
shard 335 1790810274.228438924
shard 330 1790810274.327473641
shard 340 1790810274.327713652
shard 320 1790810274.327936960
shard 333 1790810274.328342618
shard 334 1790810274.332899518
shard 329 1790810274.354283641
shard 328 1790810274.371838400
shard 323 1790810274.378684834
shard 343 1790810274.389250819
shard 338 1790810274.399338607
shard 342 1790810274.415690850
shard 348 1790810274.435134399
shard 346 1790810275.334469243
shard 331 1790810275.334506823
shard 336 1790810275.334470841
shard 356 1790810275.334577264
shard 341 1790810275.334600049
shard 351 1790810275.334775437
shard 337 1790810275.334854362
shard 350 1790810275.335620373
shard 359 1790810275.417943049
shard 345 1790810275.418723535
shard 349 1790810275.497820738
shard 344 1790810276.352639954
shard 354 1790810276.361860644
shard 339 1790810276.366571659
shard 364 1790810277.357668619
shard 358 1790810277.367157496
shard 357 1790810277.378056067
shard 352 1790810277.384836787
shard 367 1790810277.394139322
shard 347 1790810277.596502544
shard 366 1790810277.598232971
shard 360 1790810277.598271532
shard 361 1790810277.598897964
shard 372 1790810277.599092467
shard 353 1790810277.599125866
shard 362 1790810277.599201456
shard 365 1790810277.599437859
shard 375 1790810277.715330059
shard 374 1790810277.733461820
shard 380 1790810277.737294089
shard 355 1790810277.744827146
shard 370 1790810277.919908418
shard 373 1790810278.721922270
shard 369 1790810278.735537370
shard 368 1790810278.748211637
shard 383 1790810278.757099431
shard 363 1790810278.768308712
shard 388 1790810278.936942079
shard 378 1790810278.944219799
shard 382 1790810278.958637950
shard 381 1790810278.972859664
shard 377 1790810278.988455324
shard 376 1790810278.994475272
shard 391 1790810279.002606889
shard 371 1790810279.010034852
shard 386 1790810279.987075399
shard 389 1790810280.998410938
shard 390 1790810281.000587346
shard 396 1790810281.013892707
shard 384 1790810281.023839537
shard 399 1790810281.032292601
shard 385 1790810281.042028579
shard 379 1790810281.053017039
shard 394 1790810281.058172292
shard 397 1790810281.123953372
shard 404 1790810281.124997398
shard 398 1790810281.146078430
shard 392 1790810281.154686970
shard 407 1790810281.179854608
shard 387 1790810281.194499771
shard 393 1790810281.202773466
shard 402 1790810281.210770033
shard 405 1790810281.228936441
shard 406 1790810281.247921621
shard 412 1790810282.082194361
shard 400 1790810282.094468238
shard 415 1790810282.099807630
shard 401 1790810282.112582283
shard 410 1790810282.122018780
shard 395 1790810282.138609580
shard 413 1790810282.141507157
shard 420 1790810282.150191173
shard 414 1790810282.197926204
shard 423 1790810282.225187200
shard 408 1790810282.228527336
shard 409 1790810282.244719656
shard 418 1790810282.252812199
shard 421 1790810283.176995948
shard 403 1790810284.187713108
shard 428 1790810284.214520232
shard 422 1790810284.216968974
shard 416 1790810284.219703460
shard 431 1790810284.225577213
shard 417 1790810284.238131424
shard 426 1790810284.243484269
shard 411 1790810284.252042394
shard 429 1790810284.300004493
shard 436 1790810284.469302787
shard 430 1790810284.473324444
shard 434 1790810284.499931918
shard 425 1790810284.508018379
shard 424 1790810284.511663656
shard 437 1790810284.518358891
shard 439 1790810284.524762697
shard 419 1790810284.529510941
shard 444 1790810284.580178027
shard 438 1790810285.272985669
shard 432 1790810285.282902367
shard 447 1790810285.289194340
shard 433 1790810285.300371885
shard 427 1790810285.312416651
shard 442 1790810285.320518684
shard 445 1790810285.347873166
shard 452 1790810285.349270390
shard 446 1790810285.474406619
shard 435 1790810285.474972602
shard 455 1790810285.474973680
shard 440 1790810285.475253921
shard 441 1790810285.475293713
shard 450 1790810286.370722473
shard 460 1790810287.377374856
shard 453 1790810287.377374847
shard 454 1790810287.389844961
shard 463 1790810287.400401106
shard 448 1790810287.406518157
shard 449 1790810287.413559976
shard 443 1790810287.422518593
shard 458 1790810287.430781690
shard 468 1790810287.545301337
shard 461 1790810287.545878699
shard 462 1790810287.545829653
shard 471 1790810287.546709286
shard 451 1790810287.553264429
shard 457 1790810287.557982220
shard 456 1790810287.566271954
shard 466 1790810287.569876960
shard 476 1790810287.591856310
shard 469 1790810287.605546646
shard 470 1790810288.452012255
shard 464 1790810288.461155188
shard 484 1790810288.550311172
shard 465 1790810288.550661088
shard 479 1790810288.551109700
shard 477 1790810288.551589666
shard 459 1790810288.551732398
shard 478 1790810288.552118308
shard 467 1790810288.579168641
shard 474 1790810288.674940950
shard 472 1790810288.676489498
shard 473 1790810288.676687653
shard 487 1790810288.676794823
shard 492 1790810289.565405479
shard 486 1790810290.575690753
shard 482 1790810290.581099722
shard 485 1790810290.691550004
shard 481 1790810290.701576948
shard 495 1790810290.711623424
shard 475 1790810290.718223291
shard 480 1790810290.723777121
shard 490 1790810290.768292198
shard 493 1790810290.768436859
shard 494 1790810290.768469974
shard 489 1790810290.806838184
shard 488 1790810290.819718658
shard 498 1790810290.849653312
shard 483 1790810290.856898396
shard 491 1790810290.863392859
shard 496 1790810290.881912278
shard 497 1790810290.890615771
shard 499 1790810290.895416656
agg 0 1790810293.134613248
