shard 1 1790810216.603764510
shard 4 1790810216.618337105
shard 2 1790810216.630148975
shard 0 1790810216.650049120
shard 6 1790810216.663730140
shard 5 1790810216.671823005
shard 3 1790810216.687510404
shard 7 1790810216.700564698
shard 9 1790810216.761987068
shard 10 1790810216.780672137
shard 14 1790810216.795885024
shard 11 1790810216.834413521
shard 12 1790810216.848109711
shard 8 1790810216.861530577
shard 13 1790810216.884647226
shard 15 1790810216.892017971
shard 17 1790810216.932139573
shard 22 1790810216.960811082
shard 20 1790810216.964744240
shard 16 1790810216.996355218
shard 18 1790810217.013549758
shard 21 1790810217.021623920
shard 19 1790810217.032222539
shard 23 1790810217.038551007
shard 25 1790810217.053246194
shard 24 1790810217.083435099
shard 26 1790810217.087946277
shard 28 1790810217.109194106
shard 30 1790810217.124969144
shard 29 1790810217.140232397
shard 27 1790810217.154959885
shard 31 1790810217.162607466
shard 33 1790810219.893948679
shard 35 1790810219.905808361
shard 34 1790810219.914175403
shard 38 1790810219.925443961
shard 32 1790810219.938745663
shard 37 1790810219.945015447
shard 39 1790810219.949759001
shard 36 1790810219.958480206
shard 42 1790810220.020750080
shard 46 1790810220.031458631
shard 43 1790810220.041822750
shard 44 1790810220.053172834
shard 41 1790810220.067726102
shard 47 1790810220.073547511
shard 45 1790810220.081031056
shard 40 1790810220.087511140
shard 49 1790810220.115940452
shard 51 1790810220.132191343
shard 52 1790810220.142474735
shard 50 1790810220.156942301
shard 54 1790810220.170703279
shard 53 1790810220.189607481
shard 55 1790810220.201781457
shard 48 1790810220.207236605
shard 57 1790810220.230745234
shard 60 1790810220.248377309
shard 62 1790810220.265905816
shard 61 1790810220.285410190
shard 58 1790810220.292232489
shard 63 1790810220.306113889
shard 59 1790810220.981729432
shard 56 1790810220.987932030
shard 64 1790810223.110957936
shard 65 1790810223.111238145
shard 73 1790810223.111433661
shard 68 1790810223.111557399
shard 66 1790810223.111769160
shard 69 1790810223.111862462
shard 78 1790810223.111911743
shard 71 1790810223.112226373
shard 70 1790810223.112313794
shard 67 1790810223.112427449
shard 74 1790810223.120595498
shard 76 1790810223.131062642
shard 77 1790810223.142096301
shard 79 1790810223.153829227
shard 75 1790810223.169264576
shard 72 1790810223.175103436
shard 81 1790810223.208682000
shard 82 1790810223.257674010
shard 85 1790810223.262421382
shard 84 1790810223.262367594
shard 87 1790810223.262753725
shard 86 1790810223.265674221
shard 83 1790810223.279761615
shard 80 1790810223.292840302
shard 89 1790810223.321618938
shard 93 1790810223.335913436
shard 92 1790810223.347273580
shard 90 1790810223.358734995
shard 91 1790810223.371188463
shard 95 1790810223.382862693
shard 88 1790810224.116458287
shard 94 1790810224.116458263
shard 97 1790810226.082660826
shard 99 1790810226.088080998
shard 98 1790810226.097096683
shard 96 1790810226.105509311
agg 0 1790810228.920717087
