shard_start 1 1790810346.500167663
shard_start 5 1790810346.523239555
shard_end 1 1790810346.552823454
shard_start 6 1790810346.573221714
shard_end 5 1790810346.575287978
shard_start 3 1790810346.576530186
shard_start 7 1790810346.581598165
shard_start 0 1790810346.595336990
shard_start 2 1790810346.608410430
shard_start 4 1790810346.619718522
shard_end 6 1790810346.626097982
shard_end 3 1790810346.628845733
shard_end 7 1790810346.634571068
shard_end 0 1790810346.648374392
shard_end 2 1790810346.661111824
shard_start 9 1790810346.664941374
shard_end 4 1790810346.672806392
shard_end 9 1790810346.717457465
shard_start 13 1790810346.768624737
shard_start 8 1790810346.812037940
shard_start 14 1790810346.819530822
shard_end 13 1790810346.820835501
shard_start 12 1790810346.827237885
shard_start 11 1790810346.833371479
shard_start 10 1790810346.842266833
shard_end 8 1790810346.864875086
shard_end 14 1790810346.872305279
shard_start 15 1790810346.877473868
shard_end 10 1790810347.010908754
shard_end 12 1790810347.011045978
shard_end 11 1790810347.011214639
shard_end 15 1790810347.011417288
shard_start 21 1790810347.013761284
shard_start 16 1790810347.014520130
shard_start 23 1790810347.014876002
shard_start 20 1790810347.015167591
shard_start 17 1790810347.015957572
shard_start 19 1790810347.015941195
shard_start 18 1790810347.018601482
shard_start 22 1790810347.024018049
shard_start 24 1790810347.036801844
shard_start 28 1790810347.044481030
shard_end 21 1790810347.067538256
shard_end 16 1790810347.067831763
shard_end 23 1790810347.067823336
shard_end 20 1790810347.068076969
shard_end 17 1790810347.068370108
shard_end 19 1790810347.069324083
shard_end 18 1790810347.071400559
shard_end 22 1790810347.078154445
shard_end 24 1790810347.090048666
shard_end 28 1790810347.097097122
shard_start 29 1790810347.109103582
shard_start 25 1790810347.133901192
shard_start 26 1790810347.148534969
shard_start 27 1790810347.153770271
shard_end 29 1790810347.162791808
shard_start 31 1790810347.173816407
shard_start 30 1790810347.178332141
shard_end 25 1790810347.187423170
shard_end 26 1790810347.202166021
shard_end 27 1790810347.206535174
shard_end 30 1790810347.286019460
shard_end 31 1790810347.286087319
shard_start 37 1790810349.939940387
shard_start 32 1790810349.948106293
shard_start 36 1790810349.957139352
shard_start 33 1790810349.964779888
shard_start 35 1790810349.972307309
shard_start 39 1790810349.978077160
shard_start 34 1790810349.985213804
shard_end 37 1790810349.993633049
shard_start 38 1790810349.993998469
shard_end 32 1790810350.001702667
shard_end 36 1790810350.010561312
shard_end 33 1790810350.018263554
shard_end 35 1790810350.025780538
shard_end 39 1790810350.031310504
shard_end 34 1790810350.038721275
shard_end 38 1790810350.047366557
shard_start 40 1790810350.050271001
shard_start 45 1790810350.063689032
shard_start 41 1790810350.073239515
shard_start 44 1790810350.088858854
shard_start 43 1790810350.099009722
shard_end 40 1790810350.127473619
shard_end 45 1790810350.148481767
shard_start 46 1790810350.151593403
shard_start 47 1790810350.151841095
shard_start 42 1790810350.151940795
shard_end 43 1790810350.152030919
shard_end 41 1790810350.169173473
shard_end 44 1790810350.169291556
shard_start 53 1790810350.172377421
shard_end 46 1790810350.204645782
shard_end 47 1790810350.204709415
shard_end 42 1790810350.204953264
shard_start 48 1790810350.210105383
shard_start 49 1790810350.214992566
shard_start 51 1790810350.220390890
shard_end 53 1790810350.225423695
shard_start 52 1790810350.237965782
shard_start 55 1790810350.247544110
shard_start 50 1790810350.253521880
shard_start 54 1790810350.261408705
shard_end 48 1790810350.262812970
shard_end 49 1790810350.268330175
shard_start 61 1790810350.271754830
shard_end 51 1790810350.272868909
shard_end 52 1790810350.290928718
shard_end 55 1790810350.300863657
shard_end 50 1790810350.306385019
shard_end 54 1790810350.321761233
shard_end 61 1790810350.324030482
shard_start 59 1790810350.524754704
shard_start 56 1790810350.524772046
shard_start 57 1790810350.530576505
shard_start 63 1790810350.551930128
shard_start 62 1790810350.555888293
shard_start 60 1790810350.563230744
shard_start 58 1790810350.569889633
shard_end 59 1790810350.577332364
shard_end 56 1790810350.577369169
shard_end 57 1790810350.582958419
shard_end 63 1790810350.604974805
shard_end 62 1790810350.608282284
shard_end 60 1790810350.615553666
shard_end 58 1790810350.623143108
shard_start 69 1790810353.015272254
shard_start 65 1790810353.027041022
shard_start 64 1790810353.034456868
shard_start 67 1790810353.042693506
shard_start 66 1790810353.053873505
shard_start 70 1790810353.059663402
shard_end 69 1790810353.068606550
shard_start 71 1790810353.070027938
shard_start 68 1790810353.071061468
shard_end 65 1790810353.079676704
shard_end 64 1790810353.087244038
shard_end 67 1790810353.095220085
shard_end 66 1790810353.106308212
shard_end 70 1790810353.112035370
shard_end 71 1790810353.122661149
shard_end 68 1790810353.123570455
shard_start 77 1790810353.129565099
shard_start 73 1790810353.142355586
shard_start 72 1790810353.161079777
shard_start 75 1790810353.164013731
shard_start 76 1790810353.181276944
shard_end 77 1790810353.182138053
shard_start 79 1790810353.188676144
shard_end 73 1790810353.195542264
shard_start 74 1790810353.203244669
shard_start 78 1790810353.205459915
shard_end 72 1790810353.213689737
shard_end 75 1790810353.217432628
shard_end 76 1790810353.234155306
shard_start 85 1790810353.238441060
shard_end 79 1790810353.241265234
shard_end 74 1790810353.270863662
shard_end 78 1790810353.270863834
shard_start 81 1790810353.273422166
shard_start 80 1790810353.273485385
shard_start 83 1790810353.285266853
shard_end 85 1790810353.290503510
shard_start 84 1790810353.292596966
shard_start 87 1790810353.304919737
shard_start 82 1790810353.322468967
shard_end 81 1790810353.325945680
shard_end 80 1790810353.326016645
shard_start 86 1790810353.327290746
shard_end 83 1790810353.337684586
shard_end 84 1790810353.345087014
shard_start 93 1790810353.348229467
shard_end 87 1790810353.357556371
shard_start 88 1790810353.361911180
shard_end 82 1790810353.375535151
shard_end 86 1790810353.379746299
shard_start 89 1790810353.382056229
shard_end 93 1790810353.428844220
shard_end 88 1790810353.429013942
shard_start 95 1790810353.432015971
shard_start 91 1790810353.432247238
shard_start 92 1790810353.432724094
shard_start 94 1790810353.434102205
shard_end 89 1790810353.434443332
shard_start 90 1790810353.443162931
shard_end 95 1790810353.484776994
shard_end 92 1790810353.484944047
shard_end 91 1790810353.484853652
shard_end 94 1790810353.486141178
shard_end 90 1790810353.495584238
shard_start 97 1790810356.104027177
shard_start 96 1790810356.114827009
shard_start 99 1790810356.137810360
shard_start 98 1790810356.141354391
shard_end 97 1790810356.156597568
shard_end 96 1790810356.167197282
shard_end 99 1790810356.190644871
shard_end 98 1790810356.193538048
agg_start 0 1790810359.058058898
agg_end 0 1790810359.249746398
