shard_start 1 1790811184.337433958
shard_start 2 1790811184.346260996
shard_start 3 1790811184.354465200
shard_start 5 1790811184.361734045
shard_start 0 1790811184.371482057
shard_start 4 1790811184.379776316
shard_start 6 1790811184.386160772
shard_end 1 1790811184.389243171
shard_start 7 1790811184.392710909
shard_end 2 1790811184.398133080
shard_end 3 1790811184.406348362
shard_end 5 1790811184.413635189
shard_end 0 1790811184.423520900
shard_end 4 1790811184.431728264
shard_end 6 1790811184.438073903
shard_end 7 1790811184.444798503
shard_start 9 1790811184.447508656
shard_start 8 1790811184.461210252
shard_end 9 1790811184.499422562
shard_end 8 1790811184.513202216
agg_start 0 1790811190.396332053
agg_end 0 1790811190.399811698
