shard_start 0 1790811308.594660136
shard_start 1 1790811308.609001505
shard_start 2 1790811308.620417420
shard_start 4 1790811308.639466666
shard_end 0 1790811308.646766442
shard_start 5 1790811308.654586222
shard_end 1 1790811308.661108329
shard_start 7 1790811308.666318703
shard_end 2 1790811308.672780185
shard_start 6 1790811308.678760915
shard_end 4 1790811308.691695505
shard_start 3 1790811308.695838539
shard_end 5 1790811308.707101511
shard_end 7 1790811308.718721048
shard_end 6 1790811308.730779015
shard_start 8 1790811308.746895485
shard_end 3 1790811308.747686883
shard_start 10 1790811308.772384986
shard_start 12 1790811308.799088811
shard_end 8 1790811308.799166822
shard_start 9 1790811308.823938301
shard_end 10 1790811308.824354902
shard_start 13 1790811308.837283399
shard_end 12 1790811308.851176865
shard_start 15 1790811308.857383901
shard_start 14 1790811308.871829414
shard_end 9 1790811308.875727883
shard_end 13 1790811308.889259210
shard_start 11 1790811308.890773760
shard_end 15 1790811308.910364456
shard_end 14 1790811308.923863044
shard_start 16 1790811308.937610971
shard_end 11 1790811308.942799561
shard_start 18 1790811308.950821205
shard_end 16 1790811308.989799114
shard_end 18 1790811309.003234873
shard_start 17 1790811309.164883473
shard_start 21 1790811309.179522538
shard_start 23 1790811309.204845998
shard_end 17 1790811309.216866193
shard_end 21 1790811309.231647414
shard_start 20 1790811309.241202024
shard_start 19 1790811309.248122108
shard_end 23 1790811309.256538047
shard_start 29 1790811309.257079922
shard_start 22 1790811309.265420056
shard_start 26 1790811309.276865612
shard_start 24 1790811309.284899160
shard_end 20 1790811309.293299751
shard_end 19 1790811309.299925106
shard_end 29 1790811309.308952496
shard_end 22 1790811309.317298953
shard_end 26 1790811309.328831866
shard_start 31 1790811309.332434680
shard_end 24 1790811309.336684128
shard_start 25 1790811309.364068928
shard_end 31 1790811309.384444793
shard_end 25 1790811309.415932977
shard_start 30 1790811309.416595552
shard_start 28 1790811309.430806552
shard_start 27 1790811309.442661030
shard_end 30 1790811309.468519902
shard_end 28 1790811309.482858518
shard_end 27 1790811309.494666869
shard_start 32 1790811311.913619934
shard_start 37 1790811311.926001414
shard_start 33 1790811311.933608255
shard_start 34 1790811311.942539110
shard_start 38 1790811311.953267932
shard_end 34 1790811312.125118541
shard_end 38 1790811312.125188301
shard_end 32 1790811312.125297018
shard_end 33 1790811312.125365766
shard_end 37 1790811312.125383776
shard_start 35 1790811312.126641386
shard_start 42 1790811312.126605814
shard_start 45 1790811312.126826488
shard_start 43 1790811312.126971354
shard_start 40 1790811312.127186675
shard_start 46 1790811312.127129703
shard_start 44 1790811312.127244555
shard_start 47 1790811312.127416492
shard_start 39 1790811312.127264298
shard_start 41 1790811312.127429444
shard_start 36 1790811312.128099489
shard_start 53 1790811312.138865816
shard_start 48 1790811312.174830487
shard_end 42 1790811312.178752266
shard_start 49 1790811312.179123202
shard_end 43 1790811312.179274657
shard_end 35 1790811312.179421638
shard_end 41 1790811312.179768133
shard_end 45 1790811312.179823331
shard_end 46 1790811312.179964133
shard_end 44 1790811312.180008451
shard_end 47 1790811312.179971361
shard_end 40 1790811312.180289458
shard_end 39 1790811312.180329808
shard_end 36 1790811312.180959907
shard_start 50 1790811312.190888117
shard_end 53 1790811312.191304282
shard_start 54 1790811312.205280776
shard_start 52 1790811312.217714045
shard_end 48 1790811312.227124939
shard_start 51 1790811312.231431229
shard_end 49 1790811312.231609395
shard_start 55 1790811312.238903271
shard_end 50 1790811312.243140795
shard_start 61 1790811312.251846496
shard_end 54 1790811312.257676140
shard_end 52 1790811312.269717943
shard_end 51 1790811312.283591103
shard_end 55 1790811312.291153551
shard_start 57 1790811312.300039533
shard_end 61 1790811312.304371261
shard_start 56 1790811312.305966997
shard_start 58 1790811312.322039953
shard_start 62 1790811312.332478480
shard_end 57 1790811312.352730374
shard_end 56 1790811312.358428746
shard_end 58 1790811312.374359670
shard_end 62 1790811312.384548245
shard_start 60 1790811313.132997957
shard_start 59 1790811313.133135463
shard_start 63 1790811313.133267069
shard_end 63 1790811313.184977694
shard_end 59 1790811313.185233350
shard_end 60 1790811313.185381096
shard_start 64 1790811315.014660388
shard_start 65 1790811315.034180230
shard_start 69 1790811315.042350574
shard_start 66 1790811315.050444741
shard_start 68 1790811315.064396850
shard_end 64 1790811315.066361840
shard_start 70 1790811315.074574600
shard_start 67 1790811315.084334947
shard_end 65 1790811315.085986396
shard_start 71 1790811315.089823989
shard_end 69 1790811315.094360674
shard_end 66 1790811315.103152063
shard_end 68 1790811315.117152001
shard_end 70 1790811315.126565822
shard_start 72 1790811315.128491608
shard_end 67 1790811315.136922963
shard_end 71 1790811315.141788604
shard_start 73 1790811315.178401263
shard_end 72 1790811315.180206502
shard_start 74 1790811315.181672579
shard_start 77 1790811315.189188956
shard_start 76 1790811315.213246195
shard_start 78 1790811315.221262041
shard_start 75 1790811315.227695829
shard_end 73 1790811315.230539326
shard_end 74 1790811315.233460270
shard_start 79 1790811315.234690350
shard_end 77 1790811315.241817096
shard_start 81 1790811315.249633037
shard_end 76 1790811315.265137925
shard_end 78 1790811315.273338873
shard_end 75 1790811315.279715314
shard_end 79 1790811315.286648430
shard_end 81 1790811315.302198202
shard_start 85 1790811315.312187674
shard_start 80 1790811315.316836226
shard_start 82 1790811315.324367015
shard_start 83 1790811315.341180291
shard_start 87 1790811315.348646718
shard_end 85 1790811315.364137670
shard_end 80 1790811315.368877666
shard_start 89 1790811315.371571128
shard_end 82 1790811315.376358909
shard_start 84 1790811315.378984683
shard_start 86 1790811315.384164813
shard_end 83 1790811315.393604130
shard_end 87 1790811315.400822331
shard_end 89 1790811315.423599743
shard_end 84 1790811315.431028125
shard_end 86 1790811315.436303130
shard_start 88 1790811315.444988506
shard_start 95 1790811315.451365023
shard_start 93 1790811315.459213903
shard_start 90 1790811315.471356324
shard_end 88 1790811315.497504698
shard_end 95 1790811315.504077647
shard_end 93 1790811315.511451479
shard_end 90 1790811315.523446331
shard_start 94 1790811316.114726484
shard_start 91 1790811316.122545928
shard_start 92 1790811316.130168676
shard_end 94 1790811316.167005636
shard_end 91 1790811316.174445053
shard_end 92 1790811316.182587387
shard_start 99 1790811318.201656814
shard_start 98 1790811318.201753144
shard_start 96 1790811318.201859260
shard_start 97 1790811318.201957026
shard_start 101 1790811318.201895808
shard_start 100 1790811318.202289729
shard_start 102 1790811318.202295318
shard_start 103 1790811318.202739176
shard_start 105 1790811318.234770464
shard_start 104 1790811318.248841480
shard_end 99 1790811318.254004488
shard_end 96 1790811318.254291509
shard_end 102 1790811318.254449230
shard_end 97 1790811318.254429578
shard_end 98 1790811318.254564130
shard_end 101 1790811318.254436318
shard_end 103 1790811318.254611400
shard_end 100 1790811318.254714577
shard_start 109 1790811318.259872279
shard_start 107 1790811318.270489401
shard_end 105 1790811318.287088549
shard_start 106 1790811318.292691026
shard_end 104 1790811318.301046951
shard_start 110 1790811318.301857434
shard_end 109 1790811318.312415287
shard_start 111 1790811318.315378480
shard_end 107 1790811318.322719812
shard_start 108 1790811318.327393378
shard_end 106 1790811318.344758383
shard_start 113 1790811318.348826706
shard_end 110 1790811318.353905782
shard_start 112 1790811318.361584871
shard_end 111 1790811318.367362851
shard_start 115 1790811318.372741645
shard_end 108 1790811318.379852008
shard_start 117 1790811318.383248179
shard_end 113 1790811318.400763732
shard_end 112 1790811318.413507726
shard_start 118 1790811318.418700809
shard_end 115 1790811318.424769718
shard_start 114 1790811318.426712239
shard_end 117 1790811318.435547148
shard_start 121 1790811318.444892451
shard_start 119 1790811318.450972219
shard_start 120 1790811318.465081675
shard_end 118 1790811318.470709310
shard_end 114 1790811318.478503915
shard_start 116 1790811318.478796231
shard_start 123 1790811318.491668715
shard_end 121 1790811318.496751871
shard_end 119 1790811318.502685767
shard_start 122 1790811318.503244426
shard_end 120 1790811318.516945137
shard_end 116 1790811318.530539229
shard_start 125 1790811318.531334333
shard_end 123 1790811318.543764957
shard_end 122 1790811318.555278599
shard_end 125 1790811318.583871964
shard_start 129 1790811319.222620218
shard_start 127 1790811319.231040257
shard_start 126 1790811319.237356988
shard_end 129 1790811319.274729098
shard_end 127 1790811319.283592614
shard_end 126 1790811319.289704045
shard_start 124 1790811321.225907389
shard_start 128 1790811321.235238237
shard_start 131 1790811321.244872887
shard_start 137 1790811321.255776772
shard_start 130 1790811321.266515898
shard_start 133 1790811321.273997487
shard_end 124 1790811321.278540336
shard_start 135 1790811321.282946677
shard_end 128 1790811321.287194930
shard_start 134 1790811321.292319221
shard_end 131 1790811321.296741797
shard_end 137 1790811321.307831123
shard_end 130 1790811321.318330046
shard_end 133 1790811321.326403912
shard_end 135 1790811321.335155023
shard_start 132 1790811321.341521777
shard_end 134 1790811321.344190594
shard_start 136 1790811321.354849210
shard_start 138 1790811321.368292523
shard_start 145 1790811321.377481927
shard_start 139 1790811321.389924905
shard_end 132 1790811321.393935927
shard_start 141 1790811321.399980096
shard_end 136 1790811321.406952193
shard_start 143 1790811321.412690332
shard_end 138 1790811321.420106310
shard_start 142 1790811321.420372696
shard_end 145 1790811321.429388354
shard_end 139 1790811321.441909087
shard_end 141 1790811321.452582801
shard_start 140 1790811321.454932593
shard_end 143 1790811321.464787787
shard_start 144 1790811321.468977384
shard_end 142 1790811321.472573386
shard_start 146 1790811321.483103037
shard_start 147 1790811321.495657335
shard_end 140 1790811321.507171233
shard_start 151 1790811321.512321693
shard_end 144 1790811321.520962701
shard_start 149 1790811321.525145892
shard_end 146 1790811321.535660694
shard_start 153 1790811321.538035970
shard_end 147 1790811321.547669212
shard_start 148 1790811321.548157921
shard_end 151 1790811321.564297121
shard_start 152 1790811321.566724240
shard_end 149 1790811321.577147937
shard_start 150 1790811321.581734991
shard_end 153 1790811321.590701377
shard_start 154 1790811321.596318056
shard_end 148 1790811321.600123517
shard_start 155 1790811321.605942368
shard_end 152 1790811321.619715246
shard_start 157 1790811321.626752834
shard_end 150 1790811321.633875494
shard_end 154 1790811321.648935711
shard_end 155 1790811321.657950579
shard_end 157 1790811321.679029371
shard_start 156 1790811322.323372224
shard_start 160 1790811322.332114401
shard_start 158 1790811322.339788700
shard_end 156 1790811322.375440814
shard_end 160 1790811322.384733295
shard_end 158 1790811322.391730345
shard_start 159 1790811324.327384945
shard_start 161 1790811324.339024109
shard_start 165 1790811324.349962633
shard_start 163 1790811324.365860645
shard_start 168 1790811324.371724672
shard_end 159 1790811324.379396829
shard_start 167 1790811324.380778437
shard_start 164 1790811324.387610889
shard_end 161 1790811324.390746050
shard_start 162 1790811324.396871195
shard_end 165 1790811324.401807339
shard_end 163 1790811324.417959010
shard_end 168 1790811324.423467992
shard_end 167 1790811324.433113344
shard_start 166 1790811324.437249939
shard_end 164 1790811324.439436021
shard_end 162 1790811324.449027131
shard_start 169 1790811324.455108136
shard_start 176 1790811324.465812325
shard_end 166 1790811324.489546513
shard_start 174 1790811324.493188417
shard_start 173 1790811324.500671480
shard_end 169 1790811324.507074796
shard_start 170 1790811324.514266553
shard_end 176 1790811324.518212438
shard_start 175 1790811324.524766082
shard_start 171 1790811324.531592063
shard_end 174 1790811324.545356869
shard_start 172 1790811324.552277557
shard_end 173 1790811324.552556343
shard_end 170 1790811324.565973399
shard_start 177 1790811324.566472687
shard_end 175 1790811324.577061519
shard_start 184 1790811324.577416957
shard_end 171 1790811324.583552241
shard_end 172 1790811324.604284849
shard_end 177 1790811324.618191716
shard_start 180 1790811324.619360245
shard_start 182 1790811324.625705009
shard_end 184 1790811324.629231520
shard_start 179 1790811324.641621012
shard_start 181 1790811324.656970621
shard_start 178 1790811324.662988965
shard_end 180 1790811324.671712843
shard_end 182 1790811324.677639073
shard_start 183 1790811324.678265045
shard_start 185 1790811324.689152738
shard_end 179 1790811324.693607435
shard_start 192 1790811324.699046584
shard_end 181 1790811324.709334625
shard_end 178 1790811324.715047473
shard_end 183 1790811324.730942993
shard_end 185 1790811324.741630521
shard_start 189 1790811324.743041007
shard_start 188 1790811324.748739877
shard_end 192 1790811324.751336035
shard_end 189 1790811324.795214658
shard_end 188 1790811324.801043326
shard_start 190 1790811325.423214448
shard_start 187 1790811325.430103004
shard_start 186 1790811325.436628124
shard_end 190 1790811325.475196214
shard_end 187 1790811325.481924720
shard_end 186 1790811325.488841649
shard_start 193 1790811330.357474090
shard_start 191 1790811330.367413579
shard_start 200 1790811330.381312622
shard_start 196 1790811330.389603219
shard_start 197 1790811330.397822913
shard_start 194 1790811330.406616327
shard_end 193 1790811330.412537643
shard_start 198 1790811330.415333378
shard_end 191 1790811330.419395759
shard_start 195 1790811330.423391786
shard_end 200 1790811330.433646493
shard_end 196 1790811330.441613766
shard_end 197 1790811330.449796427
shard_end 194 1790811330.458683621
shard_end 198 1790811330.468009310
shard_start 201 1790811330.472032946
shard_end 195 1790811330.475859342
shard_start 199 1790811330.482223633
shard_start 208 1790811330.494758723
shard_start 205 1790811330.516373391
shard_start 204 1790811330.521635937
shard_end 201 1790811330.523816129
shard_end 199 1790811330.534223718
shard_start 202 1790811330.540338982
shard_end 208 1790811330.547342229
shard_start 206 1790811330.549502612
shard_start 209 1790811330.554319442
shard_end 205 1790811330.568415586
shard_end 204 1790811330.573454782
shard_start 203 1790811330.582392048
shard_end 202 1790811330.592313618
shard_start 207 1790811330.597203633
shard_end 206 1790811330.601497167
shard_end 209 1790811330.606162389
shard_start 213 1790811330.610040654
shard_end 203 1790811330.634295525
shard_start 211 1790811330.642497305
shard_end 207 1790811330.648954706
shard_start 216 1790811330.648904693
shard_end 213 1790811330.662611325
shard_start 212 1790811330.672449862
shard_start 210 1790811330.679818255
shard_start 214 1790811330.689324106
shard_end 211 1790811330.694585779
shard_start 217 1790811330.699594140
shard_end 216 1790811330.700663323
shard_start 215 1790811330.712295204
shard_start 221 1790811330.723396868
shard_end 212 1790811330.724342718
shard_end 210 1790811330.731902596
shard_end 214 1790811330.741393193
shard_end 217 1790811330.751491129
shard_end 215 1790811330.764128580
shard_start 224 1790811330.764938172
shard_start 218 1790811330.771229272
shard_end 221 1790811330.775346598
shard_end 224 1790811330.817105879
shard_end 218 1790811330.823010444
shard_start 220 1790811331.446923707
shard_start 219 1790811331.455449244
shard_start 225 1790811331.462445998
shard_end 220 1790811331.498722968
shard_end 219 1790811331.507579683
shard_end 225 1790811331.514207598
shard_start 222 1790811333.454556390
shard_start 223 1790811333.465457269
shard_start 229 1790811333.477238349
shard_start 226 1790811333.487849545
shard_start 232 1790811333.496719676
shard_end 222 1790811333.506340405
shard_start 228 1790811333.506610410
shard_start 233 1790811333.515875190
shard_end 223 1790811333.517647067
shard_start 227 1790811333.523125951
shard_end 229 1790811333.529524580
shard_end 226 1790811333.540491286
shard_end 232 1790811333.548748128
shard_end 228 1790811333.558262353
shard_end 233 1790811333.568366325
shard_start 230 1790811333.573645884
shard_end 227 1790811333.575198170
shard_start 231 1790811333.593666702
shard_start 237 1790811333.606727635
shard_end 230 1790811333.625602208
shard_start 240 1790811333.626811590
shard_start 234 1790811333.637780244
shard_end 231 1790811333.645651633
shard_start 236 1790811333.649067965
shard_end 237 1790811333.658491491
shard_start 235 1790811333.660130138
shard_start 241 1790811333.668863044
shard_end 240 1790811333.678537764
shard_end 234 1790811333.689575797
shard_end 236 1790811333.701108733
shard_end 235 1790811333.712032831
shard_end 241 1790811333.720838743
shard_start 238 1790811334.545106278
shard_start 239 1790811334.556304100
shard_start 245 1790811334.563279872
shard_start 248 1790811334.576143696
shard_start 244 1790811334.589652964
shard_end 238 1790811334.597401758
shard_start 242 1790811334.598588646
shard_start 243 1790811334.606829052
shard_end 239 1790811334.608043256
shard_start 249 1790811334.614691472
shard_end 245 1790811334.614839537
shard_end 248 1790811334.628299810
shard_end 244 1790811334.641444574
shard_end 242 1790811334.650521813
shard_start 247 1790811334.657176868
shard_end 243 1790811334.658591084
shard_end 249 1790811334.667109163
shard_start 246 1790811334.669588305
shard_start 253 1790811334.682622567
shard_start 256 1790811334.697713901
shard_start 252 1790811334.708035450
shard_end 247 1790811334.709367963
shard_end 246 1790811334.722220087
shard_start 251 1790811334.726402081
shard_end 253 1790811334.734605708
shard_start 257 1790811334.739570473
shard_end 256 1790811334.749767555
shard_start 254 1790811334.750431102
shard_end 252 1790811334.761140150
shard_end 251 1790811334.779114068
shard_end 257 1790811334.791449057
shard_end 254 1790811334.802702825
shard_start 255 1790811336.729659435
shard_start 250 1790811336.729956308
shard_start 259 1790811336.730088205
shard_start 261 1790811336.730110949
shard_start 262 1790811336.730448696
shard_start 260 1790811336.730453572
shard_start 265 1790811336.730850092
shard_start 264 1790811336.731084732
shard_start 258 1790811336.749142002
shard_start 263 1790811336.762580634
shard_start 272 1790811336.774699520
shard_end 250 1790811336.782272730
shard_end 255 1790811336.782450544
shard_end 261 1790811336.782677264
shard_end 259 1790811336.783009468
shard_end 260 1790811336.782855928
shard_end 264 1790811336.782972190
shard_end 265 1790811336.783088812
shard_end 262 1790811336.783110053
shard_start 269 1790811336.793589298
shard_start 268 1790811336.799699017
shard_end 258 1790811336.800956416
shard_end 263 1790811336.815238422
shard_start 273 1790811336.816729874
shard_end 272 1790811336.826591860
shard_start 267 1790811336.827311023
shard_start 270 1790811336.835438188
shard_end 269 1790811336.846387538
shard_end 268 1790811336.851616688
shard_end 273 1790811336.868915157
shard_end 267 1790811336.879642662
shard_end 270 1790811336.888124062
shard_start 266 1790811337.750230795
shard_start 271 1790811337.759237235
shard_start 280 1790811337.768515444
shard_start 277 1790811337.779232102
shard_start 276 1790811337.791292376
shard_start 281 1790811337.799783891
shard_end 266 1790811337.802078110
shard_start 275 1790811337.808861715
shard_end 271 1790811337.811675197
shard_start 278 1790811337.815341288
shard_end 280 1790811337.820399155
shard_end 277 1790811337.831074811
shard_end 276 1790811337.843362734
shard_end 281 1790811337.852194907
shard_end 275 1790811337.860727139
shard_start 274 1790811337.865161456
shard_end 278 1790811337.867419589
shard_start 279 1790811337.874781888
shard_start 288 1790811337.889222802
shard_start 285 1790811337.903787730
shard_start 284 1790811337.914133805
shard_end 274 1790811337.917791055
shard_end 279 1790811337.926658340
shard_start 289 1790811337.936413876
shard_end 288 1790811337.941136634
shard_start 283 1790811337.947437969
shard_start 286 1790811337.956022369
shard_end 285 1790811337.956048073
shard_end 284 1790811337.966291672
shard_end 289 1790811337.988850498
shard_end 283 1790811338.000077702
shard_end 286 1790811338.007927523
shard_start 282 1790811339.833662868
shard_start 287 1790811339.843199358
shard_start 293 1790811339.854816620
shard_start 292 1790811339.862795379
shard_start 296 1790811339.874703770
shard_start 297 1790811339.885412255
shard_end 282 1790811339.885439904
shard_start 294 1790811339.893198397
shard_end 287 1790811339.895520443
shard_start 291 1790811339.899876706
shard_end 293 1790811339.907056883
shard_end 292 1790811339.914529817
shard_end 296 1790811339.926970993
shard_end 297 1790811339.938462427
shard_end 294 1790811339.945127711
shard_start 290 1790811339.947513625
shard_end 291 1790811339.951771411
shard_start 295 1790811339.961216449
shard_start 301 1790811339.977844635
shard_start 300 1790811339.990726622
shard_end 290 1790811339.999514399
shard_start 304 1790811340.006768842
shard_end 295 1790811340.013234945
shard_start 305 1790811340.020350300
shard_end 301 1790811340.030128199
shard_start 302 1790811340.032181334
shard_start 299 1790811340.037676094
shard_end 300 1790811340.042663072
shard_end 304 1790811340.063618679
shard_end 305 1790811340.072441941
shard_end 302 1790811340.084520116
shard_end 299 1790811340.089747653
shard_start 307 1790811341.350743880
shard_start 303 1790811341.350893866
shard_start 317 1790811341.351055374
shard_start 306 1790811341.351071740
shard_start 308 1790811341.351187394
shard_start 321 1790811341.351263857
shard_start 309 1790811341.351303587
shard_start 318 1790811341.351436204
shard_start 298 1790811341.351385633
shard_start 311 1790811341.351490284
shard_start 320 1790811341.351665556
shard_start 316 1790811341.351634652
shard_start 312 1790811341.351898672
shard_start 310 1790811341.351931441
shard_start 319 1790811341.351951939
shard_start 313 1790811341.351994802
shard_end 307 1790811341.402737295
shard_end 306 1790811341.402905866
shard_end 311 1790811341.403454010
shard_end 308 1790811341.403471590
shard_end 317 1790811341.403792922
shard_end 316 1790811341.403803554
shard_end 309 1790811341.403943817
shard_end 303 1790811341.403808846
shard_end 298 1790811341.404039534
shard_end 320 1790811341.404057250
shard_end 318 1790811341.404170762
shard_end 321 1790811341.404150355
shard_end 313 1790811341.404253020
shard_end 310 1790811341.404350046
shard_end 312 1790811341.404634804
shard_end 319 1790811341.404577603
shard_start 315 1790811343.375299310
shard_start 314 1790811343.385491170
shard_start 324 1790811343.398678157
shard_start 325 1790811343.405181312
shard_start 329 1790811343.418335066
shard_end 315 1790811343.427286691
shard_start 328 1790811343.429406303
shard_end 314 1790811343.437512179
shard_start 323 1790811343.440304068
shard_start 327 1790811343.449919885
shard_end 324 1790811343.450586883
shard_end 325 1790811343.457122995
shard_end 329 1790811343.470718904
shard_end 328 1790811343.481493177
shard_start 326 1790811343.488881813
shard_end 323 1790811343.492328469
shard_end 327 1790811343.501804426
shard_start 322 1790811343.502216822
shard_start 333 1790811343.521939790
shard_start 332 1790811343.528139640
shard_end 326 1790811343.540930060
shard_start 337 1790811343.544850835
shard_start 331 1790811343.552585526
shard_end 322 1790811343.553796093
shard_start 336 1790811343.569524012
shard_end 333 1790811343.574140609
shard_start 335 1790811343.574524618
shard_end 332 1790811343.580042839
shard_end 337 1790811343.596935206
shard_end 331 1790811343.604223462
shard_end 336 1790811343.621668220
shard_end 335 1790811343.626409621
shard_start 334 1790811344.468043238
shard_start 330 1790811344.476880156
shard_start 340 1790811344.488229041
shard_start 345 1790811344.499173879
shard_start 341 1790811344.511754123
shard_end 334 1790811344.520114954
shard_start 344 1790811344.521913677
shard_end 330 1790811344.528734926
shard_start 339 1790811344.529863371
shard_start 338 1790811344.537466724
shard_end 340 1790811344.539846180
shard_end 345 1790811344.550936737
shard_end 341 1790811344.563609052
shard_end 344 1790811344.574554682
shard_end 339 1790811344.581655120
shard_start 343 1790811344.584119948
shard_end 338 1790811344.589644866
shard_start 342 1790811344.595384408
shard_start 348 1790811344.606093284
shard_start 353 1790811344.618794981
shard_start 349 1790811344.631602430
shard_end 343 1790811344.636082214
shard_end 342 1790811344.647423543
shard_start 347 1790811344.648884876
shard_start 352 1790811344.657322935
shard_end 348 1790811344.657866062
shard_start 346 1790811344.668154881
shard_end 353 1790811344.670645863
shard_end 349 1790811344.683593452
shard_end 347 1790811344.700969789
shard_end 352 1790811344.709415377
shard_end 346 1790811344.720184761
shard_start 351 1790811346.557474787
shard_start 356 1790811346.565674502
shard_start 350 1790811346.573063868
shard_start 361 1790811346.583679152
shard_start 357 1790811346.598880479
shard_start 360 1790811346.604386660
shard_end 351 1790811346.609659094
shard_start 355 1790811346.613128459
shard_end 356 1790811346.617556866
shard_start 354 1790811346.620768407
shard_end 350 1790811346.625000913
shard_end 361 1790811346.635351542
shard_end 357 1790811346.650625093
shard_end 360 1790811346.656254998
shard_end 355 1790811346.665396020
shard_start 359 1790811346.668990584
shard_end 354 1790811346.672640402
shard_start 358 1790811346.680531612
shard_start 364 1790811346.693844527
shard_start 368 1790811346.703948798
shard_end 359 1790811346.721392469
shard_start 369 1790811346.722663490
shard_start 365 1790811346.730784447
shard_end 358 1790811346.732247875
shard_end 364 1790811346.746006152
shard_start 363 1790811346.746681219
shard_start 362 1790811346.753472557
shard_end 368 1790811346.755840692
shard_end 369 1790811346.774675406
shard_end 365 1790811346.782765231
shard_end 363 1790811346.798723649
shard_end 362 1790811346.805799660
shard_start 367 1790811347.639967420
shard_start 372 1790811347.650346755
shard_start 366 1790811347.657187803
shard_start 376 1790811347.671094795
shard_start 377 1790811347.679813732
shard_start 373 1790811347.690976751
shard_end 367 1790811347.691782060
shard_start 370 1790811347.697045728
shard_end 372 1790811347.702461973
shard_start 371 1790811347.706741781
shard_end 366 1790811347.708994502
shard_end 376 1790811347.722859764
shard_end 377 1790811347.732026190
shard_end 373 1790811347.743501488
shard_end 370 1790811347.749285721
shard_start 375 1790811347.754345637
shard_end 371 1790811347.759297809
shard_start 380 1790811347.780365318
shard_start 374 1790811347.784744031
shard_start 384 1790811347.805579242
shard_end 375 1790811347.806308978
shard_start 385 1790811347.813299537
shard_end 380 1790811347.832324332
shard_end 374 1790811347.836486595
shard_start 378 1790811347.836773793
shard_start 381 1790811347.846565657
shard_start 383 1790811347.854601277
shard_end 384 1790811347.857606866
shard_end 385 1790811347.865289755
shard_end 378 1790811347.888860749
shard_end 381 1790811347.898522345
shard_end 383 1790811347.907225252
shard_start 379 1790811349.729391727
shard_start 388 1790811349.736147750
shard_start 382 1790811349.747324077
shard_start 392 1790811349.756665438
shard_start 386 1790811349.765866683
shard_start 393 1790811349.776456031
shard_end 379 1790811349.781761165
shard_start 391 1790811349.786901967
shard_end 388 1790811349.787953001
shard_start 389 1790811349.793302563
shard_end 382 1790811349.799556676
shard_end 392 1790811349.808521368
shard_end 386 1790811349.817504115
shard_end 393 1790811349.828886602
shard_end 391 1790811349.838646186
shard_end 389 1790811349.845564075
shard_start 396 1790811349.859042811
shard_start 387 1790811349.864117912
shard_start 400 1790811349.883389920
shard_start 390 1790811349.894575794
shard_start 399 1790811349.899592799
shard_end 396 1790811349.910989714
shard_end 387 1790811349.915902813
shard_start 394 1790811349.916002099
shard_start 401 1790811349.926086310
shard_start 397 1790811349.930251975
shard_end 400 1790811349.935112821
shard_end 390 1790811349.946666955
shard_end 399 1790811349.951367449
shard_end 394 1790811349.968007307
shard_end 401 1790811349.978430775
shard_end 397 1790811349.981986697
shard_start 395 1790811350.812660958
shard_start 404 1790811350.821803812
shard_start 408 1790811350.832607325
shard_end 404 1790811350.933434566
shard_end 408 1790811350.933499219
shard_end 395 1790811350.933589803
shard_start 403 1790811350.934985165
shard_start 409 1790811350.935079394
shard_start 407 1790811350.935188637
shard_start 402 1790811350.935153295
shard_start 398 1790811350.935522332
shard_start 405 1790811350.935739769
shard_start 412 1790811350.939320491
shard_start 416 1790811350.954978325
shard_start 406 1790811350.966293498
shard_start 415 1790811350.979087012
shard_end 407 1790811350.987028430
shard_end 409 1790811350.987028443
shard_end 403 1790811350.987358839
shard_end 402 1790811350.987617148
shard_end 405 1790811350.987951712
shard_end 398 1790811350.988227614
shard_end 412 1790811350.991482604
shard_start 411 1790811350.992475574
shard_end 416 1790811351.007428534
shard_start 413 1790811351.008441851
shard_start 417 1790811351.017970049
shard_end 406 1790811351.018356279
shard_end 415 1790811351.031014658
shard_end 411 1790811351.044885738
shard_end 413 1790811351.061139542
shard_end 417 1790811351.070917639
shard_start 410 1790811352.961406845
shard_start 420 1790811352.972568754
shard_start 424 1790811352.984640410
shard_start 414 1790811352.991427223
shard_start 423 1790811353.001805742
shard_start 419 1790811353.012275588
shard_end 410 1790811353.013298421
shard_start 421 1790811353.022268760
shard_end 420 1790811353.024236113
shard_start 428 1790811353.033400183
shard_end 424 1790811353.036518211
shard_end 414 1790811353.043288871
shard_end 423 1790811353.053717700
shard_end 419 1790811353.064472756
shard_end 421 1790811353.074115659
shard_start 418 1790811353.075352071
shard_end 428 1790811353.085726142
shard_start 425 1790811353.093058314
shard_start 432 1790811353.106077740
shard_end 418 1790811353.127469328
shard_start 422 1790811353.141932284
shard_end 425 1790811353.144821051
shard_start 429 1790811353.156924546
shard_end 432 1790811353.157722221
shard_start 427 1790811353.174847818
shard_end 422 1790811353.194285140
shard_start 431 1790811353.199050877
shard_start 436 1790811353.207586037
shard_end 429 1790811353.208691458
shard_end 427 1790811353.227143666
shard_end 431 1790811353.250831596
shard_end 436 1790811353.260118037
shard_start 426 1790811354.053787486
shard_start 433 1790811354.063170562
shard_start 440 1790811354.072907333
shard_start 430 1790811354.080764137
shard_start 437 1790811354.092982629
shard_start 435 1790811354.105854529
shard_end 426 1790811354.106213349
shard_start 444 1790811354.111302651
shard_end 433 1790811354.114976772
shard_start 441 1790811354.119692048
shard_end 440 1790811354.124996111
shard_end 430 1790811354.132504494
shard_end 437 1790811354.144853109
shard_end 435 1790811354.157890835
shard_end 444 1790811354.162967338
shard_start 434 1790811354.167642826
shard_end 441 1790811354.172000841
shard_start 439 1790811354.180123932
shard_start 448 1790811354.194635969
shard_start 438 1790811354.206610670
shard_end 434 1790811354.219359018
shard_start 445 1790811354.220111641
shard_end 439 1790811354.232050782
shard_start 452 1790811354.236883173
shard_end 448 1790811354.246760649
shard_start 443 1790811354.246769305
shard_start 449 1790811354.253648813
shard_end 438 1790811354.258855233
shard_end 445 1790811354.272479504
shard_end 452 1790811354.289348471
shard_end 443 1790811354.298794934
shard_end 449 1790811354.306395147
shard_start 447 1790811356.138585844
shard_start 442 1790811356.146585328
shard_start 456 1790811356.159471618
shard_start 446 1790811356.168257881
shard_start 460 1790811356.178850618
shard_start 453 1790811356.188168186
shard_end 447 1790811356.190478524
shard_start 451 1790811356.196534083
shard_end 442 1790811356.198371690
shard_start 457 1790811356.203128352
shard_end 456 1790811356.211362830
shard_end 446 1790811356.219974211
shard_end 460 1790811356.230787684
shard_end 453 1790811356.240203308
shard_end 451 1790811356.248689718
shard_start 455 1790811356.252857932
shard_end 457 1790811356.254988176
shard_start 450 1790811356.265679517
shard_start 464 1790811356.280909020
shard_start 454 1790811356.291450620
shard_start 468 1790811356.303801075
shard_end 455 1790811356.304862922
shard_start 461 1790811356.317304817
shard_end 450 1790811356.317970222
shard_start 465 1790811356.330436726
shard_end 464 1790811356.332916173
shard_start 463 1790811356.335965901
shard_end 454 1790811356.343519654
shard_end 468 1790811356.356160870
shard_end 461 1790811356.369448593
shard_end 465 1790811356.382844325
shard_end 463 1790811356.388000665
shard_start 459 1790811357.225977122
shard_start 458 1790811357.233799302
shard_start 472 1790811357.245127591
shard_start 462 1790811357.256239741
shard_start 476 1790811357.264009256
shard_start 469 1790811357.273347250
shard_end 459 1790811357.278012211
shard_start 471 1790811357.282370410
shard_end 458 1790811357.285934886
shard_start 467 1790811357.292057452
shard_end 472 1790811357.297059432
shard_end 462 1790811357.308274058
shard_end 476 1790811357.315868501
shard_end 469 1790811357.325262369
shard_end 471 1790811357.334181815
shard_start 473 1790811357.340071371
shard_end 467 1790811357.343763132
shard_start 466 1790811357.355131348
shard_start 480 1790811357.370019350
shard_start 470 1790811357.384996694
shard_end 473 1790811357.392123041
shard_start 484 1790811357.405342778
shard_end 466 1790811357.407264097
shard_start 477 1790811357.413964791
shard_end 480 1790811357.421813542
shard_start 475 1790811357.422459195
shard_start 481 1790811357.431265215
shard_end 470 1790811357.437511129
shard_end 484 1790811357.457686407
shard_end 477 1790811357.466520802
shard_end 475 1790811357.475019681
shard_end 481 1790811357.483613711
shard_start 479 1790811359.309561995
shard_start 474 1790811359.319078650
shard_start 488 1790811359.329374388
shard_start 478 1790811359.340390983
shard_start 485 1790811359.348158419
shard_start 492 1790811359.357395341
shard_end 479 1790811359.361696321
shard_start 483 1790811359.365264144
shard_end 474 1790811359.371823788
shard_start 487 1790811359.372579878
shard_end 488 1790811359.381348381
shard_end 478 1790811359.392480623
shard_end 485 1790811359.400034442
shard_end 492 1790811359.409733471
shard_end 483 1790811359.417334930
shard_start 496 1790811359.421456028
shard_end 487 1790811359.424410714
shard_start 489 1790811359.434782046
shard_start 482 1790811359.445630744
shard_start 486 1790811359.460370822
shard_start 493 1790811359.470678579
shard_end 496 1790811359.473896114
shard_end 489 1790811359.486860859
shard_start 491 1790811359.489951283
shard_end 482 1790811359.497845144
shard_start 495 1790811359.505043311
shard_end 486 1790811359.512272637
shard_start 497 1790811359.513197837
shard_end 493 1790811359.522869157
shard_end 491 1790811359.542373945
shard_end 495 1790811359.557145417
shard_end 497 1790811359.565108299
shard_start 490 1790811360.390071777
shard_start 494 1790811360.398780283
shard_start 499 1790811360.407005571
shard_start 498 1790811360.415847992
shard_end 490 1790811360.442402942
shard_end 494 1790811360.451429659
shard_end 499 1790811360.459608233
shard_end 498 1790811360.468376090
agg_start 0 1790811366.449705177
agg_end 0 1790811366.455768873
