shard_start 1 1790871678.039509897
shard_start 3 1790871678.048185493
shard_start 5 1790871678.061720423
shard_start 4 1790871678.064406583
shard_start 2 1790871678.072212087
shard_start 0 1790871678.076057314
shard_start 6 1790871678.083334548
shard_start 7 1790871678.088983485
shard_end 1 1790871678.090951827
shard_end 3 1790871678.099678167
shard_end 5 1790871678.113655726
shard_end 4 1790871678.115896263
shard_end 2 1790871678.123770879
shard_end 0 1790871678.128817526
shard_end 6 1790871678.134936910
shard_end 7 1790871678.140436920
shard_start 10 1790871682.071947559
shard_start 9 1790871682.075961048
shard_start 11 1790871682.078868460
shard_start 12 1790871682.086088100
shard_start 13 1790871682.091152828
shard_start 14 1790871682.095250954
shard_start 8 1790871682.098109047
shard_start 15 1790871682.101259512
shard_end 10 1790871682.123597357
shard_end 9 1790871682.127088002
shard_end 11 1790871682.130066380
shard_end 12 1790871682.137289482
shard_end 13 1790871682.142510755
shard_end 14 1790871682.146465218
shard_end 8 1790871682.149259620
shard_end 15 1790871682.152574757
shard_start 18 1790871689.024091742
shard_start 17 1790871689.028381019
shard_start 19 1790871689.031096241
shard_start 16 1790871689.034037651
shard_end 18 1790871689.075520599
shard_end 17 1790871689.079587374
shard_end 19 1790871689.082255553
shard_end 16 1790871689.085268417
agg_start 0 1790871691.122857302
agg_end 0 1790871691.124581960
