shard_start 13 1790871796.328738520
shard_end 13 1790871796.380294781
shard_start 10 1790871796.389151898
shard_end 10 1790871796.440731785
shard_start 19 1790871796.449491448
shard_end 19 1790871796.500916555
shard_start 14 1790871796.509333005
shard_end 14 1790871796.560932148
shard_start 5 1790871796.569307107
shard_end 5 1790871796.620777929
shard_start 15 1790871796.629201611
shard_end 15 1790871796.680592581
shard_start 6 1790871796.688627620
shard_end 6 1790871796.740163304
shard_start 1 1790871796.747758924
shard_end 1 1790871796.799171527
shard_start 8 1790871796.807312386
shard_end 8 1790871796.858668168
shard_start 3 1790871796.867330959
shard_end 3 1790871796.918762863
shard_start 12 1790871796.926633536
shard_end 12 1790871796.978195130
shard_start 17 1790871796.986207957
shard_end 17 1790871797.037597658
shard_start 9 1790871797.044889587
shard_end 9 1790871797.096249169
shard_start 11 1790871797.103872351
shard_end 11 1790871797.155317145
shard_start 18 1790871797.163102298
shard_end 18 1790871797.214596059
shard_start 2 1790871797.237289032
shard_end 2 1790871797.288709246
shard_start 0 1790871797.296519414
shard_end 0 1790871797.347936604
shard_start 16 1790871797.355229487
shard_end 16 1790871797.406628283
shard_start 7 1790871797.413880542
shard_end 7 1790871797.465238538
shard_start 4 1790871797.472977568
shard_end 4 1790871797.524700489
agg_start 0 1790871797.533016214
agg_end 0 1790871797.534100860
