shard_start 2 1790871693.860684151
shard_end 2 1790871693.912251137
shard_start 4 1790871696.855400660
shard_end 4 1790871696.906842505
shard_start 6 1790871699.855862975
shard_end 6 1790871699.907447795
shard_start 0 1790871702.858569771
shard_end 0 1790871702.910041968
shard_start 1 1790871705.861390630
shard_end 1 1790871705.912940605
shard_start 5 1790871708.865025978
shard_end 5 1790871708.916497728
shard_start 7 1790871711.870359646
shard_end 7 1790871711.921881671
shard_start 3 1790871714.869935967
shard_end 3 1790871714.921386141
shard_start 10 1790871717.871933851
shard_end 10 1790871717.923548454
shard_start 12 1790871723.810148459
shard_end 12 1790871723.862008276
shard_start 14 1790871726.814680217
shard_end 14 1790871726.866184642
shard_start 15 1790871729.817242302
shard_end 15 1790871729.868679916
shard_start 9 1790871732.821859215
shard_end 9 1790871732.873293114
shard_start 8 1790871735.824558551
shard_end 8 1790871735.875979740
shard_start 13 1790871738.827528562
shard_end 13 1790871738.878998996
shard_start 11 1790871741.829377988
shard_end 11 1790871741.881126325
shard_start 18 1790871744.832641570
shard_end 18 1790871744.884154764
shard_start 16 1790871747.835630151
shard_end 16 1790871747.887443665
shard_start 17 1790871750.837674347
shard_end 17 1790871750.889207919
shard_start 19 1790871753.841281122
shard_end 19 1790871753.892741721
agg_start 0 1790871758.911874982
agg_end 0 1790871758.913638926
