shard_start 16 1790871799.060474284
shard_start 19 1790871799.061950611
shard_end 16 1790871799.112046956
shard_end 19 1790871799.113630942
shard_start 14 1790871799.121205178
shard_start 5 1790871799.126985136
shard_end 14 1790871799.172638686
shard_end 5 1790871799.178319316
shard_start 0 1790871799.183475056
shard_start 15 1790871799.189572447
shard_end 0 1790871799.234925552
shard_end 15 1790871799.240869397
shard_start 6 1790871799.243512195
shard_start 1 1790871799.249719407
shard_end 6 1790871799.294919058
shard_end 1 1790871799.301380567
shard_start 8 1790871799.303753942
shard_start 3 1790871799.310049081
shard_end 8 1790871799.355215608
shard_end 3 1790871799.361345603
shard_start 12 1790871799.363701441
shard_start 17 1790871799.370172452
shard_end 12 1790871799.415124391
shard_end 17 1790871799.421443617
shard_start 10 1790871799.424196791
shard_start 13 1790871799.429989651
shard_end 10 1790871799.475698028
shard_end 13 1790871799.481223063
shard_start 9 1790871799.483671034
shard_start 11 1790871799.489920166
shard_end 9 1790871799.535073163
shard_end 11 1790871799.541221167
shard_start 18 1790871799.543009353
shard_start 2 1790871799.549533371
shard_end 18 1790871799.594361306
shard_end 2 1790871799.600835656
shard_start 7 1790871799.602344968
shard_start 4 1790871799.608125272
shard_end 7 1790871799.653672739
shard_end 4 1790871799.659302875
agg_start 0 1790871799.667811811
agg_end 0 1790871799.668943774
