shard_start 0 1790871761.620489392
shard_start 3 1790871761.624399162
shard_end 0 1790871761.671921760
shard_end 3 1790871761.675692865
shard_start 4 1790871764.618202188
shard_start 7 1790871764.620169674
shard_end 4 1790871764.669683649
shard_end 7 1790871764.671412107
shard_start 6 1790871767.622189063
shard_start 5 1790871767.624542137
shard_end 6 1790871767.673758655
shard_end 5 1790871767.675902123
shard_start 1 1790871770.625543946
shard_start 2 1790871770.628628347
shard_end 1 1790871770.677051508
shard_end 2 1790871770.680063486
shard_start 8 1790871773.628196888
shard_start 15 1790871773.629650737
shard_end 8 1790871773.679733847
shard_end 15 1790871773.681017441
shard_start 11 1790871776.631995800
shard_start 14 1790871776.635953405
shard_end 11 1790871776.683726357
shard_end 14 1790871776.687799168
shard_start 12 1790871779.635784836
shard_start 10 1790871779.638904113
shard_end 12 1790871779.687370017
shard_end 10 1790871779.690121996
shard_start 13 1790871782.639338282
shard_start 9 1790871782.641365140
shard_end 13 1790871782.690777360
shard_end 9 1790871782.692547160
shard_start 16 1790871785.645086887
shard_start 18 1790871785.647728792
shard_end 16 1790871785.696539891
shard_end 18 1790871785.698918663
shard_start 17 1790871788.647972962
shard_start 19 1790871788.650420536
shard_end 17 1790871788.699562732
shard_end 19 1790871788.701888417
agg_start 0 1790871790.787845740
agg_end 0 1790871790.789569077
