shard_start 14 1790871794.534439438
shard_start 5 1790871794.535781748
shard_start 0 1790871794.537104356
shard_start 15 1790871794.538459582
shard_start 6 1790871794.539669410
shard_start 1 1790871794.541414660
shard_start 16 1790871794.542880650
shard_start 19 1790871794.544434009
shard_end 14 1790871794.586037763
shard_end 5 1790871794.587176951
shard_end 0 1790871794.588309570
shard_end 15 1790871794.589640371
shard_end 6 1790871794.590769845
shard_end 1 1790871794.592717818
shard_end 16 1790871794.593989572
shard_start 8 1790871794.595417316
shard_end 19 1790871794.595542914
shard_start 4 1790871794.607944943
shard_start 7 1790871794.609257224
shard_start 2 1790871794.610591615
shard_start 18 1790871794.611923425
shard_start 11 1790871794.613181687
shard_start 12 1790871794.614512444
shard_start 3 1790871794.620520094
shard_end 8 1790871794.646809574
shard_start 9 1790871794.654866999
shard_end 4 1790871794.659155836
shard_end 7 1790871794.660435274
shard_end 2 1790871794.661739686
shard_end 18 1790871794.663037877
shard_end 11 1790871794.664644937
shard_end 12 1790871794.665647825
shard_start 17 1790871794.667067736
shard_end 3 1790871794.671798869
shard_start 13 1790871794.676812142
shard_start 10 1790871794.677905632
shard_end 9 1790871794.706167238
shard_end 17 1790871794.718342205
shard_end 13 1790871794.728416241
shard_end 10 1790871794.729233459
agg_start 0 1790871794.755344396
agg_end 0 1790871794.756525340
